02-25 23:53:07.917 D/LoadingInfoCreator( 2323): createFrom(Bundle[{album_name=中国梦想秀之折纸狂人盼圆妻子羊驼之梦, vrsVid=null, from=out, fromWhere=out, albumInfo=qpId=202509101 name=中国梦想秀之折纸狂人盼圆妻子羊驼之梦 type=VIDEO focus= pic=http://pic8.ptqy.gitv.tv/image/20150225/54/4c/v_108966887_m_601_m1_354_490.jpg tvPic= score= pCount= desc= key= isSeries=true chnName= chnId=6 tag= exclusive=0 isDownload=false is3D=0 tvsets=0 order=1 time= tvCount=0 stream= isPurchase=0 tvQid=349989700 vid=null len= sourceCode=202509101 vType=0 playUrl=null, play_list_info=PlayParams@2cdc0950{sourceType=OUTSIDE, playindex=0, playlist id=null, playlist name=null, is recommend=false, channel id=null, channel name=null, is picture vertical=false, from=out, playlist=[EMPTY]}, vrsTvId=349989700, history=-1, videoType=2, vrsAlbumId=202509101}])
02-25 23:53:07.917 D/LoadingInfoCreator( 2323): createFrom() Album@2dd16c48{qpId=202509101, tvQid=349989700, vid=null, getType()=VIDEO, albumName=中国梦想秀之折纸狂人盼圆妻子羊驼之梦, tvName=, sourceCode=202509101, isPurchase()=false, isExclusive()=false, isSeries()=true, playOrder=1, tvPic=, issueTime=, playCount=, playLength=, tvCount=0, tag=, cornerMark=CORNERMARK_NO, is3D()=false, definition list=, chnId=6, chnName=, startTime=0, endTime=0, playTime=-1, canDownload=false, bkt=, area=}
02-25 23:53:07.918 D/LoadingInfo( 2323): LoadingInfo(中国梦想秀之折纸狂人盼圆妻子羊驼之梦, 0)
02-25 23:53:07.918 D/LoadingInfo( 2323): setIsExclusive(false)
02-25 23:53:07.918 D/LoadingInfo( 2323): setIsVip(false)
02-25 23:53:07.918 D/LoadingInfo( 2323): setIs3d(false)
02-25 23:53:07.918 D/PlayerOverlay( 2323): showLoading(LoadingInfo{title=中国梦想秀之折纸狂人盼圆妻子羊驼之梦, isExclusive=false, isVip=false, is3d=false})
02-25 23:53:07.918 D/Player/PlayerView/LoadingView( 2323): initViews: playType=OUTSIDE, loadingInfo=LoadingInfo{title=中国梦想秀之折纸狂人盼圆妻子羊驼之梦, isExclusive=false, isVip=false, is3d=false}
02-25 23:53:07.919 D/Job     ( 2323): notifyJobFail(JobError(mCode=[CacheError!], mMessage=[null], mException=[null])) Job(mState=1, mData=VideoItem@2cebc788{qpId=202509101, tvQid=349989700, vid=null, getType()=VIDEO, albumName=中国梦想秀之折纸狂人盼圆妻子羊驼之梦, tvName=, isSeries()=true, sourceCode=202509101, playOrder=1, getAlbumSubName()=中国梦想秀之折纸狂人盼圆妻子羊驼之梦, mIsVipAlbum=false, isPurchase()=false, isPreview=false, isExclusive()=false, isVertical=false, canDownload()=false, isDownload=0, tvPic=, issueTime=, playCount=, playLength=, tag=, cornerMark=CORNERMARK_NO, definition list=, default definition=null, channelId=6, channelName=, mIChannelId=null, startTime=0, endTime=0, headerTime=0, tailTime=0, tvCount=0, tvSets=0, playTime=-1, episodes=0, url=, m3u8Url = null, mRecommendationsFilled=false, mEndRecommendationsFilled=false, mVarietyName=null}, mError=null)[com.qiyi.video.player.data.job.FetchHistoryJob@2f0f3488]
02-25 23:53:07.919 D/Job     ( 2323): java.lang.Throwable
02-25 23:53:07.919 D/Job     ( 2323): 	at com.qiyi.video.player.utils.job.Job.notifyJobFail(Job.java:101)
02-25 23:53:07.919 D/Job     ( 2323): 	at com.qiyi.video.player.data.job.FetchHistoryJob$FetchRunnable.run(FetchHistoryJob.java:33)
02-25 23:53:07.919 D/Job     ( 2323): 	at java.lang.Thread.run(Thread.java:841)
02-25 23:53:07.921 D/Job     ( 2323): notifyDone() mListener=null, Job(mState=3, mData=VideoItem@2cebc788{qpId=202509101, tvQid=349989700, vid=null, getType()=VIDEO, albumName=中国梦想秀之折纸狂人盼圆妻子羊驼之梦, tvName=, isSeries()=true, sourceCode=202509101, playOrder=1, getAlbumSubName()=中国梦想秀之折纸狂人盼圆妻子羊驼之梦, mIsVipAlbum=false, isPurchase()=false, isPreview=false, isExclusive()=false, isVertical=false, canDownload()=false, isDownload=0, tvPic=, issueTime=, playCount=, playLength=, tag=, cornerMark=CORNERMARK_NO, definition list=, default definition=null, channelId=6, channelName=, mIChannelId=null, startTime=0, endTime=0, headerTime=0, tailTime=0, tvCount=0, tvSets=0, playTime=-1, episodes=0, url=, m3u8Url = null, mRecommendationsFilled=false, mEndRecommendationsFilled=false, mVarietyName=null}, mError=JobError(mCode=[CacheError!], mMessage=[null], mException=[null]))[com.qiyi.video.player.data.job.FetchHistoryJob@2f0f3488]
02-25 23:53:07.923 D/Player/PlayerView/LoadingView( 2323): initViews: isCustomizedLoadingImage=true
02-25 23:53:07.923 D/Player/PlayerView/LoadingView( 2323): show
02-25 23:53:07.923 D/Job     ( 2323): runNextJobs() Job(mState=3, mData=VideoItem@2cebc788{qpId=202509101, tvQid=349989700, vid=null, getType()=VIDEO, albumName=中国梦想秀之折纸狂人盼圆妻子羊驼之梦, tvName=, isSeries()=true, sourceCode=202509101, playOrder=1, getAlbumSubName()=中国梦想秀之折纸狂人盼圆妻子羊驼之梦, mIsVipAlbum=false, isPurchase()=false, isPreview=false, isExclusive()=false, isVertical=false, canDownload()=false, isDownload=0, tvPic=, issueTime=, playCount=, playLength=, tag=, cornerMark=CORNERMARK_NO, definition list=, default definition=null, channelId=6, channelName=, mIChannelId=null, startTime=0, endTime=0, headerTime=0, tailTime=0, tvCount=0, tvSets=0, playTime=-1, episodes=0, url=, m3u8Url = null, mRecommendationsFilled=false, mEndRecommendationsFilled=false, mVarietyName=null}, mError=JobError(mCode=[CacheError!], mMessage=[null], mException=[null]))[com.qiyi.video.player.data.job.FetchHistoryJob@2f0f3488]
02-25 23:53:07.925 D/Player/PlayerView/LoadingView( 2323): addText: 中国梦想秀之折纸狂人盼圆妻子羊驼之梦
02-25 23:53:07.925 D/PlayerOverlay( 2323):  showLoadingView: shown
02-25 23:53:07.925 D/com.qiyi.video.player.QiyiVideoPlayer@2efb0110( 2323): setInitialScreenMode: com.qiyi.video.player.QiyiVideoPlayer$ScreenMode$1@2c9c0f00
02-25 23:53:07.925 D/com.qiyi.video.player.QiyiVideoPlayer@2efb0110( 2323): onActivityEvent:ACTIVITY_CREATED
02-25 23:53:07.925 D/PlayerController[2dc33b70]( 2323): onActivityEvent(ACTIVITY_CREATED)
02-25 23:53:07.925 D/PlayerOverlay( 2323): onActivityEvent: ACTIVITY_CREATED
02-25 23:53:07.925 D/Player/Pingback/PingbackSender( 2323): >> onActivityEvent(event:ACTIVITY_CREATED): now=23198100
02-25 23:53:07.925 D/Job     ( 2323): running() Job(mState=0, mData=VideoItem@2cebc788{qpId=202509101, tvQid=349989700, vid=null, getType()=VIDEO, albumName=中国梦想秀之折纸狂人盼圆妻子羊驼之梦, tvName=, isSeries()=true, sourceCode=202509101, playOrder=1, getAlbumSubName()=中国梦想秀之折纸狂人盼圆妻子羊驼之梦, mIsVipAlbum=false, isPurchase()=false, isPreview=false, isExclusive()=false, isVertical=false, canDownload()=false, isDownload=0, tvPic=, issueTime=, playCount=, playLength=, tag=, cornerMark=CORNERMARK_NO, definition list=, default definition=null, channelId=6, channelName=, mIChannelId=null, startTime=0, endTime=0, headerTime=0, tailTime=0, tvCount=0, tvSets=0, playTime=-1, episodes=0, url=, m3u8Url = null, mRecommendationsFilled=false, mEndRecommendationsFilled=false, mVarietyName=null}, mError=null)[com.qiyi.video.player.data.job.FetchAlbumInfoJob@2cb2b188]
02-25 23:53:07.926 D/Player/Pingback/PingbackSender( 2323): onActivityEvent: initBeginTime=23198100
02-25 23:53:07.926 D/com.qiyi.video.player.QiyiVideoPlayer@2efb0110( 2323): onActivityEvent:ACTIVITY_RESUMED
02-25 23:53:07.926 D/PlayerController[2dc33b70]( 2323): onActivityEvent(ACTIVITY_RESUMED)
02-25 23:53:07.926 D/DownloadViewManager( 2323): register storage listener
02-25 23:53:07.926 D/LocalStorageManager( 2323): startListening() mListening=false
02-25 23:53:07.928 D/LocalStorageManager( 2323): registerListener(com.qiyi.video.player.app.DownloadViewManager$7@2cc79ff0) return true
02-25 23:53:07.928 D/PlayerOverlay( 2323): onActivityEvent: ACTIVITY_RESUMED
02-25 23:53:07.928 D/Player/Pingback/PingbackSender( 2323): >> onActivityEvent(event:ACTIVITY_RESUMED): now=23198103
02-25 23:53:07.928 D/Player/Pingback/PingbackSender( 2323): onActivityEvent: initEndTime=23198103
02-25 23:53:07.928 D/com.qiyi.video.player.QiyiVideoPlayer@2efb0110( 2323): onActivityEvent:ACTIVITY_CREATED
02-25 23:53:07.928 D/PlayerController[2dc33b70]( 2323): onActivityEvent(ACTIVITY_CREATED)
02-25 23:53:07.928 D/PlayerOverlay( 2323): onActivityEvent: ACTIVITY_CREATED
02-25 23:53:07.928 D/Player/Pingback/PingbackSender( 2323): >> onActivityEvent(event:ACTIVITY_CREATED): now=23198103
02-25 23:53:07.928 D/Player/Pingback/PingbackSender( 2323): onActivityEvent: initBeginTime=23198103
02-25 23:53:07.929 D/Job     ( 2323): isCancelled() Job(mState=0, mData=VideoItem@2cebc788{qpId=202509101, tvQid=349989700, vid=null, getType()=VIDEO, albumName=中国梦想秀之折纸狂人盼圆妻子羊驼之梦, tvName=, isSeries()=true, sourceCode=202509101, playOrder=1, getAlbumSubName()=中国梦想秀之折纸狂人盼圆妻子羊驼之梦, mIsVipAlbum=false, isPurchase()=false, isPreview=false, isExclusive()=false, isVertical=false, canDownload()=false, isDownload=0, tvPic=, issueTime=, playCount=, playLength=, tag=, cornerMark=CORNERMARK_NO, definition list=, default definition=null, channelId=6, channelName=, mIChannelId=null, startTime=0, endTime=0, headerTime=0, tailTime=0, tvCount=0, tvSets=0, playTime=-1, episodes=0, url=, m3u8Url = null, mRecommendationsFilled=false, mEndRecommendationsFilled=false, mVarietyName=null}, mError=null)[com.qiyi.video.player.data.job.FetchAlbumInfoJob@2cb2b188] return false
02-25 23:53:07.930 D/FetchAlbumInfoJob( 2323): onRun() video=VideoItem@2cebc788{qpId=202509101, tvQid=349989700, vid=null, getType()=VIDEO, albumName=中国梦想秀之折纸狂人盼圆妻子羊驼之梦, tvName=, isSeries()=true, sourceCode=202509101, playOrder=1, getAlbumSubName()=中国梦想秀之折纸狂人盼圆妻子羊驼之梦, mIsVipAlbum=false, isPurchase()=false, isPreview=false, isExclusive()=false, isVertical=false, canDownload()=false, isDownload=0, tvPic=, issueTime=, playCount=, playLength=, tag=, cornerMark=CORNERMARK_NO, definition list=, default definition=null, channelId=6, channelName=, mIChannelId=null, startTime=0, endTime=0, headerTime=0, tailTime=0, tvCount=0, tvSets=0, playTime=-1, episodes=0, url=, m3u8Url = null, mRecommendationsFilled=false, mEndRecommendationsFilled=false, mVarietyName=null}
02-25 23:53:07.931 V/QBaseActivity( 2323): onResume com.qiyi.video.player.PlayerActivity@2ca709b0
02-25 23:53:07.931 I/QBaseActivity( 2323): onResume mHomePressed = true, mStackCount = 1
02-25 23:53:07.931 D/PlayerActivity( 2323): PlayerActivity--->>startCheckUpdate()--
02-25 23:53:07.931 D/VoiceManager( 2323): onActivityResume(com.qiyi.video.player.PlayerActivity@2ca709b0)
02-25 23:53:07.931 D/BasePlayActivity( 2323): onResume() mTargetSeekPos=-1
02-25 23:53:07.932 D/com.qiyi.video.player.QiyiVideoPlayer@2efb0110( 2323): onActivityEvent:ACTIVITY_RESUMED
02-25 23:53:07.932 D/PlayerController[2dc33b70]( 2323): onActivityEvent(ACTIVITY_RESUMED)
02-25 23:53:07.932 D/DownloadViewManager( 2323): register storage listener
02-25 23:53:07.932 D/LocalStorageManager( 2323): registerListener(com.qiyi.video.player.app.DownloadViewManager$7@2cc79ff0) return false
02-25 23:53:07.932 D/PlayerOverlay( 2323): onActivityEvent: ACTIVITY_RESUMED
02-25 23:53:07.932 D/Player/Pingback/PingbackSender( 2323): >> onActivityEvent(event:ACTIVITY_RESUMED): now=23198107
02-25 23:53:07.932 D/Player/Pingback/PingbackSender( 2323): onActivityEvent: initEndTime=23198107
02-25 23:53:07.933 I/System.out( 2323): DEBUG(ApiFilter): filter-devCheck- onCalling
02-25 23:53:07.934 I/MediaFocusControl( 1948):  AudioFocus  requestAudioFocus() from android.media.AudioManager@2f0b6070com.qiyi.video.player.BasePlayActivity$2@2dd33b08
02-25 23:53:07.935 I/System.out( 2323): D/(TVApi:1/4, id=160,专辑详情): url = http://data2.itv.ptqy.gitv.tv/itv/albumInfo/331/349989700
02-25 23:53:07.935 I/System.out( 2323): D/(TVApi:1/4, id=160): header = qyid:tv_dfd776068febb13e38d211c7dfd0e36b_1388563211103
02-25 23:53:07.935 I/System.out( 2323): D/(TVApi:1/4, id=160): header = apiKey:798da087c9036db8084f2dff8e2c95c2
02-25 23:53:07.936 V/Avrcp   ( 2030): New genId = 16, clearing = 1
02-25 23:53:07.939 D/Job     ( 2323): running() done. not mean real done!!! Job(mState=1, mData=VideoItem@2cebc788{qpId=202509101, tvQid=349989700, vid=null, getType()=VIDEO, albumName=中国梦想秀之折纸狂人盼圆妻子羊驼之梦, tvName=, isSeries()=true, sourceCode=202509101, playOrder=1, getAlbumSubName()=中国梦想秀之折纸狂人盼圆妻子羊驼之梦, mIsVipAlbum=false, isPurchase()=false, isPreview=false, isExclusive()=false, isVertical=false, canDownload()=false, isDownload=0, tvPic=, issueTime=, playCount=, playLength=, tag=, cornerMark=CORNERMARK_NO, definition list=, default definition=null, channelId=6, channelName=, mIChannelId=null, startTime=0, endTime=0, headerTime=0, tailTime=0, tvCount=0, tvSets=0, playTime=-1, episodes=0, url=, m3u8Url = null, mRecommendationsFilled=false, mEndRecommendationsFilled=false, mVarietyName=null}, mError=null)[com.qiyi.video.player.data.job.FetchAlbumInfoJob@2cb2b188]
02-25 23:53:07.944 D/com.qiyi.video.player.QiyiVideoPlayer@2efb0110( 2323): network.onStateChanged: 2 -> 2
02-25 23:53:07.944 D/com.qiyi.video.player.QiyiVideoPlayer@2efb0110( 2323): onNetWorkConnected()
02-25 23:53:07.944 D/PlayerController[2dc33b70]( 2323): onActivityEvent(NETWORK_STATE_CHANGED)
02-25 23:53:07.944 D/VideoProvider( 2323): setNetworkAvaliable(true) mNetworkAvaliable=true
02-25 23:53:07.944 D/PlayerOverlay( 2323): onActivityEvent: NETWORK_STATE_CHANGED
02-25 23:53:07.944 D/PlayerOverlay( 2323): onActivityEvent: network connected=true
02-25 23:53:07.944 D/Player/Pingback/PingbackSender( 2323): >> onActivityEvent(event:NETWORK_STATE_CHANGED): now=23198119
02-25 23:53:07.954 D/MediaControllerContainer( 2323): onAttachedToWindow()
02-25 23:53:07.954 D/MediaControllerContainer( 2323): checkChildrenLayout() ready!
02-25 23:53:07.961 D/MovieVideoView( 2323): onMeasure(1073743744, 1073742904) mDesiredWidth=0, mDesiredHeight=0, width=1920, height=1080
02-25 23:53:07.961 D/MovieVideoView( 2323): onMeasure() width=1920, height=1080
02-25 23:53:07.964 D/MovieVideoView( 2323): onMeasure(1073743744, 1073742904) mDesiredWidth=0, mDesiredHeight=0, width=1920, height=1080
02-25 23:53:07.964 D/MovieVideoView( 2323): onMeasure() width=1920, height=1080
02-25 23:53:08.023 D/MovieVideoView( 2323): surfaceCreated(android.view.SurfaceView$4@2dc2d0c8)
02-25 23:53:08.023 D/MovieVideoView( 2323): surfaceChanged(android.view.SurfaceView$4@2dc2d0c8, 4, 1920, 1080)
02-25 23:53:08.023 D/MoviePlayer[2cd8a018]( 2323): surfaceChanged(1920, 1080) mSurfaceWidth=0, mSurfaceHeight=0
02-25 23:53:08.045 D/com.qiyi.video.player.QiyiVideoPlayer@2efb0110( 2323): onActivityEvent:WINDOW_FOCUSED
02-25 23:53:08.045 D/PlayerController[2dc33b70]( 2323): onActivityEvent(WINDOW_FOCUSED)
02-25 23:53:08.045 D/PlayerOverlay( 2323): onActivityEvent: WINDOW_FOCUSED
02-25 23:53:08.046 E/PlayerOverlay( 2323): onActivityEvent: loading animation started
02-25 23:53:08.046 D/Player/Pingback/PingbackSender( 2323): >> onActivityEvent(event:WINDOW_FOCUSED): now=23198221
02-25 23:53:08.054 D/MovieVideoView( 2323): onMeasure(1073743744, 1073742904) mDesiredWidth=0, mDesiredHeight=0, width=1920, height=1080
02-25 23:53:08.054 D/MovieVideoView( 2323): onMeasure() width=1920, height=1080
02-25 23:53:08.057 D/MovieVideoView( 2323): onMeasure(1073743744, 1073742904) mDesiredWidth=0, mDesiredHeight=0, width=1920, height=1080
02-25 23:53:08.057 D/MovieVideoView( 2323): onMeasure() width=1920, height=1080
02-25 23:53:08.061 I/ActivityManager( 1948): Displayed com.qiyi.tvplayer.huawei/com.qiyi.video.player.PlayerActivity: +358ms
02-25 23:53:08.249 E/VPP_DLNA_LOG( 2814): [VPPDLNA]:SSDP recvd bad msg code = 1
02-25 23:53:08.250 E/VPP_DLNA_LOG( 2814): [VPPDLNA]:SSDP recvd bad msg code = 1
02-25 23:53:08.253 E/VPP_DLNA_LOG( 2814): [VPPDLNA]:SSDP recvd bad msg code = 1
02-25 23:53:08.347 E/VPP_DLNA_LOG( 2814): [VPPDLNA]:SSDP recvd bad msg code = 1
02-25 23:53:08.349 E/VPP_DLNA_LOG( 2814): [VPPDLNA]:SSDP recvd bad msg code = 1
02-25 23:53:08.351 E/VPP_DLNA_LOG( 2814): [VPPDLNA]:SSDP recvd bad msg code = 1
02-25 23:53:09.423 D/AndroidRuntime(14529): 
02-25 23:53:09.423 D/AndroidRuntime(14529): >>>>>> AndroidRuntime START com.android.internal.os.RuntimeInit <<<<<<
02-25 23:53:09.427 D/AndroidRuntime(14529): CheckJNI is OFF
02-25 23:53:09.438 I/dalvikvm(14529): DexOpt: mismatch dep signature for '/system/framework/android.policy.odex'
02-25 23:53:09.438 E/dalvikvm(14529): /system/framework/services.jar odex has stale dependencies
02-25 23:53:09.439 I/dalvikvm(14529): DexOpt: mismatch dep name: '/data/dalvik-cache/system@framework@services.jar@classes.dex' vs. '/system/framework/services.odex'
02-25 23:53:09.439 E/dalvikvm(14529): /system/framework/apache-xml.jar odex has stale dependencies
02-25 23:53:09.440 I/dalvikvm(14529): DexOpt: mismatch dep name: '/data/dalvik-cache/system@framework@services.jar@classes.dex' vs. '/system/framework/services.odex'
02-25 23:53:09.440 E/dalvikvm(14529): /system/framework/webviewchromium.jar odex has stale dependencies
02-25 23:53:09.449 D/dalvikvm(14529): Trying to load lib libjavacore.so 0x0
02-25 23:53:09.453 D/dalvikvm(14529): Added shared lib libjavacore.so 0x0
02-25 23:53:09.460 D/dalvikvm(14529): Trying to load lib libnativehelper.so 0x0
02-25 23:53:09.460 D/dalvikvm(14529): Added shared lib libnativehelper.so 0x0
02-25 23:53:09.460 D/dalvikvm(14529): No JNI_OnLoad found in libnativehelper.so 0x0, skipping init
02-25 23:53:09.481 I/dalvikvm(14529): DexOpt: mismatch dep name: '/data/dalvik-cache/system@framework@services.jar@classes.dex' vs. '/system/framework/services.odex'
02-25 23:53:09.481 E/dalvikvm(14529): /system/framework/input.jar odex has stale dependencies
02-25 23:53:09.485 E/cutils-trace(14529): Error opening trace file: No such file or directory (2)
02-25 23:53:09.509 D/dalvikvm(14529): Note: class Landroid/app/ActivityManagerNative; has 179 unimplemented (abstract) methods
02-25 23:53:09.732 E/memtrack(14529): Couldn't load memtrack module (No such file or directory)
02-25 23:53:09.732 E/android.os.Debug(14529): failed to load memtrack module: -2
02-25 23:53:09.735 I/EthernetJNI(14529): Loading ethernet jni class
02-25 23:53:09.819 D/AndroidRuntime(14529): Calling main entry com.android.commands.input.Input
02-25 23:53:09.821 I/Input   (14529): injectKeyEvent: KeyEvent { action=ACTION_DOWN, keyCode=KEYCODE_HOME, scanCode=0, metaState=0, flags=0x0, repeatCount=0, eventTime=23199995, downTime=23199995, deviceId=-1, source=0x101 }
02-25 23:53:09.827 D/WindowManager( 1948): keyCode =3
02-25 23:53:09.827 D/WindowManager( 1948): isLockedAllKeys =0
02-25 23:53:09.827 D/WindowManager( 1948): isHandleHomeKey = 1
02-25 23:53:09.827 D/WindowManager( 1948): isHandlePowerKey ==1
02-25 23:53:09.827 D/WindowManager( 1948): isHandleSettingKey=1
02-25 23:53:09.827 D/WindowManager( 1948): handleSystemKey==1
02-25 23:53:09.829 D/WindowManager( 1948): send broadcast key press down
02-25 23:53:09.829 W/ContextImpl( 1948): Calling a method in the system process without a qualified user: android.app.ContextImpl.sendBroadcast:1168 com.android.internal.policy.impl.PhoneWindowManager.interceptKeyBeforeQueueing:4109 com.android.server.wm.InputMonitor.interceptKeyBeforeQueueing:357 com.android.server.input.InputManagerService.interceptKeyBeforeQueueing:1352 com.android.server.input.InputManagerService.nativeInjectInputEvent:-2 
02-25 23:53:09.831 I/Input   (14529): injectKeyEvent: KeyEvent { action=ACTION_UP, keyCode=KEYCODE_HOME, scanCode=0, metaState=0, flags=0x0, repeatCount=0, eventTime=23199995, downTime=23199995, deviceId=-1, source=0x101 }
02-25 23:53:09.832 D/WindowManager( 1948): keyCode =3
02-25 23:53:09.832 D/WindowManager( 1948): isLockedAllKeys =0
02-25 23:53:09.832 D/WindowManager( 1948): isHandleHomeKey = 1
02-25 23:53:09.832 D/WindowManager( 1948): isHandlePowerKey ==1
02-25 23:53:09.832 D/WindowManager( 1948): isHandleSettingKey=1
02-25 23:53:09.832 D/WindowManager( 1948): handleSystemKey==1
02-25 23:53:09.839 D/WindowManager( 1948): swHomeIntent =null customizer=0
02-25 23:53:09.839 D/WindowManager( 1948): ......start launcher......
02-25 23:53:09.902 D/dalvikvm( 1948): GC_FOR_ALLOC freed 447K, 17% free 7622K/9080K, paused 51ms, total 52ms
02-25 23:53:09.974 D/dalvikvm( 1948): GC_FOR_ALLOC freed 406K, 17% free 7588K/9080K, paused 50ms, total 50ms
02-25 23:53:09.978 I/ActivityManager( 1948): START u0 {act=android.intent.action.MAIN cat=[android.intent.category.HOME] flg=0x10200000 cmp=com.huawei.mh2.launcher/.MainActivity} from pid 1948
02-25 23:53:09.996 I/QBaseActivity( 2323): HomeMonitor home key pressed
02-25 23:53:09.996 I/QBaseActivity( 2323): setHomePressed mHomePressed = true, mStackCount = 2
02-25 23:53:10.025 D/dalvikvm( 1948): GC_FOR_ALLOC freed 3K, 13% free 7960K/9080K, paused 45ms, total 46ms
02-25 23:53:10.026 I/dalvikvm-heap( 1948): Grow heap (frag case) to 8.197MB for 380496-byte allocation
02-25 23:53:10.073 D/dalvikvm( 1948): GC_FOR_ALLOC freed 371K, 16% free 7959K/9452K, paused 46ms, total 46ms
02-25 23:53:10.079 D/AndroidRuntime(14529): Shutting down VM
02-25 23:53:10.083 D/dalvikvm(14529): GC_CONCURRENT freed 98K, 16% free 566K/668K, paused 1ms+1ms, total 4ms
02-25 23:53:10.095 D/VoiceManager( 2323): onActivityPause(com.qiyi.video.player.PlayerActivity@2ca709b0) mCurDialog=null
02-25 23:53:10.095 D/BasePlayActivity( 2323): onPause()
02-25 23:53:10.095 D/com.qiyi.video.player.QiyiVideoPlayer@2efb0110( 2323): onActivityEvent:ACTIVITY_PAUSED
02-25 23:53:10.095 D/PlayerController[2dc33b70]( 2323): pause dump[767769456](mFirstStart=false, mTarget=1, mTargetPosition=-1, mFullscreenHintShown=false, mContinuePlaybackByUser=true, mPlayedAd=false, mPlayer=MoviePlayer@2cd8a018, player type=-1)
02-25 23:53:10.095 D/MoviePlayer[2cd8a018]( 2323): pause() MoviePlayer[2cd8a018](mCurrentState=1, mTargetState=1, mNextVideoFilled=true, mSeekWhenInited=-1, mCurDefinition=-1, mSwitchingBitStream=false, mSwitchPlayerForDifBitStream=false, mSurfaceHolder=android.view.SurfaceView$4@2dc2d0c8, mPlayer=null, mVideo=VideoHolder@2cbe1f08{video=null, from=-1, to=-1}, mNextVideo=VideoHolder@2cbe1f20{video=null, from=-1, to=-1})
02-25 23:53:10.095 D/PlayerController[2dc33b70]( 2323): onActivityEvent(ACTIVITY_PAUSED)
02-25 23:53:10.095 D/PlayerOverlay( 2323): onActivityEvent: ACTIVITY_PAUSED
02-25 23:53:10.095 D/Player/Pingback/PingbackSender( 2323): >> onActivityEvent(event:ACTIVITY_PAUSED): now=23200270
02-25 23:53:10.095 D/Player/Pingback/PingbackSender( 2323): onActivityEvent: isFinishing=false
02-25 23:53:10.096 D/PlayerStatusRecorder( 2323): getRecord =onActivityEvent ACTIVITY_CREATED 
02-25 23:53:10.096 D/PlayerStatusRecorder( 2323): onActivityEvent ACTIVITY_RESUMED 
02-25 23:53:10.096 D/PlayerStatusRecorder( 2323): onActivityEvent ACTIVITY_CREATED 
02-25 23:53:10.096 D/PlayerStatusRecorder( 2323): onActivityEvent ACTIVITY_RESUMED 
02-25 23:53:10.096 D/PlayerStatusRecorder( 2323): onActivityEvent NETWORK_STATE_CHANGED 
02-25 23:53:10.096 D/PlayerStatusRecorder( 2323): onActivityEvent WINDOW_FOCUSED 
02-25 23:53:10.096 D/PlayerStatusRecorder( 2323): onActivityEvent ACTIVITY_PAUSED 
02-25 23:53:10.096 D/PlayerStatusRecorder( 2323): onActivityEvent WINDOW_FOCUSED 
02-25 23:53:10.096 D/PlayerStatusRecorder( 2323): onActivityEvent ACTIVITY_STOP 
02-25 23:53:10.096 D/PlayerStatusRecorder( 2323): onActivityEvent ACTIVITY_DESTROYED 
02-25 23:53:10.096 D/PlayerStatusRecorder( 2323): onActivityEvent ACTIVITY_CREATED 
02-25 23:53:10.096 D/PlayerStatusRecorder( 2323): onActivityEvent ACTIVITY_RESUMED 
02-25 23:53:10.096 D/PlayerStatusRecorder( 2323): onActivityEvent ACTIVITY_CREATED 
02-25 23:53:10.096 D/PlayerStatusRecorder( 2323): onActivityEvent ACTIVITY_RESUMED 
02-25 23:53:10.096 D/PlayerStatusRecorder( 2323): onActivityEvent NETWORK_STATE_CHANGED 
02-25 23:53:10.096 D/PlayerStatusRecorder( 2323): onActivityEvent WINDOW_FOCUSED 
02-25 23:53:10.096 D/PlayerStatusRecorder( 2323): onActivityEvent ACTIVITY_PAUSED 
02-25 23:53:10.096 D/PlayerStatusRecorder( 2323): onActivityEvent WINDOW_FOCUSED 
02-25 23:53:10.096 D/PlayerStatusRecorder( 2323): onActivityEvent ACTIVITY_STOP 
02-25 23:53:10.096 D/PlayerStatusRecorder( 2323): onActivityEvent ACTIVITY_DESTROYED 
02-25 23:53:10.096 D/PlayerStatusRecorder( 2323): onActivityEvent ACTIVITY_CREATED 
02-25 23:53:10.096 D/PlayerStatusRecorder( 2323): onActivityEvent ACTIVITY_RESUMED 
02-25 23:53:10.096 D/PlayerStatusRecorder( 2323): onActivityEvent ACTIVITY_CREATED 
02-25 23:53:10.096 D/PlayerStatusRecorder( 2323): onActivityEvent ACTIVITY_RESUMED 
02-25 23:53:10.096 D/PlayerStatusRecorder( 2323): onActivityEvent NETWORK_STATE_CHANGED 
02-25 23:53:10.096 D/PlayerStatusRecorder( 2323): onActivityEvent WINDOW_FOCUSED 
02-25 23:53:10.096 D/PlayerStatusRecorder( 2323): onActivityEvent ACTIVITY_PAUSED 
02-25 23:53:10.096 D/PlayerStatusRecorder( 2323): onActivityEvent WINDOW_FOCUSED 
02-25 23:53:10.096 D/PlayerStatusRecorder( 2323): onActivityEvent ACTIVITY_STOP 
02-25 23:53:10.096 D/PlayerStatusRecorder( 2323): onActivityEvent NETWORK_STATE_CHANGED 
02-25 23:53:10.096 D/PlayerStatusRecorder( 2323): onActivityEvent NETWORK_STATE_CHANGED 
02-25 23:53:10.096 D/PlayerStatusRecorder( 2323): onActivityEvent NETWORK_STATE_CHANGED 
02-25 23:53:10.096 D/PlayerStatusRecorder( 2323): onActivityEvent NETWORK_STATE_CHANGED 
02-25 23:53:10.096 D/PlayerStatusRecorder( 2323): onActivityEvent ACTIVITY_DESTROYED 
02-25 23:53:10.096 D/PlayerStatusRecorder( 2323): onActivityEvent ACTIVITY_CREATED 
02-25 23:53:10.096 D/PlayerStatusRecorder( 2323): onActivityEvent ACTIVITY_RESUMED 
02-25 23:53:10.096 D/PlayerStatusRecorder( 2323): onActivityEvent ACTIVITY_CREATED 
02-25 23:53:10.096 D/PlayerStatusRecorder( 2323): onActivityEvent ACTIVITY_RESUMED 
02-25 23:53:10.096 D/PlayerStatusRecorder( 2323): onActivityEvent NETWORK_STATE_CHANGED 
02-25 23:53:10.096 D/PlayerStatusRecorder( 2323): onActivityEvent WINDOW_FOCUSED 
02-25 23:53:10.096 D/PlayerStatusRecorder( 2323): onActivityEvent ACTIVITY_PAUSED 
02-25 23:53:10.096 D/PlayerStatusRecorder( 2323): onActivityEvent WINDOW_FOCUSED 
02-25 23:53:10.096 D/PlayerStatusRecorder( 2323): onActivityEvent ACTIVITY_STOP 
02-25 23:53:10.096 D/PlayerStatusRecorder( 2323): onActivityEvent NETWORK_STATE_CHANGED 
02-25 23:53:10.096 D/PlayerStatusRecorder( 2323): onActivityEvent NETWORK_STATE_CHANGED 
02-25 23:53:10.096 D/PlayerStatusRecorder( 2323): onActivityEvent ACTIVITY_DESTROYED 
02-25 23:53:10.096 D/PlayerStatusRecorder( 2323): onActivityEvent ACTIVITY_CREATED 
02-25 23:53:10.096 D/PlayerStatusRecorder( 2323): onActivityEvent ACTIVITY_RESUMED 
02-25 23:53:10.096 D/PlayerStatusRecorder( 2323): onActivityEvent ACTIVITY_CREATED 
02-25 23:53:10.096 D/PlayerStatusRecorder( 2323): onActivityEvent ACTIVITY_RESUMED 
02-25 23:53:10.096 D/PlayerStatusRecorder( 2323): onActivityEvent NETWORK_STATE_CHANGED 
02-25 23:53:10.096 D/PlayerStatusRecorder( 2323): onActivityEvent WINDOW_FOCUSED 
02-25 23:53:10.096 D/PlayerStatusRecorder( 2323): onActivityEvent ACTIVITY_PAUSED 
02-25 23:53:10.096 D/PlayerStatusRecorder( 2323): onActivityEvent WINDOW_FOCUSED 
02-25 23:53:10.096 D/PlayerStatusRecorder( 2323): onActivityEvent ACTIVITY_STOP 
02-25 23:53:10.096 D/PlayerStatusRecorder( 2323): onActivityEvent ACTIVITY_DESTROYED 
02-25 23:53:10.096 D/PlayerStatusRecorder( 2323): onActivityEvent ACTIVITY_CREATED 
02-25 23:53:10.096 D/PlayerStatusRecorder( 2323): onActivityEvent ACTIVITY_RESUMED 
02-25 23:53:10.096 D/PlayerStatusRecorder( 2323): onActivityEvent ACTIVITY_CREATED 
02-25 23:53:10.096 D/PlayerStatusRecorder( 2323): onActivityEvent ACTIVITY_RESUMED 
02-25 23:53:10.096 D/PlayerStatusRecorder( 2323): onActivityEvent NETWORK_STATE_CHANGED 
02-25 23:53:10.096 D/PlayerStatusRecorder( 2323): onActivityEvent WINDOW_FOCUSED 
02-25 23:53:10.096 D/PlayerStatusRecorder( 2323): onActivityEvent ACTIVITY_PAUSED 
02-25 23:53:10.096 D/PlayerStatusRecorder( 2323): onActivityEvent WINDOW_FOCUSED 
02-25 23:53:10.096 D/PlayerStatusRecorder( 2323): onActivityEvent ACTIVITY_STOP 
02-25 23:53:10.096 D/PlayerStatusRecorder( 2323): onActivityEvent ACTIVITY_DESTROYED 
02-25 23:53:10.096 D/PlayerStatusRecorder( 2323): onActivityEvent ACTIVITY_CREATED 
02-25 23:53:10.096 D/PlayerStatusRecorder( 2323): onActivityEvent ACTIVITY_RESUMED 
02-25 23:53:10.096 D/PlayerStatusRecorder( 2323): onActivityEvent ACTIVITY_CREATED 
02-25 23:53:10.096 D/PlayerStatusRecorder( 2323): onActivityEvent ACTIVITY_RESUMED 
02-25 23:53:10.096 D/PlayerStatusRecorder( 2323): onActivityEvent NETWORK_STATE_CHANGED 
02-25 23:53:10.096 D/PlayerStatusRecorder( 2323): onActivityEvent WINDOW_FOCUSED 
02-25 23:53:10.096 D/PlayerStatusRecorder( 2323): onActivityEvent ACTIVITY_PAUSED 
02-25 23:53:10.096 D/PlayerController[2dc33b70]( 2323): getPosition() return 0 dump[767769456](mFirstStart=false, mTarget=2, mTargetPosition=-1, mFullscreenHintShown=false, mContinuePlaybackByUser=true, mPlayedAd=false, mPlayer=MoviePlayer@2cd8a018, player type=-1)
02-25 23:53:10.096 I/MediaFocusControl( 1948):  AudioFocus  abandonAudioFocus() from android.media.AudioManager@2f0b6070com.qiyi.video.player.BasePlayActivity$2@2dd33b08
02-25 23:53:10.097 V/Avrcp   ( 2030): New genId = 17, clearing = 1
02-25 23:53:11.880 D/AndroidRuntime(14541): 
02-25 23:53:11.880 D/AndroidRuntime(14541): >>>>>> AndroidRuntime START com.android.internal.os.RuntimeInit <<<<<<
02-25 23:53:11.883 D/AndroidRuntime(14541): CheckJNI is OFF
02-25 23:53:11.895 I/dalvikvm(14541): DexOpt: mismatch dep signature for '/system/framework/android.policy.odex'
02-25 23:53:11.895 E/dalvikvm(14541): /system/framework/services.jar odex has stale dependencies
02-25 23:53:11.896 I/dalvikvm(14541): DexOpt: mismatch dep name: '/data/dalvik-cache/system@framework@services.jar@classes.dex' vs. '/system/framework/services.odex'
02-25 23:53:11.897 E/dalvikvm(14541): /system/framework/apache-xml.jar odex has stale dependencies
02-25 23:53:11.898 I/dalvikvm(14541): DexOpt: mismatch dep name: '/data/dalvik-cache/system@framework@services.jar@classes.dex' vs. '/system/framework/services.odex'
02-25 23:53:11.898 E/dalvikvm(14541): /system/framework/webviewchromium.jar odex has stale dependencies
02-25 23:53:11.907 D/dalvikvm(14541): Trying to load lib libjavacore.so 0x0
02-25 23:53:11.912 D/dalvikvm(14541): Added shared lib libjavacore.so 0x0
02-25 23:53:11.918 D/dalvikvm(14541): Trying to load lib libnativehelper.so 0x0
02-25 23:53:11.919 D/dalvikvm(14541): Added shared lib libnativehelper.so 0x0
02-25 23:53:11.919 D/dalvikvm(14541): No JNI_OnLoad found in libnativehelper.so 0x0, skipping init
02-25 23:53:11.940 I/dalvikvm(14541): DexOpt: mismatch dep name: '/data/dalvik-cache/system@framework@services.jar@classes.dex' vs. '/system/framework/services.odex'
02-25 23:53:11.940 E/dalvikvm(14541): /system/framework/input.jar odex has stale dependencies
02-25 23:53:11.952 E/cutils-trace(14541): Error opening trace file: No such file or directory (2)
02-25 23:53:11.982 D/dalvikvm(14541): Note: class Landroid/app/ActivityManagerNative; has 179 unimplemented (abstract) methods
02-25 23:53:12.246 E/memtrack(14541): Couldn't load memtrack module (No such file or directory)
02-25 23:53:12.246 E/android.os.Debug(14541): failed to load memtrack module: -2
02-25 23:53:12.249 I/EthernetJNI(14541): Loading ethernet jni class
02-25 23:53:12.289 V/VPP_DLNA_LOG( 2814): [VPPDLNA][WorkerThread][:727]-:Before delete threadIdQ size =3 
02-25 23:53:12.289 V/VPP_DLNA_LOG( 2814): [VPPDLNA][WorkerThread][:730]-:Exiting & deleting threadId=1284533192& threadIdQ size =2 
02-25 23:53:12.371 D/AndroidRuntime(14541): Calling main entry com.android.commands.input.Input
02-25 23:53:12.373 I/Input   (14541): injectKeyEvent: KeyEvent { action=ACTION_DOWN, keyCode=KEYCODE_DPAD_RIGHT, scanCode=0, metaState=0, flags=0x0, repeatCount=0, eventTime=23202548, downTime=23202548, deviceId=-1, source=0x101 }
02-25 23:53:12.383 D/WindowManager( 1948): keyCode =22
02-25 23:53:12.383 D/WindowManager( 1948): isLockedAllKeys =0
02-25 23:53:12.383 D/WindowManager( 1948): isHandleHomeKey = 1
02-25 23:53:12.383 D/WindowManager( 1948): isHandlePowerKey ==1
02-25 23:53:12.383 D/WindowManager( 1948): isHandleSettingKey=1
02-25 23:53:12.383 D/WindowManager( 1948): handleSystemKey==1
02-25 23:53:12.384 D/WindowManager( 1948): send broadcast key press down
02-25 23:53:12.384 W/ContextImpl( 1948): Calling a method in the system process without a qualified user: android.app.ContextImpl.sendBroadcast:1168 com.android.internal.policy.impl.PhoneWindowManager.interceptKeyBeforeQueueing:4109 com.android.server.wm.InputMonitor.interceptKeyBeforeQueueing:357 com.android.server.input.InputManagerService.interceptKeyBeforeQueueing:1352 com.android.server.input.InputManagerService.nativeInjectInputEvent:-2 
02-25 23:53:12.696 I/Input   (14541): injectKeyEvent: KeyEvent { action=ACTION_UP, keyCode=KEYCODE_DPAD_RIGHT, scanCode=0, metaState=0, flags=0x0, repeatCount=0, eventTime=23202548, downTime=23202548, deviceId=-1, source=0x101 }
02-25 23:53:12.696 W/ViewRootImpl( 2257): Dropping event due to no window focus: KeyEvent { action=ACTION_DOWN, keyCode=KEYCODE_DPAD_RIGHT, scanCode=0, metaState=0, flags=0x0, repeatCount=0, eventTime=23202548, downTime=23202548, deviceId=-1, source=0x101 }
02-25 23:53:12.697 D/WindowManager( 1948): keyCode =22
02-25 23:53:12.697 D/WindowManager( 1948): isLockedAllKeys =0
02-25 23:53:12.697 D/WindowManager( 1948): isHandleHomeKey = 1
02-25 23:53:12.697 D/WindowManager( 1948): isHandlePowerKey ==1
02-25 23:53:12.697 D/WindowManager( 1948): isHandleSettingKey=1
02-25 23:53:12.697 D/WindowManager( 1948): handleSystemKey==1
02-25 23:53:12.699 D/PosterPage( 2257): [0;32;31m[main][com.huawei.mh2.launcher.page.o][onFocusChange][-1]:launcher:hasFocus=false [m
02-25 23:53:12.700 D/AndroidRuntime(14541): Shutting down VM
02-25 23:53:12.700 D/j       ( 2257): [0;32;31m[main][com.huawei.mh2.launcher.l][onGlobalFocusChanged][-1]:launcher:newFocus=com.huawei.mh2.launcher.a.n{2c944210 VFE...C. .FS..... 0,0-120,57 #7f0a0006 app:id/menu_title_home} [m
02-25 23:53:12.702 D/FrameworkPage( 2257): [0;32;31m[main][com.huawei.mh2.launcher.page.FrameworkPage][onFocusChange][-1]:launcher:v=com.huawei.mh2.launcher.a.n{2c944210 VFE...C. .FS...ID 0,0-120,57 #7f0a0006 app:id/menu_title_home} [m
02-25 23:53:12.704 D/j       ( 2257): [0;32;31m[main][net.sunniwell.ui.d][a][-1]:launcher:setDefaultFocus com.huawei.mh2.launcher.a.n{2c944210 VFE...C. .F....ID 0,0-120,57 #7f0a0006 app:id/menu_title_home} [m
02-25 23:53:12.705 W/ContextImpl( 2257): Calling a method in the system process without a qualified user: android.app.ContextImpl.sendBroadcast:1168 android.content.ContextWrapper.sendBroadcast:365 android.app.ActivityThread.performResumeActivity:2785 android.app.ActivityThread.handleResumeActivity:2823 android.app.ActivityThread$H.handleMessage:1238 
02-25 23:53:12.707 D/dalvikvm(14541): GC_CONCURRENT freed 98K, 16% free 566K/668K, paused 0ms+1ms, total 5ms
02-25 23:53:12.707 D/j       ( 2257): [0;32;31m[main][net.sunniwell.ui.g][b][-1]:launcher:anchorView=com.huawei.mh2.launcher.a.n{2c944210 VFE...C. .F....ID 0,0-120,57 #7f0a0006 app:id/menu_title_home} [m
02-25 23:53:12.713 I/j       ( 2257): [0;32;31m[main][net.sunniwell.ui.d][d][-1]:launcher:resume [m
02-25 23:53:12.715 D/j       ( 2257): [0;32;31m[main][net.sunniwell.ui.d][a][-1]:launcher:setDefaultFocus com.huawei.mh2.launcher.a.n{2c944210 VFE...C. .F....ID 0,0-120,57 #7f0a0006 app:id/menu_title_home} [m
02-25 23:53:12.716 D/j       ( 2257): [0;32;31m[main][net.sunniwell.ui.g][b][-1]:launcher:anchorView=com.huawei.mh2.launcher.a.n{2c944210 VFE...C. .F....ID 0,0-120,57 #7f0a0006 app:id/menu_title_home} [m
02-25 23:53:12.717 D/SettingsPage( 2257): [0;32;31m[main][com.huawei.mh2.launcher.page.SettingsPage][a][-1]:launcher:isLogin=false [m
02-25 23:53:12.722 W/InputMethodManagerService( 1948): Starting input on non-focused client com.android.internal.view.IInputMethodClient$Stub$Proxy@2cae9e10 (uid=10037 pid=2323)
02-25 23:53:12.727 D/p       ( 2257): [0;32;31m[main][com.huawei.mh2.launcher.p][getView][-1]:launcher:position=12 convertView=null [m
02-25 23:53:12.729 D/ImageLoader( 2257): Start display image task [http://pic3.ptqy.gitv.tv/image/20150215/41/2c/a_100010524_m_601_260_360.jpg_333x461]
02-25 23:53:12.730 D/ImageLoader( 2257): Load image from disc cache [http://pic3.ptqy.gitv.tv/image/20150215/41/2c/a_100010524_m_601_260_360.jpg_333x461]
02-25 23:53:12.814 D/dalvikvm( 2257): GC_FOR_ALLOC freed 7897K, 39% free 52247K/85332K, paused 76ms, total 77ms
02-25 23:53:12.839 D/ImageLoader( 2257): PreProcess image before caching in memory [http://pic3.ptqy.gitv.tv/image/20150215/41/2c/a_100010524_m_601_260_360.jpg_333x461]
02-25 23:53:12.839 D/ImageLoader( 2257): Cache image in memory [http://pic3.ptqy.gitv.tv/image/20150215/41/2c/a_100010524_m_601_260_360.jpg_333x461]
02-25 23:53:12.878 D/j       ( 2257): [0;32;31m[main][net.sunniwell.ui.g][b][-1]:launcher:offsetWidth=-225 offsetHeight=-428 resizeImmediate=true [m
02-25 23:53:12.880 D/j       ( 2257): [0;32;31m[main][net.sunniwell.ui.g][a][-1]:launcher:offsetLeft=-479 offsetTop=-176 moveImmediate=true [m
02-25 23:53:12.881 D/j       ( 2257): [0;32;31m[main][net.sunniwell.ui.d][a][-1]:launcher:immediate=true isChanged=true [m
02-25 23:53:12.882 D/j       ( 2257): [0;32;31m[main][com.huawei.mh2.launcher.j][a][-1]:launcher:changed=true [m
02-25 23:53:12.904 D/MovieVideoView( 2323): surfaceDestroyed(android.view.SurfaceView$4@2dc2d0c8)
02-25 23:53:12.907 D/ImageLoader( 2257): Display image in ImageAware (loaded from DISC_CACHE) [http://pic3.ptqy.gitv.tv/image/20150215/41/2c/a_100010524_m_601_260_360.jpg_333x461]
02-25 23:53:12.918 D/j       ( 2257): [0;32;31m[main][net.sunniwell.ui.g][b][-1]:launcher:offsetWidth=0 offsetHeight=0 resizeImmediate=true [m
02-25 23:53:12.919 D/com.qiyi.video.player.QiyiVideoPlayer@2efb0110( 2323): onActivityEvent:WINDOW_FOCUSED
02-25 23:53:12.919 D/PlayerController[2dc33b70]( 2323): onActivityEvent(WINDOW_FOCUSED)
02-25 23:53:12.920 D/PlayerOverlay( 2323): onActivityEvent: WINDOW_FOCUSED
02-25 23:53:12.920 D/Player/Pingback/PingbackSender( 2323): >> onActivityEvent(event:WINDOW_FOCUSED): now=23203095
02-25 23:53:12.922 D/j       ( 2257): [0;32;31m[main][net.sunniwell.ui.g][a][-1]:launcher:offsetLeft=0 offsetTop=0 moveImmediate=true [m
02-25 23:53:12.926 D/BasePlayActivity( 2323): onStop()
02-25 23:53:12.926 D/com.qiyi.video.player.QiyiVideoPlayer@2efb0110( 2323): onActivityEvent:ACTIVITY_STOP
02-25 23:53:12.926 D/PlayerController[2dc33b70]( 2323): stop(true) dump[767769456](mFirstStart=false, mTarget=2, mTargetPosition=-1, mFullscreenHintShown=false, mContinuePlaybackByUser=true, mPlayedAd=false, mPlayer=MoviePlayer@2cd8a018, player type=-1)
02-25 23:53:12.926 D/VideoProvider( 2323): stopLoad()
02-25 23:53:12.926 D/VideoLoader( 2323): cancelLoad() mFullLoading=true, mPreLoading=true
02-25 23:53:12.926 D/VideoProvider( 2323): releaseNextLoader() mNextLoader=null
02-25 23:53:12.926 D/Playlist( 2323): clearForReload()
02-25 23:53:12.927 D/MoviePlayer[2cd8a018]( 2323): stop() MoviePlayer[2cd8a018](mCurrentState=1, mTargetState=7, mNextVideoFilled=true, mSeekWhenInited=-1, mCurDefinition=-1, mSwitchingBitStream=false, mSwitchPlayerForDifBitStream=false, mSurfaceHolder=null, mPlayer=null, mVideo=VideoHolder@2cbe1f08{video=null, from=-1, to=-1}, mNextVideo=VideoHolder@2cbe1f20{video=null, from=-1, to=-1})
02-25 23:53:12.927 D/MoviePlayer[2cd8a018]( 2323): release() MoviePlayer[2cd8a018](mCurrentState=1, mTargetState=1, mNextVideoFilled=false, mSeekWhenInited=-1, mCurDefinition=-1, mSwitchingBitStream=false, mSwitchPlayerForDifBitStream=false, mSurfaceHolder=null, mPlayer=null, mVideo=VideoHolder@2cbe1f08{video=null, from=-1, to=-1}, mNextVideo=VideoHolder@2cbe1f20{video=null, from=-1, to=-1})
02-25 23:53:12.928 D/PlayerOverlay( 2323): hide()
02-25 23:53:12.928 I/AbsMenuPanel( 2323): hide
02-25 23:53:12.928 D/AbsMenuPanel( 2323): notifyVisibilityChange(false)
02-25 23:53:12.928 D/AbsPlayerOverlay( 2323): notifyMenuPanelVisibilityChange(false)
02-25 23:53:12.928 D/DispatcherCenter( 2323): onVisibilityChange(isVisible:false)
02-25 23:53:12.928 D/VideoProvider( 2323): getCurrent()
02-25 23:53:12.929 D/Playlist( 2323): getCurrent() return VideoHolder@2db3a868{episodeReady=false, historyReady=false, mListReady=false, mSourceStub=false, position=Position(albumIndex=-1, episodeIndex=-1), video=VideoItem@2cebc788{qpId=202509101, tvQid=349989700, vid=null, getType()=VIDEO, albumName=中国梦想秀之折纸狂人盼圆妻子羊驼之梦, tvName=, isSeries()=true, sourceCode=202509101, playOrder=1, getAlbumSubName()=中国梦想秀之折纸狂人盼圆妻子羊驼之梦, mIsVipAlbum=false, isPurchase()=false, isPreview=false, isExclusive()=false, isVertical=false, canDownload()=false, isDownload=0, tvPic=, issueTime=, playCount=, playLength=, tag=, cornerMark=CORNERMARK_NO, definition list=, default definition=null, channelId=6, channelName=, mIChannelId=null, startTime=0, endTime=0, headerTime=0, tailTime=0, tvCount=0, tvSets=0, playTime=-1, episodes=0, url=, m3u8Url = null, mRecommendationsFilled=false, mEndRecommendationsFilled=false, mVarietyName=null}}
02-25 23:53:12.931 D/PlayerController[2dc33b70]( 2323): MenuPanel.onVisibilityChange(false): video=VideoItem@2cebc788{qpId=202509101, tvQid=349989700, vid=null, getType()=VIDEO, albumName=中国梦想秀之折纸狂人盼圆妻子羊驼之梦, tvName=, isSeries()=true, sourceCode=202509101, playOrder=1, getAlbumSubName()=中国梦想秀之折纸狂人盼圆妻子羊驼之梦, mIsVipAlbum=false, isPurchase()=false, isPreview=false, isExclusive()=false, isVertical=false, canDownload()=false, isDownload=0, tvPic=, issueTime=, playCount=, playLength=, tag=, cornerMark=CORNERMARK_NO, definition list=, default definition=null, channelId=6, channelName=, mIChannelId=null, startTime=0, endTime=0, headerTime=0, tailTime=0, tvCount=0, tvSets=0, playTime=-1, episodes=0, url=, m3u8Url = null, mRecommendationsFilled=false, mEndRecommendationsFilled=false, mVarietyName=null}, sourceType=OUTSIDE, isPlaylistReady=false
02-25 23:53:12.931 D/MediaControllerContainer( 2323): hideHeader()
02-25 23:53:12.931 D/MediaControllerOverlay( 2323): hideHeader() mShowHeader=false
02-25 23:53:12.931 D/MediaControllerOverlay( 2323): doHide() com.qiyi.video.project.configs.huawei.layout.HuaweiMediaControllerOverlay{2cafa3b0 G.E..... ......I. 0,0-0,0}[mState=0, mShowHeader=false, mBuffering=false, mTipShown=false, mSeeking=false, mIsFullScreen=true]
02-25 23:53:12.931 D/MediaControllerOverlay( 2323): clearHideViewMessageQueue()
02-25 23:53:12.931 D/TimedSeekBar( 2323): stopTipMode() mIsTipMode=false
02-25 23:53:12.931 D/TimedSeekBar( 2323): hide()
02-25 23:53:12.931 D/MediaControllerOverlay( 2323): hideView() Views[Adtime,VideoName,Systime,Pause,Seekbar,]
02-25 23:53:12.931 D/MediaControllerOverlay( 2323): tip view id:2131100038
02-25 23:53:12.931 D/CountDownView( 2323): hide()
02-25 23:53:12.932 D/MediaControllerContainer( 2323): hide()
02-25 23:53:12.932 D/MediaControllerOverlay( 2323): hide() com.qiyi.video.project.configs.huawei.layout.HuaweiMediaControllerOverlay{2cafa3b0 G.E..... ......I. 0,0-0,0}[mState=0, mShowHeader=false, mBuffering=false, mTipShown=false, mSeeking=false, mIsFullScreen=true]
02-25 23:53:12.932 D/MediaControllerOverlay( 2323): doHide() com.qiyi.video.project.configs.huawei.layout.HuaweiMediaControllerOverlay{2cafa3b0 G.E..... ......I. 0,0-0,0}[mState=0, mShowHeader=false, mBuffering=false, mTipShown=false, mSeeking=false, mIsFullScreen=true]
02-25 23:53:12.932 D/MediaControllerOverlay( 2323): clearHideViewMessageQueue()
02-25 23:53:12.932 D/TimedSeekBar( 2323): stopTipMode() mIsTipMode=false
02-25 23:53:12.932 D/TimedSeekBar( 2323): hide()
02-25 23:53:12.932 D/MediaControllerOverlay( 2323): hideView() Views[Adtime,VideoName,Systime,Pause,Seekbar,]
02-25 23:53:12.932 D/MediaControllerOverlay( 2323): tip view id:2131100038
02-25 23:53:12.933 D/CountDownView( 2323): hide()
02-25 23:53:12.933 D/PlayerController[2dc33b70]( 2323): onActivityEvent(ACTIVITY_STOP)
02-25 23:53:12.933 D/PlayerOverlay( 2323): onActivityEvent: ACTIVITY_STOP
02-25 23:53:12.933 D/Player/Pingback/PingbackSender( 2323): >> onActivityEvent(event:ACTIVITY_STOP): now=23203108
02-25 23:53:12.934 D/DispatcherCenter( 2323): unregisterPlayer(MoviePlayer@2cd8a018, player type=-1) mPlayer=MoviePlayer@2cd8a018, player type=-1
02-25 23:53:12.934 D/AbsHybridPlayer[2cd8a018]( 2323): setOnBitStreamChangedListener(null)
02-25 23:53:12.934 D/AbsHybridPlayer[2cd8a018]( 2323): setOnBufferChangedListener(null)
02-25 23:53:12.934 D/AbsHybridPlayer[2cd8a018]( 2323): setOnInfoListener(null)
02-25 23:53:12.934 D/AbsHybridPlayer[2cd8a018]( 2323): setOnPlayNextListener(null)
02-25 23:53:12.934 D/AbsHybridPlayer[2cd8a018]( 2323): setOnSeekChangedListener(null)
02-25 23:53:12.934 D/AbsHybridPlayer[2cd8a018]( 2323): setOnStateChangedListener(null)
02-25 23:53:12.934 D/AbsHybridPlayer[2cd8a018]( 2323): setOnSubtitleUpdateListener(null)
02-25 23:53:12.934 D/AbsHybridPlayer[2cd8a018]( 2323): setOnVideoSizeChangedListener(null)
02-25 23:53:12.934 D/AbsHybridPlayer[2cd8a018]( 2323): setOnCacheUpdateListener(null)
02-25 23:53:12.934 D/AbsHybridPlayer[2cd8a018]( 2323): setOnPreprocessListener(null)
02-25 23:53:12.936 D/j       ( 2257): [0;32;31m[main][net.sunniwell.ui.d][a][-1]:launcher:immediate=true isChanged=false [m
02-25 23:53:12.937 D/j       ( 2257): [0;32;31m[main][com.huawei.mh2.launcher.j][a][-1]:launcher:changed=false [m
02-25 23:53:13.023 I/System.out( 2323): D/(TVApi:1/4, id=160): Remote ip address: 106.120.150.33
02-25 23:53:13.024 I/System.out( 2323): D/(TVApi:1/4, id=160): Get Request
02-25 23:53:13.134 I/System.out( 2323): D/(TVApi:1/4, id=160,专辑详情,t=5198ms): response is {"data":{"qpId":202509101,"name":"中国梦想秀第9季","type":0,"focus":"中国梦想秀第9季","tvFocus":"折纸狂人盼圆妻子羊驼之梦 单亲醒狮团定位人生","pic":"http://pic8.ptqy.gitv.tv/image/20150225/54/4c/v_108966887_m_601_m1.jpg","tvPic":"","score":"10.0","isSeries":1,"tag":"国语,内地,真人秀","exclusive":0,"sourceCode":"202509101","is3D":0,"tvsets":0,"order":0,"time":"20150225","tvCount":1,"stream":"600,300,jisu,1080p,720p","isPurchase":0,"tvQId":349989700,"vid":"256c33c045d36a7126ce1db2c37c0167","len":1445,"tvName":"折纸狂人盼圆妻子羊驼之梦 单亲醒狮团定位人生","chnId":6,"chnName":"综艺","initIssueTime":"2015-02-25 22:10:46","cast":{"composer":"","host":"周立波","dubber":"","maker":"","songWriter":"","producer":"","star":"余枫,刘雨欣","guest":"余枫,刘雨欣","mainActor":"周立波","actor":"余枫,刘雨欣","director":"","writer":""},"vidl":[{"vd":"720P","vid":"256c33c045d36a7126ce1db2c37c0167"},{"vd":"jisu","vid":"4ed18e53b9ac4bac048fe75a16849942"},{"vd":"600","vid":"560816fee0812e9d2c414f0a0e95bf70"},{"vd":"300","vid":"949ee728ae9cb1c711abd02a35d1a27e"},{"vd":"1080P","vid":"f546b6a3c5c4fd9cde04cc35c235e919"}],"pCount":"41499","desc":"中国梦想秀20150225，折纸人人都会，近年来纸模也越发流行，但是仅用一张纸就能够折出一个大千世界的人却并不常见。第九季《中国梦想秀》第一期的追梦人刘通就让观众们见识到了他的一纸乾坤。大象、犀牛、战马、穿山甲……如果不是亲眼见到，很难想象这些动物能够仅用一张正方形的纸在不剪不裁的情况下就被折出来，并且还都栩栩如生。追梦人刘通是一位折纸爱好者，理科出身的他，将折纸与数学运算相结合，运用数学原理运算，将一张纸进行了合理的分配，从而折出各种千变万化的实物。刘通的折纸作品在世界各地博物馆都有收藏，2015年在米兰举行的世博会上，他还被邀请作为特邀设计师。\r\n。","key":"中国梦想秀第9季","isDownload":1,"effective":1,"contentType":1},"code":"N000000","msg":""}
02-25 23:53:13.143 D/FetchAlbumInfoJob( 2323): onSuccess(com.qiyi.tvapi.tv2.result.ApiResultAlbum@2cc0f200)VideoItem@2cebc788{qpId=202509101, tvQid=349989700, vid=null, getType()=VIDEO, albumName=中国梦想秀之折纸狂人盼圆妻子羊驼之梦, tvName=, isSeries()=true, sourceCode=202509101, playOrder=1, getAlbumSubName()=中国梦想秀之折纸狂人盼圆妻子羊驼之梦, mIsVipAlbum=false, isPurchase()=false, isPreview=false, isExclusive()=false, isVertical=false, canDownload()=false, isDownload=0, tvPic=, issueTime=, playCount=, playLength=, tag=, cornerMark=CORNERMARK_NO, definition list=, default definition=null, channelId=6, channelName=, mIChannelId=null, startTime=0, endTime=0, headerTime=0, tailTime=0, tvCount=0, tvSets=0, playTime=-1, episodes=0, url=, m3u8Url = null, mRecommendationsFilled=false, mEndRecommendationsFilled=false, mVarietyName=null}
02-25 23:53:13.144 D/FetchAlbumInfoJob( 2323): onSuccess() fetch album=Album@2cc0f268{qpId=202509101, tvQid=349989700, vid=256c33c045d36a7126ce1db2c37c0167, getType()=VIDEO, albumName=中国梦想秀第9季, tvName=折纸狂人盼圆妻子羊驼之梦 单亲醒狮团定位人生, sourceCode=202509101, isPurchase()=false, isExclusive()=false, isSeries()=true, playOrder=0, tvPic=, issueTime=20150225, playCount=41499, playLength=1445, tvCount=1, tag=国语,内地,真人秀, cornerMark=CORNERMARK_1080P, is3D()=false, definition list=600,300,jisu,1080p,720p, chnId=6, chnName=综艺, startTime=0, endTime=0, playTime=-1, canDownload=true, bkt=, area=}
02-25 23:53:13.145 D/VideoItem@2cebc788( 2323): copyFrom: canUpdateTvName=true, nameUpdateable=true
02-25 23:53:13.145 W/Player/Utils( 2323): parse() error!
02-25 23:53:13.145 D/VideoItem@2cebc788( 2323): isTvSeries(): isSeries=true, sourceCode()=202509101, return=false
02-25 23:53:13.145 D/VideoItem@2cebc788( 2323): updatePictureUrl: isVertical=false, mPictureUrl=http://pic8.ptqy.gitv.tv/image/20150225/54/4c/v_108966887_m_601_m1.jpg
02-25 23:53:13.147 D/Job     ( 2323): notifyJobSuccess() Job(mState=1, mData=VideoItem@2cebc788{qpId=202509101, tvQid=349989700, vid=256c33c045d36a7126ce1db2c37c0167, getType()=VIDEO, albumName=中国梦想秀第9季, tvName=折纸狂人盼圆妻子羊驼之梦 单亲醒狮团定位人生, isSeries()=true, sourceCode=202509101, playOrder=1, getAlbumSubName()=中国梦想秀第9季, mIsVipAlbum=false, isPurchase()=false, isPreview=false, isExclusive()=false, isVertical=false, canDownload()=true, isDownload=1, tvPic=, issueTime=20150225, playCount=41499, playLength=1445, tag=国语,内地,真人秀, cornerMark=CORNERMARK_1080P, definition list=600,300,jisu,1080p,720p, default definition=256c33c045d36a7126ce1db2c37c0167, channelId=6, channelName=综艺, mIChannelId=null, startTime=0, endTime=0, headerTime=0, tailTime=0, tvCount=1, tvSets=0, playTime=-1, episodes=0, url=, m3u8Url = null, mRecommendationsFilled=false, mEndRecommendationsFilled=false, mVarietyName=null}, mError=null)[com.qiyi.video.player.data.job.FetchAlbumInfoJob@2cb2b188]
