--------- beginning of /dev/log/main
02-25 23:52:58.663 E/VPP_DLNA_LOG( 2814): [VPPDLNA]:SSDP recvd bad msg code = 1
02-25 23:52:58.665 E/VPP_DLNA_LOG( 2814): [VPPDLNA]:SSDP recvd bad msg code = 1
02-25 23:52:58.667 E/VPP_DLNA_LOG( 2814): [VPPDLNA]:SSDP recvd bad msg code = 1
02-25 23:52:58.706 E/VPP_DLNA_LOG( 2814): [VPPDLNA]:SSDP recvd bad msg code = 1
02-25 23:52:58.708 E/VPP_DLNA_LOG( 2814): [VPPDLNA]:SSDP recvd bad msg code = 1
02-25 23:52:58.710 E/VPP_DLNA_LOG( 2814): [VPPDLNA]:SSDP recvd bad msg code = 1
02-25 23:52:58.872 D/Player/PlayerView/LoadingView( 2323): update speed: bitsPerSec=0
02-25 23:52:59.027 E/VPP_DLNA_LOG( 2814): [VPPDLNA]:SSDP recvd bad msg code = 1
02-25 23:52:59.029 E/VPP_DLNA_LOG( 2814): [VPPDLNA]:SSDP recvd bad msg code = 1
02-25 23:52:59.030 E/VPP_DLNA_LOG( 2814): [VPPDLNA]:SSDP recvd bad msg code = 1
02-25 23:52:59.096 E/VPP_DLNA_LOG( 2814): [VPPDLNA]:SSDP recvd bad msg code = 1
02-25 23:52:59.097 E/VPP_DLNA_LOG( 2814): [VPPDLNA]:SSDP recvd bad msg code = 1
02-25 23:52:59.099 E/VPP_DLNA_LOG( 2814): [VPPDLNA]:SSDP recvd bad msg code = 1
02-25 23:52:59.814 D/AndroidRuntime(14440): 
02-25 23:52:59.814 D/AndroidRuntime(14440): >>>>>> AndroidRuntime START com.android.internal.os.RuntimeInit <<<<<<
02-25 23:52:59.816 D/AndroidRuntime(14440): CheckJNI is OFF
02-25 23:52:59.824 I/dalvikvm(14440): DexOpt: mismatch dep signature for '/system/framework/android.policy.odex'
02-25 23:52:59.824 E/dalvikvm(14440): /system/framework/services.jar odex has stale dependencies
02-25 23:52:59.825 I/dalvikvm(14440): DexOpt: mismatch dep name: '/data/dalvik-cache/system@framework@services.jar@classes.dex' vs. '/system/framework/services.odex'
02-25 23:52:59.825 E/dalvikvm(14440): /system/framework/apache-xml.jar odex has stale dependencies
02-25 23:52:59.829 I/dalvikvm(14440): DexOpt: mismatch dep name: '/data/dalvik-cache/system@framework@services.jar@classes.dex' vs. '/system/framework/services.odex'
02-25 23:52:59.829 E/dalvikvm(14440): /system/framework/webviewchromium.jar odex has stale dependencies
02-25 23:52:59.836 D/dalvikvm(14440): Trying to load lib libjavacore.so 0x0
02-25 23:52:59.840 D/dalvikvm(14440): Added shared lib libjavacore.so 0x0
02-25 23:52:59.845 D/dalvikvm(14440): Trying to load lib libnativehelper.so 0x0
02-25 23:52:59.845 D/dalvikvm(14440): Added shared lib libnativehelper.so 0x0
02-25 23:52:59.845 D/dalvikvm(14440): No JNI_OnLoad found in libnativehelper.so 0x0, skipping init
02-25 23:52:59.863 I/dalvikvm(14440): DexOpt: mismatch dep name: '/data/dalvik-cache/system@framework@services.jar@classes.dex' vs. '/system/framework/services.odex'
02-25 23:52:59.863 E/dalvikvm(14440): /system/framework/input.jar odex has stale dependencies
02-25 23:52:59.867 E/cutils-trace(14440): Error opening trace file: No such file or directory (2)
02-25 23:52:59.872 D/Player/PlayerView/LoadingView( 2323): update speed: bitsPerSec=0
02-25 23:52:59.888 D/dalvikvm(14440): Note: class Landroid/app/ActivityManagerNative; has 179 unimplemented (abstract) methods
02-25 23:53:00.013 D/v       ( 2257): [0;32;31m[main][net.sunniwell.ui.controls.TimeIcon][a][-1]:launcher:source=11:53PM [m
02-25 23:53:00.014 D/MediaControllerOverlay( 2323): isShown(2131100035)
02-25 23:53:00.014 D/MediaControllerOverlay( 2323): mTimeReceiver.onReceive() system time shown false
02-25 23:53:00.014 D/MediaControllerOverlay( 2323): checkSysTime()
02-25 23:53:00.033 D/j       ( 2257): [0;32;31m[main][net.sunniwell.ui.g][a][-1]:launcher:anchorView=com.huawei.mh2.launcher.a.n{2c944210 VFE...C. .F...... 0,0-120,57 #7f0a0006 app:id/menu_title_home} [m
02-25 23:53:00.088 E/memtrack(14440): Couldn't load memtrack module (No such file or directory)
02-25 23:53:00.088 E/android.os.Debug(14440): failed to load memtrack module: -2
02-25 23:53:00.090 I/EthernetJNI(14440): Loading ethernet jni class
02-25 23:53:00.112 D/j       ( 2257): [0;32;31m[main][net.sunniwell.ui.g][b][-1]:launcher:offsetWidth=0 offsetHeight=0 resizeImmediate=false [m
02-25 23:53:00.113 D/j       ( 2257): [0;32;31m[main][net.sunniwell.ui.g][a][-1]:launcher:offsetLeft=0 offsetTop=0 moveImmediate=false [m
02-25 23:53:00.114 D/j       ( 2257): [0;32;31m[main][net.sunniwell.ui.d][a][-1]:launcher:immediate=false isChanged=false [m
02-25 23:53:00.115 D/j       ( 2257): [0;32;31m[main][com.huawei.mh2.launcher.j][a][-1]:launcher:changed=false [m
02-25 23:53:00.161 D/AndroidRuntime(14440): Calling main entry com.android.commands.input.Input
02-25 23:53:00.163 I/Input   (14440): injectKeyEvent: KeyEvent { action=ACTION_DOWN, keyCode=KEYCODE_DPAD_DOWN, scanCode=0, metaState=0, flags=0x0, repeatCount=0, eventTime=23190337, downTime=23190337, deviceId=-1, source=0x101 }
02-25 23:53:00.167 D/WindowManager( 1948): keyCode =20
02-25 23:53:00.167 D/WindowManager( 1948): isLockedAllKeys =0
02-25 23:53:00.168 D/WindowManager( 1948): isHandleHomeKey = 1
02-25 23:53:00.168 D/WindowManager( 1948): isHandlePowerKey ==1
02-25 23:53:00.168 D/WindowManager( 1948): isHandleSettingKey=1
02-25 23:53:00.168 D/WindowManager( 1948): handleSystemKey==1
02-25 23:53:00.169 D/WindowManager( 1948): send broadcast key press down
--------- beginning of /dev/log/system
02-25 23:53:00.169 W/ContextImpl( 1948): Calling a method in the system process without a qualified user: android.app.ContextImpl.sendBroadcast:1168 com.android.internal.policy.impl.PhoneWindowManager.interceptKeyBeforeQueueing:4109 com.android.server.wm.InputMonitor.interceptKeyBeforeQueueing:357 com.android.server.input.InputManagerService.interceptKeyBeforeQueueing:1352 com.android.server.input.InputManagerService.nativeInjectInputEvent:-2 
02-25 23:53:00.172 D/MainActivity( 2257): [0;32;31m[main][com.huawei.mh2.launcher.MainActivity][dispatchKeyEvent][-1]:launcher:keycode=20 [m
02-25 23:53:00.174 D/j       ( 2257): [0;32;31m[main][com.huawei.mh2.launcher.l][onGlobalFocusChanged][-1]:launcher:newFocus=com.huawei.mh2.launcher.a.s{2d4a63e8 VFE..... .FS..... 840,75-1181,544} [m
02-25 23:53:00.174 I/Input   (14440): injectKeyEvent: KeyEvent { action=ACTION_UP, keyCode=KEYCODE_DPAD_DOWN, scanCode=0, metaState=0, flags=0x0, repeatCount=0, eventTime=23190337, downTime=23190337, deviceId=-1, source=0x101 }
02-25 23:53:00.175 D/WindowManager( 1948): keyCode =20
02-25 23:53:00.175 D/WindowManager( 1948): isLockedAllKeys =0
02-25 23:53:00.175 D/WindowManager( 1948): isHandleHomeKey = 1
02-25 23:53:00.175 D/WindowManager( 1948): isHandlePowerKey ==1
02-25 23:53:00.175 D/WindowManager( 1948): isHandleSettingKey=1
02-25 23:53:00.175 D/WindowManager( 1948): handleSystemKey==1
02-25 23:53:00.175 D/j       ( 2257): [0;32;31m[main][net.sunniwell.ui.e][onGlobalFocusChanged][-1]:launcher:smoothMove [m
02-25 23:53:00.176 D/AudioPolicyManagerBase( 1406): startOutput() output 2, stream 1, session 272
02-25 23:53:00.176 D/AudioPolicyManagerBase( 1406): startoutput ->setOutputDevice
02-25 23:53:00.176 D/AudioPolicyManagerBase( 1406): AudioPolicyManagerBase::checkAndSetVolume 13,0.377113
02-25 23:53:00.177 D/ImageLoader( 2257): Load image from memory cache [http://pic3.ptqy.gitv.tv/image/20150215/41/2c/a_100010524_m_601_260_360.jpg_333x461]
02-25 23:53:00.178 D/j       ( 2257): [0;32;31m[main][net.sunniwell.ui.g][a][-1]:launcher:anchorView=com.huawei.mh2.launcher.a.s{2d4a63e8 VFE..... .FS..... 840,75-1181,544} [m
02-25 23:53:00.179 D/PosterPage( 2257): [0;32;31m[main][com.huawei.mh2.launcher.page.o][onFocusChange][-1]:launcher:hasFocus=true [m
02-25 23:53:00.181 D/p       ( 2257): [0;32;31m[main][com.huawei.mh2.launcher.p][getView][-1]:launcher:position=12 convertView=null [m
02-25 23:53:00.203 D/j       ( 2257): [0;32;31m[main][net.sunniwell.ui.g][b][-1]:launcher:offsetWidth=146 offsetHeight=278 resizeImmediate=false [m
02-25 23:53:00.204 D/j       ( 2257): [0;32;31m[main][net.sunniwell.ui.g][a][-1]:launcher:offsetLeft=317 offsetTop=124 moveImmediate=false [m
02-25 23:53:00.205 D/j       ( 2257): [0;32;31m[main][net.sunniwell.ui.d][a][-1]:launcher:immediate=false isChanged=true [m
02-25 23:53:00.207 D/j       ( 2257): [0;32;31m[main][com.huawei.mh2.launcher.j][a][-1]:launcher:changed=true [m
02-25 23:53:00.221 D/AndroidRuntime(14440): Shutting down VM
02-25 23:53:00.222 D/MainActivity( 2257): [0;32;31m[main][com.huawei.mh2.launcher.MainActivity][dispatchKeyEvent][-1]:launcher:keycode=20 [m
02-25 23:53:00.224 D/j       ( 2257): [0;32;31m[main][net.sunniwell.ui.g][b][-1]:launcher:offsetWidth=51 offsetHeight=97 resizeImmediate=false [m
02-25 23:53:00.225 D/j       ( 2257): [0;32;31m[main][net.sunniwell.ui.g][a][-1]:launcher:offsetLeft=111 offsetTop=44 moveImmediate=false [m
02-25 23:53:00.226 D/j       ( 2257): [0;32;31m[main][net.sunniwell.ui.d][a][-1]:launcher:immediate=false isChanged=true [m
02-25 23:53:00.227 D/dalvikvm(14440): GC_CONCURRENT freed 98K, 16% free 566K/668K, paused 0ms+0ms, total 4ms
02-25 23:53:00.227 D/j       ( 2257): [0;32;31m[main][com.huawei.mh2.launcher.j][a][-1]:launcher:changed=true [m
02-25 23:53:00.233 D/j       ( 2257): [0;32;31m[main][net.sunniwell.ui.g][b][-1]:launcher:offsetWidth=18 offsetHeight=34 resizeImmediate=false [m
02-25 23:53:00.234 D/j       ( 2257): [0;32;31m[main][net.sunniwell.ui.g][a][-1]:launcher:offsetLeft=39 offsetTop=15 moveImmediate=false [m
02-25 23:53:00.234 D/j       ( 2257): [0;32;31m[main][net.sunniwell.ui.d][a][-1]:launcher:immediate=false isChanged=true [m
02-25 23:53:00.235 D/j       ( 2257): [0;32;31m[main][com.huawei.mh2.launcher.j][a][-1]:launcher:changed=true [m
02-25 23:53:00.263 D/j       ( 2257): [0;32;31m[main][net.sunniwell.ui.g][b][-1]:launcher:offsetWidth=6 offsetHeight=12 resizeImmediate=false [m
02-25 23:53:00.265 D/j       ( 2257): [0;32;31m[main][net.sunniwell.ui.g][a][-1]:launcher:offsetLeft=13 offsetTop=5 moveImmediate=false [m
02-25 23:53:00.266 D/j       ( 2257): [0;32;31m[main][net.sunniwell.ui.d][a][-1]:launcher:immediate=false isChanged=true [m
02-25 23:53:00.267 D/j       ( 2257): [0;32;31m[main][com.huawei.mh2.launcher.j][a][-1]:launcher:changed=true [m
02-25 23:53:00.289 D/j       ( 2257): [0;32;31m[main][net.sunniwell.ui.g][b][-1]:launcher:offsetWidth=4 offsetHeight=7 resizeImmediate=false [m
02-25 23:53:00.290 D/j       ( 2257): [0;32;31m[main][net.sunniwell.ui.g][a][-1]:launcher:offsetLeft=-1 offsetTop=-8 moveImmediate=false [m
02-25 23:53:00.291 D/j       ( 2257): [0;32;31m[main][net.sunniwell.ui.d][a][-1]:launcher:immediate=false isChanged=true [m
02-25 23:53:00.292 D/j       ( 2257): [0;32;31m[main][com.huawei.mh2.launcher.j][a][-1]:launcher:changed=true [m
02-25 23:53:00.313 D/j       ( 2257): [0;32;31m[main][net.sunniwell.ui.g][b][-1]:launcher:offsetWidth=0 offsetHeight=0 resizeImmediate=false [m
02-25 23:53:00.314 D/j       ( 2257): [0;32;31m[main][net.sunniwell.ui.g][a][-1]:launcher:offsetLeft=0 offsetTop=-4 moveImmediate=false [m
02-25 23:53:00.315 D/j       ( 2257): [0;32;31m[main][net.sunniwell.ui.d][a][-1]:launcher:immediate=false isChanged=true [m
02-25 23:53:00.316 D/j       ( 2257): [0;32;31m[main][com.huawei.mh2.launcher.j][a][-1]:launcher:changed=true [m
02-25 23:53:00.334 D/j       ( 2257): [0;32;31m[main][net.sunniwell.ui.g][b][-1]:launcher:offsetWidth=0 offsetHeight=0 resizeImmediate=false [m
02-25 23:53:00.335 D/j       ( 2257): [0;32;31m[main][net.sunniwell.ui.g][a][-1]:launcher:offsetLeft=0 offsetTop=0 moveImmediate=false [m
02-25 23:53:00.336 D/j       ( 2257): [0;32;31m[main][net.sunniwell.ui.d][a][-1]:launcher:immediate=false isChanged=false [m
02-25 23:53:00.338 D/j       ( 2257): [0;32;31m[main][com.huawei.mh2.launcher.j][a][-1]:launcher:changed=false [m
02-25 23:53:00.872 D/Player/PlayerView/LoadingView( 2323): update speed: bitsPerSec=0
02-25 23:53:01.009 D/ImageLoader( 2257): Load image from memory cache [http://pic3.ptqy.gitv.tv/image/20150215/41/2c/a_100010524_m_601_260_360.jpg_333x461]
02-25 23:53:01.011 D/p       ( 2257): [0;32;31m[main][com.huawei.mh2.launcher.p][getView][-1]:launcher:position=12 convertView=null [m
02-25 23:53:01.029 D/j       ( 2257): [0;32;31m[main][net.sunniwell.ui.g][a][-1]:launcher:anchorView=com.huawei.mh2.launcher.a.s{2d4a63e8 VFE..... .FS...ID 840,75-1181,544} [m
02-25 23:53:01.108 D/j       ( 2257): [0;32;31m[main][net.sunniwell.ui.g][b][-1]:launcher:offsetWidth=0 offsetHeight=0 resizeImmediate=false [m
02-25 23:53:01.109 D/j       ( 2257): [0;32;31m[main][net.sunniwell.ui.g][a][-1]:launcher:offsetLeft=0 offsetTop=0 moveImmediate=false [m
02-25 23:53:01.110 D/j       ( 2257): [0;32;31m[main][net.sunniwell.ui.d][a][-1]:launcher:immediate=false isChanged=false [m
02-25 23:53:01.112 D/j       ( 2257): [0;32;31m[main][com.huawei.mh2.launcher.j][a][-1]:launcher:changed=false [m
02-25 23:53:01.183 D/ConnectivityService( 1948): Sampling interval elapsed, updating statistics ..
02-25 23:53:01.185 D/ConnectivityService( 1948): Done.
02-25 23:53:01.185 D/ConnectivityService( 1948): Setting timer for 30seconds
02-25 23:53:01.872 D/Player/PlayerView/LoadingView( 2323): update speed: bitsPerSec=0
02-25 23:53:01.947 D/AndroidRuntime(14454): 
02-25 23:53:01.947 D/AndroidRuntime(14454): >>>>>> AndroidRuntime START com.android.internal.os.RuntimeInit <<<<<<
02-25 23:53:01.950 D/AndroidRuntime(14454): CheckJNI is OFF
02-25 23:53:01.960 I/dalvikvm(14454): DexOpt: mismatch dep signature for '/system/framework/android.policy.odex'
02-25 23:53:01.960 E/dalvikvm(14454): /system/framework/services.jar odex has stale dependencies
02-25 23:53:01.961 I/dalvikvm(14454): DexOpt: mismatch dep name: '/data/dalvik-cache/system@framework@services.jar@classes.dex' vs. '/system/framework/services.odex'
02-25 23:53:01.961 E/dalvikvm(14454): /system/framework/apache-xml.jar odex has stale dependencies
02-25 23:53:01.963 I/dalvikvm(14454): DexOpt: mismatch dep name: '/data/dalvik-cache/system@framework@services.jar@classes.dex' vs. '/system/framework/services.odex'
02-25 23:53:01.963 E/dalvikvm(14454): /system/framework/webviewchromium.jar odex has stale dependencies
02-25 23:53:01.971 D/dalvikvm(14454): Trying to load lib libjavacore.so 0x0
02-25 23:53:01.974 D/dalvikvm(14454): Added shared lib libjavacore.so 0x0
02-25 23:53:01.981 D/dalvikvm(14454): Trying to load lib libnativehelper.so 0x0
02-25 23:53:01.981 D/dalvikvm(14454): Added shared lib libnativehelper.so 0x0
02-25 23:53:01.981 D/dalvikvm(14454): No JNI_OnLoad found in libnativehelper.so 0x0, skipping init
02-25 23:53:02.000 I/dalvikvm(14454): DexOpt: mismatch dep name: '/data/dalvik-cache/system@framework@services.jar@classes.dex' vs. '/system/framework/services.odex'
02-25 23:53:02.000 E/dalvikvm(14454): /system/framework/input.jar odex has stale dependencies
02-25 23:53:02.004 E/cutils-trace(14454): Error opening trace file: No such file or directory (2)
02-25 23:53:02.025 D/dalvikvm(14454): Note: class Landroid/app/ActivityManagerNative; has 179 unimplemented (abstract) methods
02-25 23:53:02.256 E/memtrack(14454): Couldn't load memtrack module (No such file or directory)
02-25 23:53:02.256 E/android.os.Debug(14454): failed to load memtrack module: -2
02-25 23:53:02.260 I/EthernetJNI(14454): Loading ethernet jni class
02-25 23:53:02.352 D/AndroidRuntime(14454): Calling main entry com.android.commands.input.Input
02-25 23:53:02.353 I/Input   (14454): injectKeyEvent: KeyEvent { action=ACTION_DOWN, keyCode=KEYCODE_DPAD_UP, scanCode=0, metaState=0, flags=0x0, repeatCount=0, eventTime=23192528, downTime=23192528, deviceId=-1, source=0x101 }
02-25 23:53:02.359 D/WindowManager( 1948): keyCode =19
02-25 23:53:02.359 D/WindowManager( 1948): isLockedAllKeys =0
02-25 23:53:02.360 D/WindowManager( 1948): isHandleHomeKey = 1
02-25 23:53:02.360 D/WindowManager( 1948): isHandlePowerKey ==1
02-25 23:53:02.360 D/WindowManager( 1948): isHandleSettingKey=1
02-25 23:53:02.360 D/WindowManager( 1948): handleSystemKey==1
02-25 23:53:02.361 D/WindowManager( 1948): send broadcast key press down
02-25 23:53:02.361 W/ContextImpl( 1948): Calling a method in the system process without a qualified user: android.app.ContextImpl.sendBroadcast:1168 com.android.internal.policy.impl.PhoneWindowManager.interceptKeyBeforeQueueing:4109 com.android.server.wm.InputMonitor.interceptKeyBeforeQueueing:357 com.android.server.input.InputManagerService.interceptKeyBeforeQueueing:1352 com.android.server.input.InputManagerService.nativeInjectInputEvent:-2 
02-25 23:53:02.364 V/VPP_DLNA_LOG( 2814): [VPPDLNA][WorkerThread][:592]-:Signal registraion Success 
02-25 23:53:02.364 V/VPP_DLNA_LOG( 2814): [VPPDLNA][CreateWorker][:849]-:Adding threadId=1277083000& threadIdQ size =3 
02-25 23:53:02.367 V/VPP_DLNA_LOG( 2814): [VPPDLNA][WorkerThread][:592]-:Signal registraion Success 
02-25 23:53:02.367 V/VPP_DLNA_LOG( 2814): [VPPDLNA][CreateWorker][:849]-:Adding threadId=1271666264& threadIdQ size =4 
02-25 23:53:02.370 D/MainActivity( 2257): [0;32;31m[main][com.huawei.mh2.launcher.MainActivity][dispatchKeyEvent][-1]:launcher:keycode=19 [m
02-25 23:53:02.373 D/PosterPage( 2257): [0;32;31m[main][com.huawei.mh2.launcher.page.o][onFocusChange][-1]:launcher:hasFocus=false [m
02-25 23:53:02.375 I/Input   (14454): injectKeyEvent: KeyEvent { action=ACTION_UP, keyCode=KEYCODE_DPAD_UP, scanCode=0, metaState=0, flags=0x0, repeatCount=0, eventTime=23192528, downTime=23192528, deviceId=-1, source=0x101 }
02-25 23:53:02.375 D/j       ( 2257): [0;32;31m[main][com.huawei.mh2.launcher.l][onGlobalFocusChanged][-1]:launcher:newFocus=com.huawei.mh2.launcher.a.n{2c944210 VFE...C. .FS..... 0,0-120,57 #7f0a0006 app:id/menu_title_home} [m
02-25 23:53:02.376 D/WindowManager( 1948): keyCode =19
02-25 23:53:02.376 D/WindowManager( 1948): isLockedAllKeys =0
02-25 23:53:02.376 D/WindowManager( 1948): isHandleHomeKey = 1
02-25 23:53:02.376 D/WindowManager( 1948): isHandlePowerKey ==1
02-25 23:53:02.376 D/WindowManager( 1948): isHandleSettingKey=1
02-25 23:53:02.376 D/WindowManager( 1948): handleSystemKey==1
02-25 23:53:02.377 D/AudioPolicyManagerBase( 1406): startOutput() output 2, stream 1, session 273
02-25 23:53:02.377 D/ImageLoader( 2257): Load image from memory cache [http://pic3.ptqy.gitv.tv/image/20150215/41/2c/a_100010524_m_601_260_360.jpg_333x461]
02-25 23:53:02.377 D/AudioPolicyManagerBase( 1406): startoutput ->setOutputDevice
02-25 23:53:02.377 D/AudioPolicyManagerBase( 1406): AudioPolicyManagerBase::checkAndSetVolume 13,0.377113
02-25 23:53:02.377 D/j       ( 2257): [0;32;31m[main][net.sunniwell.ui.e][onGlobalFocusChanged][-1]:launcher:smoothMove [m
02-25 23:53:02.379 D/j       ( 2257): [0;32;31m[main][net.sunniwell.ui.g][a][-1]:launcher:anchorView=com.huawei.mh2.launcher.a.n{2c944210 VFE...C. .FS..... 0,0-120,57 #7f0a0006 app:id/menu_title_home} [m
02-25 23:53:02.381 D/FrameworkPage( 2257): [0;32;31m[main][com.huawei.mh2.launcher.page.FrameworkPage][onFocusChange][-1]:launcher:v=com.huawei.mh2.launcher.a.n{2c944210 VFE...C. .FS...ID 0,0-120,57 #7f0a0006 app:id/menu_title_home} [m
02-25 23:53:02.383 D/p       ( 2257): [0;32;31m[main][com.huawei.mh2.launcher.p][getView][-1]:launcher:position=12 convertView=null [m
02-25 23:53:02.397 D/AndroidRuntime(14454): Shutting down VM
02-25 23:53:02.398 D/MainActivity( 2257): [0;32;31m[main][com.huawei.mh2.launcher.MainActivity][dispatchKeyEvent][-1]:launcher:keycode=19 [m
02-25 23:53:02.401 D/j       ( 2257): [0;32;31m[main][net.sunniwell.ui.g][b][-1]:launcher:offsetWidth=-147 offsetHeight=-279 resizeImmediate=false [m
02-25 23:53:02.402 D/dalvikvm(14454): GC_CONCURRENT freed 98K, 16% free 566K/668K, paused 1ms+1ms, total 4ms
02-25 23:53:02.403 D/j       ( 2257): [0;32;31m[main][net.sunniwell.ui.g][a][-1]:launcher:offsetLeft=-312 offsetTop=-115 moveImmediate=false [m
02-25 23:53:02.405 D/j       ( 2257): [0;32;31m[main][net.sunniwell.ui.d][a][-1]:launcher:immediate=false isChanged=true [m
02-25 23:53:02.407 D/j       ( 2257): [0;32;31m[main][com.huawei.mh2.launcher.j][a][-1]:launcher:changed=true [m
02-25 23:53:02.414 D/j       ( 2257): [0;32;31m[main][net.sunniwell.ui.g][b][-1]:launcher:offsetWidth=-51 offsetHeight=-97 resizeImmediate=false [m
02-25 23:53:02.415 D/j       ( 2257): [0;32;31m[main][net.sunniwell.ui.g][a][-1]:launcher:offsetLeft=-109 offsetTop=-40 moveImmediate=false [m
02-25 23:53:02.418 D/j       ( 2257): [0;32;31m[main][net.sunniwell.ui.d][a][-1]:launcher:immediate=false isChanged=true [m
02-25 23:53:02.420 D/j       ( 2257): [0;32;31m[main][com.huawei.mh2.launcher.j][a][-1]:launcher:changed=true [m
02-25 23:53:02.434 D/j       ( 2257): [0;32;31m[main][net.sunniwell.ui.g][b][-1]:launcher:offsetWidth=-18 offsetHeight=-34 resizeImmediate=false [m
02-25 23:53:02.435 D/j       ( 2257): [0;32;31m[main][net.sunniwell.ui.g][a][-1]:launcher:offsetLeft=-38 offsetTop=-14 moveImmediate=false [m
02-25 23:53:02.436 D/j       ( 2257): [0;32;31m[main][net.sunniwell.ui.d][a][-1]:launcher:immediate=false isChanged=true [m
02-25 23:53:02.438 D/j       ( 2257): [0;32;31m[main][com.huawei.mh2.launcher.j][a][-1]:launcher:changed=true [m
02-25 23:53:02.446 D/j       ( 2257): [0;32;31m[main][net.sunniwell.ui.g][b][-1]:launcher:offsetWidth=-6 offsetHeight=-12 resizeImmediate=false [m
02-25 23:53:02.447 D/j       ( 2257): [0;32;31m[main][net.sunniwell.ui.g][a][-1]:launcher:offsetLeft=-13 offsetTop=-7 moveImmediate=false [m
02-25 23:53:02.449 D/j       ( 2257): [0;32;31m[main][net.sunniwell.ui.d][a][-1]:launcher:immediate=false isChanged=true [m
02-25 23:53:02.450 D/j       ( 2257): [0;32;31m[main][com.huawei.mh2.launcher.j][a][-1]:launcher:changed=true [m
02-25 23:53:02.468 D/j       ( 2257): [0;32;31m[main][net.sunniwell.ui.g][b][-1]:launcher:offsetWidth=-3 offsetHeight=-6 resizeImmediate=false [m
02-25 23:53:02.470 D/j       ( 2257): [0;32;31m[main][net.sunniwell.ui.g][a][-1]:launcher:offsetLeft=-7 offsetTop=0 moveImmediate=false [m
02-25 23:53:02.471 D/j       ( 2257): [0;32;31m[main][net.sunniwell.ui.d][a][-1]:launcher:immediate=false isChanged=true [m
02-25 23:53:02.472 D/j       ( 2257): [0;32;31m[main][com.huawei.mh2.launcher.j][a][-1]:launcher:changed=true [m
02-25 23:53:02.486 D/j       ( 2257): [0;32;31m[main][net.sunniwell.ui.g][b][-1]:launcher:offsetWidth=0 offsetHeight=0 resizeImmediate=false [m
02-25 23:53:02.490 D/j       ( 2257): [0;32;31m[main][net.sunniwell.ui.g][a][-1]:launcher:offsetLeft=0 offsetTop=0 moveImmediate=false [m
02-25 23:53:02.491 D/j       ( 2257): [0;32;31m[main][net.sunniwell.ui.d][a][-1]:launcher:immediate=false isChanged=false [m
02-25 23:53:02.492 D/j       ( 2257): [0;32;31m[main][com.huawei.mh2.launcher.j][a][-1]:launcher:changed=false [m
02-25 23:53:02.532 E/VPP_DLNA_LOG( 2814): [VPPDLNA][DlnaDmcProcessPeerDevice][:3615]Entering Callback -  pFnDlnaDmpDeviceUpIndParams :DeviceId :27, FriendlyName :MyBox_d4f7ac(10.10.5.175), DeviceType : 1 
02-25 23:53:02.532 W/DLNA_JNI( 2814): Enter JNI  DlnaDmpDeviceUpInd*************
02-25 23:53:02.556 W/DLNA_JNI( 2814): leave JNI  DlnaDmpDeviceUpInd
02-25 23:53:02.558 D/MediaCenterApplication( 2828): [ MediaCenterApplication.java: 259]onDeviceChangeEvent devList = [com.huawei.android.airsharing.api.HwServer@2c92d658, com.huawei.android.airsharing.api.HwServer@2c92d788, com.huawei.android.airsharing.api.HwServer@2c92d8b8, com.huawei.android.airsharing.api.HwServer@2c92d9e8, com.huawei.android.airsharing.api.HwServer@2c926e08, com.huawei.android.airsharing.api.HwServer@2c926f38, com.huawei.android.airsharing.api.HwServer@2c927090]
02-25 23:53:02.559 E/MediaCenterApplication( 2828): [ MediaCenterApplication.java: 270]mOnDlnaChangeListenerList  size is 0, NO need to notify  DeviceChangeEvent!!!
02-25 23:53:02.793 V/VPP_DLNA_LOG( 2814): [VPPDLNA][WorkerThread][:592]-:Signal registraion Success 
02-25 23:53:02.793 V/VPP_DLNA_LOG( 2814): [VPPDLNA][CreateWorker][:849]-:Adding threadId=1284533192& threadIdQ size =3 
02-25 23:53:02.796 E/VPP_DLNA_LOG( 2814): [VPPDLNA][DlnaDmcProcessLastChangeResult][1276]: Channel cannot be mapped to Valid Channel types.
02-25 23:53:02.872 D/Player/PlayerView/LoadingView( 2323): update speed: bitsPerSec=0
02-25 23:53:03.466 V/VPP_DLNA_LOG( 2814): [VPPDLNA][WorkerThread][:592]-:Signal registraion Success 
02-25 23:53:03.466 V/VPP_DLNA_LOG( 2814): [VPPDLNA][CreateWorker][:849]-:Adding threadId=1284634016& threadIdQ size =5 
02-25 23:53:03.872 D/Player/PlayerView/LoadingView( 2323): update speed: bitsPerSec=0
02-25 23:53:04.085 D/AndroidRuntime(14470): 
02-25 23:53:04.085 D/AndroidRuntime(14470): >>>>>> AndroidRuntime START com.android.internal.os.RuntimeInit <<<<<<
02-25 23:53:04.087 D/AndroidRuntime(14470): CheckJNI is OFF
02-25 23:53:04.096 I/dalvikvm(14470): DexOpt: mismatch dep signature for '/system/framework/android.policy.odex'
02-25 23:53:04.096 E/dalvikvm(14470): /system/framework/services.jar odex has stale dependencies
02-25 23:53:04.097 I/dalvikvm(14470): DexOpt: mismatch dep name: '/data/dalvik-cache/system@framework@services.jar@classes.dex' vs. '/system/framework/services.odex'
02-25 23:53:04.097 E/dalvikvm(14470): /system/framework/apache-xml.jar odex has stale dependencies
02-25 23:53:04.098 I/dalvikvm(14470): DexOpt: mismatch dep name: '/data/dalvik-cache/system@framework@services.jar@classes.dex' vs. '/system/framework/services.odex'
02-25 23:53:04.098 E/dalvikvm(14470): /system/framework/webviewchromium.jar odex has stale dependencies
02-25 23:53:04.105 D/dalvikvm(14470): Trying to load lib libjavacore.so 0x0
02-25 23:53:04.109 D/dalvikvm(14470): Added shared lib libjavacore.so 0x0
02-25 23:53:04.114 D/dalvikvm(14470): Trying to load lib libnativehelper.so 0x0
02-25 23:53:04.114 D/dalvikvm(14470): Added shared lib libnativehelper.so 0x0
02-25 23:53:04.114 D/dalvikvm(14470): No JNI_OnLoad found in libnativehelper.so 0x0, skipping init
02-25 23:53:04.134 I/dalvikvm(14470): DexOpt: mismatch dep name: '/data/dalvik-cache/system@framework@services.jar@classes.dex' vs. '/system/framework/services.odex'
02-25 23:53:04.134 E/dalvikvm(14470): /system/framework/input.jar odex has stale dependencies
02-25 23:53:04.137 E/cutils-trace(14470): Error opening trace file: No such file or directory (2)
02-25 23:53:04.158 D/dalvikvm(14470): Note: class Landroid/app/ActivityManagerNative; has 179 unimplemented (abstract) methods
02-25 23:53:04.244 I/HiRMService( 2269):  ***** changeStats = 0
02-25 23:53:04.358 E/memtrack(14470): Couldn't load memtrack module (No such file or directory)
02-25 23:53:04.358 E/android.os.Debug(14470): failed to load memtrack module: -2
02-25 23:53:04.360 I/EthernetJNI(14470): Loading ethernet jni class
02-25 23:53:04.434 D/AndroidRuntime(14470): Calling main entry com.android.commands.input.Input
02-25 23:53:04.435 I/Input   (14470): injectKeyEvent: KeyEvent { action=ACTION_DOWN, keyCode=KEYCODE_DPAD_DOWN, scanCode=0, metaState=0, flags=0x0, repeatCount=0, eventTime=23194610, downTime=23194610, deviceId=-1, source=0x101 }
02-25 23:53:04.440 D/WindowManager( 1948): keyCode =20
02-25 23:53:04.440 D/WindowManager( 1948): isLockedAllKeys =0
02-25 23:53:04.440 D/WindowManager( 1948): isHandleHomeKey = 1
02-25 23:53:04.440 D/WindowManager( 1948): isHandlePowerKey ==1
02-25 23:53:04.440 D/WindowManager( 1948): isHandleSettingKey=1
02-25 23:53:04.440 D/WindowManager( 1948): handleSystemKey==1
02-25 23:53:04.441 W/ContextImpl( 1948): Calling a method in the system process without a qualified user: android.app.ContextImpl.sendBroadcast:1168 com.android.internal.policy.impl.PhoneWindowManager.interceptKeyBeforeQueueing:4109 com.android.server.wm.InputMonitor.interceptKeyBeforeQueueing:357 com.android.server.input.InputManagerService.interceptKeyBeforeQueueing:1352 com.android.server.input.InputManagerService.nativeInjectInputEvent:-2 
02-25 23:53:04.442 D/WindowManager( 1948): send broadcast key press down
02-25 23:53:04.444 D/MainActivity( 2257): [0;32;31m[main][com.huawei.mh2.launcher.MainActivity][dispatchKeyEvent][-1]:launcher:keycode=20 [m
02-25 23:53:04.446 D/j       ( 2257): [0;32;31m[main][com.huawei.mh2.launcher.l][onGlobalFocusChanged][-1]:launcher:newFocus=com.huawei.mh2.launcher.a.s{2d4a63e8 VFE..... .FS..... 840,75-1181,544} [m
02-25 23:53:04.447 I/Input   (14470): injectKeyEvent: KeyEvent { action=ACTION_UP, keyCode=KEYCODE_DPAD_DOWN, scanCode=0, metaState=0, flags=0x0, repeatCount=0, eventTime=23194610, downTime=23194610, deviceId=-1, source=0x101 }
02-25 23:53:04.447 D/WindowManager( 1948): keyCode =20
02-25 23:53:04.447 D/WindowManager( 1948): isLockedAllKeys =0
02-25 23:53:04.447 D/WindowManager( 1948): isHandleHomeKey = 1
02-25 23:53:04.447 D/WindowManager( 1948): isHandlePowerKey ==1
02-25 23:53:04.447 D/WindowManager( 1948): isHandleSettingKey=1
02-25 23:53:04.447 D/WindowManager( 1948): handleSystemKey==1
02-25 23:53:04.448 D/j       ( 2257): [0;32;31m[main][net.sunniwell.ui.e][onGlobalFocusChanged][-1]:launcher:smoothMove [m
02-25 23:53:04.448 D/AudioPolicyManagerBase( 1406): startOutput() output 2, stream 1, session 274
02-25 23:53:04.448 D/AudioPolicyManagerBase( 1406): startoutput ->setOutputDevice
02-25 23:53:04.448 D/AudioPolicyManagerBase( 1406): AudioPolicyManagerBase::checkAndSetVolume 13,0.377113
02-25 23:53:04.450 D/AndroidRuntime(14470): Shutting down VM
02-25 23:53:04.450 D/j       ( 2257): [0;32;31m[main][net.sunniwell.ui.g][a][-1]:launcher:anchorView=com.huawei.mh2.launcher.a.s{2d4a63e8 VFE..... .FS..... 840,75-1181,544} [m
02-25 23:53:04.451 D/PosterPage( 2257): [0;32;31m[main][com.huawei.mh2.launcher.page.o][onFocusChange][-1]:launcher:hasFocus=true [m
02-25 23:53:04.453 D/MainActivity( 2257): [0;32;31m[main][com.huawei.mh2.launcher.MainActivity][dispatchKeyEvent][-1]:launcher:keycode=20 [m
02-25 23:53:04.454 D/dalvikvm(14470): GC_CONCURRENT freed 98K, 16% free 566K/668K, paused 0ms+1ms, total 3ms
02-25 23:53:04.459 D/ImageLoader( 2257): Load image from memory cache [http://pic3.ptqy.gitv.tv/image/20150215/41/2c/a_100010524_m_601_260_360.jpg_333x461]
02-25 23:53:04.461 D/p       ( 2257): [0;32;31m[main][com.huawei.mh2.launcher.p][getView][-1]:launcher:position=12 convertView=null [m
02-25 23:53:04.481 D/j       ( 2257): [0;32;31m[main][net.sunniwell.ui.g][b][-1]:launcher:offsetWidth=146 offsetHeight=278 resizeImmediate=false [m
02-25 23:53:04.482 D/j       ( 2257): [0;32;31m[main][net.sunniwell.ui.g][a][-1]:launcher:offsetLeft=317 offsetTop=124 moveImmediate=false [m
02-25 23:53:04.483 D/j       ( 2257): [0;32;31m[main][net.sunniwell.ui.d][a][-1]:launcher:immediate=false isChanged=true [m
02-25 23:53:04.484 D/j       ( 2257): [0;32;31m[main][com.huawei.mh2.launcher.j][a][-1]:launcher:changed=true [m
02-25 23:53:04.490 D/j       ( 2257): [0;32;31m[main][net.sunniwell.ui.g][b][-1]:launcher:offsetWidth=51 offsetHeight=97 resizeImmediate=false [m
02-25 23:53:04.491 D/j       ( 2257): [0;32;31m[main][net.sunniwell.ui.g][a][-1]:launcher:offsetLeft=111 offsetTop=44 moveImmediate=false [m
02-25 23:53:04.493 D/j       ( 2257): [0;32;31m[main][net.sunniwell.ui.d][a][-1]:launcher:immediate=false isChanged=true [m
02-25 23:53:04.494 D/j       ( 2257): [0;32;31m[main][com.huawei.mh2.launcher.j][a][-1]:launcher:changed=true [m
02-25 23:53:04.501 D/j       ( 2257): [0;32;31m[main][net.sunniwell.ui.g][b][-1]:launcher:offsetWidth=18 offsetHeight=34 resizeImmediate=false [m
02-25 23:53:04.502 D/j       ( 2257): [0;32;31m[main][net.sunniwell.ui.g][a][-1]:launcher:offsetLeft=39 offsetTop=15 moveImmediate=false [m
02-25 23:53:04.503 D/j       ( 2257): [0;32;31m[main][net.sunniwell.ui.d][a][-1]:launcher:immediate=false isChanged=true [m
02-25 23:53:04.504 D/j       ( 2257): [0;32;31m[main][com.huawei.mh2.launcher.j][a][-1]:launcher:changed=true [m
02-25 23:53:04.527 D/j       ( 2257): [0;32;31m[main][net.sunniwell.ui.g][b][-1]:launcher:offsetWidth=6 offsetHeight=12 resizeImmediate=false [m
02-25 23:53:04.527 D/j       ( 2257): [0;32;31m[main][net.sunniwell.ui.g][a][-1]:launcher:offsetLeft=13 offsetTop=5 moveImmediate=false [m
02-25 23:53:04.529 D/j       ( 2257): [0;32;31m[main][net.sunniwell.ui.d][a][-1]:launcher:immediate=false isChanged=true [m
02-25 23:53:04.530 D/j       ( 2257): [0;32;31m[main][com.huawei.mh2.launcher.j][a][-1]:launcher:changed=true [m
02-25 23:53:04.550 D/j       ( 2257): [0;32;31m[main][net.sunniwell.ui.g][b][-1]:launcher:offsetWidth=4 offsetHeight=7 resizeImmediate=false [m
02-25 23:53:04.551 D/j       ( 2257): [0;32;31m[main][net.sunniwell.ui.g][a][-1]:launcher:offsetLeft=8 offsetTop=4 moveImmediate=false [m
02-25 23:53:04.552 D/j       ( 2257): [0;32;31m[main][net.sunniwell.ui.d][a][-1]:launcher:immediate=false isChanged=true [m
02-25 23:53:04.553 D/j       ( 2257): [0;32;31m[main][com.huawei.mh2.launcher.j][a][-1]:launcher:changed=true [m
02-25 23:53:04.571 D/j       ( 2257): [0;32;31m[main][net.sunniwell.ui.g][b][-1]:launcher:offsetWidth=0 offsetHeight=0 resizeImmediate=false [m
02-25 23:53:04.572 D/j       ( 2257): [0;32;31m[main][net.sunniwell.ui.g][a][-1]:launcher:offsetLeft=-6 offsetTop=-11 moveImmediate=false [m
02-25 23:53:04.573 D/j       ( 2257): [0;32;31m[main][net.sunniwell.ui.d][a][-1]:launcher:immediate=false isChanged=true [m
02-25 23:53:04.574 D/j       ( 2257): [0;32;31m[main][com.huawei.mh2.launcher.j][a][-1]:launcher:changed=true [m
02-25 23:53:04.592 D/j       ( 2257): [0;32;31m[main][net.sunniwell.ui.g][b][-1]:launcher:offsetWidth=0 offsetHeight=0 resizeImmediate=false [m
02-25 23:53:04.593 D/j       ( 2257): [0;32;31m[main][net.sunniwell.ui.g][a][-1]:launcher:offsetLeft=-3 offsetTop=-5 moveImmediate=false [m
02-25 23:53:04.594 D/j       ( 2257): [0;32;31m[main][net.sunniwell.ui.d][a][-1]:launcher:immediate=false isChanged=true [m
02-25 23:53:04.595 D/j       ( 2257): [0;32;31m[main][com.huawei.mh2.launcher.j][a][-1]:launcher:changed=true [m
02-25 23:53:04.616 D/j       ( 2257): [0;32;31m[main][net.sunniwell.ui.g][b][-1]:launcher:offsetWidth=0 offsetHeight=0 resizeImmediate=false [m
02-25 23:53:04.617 D/j       ( 2257): [0;32;31m[main][net.sunniwell.ui.g][a][-1]:launcher:offsetLeft=0 offsetTop=0 moveImmediate=false [m
02-25 23:53:04.617 D/j       ( 2257): [0;32;31m[main][net.sunniwell.ui.d][a][-1]:launcher:immediate=false isChanged=false [m
02-25 23:53:04.618 D/j       ( 2257): [0;32;31m[main][com.huawei.mh2.launcher.j][a][-1]:launcher:changed=false [m
02-25 23:53:04.665 E/VPP_DLNA_LOG( 2814): [VPPDLNA][DlnaDmcProcessPeerDevice][:3615]Entering Callback -  pFnDlnaDmpDeviceUpIndParams :DeviceId :28, FriendlyName :MyBox_d4f7ac(10.10.5.175), DeviceType : 0 
02-25 23:53:04.665 W/DLNA_JNI( 2814): Enter JNI  DlnaDmpDeviceUpInd*************
02-25 23:53:04.688 W/DLNA_JNI( 2814): leave JNI  DlnaDmpDeviceUpInd
02-25 23:53:04.691 D/MediaCenterApplication( 2828): [ MediaCenterApplication.java: 259]onDeviceChangeEvent devList = [com.huawei.android.airsharing.api.HwServer@2c933e80, com.huawei.android.airsharing.api.HwServer@2c933fb0, com.huawei.android.airsharing.api.HwServer@2c9340e0, com.huawei.android.airsharing.api.HwServer@2c934228, com.huawei.android.airsharing.api.HwServer@2c934358, com.huawei.android.airsharing.api.HwServer@2c934480, com.huawei.android.airsharing.api.HwServer@2c9345b0, com.huawei.android.airsharing.api.HwServer@2c934708]
02-25 23:53:04.691 E/MediaCenterApplication( 2828): [ MediaCenterApplication.java: 270]mOnDlnaChangeListenerList  size is 0, NO need to notify  DeviceChangeEvent!!!
02-25 23:53:04.699 W/DLNA_JNI( 2814): JNI Enter DlnaDmcTransferIDsInd 
02-25 23:53:04.699 W/DLNA_JNI( 2814):  
02-25 23:53:04.699 W/DLNA_JNI( 2814): Leave   DlnaDmcTransferIDsInd
02-25 23:53:04.699 W/DLNA_JNI( 2814): enter DlnaDmcPeerEventInd
02-25 23:53:04.700 W/DLNA_JNI( 2814): Leave DlnaDmcPeerEventInd
02-25 23:53:04.872 D/Player/PlayerView/LoadingView( 2323): update speed: bitsPerSec=0
02-25 23:53:04.903 W/DLNA_JNI( 2814): Enter  JNI DlnaDmcMediaChangeEventInd
02-25 23:53:04.904 W/DLNA_JNI( 2814): DlnaDmcMediaChangeEventInd before CallIntMethod : ulDeviceID=28, ulMediaType=64
02-25 23:53:04.904 W/DLNA_JNI( 2814): Leave JNI DlnaDmcMediaChangeEventInd
02-25 23:53:05.276 D/ImageLoader( 2257): Load image from memory cache [http://pic3.ptqy.gitv.tv/image/20150215/41/2c/a_100010524_m_601_260_360.jpg_333x461]
02-25 23:53:05.278 D/p       ( 2257): [0;32;31m[main][com.huawei.mh2.launcher.p][getView][-1]:launcher:position=12 convertView=null [m
02-25 23:53:05.294 D/j       ( 2257): [0;32;31m[main][net.sunniwell.ui.g][a][-1]:launcher:anchorView=com.huawei.mh2.launcher.a.s{2d4a63e8 VFE..... .FS...ID 840,75-1181,544} [m
02-25 23:53:05.373 D/j       ( 2257): [0;32;31m[main][net.sunniwell.ui.g][b][-1]:launcher:offsetWidth=0 offsetHeight=0 resizeImmediate=false [m
02-25 23:53:05.374 D/j       ( 2257): [0;32;31m[main][net.sunniwell.ui.g][a][-1]:launcher:offsetLeft=0 offsetTop=0 moveImmediate=false [m
02-25 23:53:05.376 D/j       ( 2257): [0;32;31m[main][net.sunniwell.ui.d][a][-1]:launcher:immediate=false isChanged=false [m
02-25 23:53:05.377 D/j       ( 2257): [0;32;31m[main][com.huawei.mh2.launcher.j][a][-1]:launcher:changed=false [m
02-25 23:53:05.872 D/Player/PlayerView/LoadingView( 2323): update speed: bitsPerSec=0
02-25 23:53:06.408 E/MediaCenterApplication( 2828): [ MediaCenterApplication.java: 293]mOnDlnaChangeListenerList  size is 0, NO need to notify  MediaChangeEvent!!!
02-25 23:53:06.872 D/Player/PlayerView/LoadingView( 2323): update speed: bitsPerSec=0
02-25 23:53:07.159 D/AndroidRuntime(14484): 
02-25 23:53:07.159 D/AndroidRuntime(14484): >>>>>> AndroidRuntime START com.android.internal.os.RuntimeInit <<<<<<
02-25 23:53:07.162 D/AndroidRuntime(14484): CheckJNI is OFF
02-25 23:53:07.171 I/dalvikvm(14484): DexOpt: mismatch dep signature for '/system/framework/android.policy.odex'
02-25 23:53:07.171 E/dalvikvm(14484): /system/framework/services.jar odex has stale dependencies
02-25 23:53:07.172 I/dalvikvm(14484): DexOpt: mismatch dep name: '/data/dalvik-cache/system@framework@services.jar@classes.dex' vs. '/system/framework/services.odex'
02-25 23:53:07.172 E/dalvikvm(14484): /system/framework/apache-xml.jar odex has stale dependencies
02-25 23:53:07.173 I/dalvikvm(14484): DexOpt: mismatch dep name: '/data/dalvik-cache/system@framework@services.jar@classes.dex' vs. '/system/framework/services.odex'
02-25 23:53:07.173 E/dalvikvm(14484): /system/framework/webviewchromium.jar odex has stale dependencies
02-25 23:53:07.181 D/dalvikvm(14484): Trying to load lib libjavacore.so 0x0
02-25 23:53:07.185 D/dalvikvm(14484): Added shared lib libjavacore.so 0x0
02-25 23:53:07.190 D/dalvikvm(14484): Trying to load lib libnativehelper.so 0x0
02-25 23:53:07.191 D/dalvikvm(14484): Added shared lib libnativehelper.so 0x0
02-25 23:53:07.191 D/dalvikvm(14484): No JNI_OnLoad found in libnativehelper.so 0x0, skipping init
02-25 23:53:07.210 I/dalvikvm(14484): DexOpt: mismatch dep name: '/data/dalvik-cache/system@framework@services.jar@classes.dex' vs. '/system/framework/services.odex'
02-25 23:53:07.210 E/dalvikvm(14484): /system/framework/input.jar odex has stale dependencies
02-25 23:53:07.215 E/cutils-trace(14484): Error opening trace file: No such file or directory (2)
02-25 23:53:07.238 D/dalvikvm(14484): Note: class Landroid/app/ActivityManagerNative; has 179 unimplemented (abstract) methods
02-25 23:53:07.283 E/VPP_DLNA_LOG( 2814): [VPPDLNA][DlnaDmrSendHuaweIdChangedNotify][:763]-: HuaweiId == NULL 
02-25 23:53:07.328 D/SambaClientService( 2610): sendMsg2AutoScan success 10
02-25 23:53:07.328 D/SambaAutoScanHandler( 2610): AutoScanHandler MSG_AUTOSCAN_REQUEST_MOUNT
02-25 23:53:07.339 D/SambaAutoScanHandler( 2610): urlShare = smb://C191005968CD43E/版本/
02-25 23:53:07.339 D/SambaClientService( 2610): sendMsg2AutoScan success 11
02-25 23:53:07.339 D/SambaAutoScanHandler( 2610): AutoScanHandler MSG_AUTOSCAN_REQUEST_MOUNT_AUTH_FRDB
02-25 23:53:07.352 D/SambaAutoScanHandler( 2610): urlServer = smb://C191005968CD43E/版本/
02-25 23:53:07.366 D/SambaAutoScanHandler( 2610): server: C191005968CD43Eip = 10.10.5.21
02-25 23:53:07.366 D/SambaClientService( 2610): [0]其他/
02-25 23:53:07.366 D/SambaClientService( 2610): [1]基线版本/
02-25 23:53:07.366 D/SambaClientService( 2610): [2]测试版本/
02-25 23:53:07.366 D/SambaClientService( 2610): [3]现网版本/
02-25 23:53:07.366 D/SambaClientService( 2610): [4]甘肃一线KPI测试结果.xls
02-25 23:53:07.366 D/SambaClientService( 2610): [5]生产版本/
02-25 23:53:07.366 D/SambaClientService( 2610): [6]福建移动验证U盘升级/
02-25 23:53:07.366 D/SambaClientService( 2610): smb://C191005968CD43E/版本/ LastModified = 1420336575428 lastCreated = 1379986940234 share_num = 7
02-25 23:53:07.367 D/SambaClientService( 2610): sendMsg2Interactive success 11
02-25 23:53:07.367 D/SambaManagerHandler( 2610): ManagerHandler MSG_AUTHED_MOUNT_SHARE
02-25 23:53:07.367 D/SambaManagerHandler( 2610): MutiProcessState start[0]=1
02-25 23:53:07.367 D/sendMsg2MutiProcess( 2610): sendMsg2MutiProcess success [0]11
02-25 23:53:07.367 D/SambaInteractiveHandler( 2610): InteractiveHandler MSG_AUTHED_MOUNT_SHARE
02-25 23:53:07.391 D/SambaClientService( 2610): //10.10.5.21/版本 already mount
02-25 23:53:07.393 D/SambaClientService( 2610): getLocalIpAddress fe80::3af8:89ff:fe5d:87b6%eth0
02-25 23:53:07.394 D/SambaClientService( 2610): getLocalIpAddress 10.10.5.169
02-25 23:53:07.394 D/SambaClientService( 2610): getLocalIpAddress 1: localAddr = 10.10.5.169
02-25 23:53:07.394 D/SambaInteractiveHandler( 2610): [localHost]=10.10.5.169[ip]=10.10.5.21
02-25 23:53:07.394 D/SambaInteractiveHandler( 2610): doRealMount already mounted
02-25 23:53:07.419 D/SambaInteractiveHandler( 2610): MutiProcessState close[0]=0
02-25 23:53:07.486 E/memtrack(14484): Couldn't load memtrack module (No such file or directory)
02-25 23:53:07.486 E/android.os.Debug(14484): failed to load memtrack module: -2
02-25 23:53:07.488 I/EthernetJNI(14484): Loading ethernet jni class
02-25 23:53:07.574 D/AndroidRuntime(14484): Calling main entry com.android.commands.input.Input
02-25 23:53:07.576 I/Input   (14484): injectKeyEvent: KeyEvent { action=ACTION_DOWN, keyCode=KEYCODE_ENTER, scanCode=0, metaState=0, flags=0x0, repeatCount=0, eventTime=23197750, downTime=23197750, deviceId=-1, source=0x101 }
02-25 23:53:07.582 D/WindowManager( 1948): keyCode =66
02-25 23:53:07.582 D/WindowManager( 1948): isLockedAllKeys =0
02-25 23:53:07.582 D/WindowManager( 1948): isHandleHomeKey = 1
02-25 23:53:07.582 D/WindowManager( 1948): isHandlePowerKey ==1
02-25 23:53:07.582 D/WindowManager( 1948): isHandleSettingKey=1
02-25 23:53:07.582 D/WindowManager( 1948): handleSystemKey==1
02-25 23:53:07.583 W/ContextImpl( 1948): Calling a method in the system process without a qualified user: android.app.ContextImpl.sendBroadcast:1168 com.android.internal.policy.impl.PhoneWindowManager.interceptKeyBeforeQueueing:4109 com.android.server.wm.InputMonitor.interceptKeyBeforeQueueing:357 com.android.server.input.InputManagerService.interceptKeyBeforeQueueing:1352 com.android.server.input.InputManagerService.nativeInjectInputEvent:-2 
02-25 23:53:07.584 D/WindowManager( 1948): send broadcast key press down
02-25 23:53:07.587 I/Input   (14484): injectKeyEvent: KeyEvent { action=ACTION_UP, keyCode=KEYCODE_ENTER, scanCode=0, metaState=0, flags=0x0, repeatCount=0, eventTime=23197750, downTime=23197750, deviceId=-1, source=0x101 }
02-25 23:53:07.587 D/WindowManager( 1948): keyCode =66
02-25 23:53:07.587 D/MainActivity( 2257): [0;32;31m[main][com.huawei.mh2.launcher.MainActivity][dispatchKeyEvent][-1]:launcher:keycode=66 [m
02-25 23:53:07.587 D/WindowManager( 1948): isLockedAllKeys =0
02-25 23:53:07.587 D/WindowManager( 1948): isHandleHomeKey = 1
02-25 23:53:07.587 D/WindowManager( 1948): isHandlePowerKey ==1
02-25 23:53:07.587 D/WindowManager( 1948): isHandleSettingKey=1
02-25 23:53:07.587 D/WindowManager( 1948): handleSystemKey==1
02-25 23:53:07.592 D/MainActivity( 2257): [0;32;31m[main][com.huawei.mh2.launcher.MainActivity][dispatchKeyEvent][-1]:launcher:keycode=66 [m
02-25 23:53:07.593 D/AudioPolicyManagerBase( 1406): startOutput() output 2, stream 1, session 275
02-25 23:53:07.593 D/AudioPolicyManagerBase( 1406): startoutput ->setOutputDevice
02-25 23:53:07.593 D/AudioPolicyManagerBase( 1406): AudioPolicyManagerBase::checkAndSetVolume 13,0.377113
02-25 23:53:07.594 D/g       ( 2257): [0;32;31m[main][com.huawei.mh2.launcher.b.g][a][-1]:launcher:dataInfo = id=0232ebdd3b18d801e3f158650792156f,type=0,title=中国梦想秀之折纸狂人盼圆妻子羊驼之梦,classTag=null,sort=null,filterTag=null,obj=com.qiyi.tv.client.data.Video@2d4cfb18 [m
02-25 23:53:07.596 D/g       ( 2257): [0;32;31m[main][com.huawei.mh2.launcher.b.g][a][-1]:launcher:type = 0 [m
02-25 23:53:07.596 I/EthernetService( 1948): getWifiDisguiseState: STATE UNKNOWN
02-25 23:53:07.596 I/EthernetManager( 1948): getWifiDisguiseState2
02-25 23:53:07.596 I/EthernetService( 1948): getWifiDisguiseState: STATE UNKNOWN
02-25 23:53:07.596 I/EthernetService( 1948): getWifiDisguiseState: STATE UNKNOWN
02-25 23:53:07.596 I/EthernetManager( 1948): getWifiDisguiseState2
02-25 23:53:07.596 I/EthernetService( 1948): getWifiDisguiseState: STATE UNKNOWN
02-25 23:53:07.597 D/g       ( 2257): [0;32;31m[main][com.huawei.mh2.launcher.b.g][i][-1]:launcher:isNetworkReachable [m
02-25 23:53:07.612 D/ClientHelper( 2257): isConnected() ClientHelper@2c9af570{mCurrentState=2, mTargetState=2, mAuthSuccess=true, mListener=com.qiyi.tv.client.project.BaseClient$ProxyListener@2c9ef300, mService=com.qiyi.tv.client.IQiyiService$Stub$Proxy@2ef93858}
02-25 23:53:07.612 D/ClientHelper( 2257): isAuthSuccess() ClientHelper@2c9af570{mCurrentState=2, mTargetState=2, mAuthSuccess=true, mListener=com.qiyi.tv.client.project.BaseClient$ProxyListener@2c9ef300, mService=com.qiyi.tv.client.IQiyiService$Stub$Proxy@2ef93858}
02-25 23:53:07.613 D/Utils   ( 2257): dumpBundle() copyBundle() target=: bundle size=3
02-25 23:53:07.613 D/g       ( 2257): [0;32;31m[main][com.huawei.mh2.launcher.b.g][i][-1]:launcher:isNetworkReachable return true [m
02-25 23:53:07.614 D/Utils   ( 2257): dumpBundle() copyBundle() target=: key[com.qiyi.tv.sdk.extra.EXTRA_OPERATION_TYPE]=20001
02-25 23:53:07.614 D/Utils   ( 2257): dumpBundle() copyBundle() target=: key[com.qiyi.tv.sdk.extra.EXTRA_OPERATION_DATA_TYPE]=30000
02-25 23:53:07.614 D/Utils   ( 2257): dumpBundle() copyBundle() target=: key[com.qiyi.tv.sdk.extra.EXTRA_OPERATION_TARGET]=10201
02-25 23:53:07.615 D/Utils   ( 2257): dumpBundle() copyBundle() source=: bundle size=2
02-25 23:53:07.615 D/Utils   ( 2257): dumpBundle() copyBundle() source=: key[com.qiyi.tv.sdk.extra.EXTRA_INTENT_FLAG]=335577088
02-25 23:53:07.616 D/Utils   ( 2257): dumpBundle() copyBundle() source=: key[com.qiyi.tv.sdk.extra.EXTRA_VIDEO]=com.qiyi.tv.client.data.Video@2d4cfb18
02-25 23:53:07.616 D/Utils   ( 2257): dumpBundle() copyBundle() final=: bundle size=5
02-25 23:53:07.616 D/Utils   ( 2257): dumpBundle() copyBundle() final=: key[com.qiyi.tv.sdk.extra.EXTRA_OPERATION_TYPE]=20001
02-25 23:53:07.617 D/Utils   ( 2257): dumpBundle() copyBundle() final=: key[com.qiyi.tv.sdk.extra.EXTRA_INTENT_FLAG]=335577088
02-25 23:53:07.617 D/Utils   ( 2257): dumpBundle() copyBundle() final=: key[com.qiyi.tv.sdk.extra.EXTRA_OPERATION_DATA_TYPE]=30000
02-25 23:53:07.617 D/Utils   ( 2257): dumpBundle() copyBundle() final=: key[com.qiyi.tv.sdk.extra.EXTRA_VIDEO]=com.qiyi.tv.client.data.Video@2d4cfb18
02-25 23:53:07.617 D/Utils   ( 2257): dumpBundle() copyBundle() final=: key[com.qiyi.tv.sdk.extra.EXTRA_OPERATION_TARGET]=10201
02-25 23:53:07.618 D/ClientHelper( 2257): isConnected() ClientHelper@2c9af570{mCurrentState=2, mTargetState=2, mAuthSuccess=true, mListener=com.qiyi.tv.client.project.BaseClient$ProxyListener@2c9ef300, mService=com.qiyi.tv.client.IQiyiService$Stub$Proxy@2ef93858}
02-25 23:53:07.618 D/ClientHelper( 2257): isAuthSuccess() ClientHelper@2c9af570{mCurrentState=2, mTargetState=2, mAuthSuccess=true, mListener=com.qiyi.tv.client.project.BaseClient$ProxyListener@2c9ef300, mService=com.qiyi.tv.client.IQiyiService$Stub$Proxy@2ef93858}
02-25 23:53:07.620 D/OpenApiBinder( 2323): invoke() begin. bundle size=5
02-25 23:53:07.620 D/OpenApiBinder( 2323): invoke() begin. key[com.qiyi.tv.sdk.extra.EXTRA_OPERATION_TYPE]=20001
02-25 23:53:07.620 D/OpenApiBinder( 2323): invoke() begin. key[com.qiyi.tv.sdk.extra.EXTRA_INTENT_FLAG]=335577088
02-25 23:53:07.620 D/OpenApiBinder( 2323): invoke() begin. key[com.qiyi.tv.sdk.extra.EXTRA_OPERATION_DATA_TYPE]=30000
02-25 23:53:07.620 D/OpenApiBinder( 2323): invoke() begin. key[com.qiyi.tv.sdk.extra.EXTRA_VIDEO]=com.qiyi.tv.client.data.Video@2f2d9360
02-25 23:53:07.620 D/OpenApiBinder( 2323): invoke() begin. key[com.qiyi.tv.sdk.extra.EXTRA_OPERATION_TARGET]=10201
02-25 23:53:07.620 D/OpenApiManager( 2323): isAllowedClient() pid=2257, holder=Holder(code=0, client=ClientInfo(vn=2.0, vc=24956, pk=com.huawei.mh2.launcher)) return true
02-25 23:53:07.620 D/OpenApiBinder( 2323): invoke() find command=com.qiyi.video.openplay.service.feature.open.OpenMediaCommand@2c923c50
02-25 23:53:07.620 D/ProcessWatcher( 2323): getToken() 2257 return AccessToken@{count=4, time=1424937020688, duration=3600000, maxCount=3600000, interval=0)
02-25 23:53:07.620 D/AccessToken( 2323): isAllowedAccess() now = 1424937187621, mMaxCount = 3600000
02-25 23:53:07.620 D/AccessToken( 2323): isAllowedAccess() count=4, time=1424937020688, return true
02-25 23:53:07.621 D/LocalVideo( 2323): LocalVideo(com.qiyi.tv.client.data.Video@2f2d9360) LocalVideo(mType=1, mId=349989700, mName=中国梦想秀之折纸狂人盼圆妻子羊驼之梦, mChannelId=6, mAlbumId=202509101, mIsSeries=true, mStartTime=0, mCornerHint=3, mPicUrl=http://pic8.ptqy.gitv.tv/image/20150225/54/4c/v_108966887_m_601_m1_354_490.jpg, mUserTags=Bundle@[size=2,com.qiyi.tv.internal.extra.EXTRA_TYPE=0],com.qiyi.tv.internal.extra.EXTRA_SOURCE_CODE=202509101])
