02-25 23:53:13.149 D/Job     ( 2323): notifyDone() mListener=com.qiyi.video.player.data.loader.VideoLoader$1@2ee75000, Job(mState=2, mData=VideoItem@2cebc788{qpId=202509101, tvQid=349989700, vid=256c33c045d36a7126ce1db2c37c0167, getType()=VIDEO, albumName=中国梦想秀第9季, tvName=折纸狂人盼圆妻子羊驼之梦 单亲醒狮团定位人生, isSeries()=true, sourceCode=202509101, playOrder=1, getAlbumSubName()=中国梦想秀第9季, mIsVipAlbum=false, isPurchase()=false, isPreview=false, isExclusive()=false, isVertical=false, canDownload()=true, isDownload=1, tvPic=, issueTime=20150225, playCount=41499, playLength=1445, tag=国语,内地,真人秀, cornerMark=CORNERMARK_1080P, definition list=600,300,jisu,1080p,720p, default definition=256c33c045d36a7126ce1db2c37c0167, channelId=6, channelName=综艺, mIChannelId=null, startTime=0, endTime=0, headerTime=0, tailTime=0, tvCount=1, tvSets=0, playTime=-1, episodes=0, url=, m3u8Url = null, mRecommendationsFilled=false, mEndRecommendationsFilled=false, mVarietyName=null}, mError=null)[com.qiyi.video.player.data.job.FetchAlbumInfoJob@2cb2b188]
02-25 23:53:13.151 D/VideoLoader( 2323): mBasicProxy.onJobDone(Job(mState=2, mData=VideoItem@2cebc788{qpId=202509101, tvQid=349989700, vid=256c33c045d36a7126ce1db2c37c0167, getType()=VIDEO, albumName=中国梦想秀第9季, tvName=折纸狂人盼圆妻子羊驼之梦 单亲醒狮团定位人生, isSeries()=true, sourceCode=202509101, playOrder=1, getAlbumSubName()=中国梦想秀第9季, mIsVipAlbum=false, isPurchase()=false, isPreview=false, isExclusive()=false, isVertical=false, canDownload()=true, isDownload=1, tvPic=, issueTime=20150225, playCount=41499, playLength=1445, tag=国语,内地,真人秀, cornerMark=CORNERMARK_1080P, definition list=600,300,jisu,1080p,720p, default definition=256c33c045d36a7126ce1db2c37c0167, channelId=6, channelName=综艺, mIChannelId=null, startTime=0, endTime=0, headerTime=0, tailTime=0, tvCount=1, tvSets=0, playTime=-1, episodes=0, url=, m3u8Url = null, mRecommendationsFilled=false, mEndRecommendationsFilled=false, mVarietyName=null}, mError=null)[com.qiyi.video.player.data.job.FetchAlbumInfoJob@2cb2b188])
02-25 23:53:13.153 D/VideoLoader( 2323): notifyBasicReady(VideoItem@2cebc788{qpId=202509101, tvQid=349989700, vid=256c33c045d36a7126ce1db2c37c0167, getType()=VIDEO, albumName=中国梦想秀第9季, tvName=折纸狂人盼圆妻子羊驼之梦 单亲醒狮团定位人生, isSeries()=true, sourceCode=202509101, playOrder=1, getAlbumSubName()=中国梦想秀第9季, mIsVipAlbum=false, isPurchase()=false, isPreview=false, isExclusive()=false, isVertical=false, canDownload()=true, isDownload=1, tvPic=, issueTime=20150225, playCount=41499, playLength=1445, tag=国语,内地,真人秀, cornerMark=CORNERMARK_1080P, definition list=600,300,jisu,1080p,720p, default definition=256c33c045d36a7126ce1db2c37c0167, channelId=6, channelName=综艺, mIChannelId=null, startTime=0, endTime=0, headerTime=0, tailTime=0, tvCount=1, tvSets=0, playTime=-1, episodes=0, url=, m3u8Url = null, mRecommendationsFilled=false, mEndRecommendationsFilled=false, mVarietyName=null})
02-25 23:53:13.155 D/Job     ( 2323): runNextJobs() Job(mState=2, mData=VideoItem@2cebc788{qpId=202509101, tvQid=349989700, vid=256c33c045d36a7126ce1db2c37c0167, getType()=VIDEO, albumName=中国梦想秀第9季, tvName=折纸狂人盼圆妻子羊驼之梦 单亲醒狮团定位人生, isSeries()=true, sourceCode=202509101, playOrder=1, getAlbumSubName()=中国梦想秀第9季, mIsVipAlbum=false, isPurchase()=false, isPreview=false, isExclusive()=false, isVertical=false, canDownload()=true, isDownload=1, tvPic=, issueTime=20150225, playCount=41499, playLength=1445, tag=国语,内地,真人秀, cornerMark=CORNERMARK_1080P, definition list=600,300,jisu,1080p,720p, default definition=256c33c045d36a7126ce1db2c37c0167, channelId=6, channelName=综艺, mIChannelId=null, startTime=0, endTime=0, headerTime=0, tailTime=0, tvCount=1, tvSets=0, playTime=-1, episodes=0, url=, m3u8Url = null, mRecommendationsFilled=false, mEndRecommendationsFilled=false, mVarietyName=null}, mError=null)[com.qiyi.video.player.data.job.FetchAlbumInfoJob@2cb2b188]
02-25 23:53:13.156 D/VideoLoader( 2323): MyEventListener.handleMessage({ when=-1ms what=1 obj=VideoItem@2cebc788{qpId=202509101, tvQid=349989700, vid=256c33c045d36a7126ce1db2c37c0167, getType()=VIDEO, albumName=中国梦想秀第9季, tvName=折纸狂人盼圆妻子羊驼之梦 单亲醒狮团定位人生, isSeries()=true, sourceCode=202509101, playOrder=1, getAlbumSubName()=中国梦想秀第9季, mIsVipAlbum=false, isPurchase()=false, isPreview=false, isExclusive()=false, isVertical=false, canDownload()=true, isDownload=1, tvPic=, issueTime=20150225, playCount=41499, playLength=1445, tag=国语,内地,真人秀, cornerMark=CORNERMARK_1080P, definition list=600,300,jisu,1080p,720p, default definition=256c33c045d36a7126ce1db2c37c0167, channelId=6, channelName=综艺, mIChannelId=null, startTime=0, endTime=0, headerTime=0, tailTime=0, tvCount=1, tvSets=0, playTime=-1, episodes=0, url=, m3u8Url = null, mRecommendationsFilled=false, mEndRecommendationsFilled=false, mVarietyName=null} target=com.qiyi.video.player.data.loader.VideoLoader$MyEventListener })
02-25 23:53:13.158 D/Job     ( 2323): running() Job(mState=0, mData=VideoItem@2cebc788{qpId=202509101, tvQid=349989700, vid=256c33c045d36a7126ce1db2c37c0167, getType()=VIDEO, albumName=中国梦想秀第9季, tvName=折纸狂人盼圆妻子羊驼之梦 单亲醒狮团定位人生, isSeries()=true, sourceCode=202509101, playOrder=1, getAlbumSubName()=中国梦想秀第9季, mIsVipAlbum=false, isPurchase()=false, isPreview=false, isExclusive()=false, isVertical=false, canDownload()=true, isDownload=1, tvPic=, issueTime=20150225, playCount=41499, playLength=1445, tag=国语,内地,真人秀, cornerMark=CORNERMARK_1080P, definition list=600,300,jisu,1080p,720p, default definition=256c33c045d36a7126ce1db2c37c0167, channelId=6, channelName=综艺, mIChannelId=null, startTime=0, endTime=0, headerTime=0, tailTime=0, tvCount=1, tvSets=0, playTime=-1, episodes=0, url=, m3u8Url = null, mRecommendationsFilled=false, mEndRecommendationsFilled=false, mVarietyName=null}, mError=null)[com.qiyi.video.player.data.job.VideoJobSwitcher@2cb2b1b0]
02-25 23:53:13.159 D/Job     ( 2323): isCancelled() Job(mState=0, mData=VideoItem@2cebc788{qpId=202509101, tvQid=349989700, vid=256c33c045d36a7126ce1db2c37c0167, getType()=VIDEO, albumName=中国梦想秀第9季, tvName=折纸狂人盼圆妻子羊驼之梦 单亲醒狮团定位人生, isSeries()=true, sourceCode=202509101, playOrder=1, getAlbumSubName()=中国梦想秀第9季, mIsVipAlbum=false, isPurchase()=false, isPreview=false, isExclusive()=false, isVertical=false, canDownload()=true, isDownload=1, tvPic=, issueTime=20150225, playCount=41499, playLength=1445, tag=国语,内地,真人秀, cornerMark=CORNERMARK_1080P, definition list=600,300,jisu,1080p,720p, default definition=256c33c045d36a7126ce1db2c37c0167, channelId=6, channelName=综艺, mIChannelId=null, startTime=0, endTime=0, headerTime=0, tailTime=0, tvCount=1, tvSets=0, playTime=-1, episodes=0, url=, m3u8Url = null, mRecommendationsFilled=false, mEndRecommendationsFilled=false, mVarietyName=null}, mError=null)[com.qiyi.video.player.data.job.VideoJobSwitcher@2cb2b1b0] return true
02-25 23:53:13.161 D/Job     ( 2323): notifyDone() mListener=null, Job(mState=4, mData=VideoItem@2cebc788{qpId=202509101, tvQid=349989700, vid=256c33c045d36a7126ce1db2c37c0167, getType()=VIDEO, albumName=中国梦想秀第9季, tvName=折纸狂人盼圆妻子羊驼之梦 单亲醒狮团定位人生, isSeries()=true, sourceCode=202509101, playOrder=1, getAlbumSubName()=中国梦想秀第9季, mIsVipAlbum=false, isPurchase()=false, isPreview=false, isExclusive()=false, isVertical=false, canDownload()=true, isDownload=1, tvPic=, issueTime=20150225, playCount=41499, playLength=1445, tag=国语,内地,真人秀, cornerMark=CORNERMARK_1080P, definition list=600,300,jisu,1080p,720p, default definition=256c33c045d36a7126ce1db2c37c0167, channelId=6, channelName=综艺, mIChannelId=null, startTime=0, endTime=0, headerTime=0, tailTime=0, tvCount=1, tvSets=0, playTime=-1, episodes=0, url=, m3u8Url = null, mRecommendationsFilled=false, mEndRecommendationsFilled=false, mVarietyName=null}, mError=null)[com.qiyi.video.player.data.job.VideoJobSwitcher@2cb2b1b0]
02-25 23:53:13.163 D/Job     ( 2323): runNextJobs() Job(mState=4, mData=VideoItem@2cebc788{qpId=202509101, tvQid=349989700, vid=256c33c045d36a7126ce1db2c37c0167, getType()=VIDEO, albumName=中国梦想秀第9季, tvName=折纸狂人盼圆妻子羊驼之梦 单亲醒狮团定位人生, isSeries()=true, sourceCode=202509101, playOrder=1, getAlbumSubName()=中国梦想秀第9季, mIsVipAlbum=false, isPurchase()=false, isPreview=false, isExclusive()=false, isVertical=false, canDownload()=true, isDownload=1, tvPic=, issueTime=20150225, playCount=41499, playLength=1445, tag=国语,内地,真人秀, cornerMark=CORNERMARK_1080P, definition list=600,300,jisu,1080p,720p, default definition=256c33c045d36a7126ce1db2c37c0167, channelId=6, channelName=综艺, mIChannelId=null, startTime=0, endTime=0, headerTime=0, tailTime=0, tvCount=1, tvSets=0, playTime=-1, episodes=0, url=, m3u8Url = null, mRecommendationsFilled=false, mEndRecommendationsFilled=false, mVarietyName=null}, mError=null)[com.qiyi.video.player.data.job.VideoJobSwitcher@2cb2b1b0]
02-25 23:53:14.260 I/HiRMService( 2269):  ***** changeStats = 2
02-25 23:53:14.481 D/AndroidRuntime(14554): 
02-25 23:53:14.481 D/AndroidRuntime(14554): >>>>>> AndroidRuntime START com.android.internal.os.RuntimeInit <<<<<<
02-25 23:53:14.484 D/AndroidRuntime(14554): CheckJNI is OFF
02-25 23:53:14.498 I/dalvikvm(14554): DexOpt: mismatch dep signature for '/system/framework/android.policy.odex'
02-25 23:53:14.498 E/dalvikvm(14554): /system/framework/services.jar odex has stale dependencies
02-25 23:53:14.499 I/dalvikvm(14554): DexOpt: mismatch dep name: '/data/dalvik-cache/system@framework@services.jar@classes.dex' vs. '/system/framework/services.odex'
02-25 23:53:14.499 E/dalvikvm(14554): /system/framework/apache-xml.jar odex has stale dependencies
02-25 23:53:14.500 I/dalvikvm(14554): DexOpt: mismatch dep name: '/data/dalvik-cache/system@framework@services.jar@classes.dex' vs. '/system/framework/services.odex'
02-25 23:53:14.501 E/dalvikvm(14554): /system/framework/webviewchromium.jar odex has stale dependencies
02-25 23:53:14.511 D/dalvikvm(14554): Trying to load lib libjavacore.so 0x0
02-25 23:53:14.517 D/dalvikvm(14554): Added shared lib libjavacore.so 0x0
02-25 23:53:14.525 D/dalvikvm(14554): Trying to load lib libnativehelper.so 0x0
02-25 23:53:14.526 D/dalvikvm(14554): Added shared lib libnativehelper.so 0x0
02-25 23:53:14.526 D/dalvikvm(14554): No JNI_OnLoad found in libnativehelper.so 0x0, skipping init
02-25 23:53:14.555 I/dalvikvm(14554): DexOpt: mismatch dep name: '/data/dalvik-cache/system@framework@services.jar@classes.dex' vs. '/system/framework/services.odex'
02-25 23:53:14.555 E/dalvikvm(14554): /system/framework/input.jar odex has stale dependencies
02-25 23:53:14.560 E/cutils-trace(14554): Error opening trace file: No such file or directory (2)
02-25 23:53:14.592 D/dalvikvm(14554): Note: class Landroid/app/ActivityManagerNative; has 179 unimplemented (abstract) methods
02-25 23:53:14.848 E/memtrack(14554): Couldn't load memtrack module (No such file or directory)
02-25 23:53:14.848 E/android.os.Debug(14554): failed to load memtrack module: -2
02-25 23:53:14.851 I/EthernetJNI(14554): Loading ethernet jni class
02-25 23:53:14.920 D/AndroidRuntime(14554): Calling main entry com.android.commands.input.Input
02-25 23:53:14.921 I/Input   (14554): injectKeyEvent: KeyEvent { action=ACTION_DOWN, keyCode=KEYCODE_DPAD_RIGHT, scanCode=0, metaState=0, flags=0x0, repeatCount=0, eventTime=23205096, downTime=23205096, deviceId=-1, source=0x101 }
02-25 23:53:14.926 D/WindowManager( 1948): keyCode =22
02-25 23:53:14.926 D/WindowManager( 1948): isLockedAllKeys =0
02-25 23:53:14.926 D/WindowManager( 1948): isHandleHomeKey = 1
02-25 23:53:14.926 D/WindowManager( 1948): isHandlePowerKey ==1
02-25 23:53:14.926 D/WindowManager( 1948): isHandleSettingKey=1
02-25 23:53:14.926 D/WindowManager( 1948): handleSystemKey==1
02-25 23:53:14.927 W/ContextImpl( 1948): Calling a method in the system process without a qualified user: android.app.ContextImpl.sendBroadcast:1168 com.android.internal.policy.impl.PhoneWindowManager.interceptKeyBeforeQueueing:4109 com.android.server.wm.InputMonitor.interceptKeyBeforeQueueing:357 com.android.server.input.InputManagerService.interceptKeyBeforeQueueing:1352 com.android.server.input.InputManagerService.nativeInjectInputEvent:-2 
02-25 23:53:14.928 D/WindowManager( 1948): send broadcast key press down
02-25 23:53:14.931 D/MainActivity( 2257): [0;32;31m[main][com.huawei.mh2.launcher.MainActivity][dispatchKeyEvent][-1]:launcher:keycode=22 [m
02-25 23:53:14.932 I/Input   (14554): injectKeyEvent: KeyEvent { action=ACTION_UP, keyCode=KEYCODE_DPAD_RIGHT, scanCode=0, metaState=0, flags=0x0, repeatCount=0, eventTime=23205096, downTime=23205096, deviceId=-1, source=0x101 }
02-25 23:53:14.932 D/j       ( 2257): [0;32;31m[main][com.huawei.mh2.launcher.l][onGlobalFocusChanged][-1]:launcher:newFocus=com.huawei.mh2.launcher.a.n{2c957d78 VFE...C. .F...... 160,0-285,57 #7f0a0007 app:id/menu_title_movie} [m
02-25 23:53:14.933 D/WindowManager( 1948): keyCode =22
02-25 23:53:14.933 D/WindowManager( 1948): isLockedAllKeys =0
02-25 23:53:14.933 D/WindowManager( 1948): isHandleHomeKey = 1
02-25 23:53:14.933 D/WindowManager( 1948): isHandlePowerKey ==1
02-25 23:53:14.933 D/WindowManager( 1948): isHandleSettingKey=1
02-25 23:53:14.933 D/WindowManager( 1948): handleSystemKey==1
02-25 23:53:14.934 D/AudioPolicyManagerBase( 1406): startOutput() output 2, stream 1, session 276
02-25 23:53:14.934 D/AudioPolicyManagerBase( 1406): startoutput ->setOutputDevice
02-25 23:53:14.934 D/AudioPolicyManagerBase( 1406): AudioPolicyManagerBase::checkAndSetVolume 13,0.377113
02-25 23:53:14.934 D/j       ( 2257): [0;32;31m[main][net.sunniwell.ui.e][onGlobalFocusChanged][-1]:launcher:smoothMove [m
02-25 23:53:14.936 D/AndroidRuntime(14554): Shutting down VM
02-25 23:53:14.936 D/j       ( 2257): [0;32;31m[main][net.sunniwell.ui.g][a][-1]:launcher:anchorView=com.huawei.mh2.launcher.a.n{2c957d78 VFE...C. .F...... 160,0-285,57 #7f0a0007 app:id/menu_title_movie} [m
02-25 23:53:14.938 D/FrameworkPage( 2257): [0;32;31m[main][com.huawei.mh2.launcher.page.FrameworkPage][onFocusChange][-1]:launcher:v=com.huawei.mh2.launcher.a.n{2c957d78 VFE...C. .F....ID 160,0-285,57 #7f0a0007 app:id/menu_title_movie} [m
02-25 23:53:14.939 D/MainActivity( 2257): [0;32;31m[main][com.huawei.mh2.launcher.MainActivity][dispatchKeyEvent][-1]:launcher:keycode=22 [m
02-25 23:53:14.940 D/dalvikvm(14554): GC_CONCURRENT freed 98K, 16% free 566K/668K, paused 0ms+1ms, total 3ms
02-25 23:53:14.954 I/MyGallery( 2257): setMode 2
02-25 23:53:14.954 D/FrameworkPage( 2257): [0;32;31m[main][com.huawei.mh2.launcher.page.FrameworkPage][b][-1]:launcher:currentIndex=0 nextIndex=1 [m
02-25 23:53:14.955 D/j       ( 2257): [0;32;31m[main][net.sunniwell.ui.g][b][-1]:launcher:offsetWidth=5 offsetHeight=0 resizeImmediate=false [m
02-25 23:53:14.955 D/j       ( 2257): [0;32;31m[main][net.sunniwell.ui.g][a][-1]:launcher:offsetLeft=104 offsetTop=0 moveImmediate=false [m
02-25 23:53:14.956 D/j       ( 2257): [0;32;31m[main][net.sunniwell.ui.d][a][-1]:launcher:immediate=false isChanged=true [m
02-25 23:53:14.957 D/j       ( 2257): [0;32;31m[main][com.huawei.mh2.launcher.j][a][-1]:launcher:changed=true [m
02-25 23:53:14.968 D/j       ( 2257): [0;32;31m[main][net.sunniwell.ui.g][b][-1]:launcher:offsetWidth=0 offsetHeight=0 resizeImmediate=false [m
02-25 23:53:14.969 D/j       ( 2257): [0;32;31m[main][net.sunniwell.ui.g][a][-1]:launcher:offsetLeft=36 offsetTop=0 moveImmediate=false [m
02-25 23:53:14.970 D/j       ( 2257): [0;32;31m[main][net.sunniwell.ui.d][a][-1]:launcher:immediate=false isChanged=true [m
02-25 23:53:14.970 D/j       ( 2257): [0;32;31m[main][com.huawei.mh2.launcher.j][a][-1]:launcher:changed=true [m
02-25 23:53:14.983 D/j       ( 2257): [0;32;31m[main][net.sunniwell.ui.g][b][-1]:launcher:offsetWidth=0 offsetHeight=0 resizeImmediate=false [m
02-25 23:53:14.984 D/j       ( 2257): [0;32;31m[main][net.sunniwell.ui.g][a][-1]:launcher:offsetLeft=13 offsetTop=0 moveImmediate=false [m
02-25 23:53:14.985 D/j       ( 2257): [0;32;31m[main][net.sunniwell.ui.d][a][-1]:launcher:immediate=false isChanged=true [m
02-25 23:53:14.986 D/j       ( 2257): [0;32;31m[main][com.huawei.mh2.launcher.j][a][-1]:launcher:changed=true [m
02-25 23:53:15.000 D/j       ( 2257): [0;32;31m[main][net.sunniwell.ui.g][b][-1]:launcher:offsetWidth=0 offsetHeight=0 resizeImmediate=false [m
02-25 23:53:15.001 D/j       ( 2257): [0;32;31m[main][net.sunniwell.ui.g][a][-1]:launcher:offsetLeft=7 offsetTop=0 moveImmediate=false [m
02-25 23:53:15.001 D/j       ( 2257): [0;32;31m[main][net.sunniwell.ui.d][a][-1]:launcher:immediate=false isChanged=true [m
02-25 23:53:15.002 D/j       ( 2257): [0;32;31m[main][com.huawei.mh2.launcher.j][a][-1]:launcher:changed=true [m
02-25 23:53:15.020 I/MyGallery( 2257): setMode 5
02-25 23:53:15.021 D/j       ( 2257): [0;32;31m[main][net.sunniwell.ui.g][b][-1]:launcher:offsetWidth=0 offsetHeight=0 resizeImmediate=false [m
02-25 23:53:15.022 D/j       ( 2257): [0;32;31m[main][net.sunniwell.ui.g][a][-1]:launcher:offsetLeft=0 offsetTop=0 moveImmediate=false [m
02-25 23:53:15.023 D/j       ( 2257): [0;32;31m[main][net.sunniwell.ui.d][a][-1]:launcher:immediate=false isChanged=false [m
02-25 23:53:15.024 D/j       ( 2257): [0;32;31m[main][com.huawei.mh2.launcher.j][a][-1]:launcher:changed=false [m
02-25 23:53:15.025 D/FrameworkPage( 2257): [0;32;31m[main][com.huawei.mh2.launcher.page.FrameworkPage][a][-1]:launcher:currentIndex=0 nextIndex=1 [m
02-25 23:53:15.029 D/j       ( 2257): [0;32;31m[main][net.sunniwell.ui.g][a][-1]:launcher:anchorView=com.huawei.mh2.launcher.a.n{2c957d78 VFE...C. .F...... 160,0-285,57 #7f0a0007 app:id/menu_title_movie} [m
02-25 23:53:15.121 D/j       ( 2257): [0;32;31m[main][net.sunniwell.ui.g][b][-1]:launcher:offsetWidth=0 offsetHeight=0 resizeImmediate=false [m
02-25 23:53:15.123 D/j       ( 2257): [0;32;31m[main][net.sunniwell.ui.g][a][-1]:launcher:offsetLeft=0 offsetTop=0 moveImmediate=false [m
02-25 23:53:15.125 D/j       ( 2257): [0;32;31m[main][net.sunniwell.ui.d][a][-1]:launcher:immediate=false isChanged=false [m
02-25 23:53:15.126 D/j       ( 2257): [0;32;31m[main][com.huawei.mh2.launcher.j][a][-1]:launcher:changed=false [m
02-25 23:53:15.129 I/MyGallery( 2257): setMode 0
02-25 23:53:16.672 D/AndroidRuntime(14566): 
02-25 23:53:16.672 D/AndroidRuntime(14566): >>>>>> AndroidRuntime START com.android.internal.os.RuntimeInit <<<<<<
02-25 23:53:16.674 D/AndroidRuntime(14566): CheckJNI is OFF
02-25 23:53:16.683 I/dalvikvm(14566): DexOpt: mismatch dep signature for '/system/framework/android.policy.odex'
02-25 23:53:16.683 E/dalvikvm(14566): /system/framework/services.jar odex has stale dependencies
02-25 23:53:16.684 I/dalvikvm(14566): DexOpt: mismatch dep name: '/data/dalvik-cache/system@framework@services.jar@classes.dex' vs. '/system/framework/services.odex'
02-25 23:53:16.684 E/dalvikvm(14566): /system/framework/apache-xml.jar odex has stale dependencies
02-25 23:53:16.685 I/dalvikvm(14566): DexOpt: mismatch dep name: '/data/dalvik-cache/system@framework@services.jar@classes.dex' vs. '/system/framework/services.odex'
02-25 23:53:16.685 E/dalvikvm(14566): /system/framework/webviewchromium.jar odex has stale dependencies
02-25 23:53:16.693 D/dalvikvm(14566): Trying to load lib libjavacore.so 0x0
02-25 23:53:16.696 D/dalvikvm(14566): Added shared lib libjavacore.so 0x0
02-25 23:53:16.702 D/dalvikvm(14566): Trying to load lib libnativehelper.so 0x0
02-25 23:53:16.702 D/dalvikvm(14566): Added shared lib libnativehelper.so 0x0
02-25 23:53:16.702 D/dalvikvm(14566): No JNI_OnLoad found in libnativehelper.so 0x0, skipping init
02-25 23:53:16.721 I/dalvikvm(14566): DexOpt: mismatch dep name: '/data/dalvik-cache/system@framework@services.jar@classes.dex' vs. '/system/framework/services.odex'
02-25 23:53:16.721 E/dalvikvm(14566): /system/framework/input.jar odex has stale dependencies
02-25 23:53:16.724 E/cutils-trace(14566): Error opening trace file: No such file or directory (2)
02-25 23:53:16.745 D/dalvikvm(14566): Note: class Landroid/app/ActivityManagerNative; has 179 unimplemented (abstract) methods
02-25 23:53:16.936 E/memtrack(14566): Couldn't load memtrack module (No such file or directory)
02-25 23:53:16.936 E/android.os.Debug(14566): failed to load memtrack module: -2
02-25 23:53:16.938 I/EthernetJNI(14566): Loading ethernet jni class
02-25 23:53:17.008 D/AndroidRuntime(14566): Calling main entry com.android.commands.input.Input
02-25 23:53:17.009 I/Input   (14566): injectKeyEvent: KeyEvent { action=ACTION_DOWN, keyCode=KEYCODE_DPAD_RIGHT, scanCode=0, metaState=0, flags=0x0, repeatCount=0, eventTime=23207184, downTime=23207184, deviceId=-1, source=0x101 }
02-25 23:53:17.014 D/WindowManager( 1948): keyCode =22
02-25 23:53:17.014 D/WindowManager( 1948): isLockedAllKeys =0
02-25 23:53:17.014 D/WindowManager( 1948): isHandleHomeKey = 1
02-25 23:53:17.014 D/WindowManager( 1948): isHandlePowerKey ==1
02-25 23:53:17.015 D/WindowManager( 1948): isHandleSettingKey=1
02-25 23:53:17.015 D/WindowManager( 1948): handleSystemKey==1
02-25 23:53:17.016 D/WindowManager( 1948): send broadcast key press down
02-25 23:53:17.016 W/ContextImpl( 1948): Calling a method in the system process without a qualified user: android.app.ContextImpl.sendBroadcast:1168 com.android.internal.policy.impl.PhoneWindowManager.interceptKeyBeforeQueueing:4109 com.android.server.wm.InputMonitor.interceptKeyBeforeQueueing:357 com.android.server.input.InputManagerService.interceptKeyBeforeQueueing:1352 com.android.server.input.InputManagerService.nativeInjectInputEvent:-2 
02-25 23:53:17.019 D/MainActivity( 2257): [0;32;31m[main][com.huawei.mh2.launcher.MainActivity][dispatchKeyEvent][-1]:launcher:keycode=22 [m
02-25 23:53:17.021 I/Input   (14566): injectKeyEvent: KeyEvent { action=ACTION_UP, keyCode=KEYCODE_DPAD_RIGHT, scanCode=0, metaState=0, flags=0x0, repeatCount=0, eventTime=23207184, downTime=23207184, deviceId=-1, source=0x101 }
02-25 23:53:17.021 D/j       ( 2257): [0;32;31m[main][com.huawei.mh2.launcher.l][onGlobalFocusChanged][-1]:launcher:newFocus=com.huawei.mh2.launcher.a.n{2c9effc0 VFE...C. .F...... 320,0-380,57 #7f0a0008 app:id/menu_title_tv} [m
02-25 23:53:17.021 D/WindowManager( 1948): keyCode =22
02-25 23:53:17.021 D/WindowManager( 1948): isLockedAllKeys =0
02-25 23:53:17.021 D/WindowManager( 1948): isHandleHomeKey = 1
02-25 23:53:17.021 D/WindowManager( 1948): isHandlePowerKey ==1
02-25 23:53:17.021 D/WindowManager( 1948): isHandleSettingKey=1
02-25 23:53:17.021 D/WindowManager( 1948): handleSystemKey==1
02-25 23:53:17.022 D/AudioPolicyManagerBase( 1406): startOutput() output 2, stream 1, session 277
02-25 23:53:17.022 D/AudioPolicyManagerBase( 1406): startoutput ->setOutputDevice
02-25 23:53:17.022 D/AudioPolicyManagerBase( 1406): AudioPolicyManagerBase::checkAndSetVolume 13,0.377113
02-25 23:53:17.022 D/j       ( 2257): [0;32;31m[main][net.sunniwell.ui.e][onGlobalFocusChanged][-1]:launcher:smoothMove [m
02-25 23:53:17.024 D/AndroidRuntime(14566): Shutting down VM
02-25 23:53:17.026 D/j       ( 2257): [0;32;31m[main][net.sunniwell.ui.g][a][-1]:launcher:anchorView=com.huawei.mh2.launcher.a.n{2c9effc0 VFE...C. .F...... 320,0-380,57 #7f0a0008 app:id/menu_title_tv} [m
02-25 23:53:17.027 D/FrameworkPage( 2257): [0;32;31m[main][com.huawei.mh2.launcher.page.FrameworkPage][onFocusChange][-1]:launcher:v=com.huawei.mh2.launcher.a.n{2c9effc0 VFE...C. .F....ID 320,0-380,57 #7f0a0008 app:id/menu_title_tv} [m
02-25 23:53:17.028 D/MainActivity( 2257): [0;32;31m[main][com.huawei.mh2.launcher.MainActivity][dispatchKeyEvent][-1]:launcher:keycode=22 [m
02-25 23:53:17.031 D/dalvikvm(14566): GC_CONCURRENT freed 98K, 16% free 566K/668K, paused 0ms+1ms, total 4ms
02-25 23:53:17.037 I/MyGallery( 2257): setMode 2
02-25 23:53:17.038 D/FrameworkPage( 2257): [0;32;31m[main][com.huawei.mh2.launcher.page.FrameworkPage][b][-1]:launcher:currentIndex=1 nextIndex=2 [m
02-25 23:53:17.039 D/j       ( 2257): [0;32;31m[main][net.sunniwell.ui.g][b][-1]:launcher:offsetWidth=-43 offsetHeight=0 resizeImmediate=false [m
02-25 23:53:17.039 D/j       ( 2257): [0;32;31m[main][net.sunniwell.ui.g][a][-1]:launcher:offsetLeft=104 offsetTop=0 moveImmediate=false [m
02-25 23:53:17.040 D/j       ( 2257): [0;32;31m[main][net.sunniwell.ui.d][a][-1]:launcher:immediate=false isChanged=true [m
02-25 23:53:17.041 D/j       ( 2257): [0;32;31m[main][com.huawei.mh2.launcher.j][a][-1]:launcher:changed=true [m
02-25 23:53:17.052 D/j       ( 2257): [0;32;31m[main][net.sunniwell.ui.g][b][-1]:launcher:offsetWidth=-15 offsetHeight=0 resizeImmediate=false [m
02-25 23:53:17.053 D/j       ( 2257): [0;32;31m[main][net.sunniwell.ui.g][a][-1]:launcher:offsetLeft=36 offsetTop=0 moveImmediate=false [m
02-25 23:53:17.054 D/j       ( 2257): [0;32;31m[main][net.sunniwell.ui.d][a][-1]:launcher:immediate=false isChanged=true [m
02-25 23:53:17.055 D/j       ( 2257): [0;32;31m[main][com.huawei.mh2.launcher.j][a][-1]:launcher:changed=true [m
02-25 23:53:17.067 D/j       ( 2257): [0;32;31m[main][net.sunniwell.ui.g][b][-1]:launcher:offsetWidth=-7 offsetHeight=0 resizeImmediate=false [m
02-25 23:53:17.068 D/j       ( 2257): [0;32;31m[main][net.sunniwell.ui.g][a][-1]:launcher:offsetLeft=13 offsetTop=0 moveImmediate=false [m
02-25 23:53:17.069 D/j       ( 2257): [0;32;31m[main][net.sunniwell.ui.d][a][-1]:launcher:immediate=false isChanged=true [m
02-25 23:53:17.070 D/j       ( 2257): [0;32;31m[main][com.huawei.mh2.launcher.j][a][-1]:launcher:changed=true [m
02-25 23:53:17.085 D/j       ( 2257): [0;32;31m[main][net.sunniwell.ui.g][b][-1]:launcher:offsetWidth=0 offsetHeight=0 resizeImmediate=false [m
02-25 23:53:17.085 D/j       ( 2257): [0;32;31m[main][net.sunniwell.ui.g][a][-1]:launcher:offsetLeft=7 offsetTop=0 moveImmediate=false [m
02-25 23:53:17.086 D/j       ( 2257): [0;32;31m[main][net.sunniwell.ui.d][a][-1]:launcher:immediate=false isChanged=true [m
02-25 23:53:17.087 D/j       ( 2257): [0;32;31m[main][com.huawei.mh2.launcher.j][a][-1]:launcher:changed=true [m
02-25 23:53:17.104 I/MyGallery( 2257): setMode 5
02-25 23:53:17.104 D/j       ( 2257): [0;32;31m[main][net.sunniwell.ui.g][b][-1]:launcher:offsetWidth=0 offsetHeight=0 resizeImmediate=false [m
02-25 23:53:17.105 D/j       ( 2257): [0;32;31m[main][net.sunniwell.ui.g][a][-1]:launcher:offsetLeft=0 offsetTop=0 moveImmediate=false [m
02-25 23:53:17.106 D/j       ( 2257): [0;32;31m[main][net.sunniwell.ui.d][a][-1]:launcher:immediate=false isChanged=false [m
02-25 23:53:17.106 D/j       ( 2257): [0;32;31m[main][com.huawei.mh2.launcher.j][a][-1]:launcher:changed=false [m
02-25 23:53:17.107 D/FrameworkPage( 2257): [0;32;31m[main][com.huawei.mh2.launcher.page.FrameworkPage][a][-1]:launcher:currentIndex=1 nextIndex=2 [m
02-25 23:53:17.113 D/j       ( 2257): [0;32;31m[main][net.sunniwell.ui.g][a][-1]:launcher:anchorView=com.huawei.mh2.launcher.a.n{2c9effc0 VFE...C. .F...... 320,0-380,57 #7f0a0008 app:id/menu_title_tv} [m
02-25 23:53:17.205 D/j       ( 2257): [0;32;31m[main][net.sunniwell.ui.g][b][-1]:launcher:offsetWidth=0 offsetHeight=0 resizeImmediate=false [m
02-25 23:53:17.206 D/j       ( 2257): [0;32;31m[main][net.sunniwell.ui.g][a][-1]:launcher:offsetLeft=0 offsetTop=0 moveImmediate=false [m
02-25 23:53:17.207 D/j       ( 2257): [0;32;31m[main][net.sunniwell.ui.d][a][-1]:launcher:immediate=false isChanged=false [m
02-25 23:53:17.209 D/j       ( 2257): [0;32;31m[main][com.huawei.mh2.launcher.j][a][-1]:launcher:changed=false [m
02-25 23:53:17.212 I/MyGallery( 2257): setMode 0
02-25 23:53:17.367 D/SambaClientService( 2610): sendMsg2AutoScan success 10
02-25 23:53:17.367 D/SambaAutoScanHandler( 2610): AutoScanHandler MSG_AUTOSCAN_REQUEST_MOUNT
02-25 23:53:17.377 D/SambaAutoScanHandler( 2610): AutoScan Mount End
02-25 23:53:17.378 D/SambaClientService( 2610): sendMsg2AutoScan success 5
02-25 23:53:17.378 D/SambaAutoScanHandler( 2610): AutoScanHandler MSG_AUTOSCAN_REQUEST_SHARE
02-25 23:53:17.388 D/SambaAutoScanHandler( 2610): AutoScan Server End
02-25 23:53:17.388 D/SambaClientService( 2610): sendMsg2AutoScan success 4
02-25 23:53:17.388 D/SambaAutoScanHandler( 2610): AutoScanHandler MSG_AUTOSCAN_REQUEST_SERVER
02-25 23:53:17.398 D/SambaAutoScanHandler( 2610): domain = smb://WORKGROUP/
02-25 23:53:17.418 D/SambaAutoScanHandler( 2610): IPTV-PC
02-25 23:53:17.418 D/SambaAutoScanHandler( 2610): LINGER-PC
02-25 23:53:17.418 D/SambaAutoScanHandler( 2610): QUSHAN-PC
02-25 23:53:17.418 D/SambaAutoScanHandler( 2610): ROOT-PC
02-25 23:53:17.419 D/SambaClientService( 2610): sendMsg2AutoScan success 5
02-25 23:53:17.419 D/SambaAutoScanHandler( 2610): AutoScanHandler MSG_AUTOSCAN_REQUEST_SHARE
02-25 23:53:17.429 D/SambaAutoScanHandler( 2610): server = smb://IPTV-PC/
02-25 23:53:17.429 D/SambaClientService( 2610): sendMsg2AutoScan success 6
02-25 23:53:17.429 D/SambaAutoScanHandler( 2610): AutoScanHandler MSG_AUTOSCAN_REQUEST_SHARE_AUTH_FRDB
02-25 23:53:17.443 D/SambaClientService( 2610): sendMsg2AutoScan success 7
02-25 23:53:17.443 D/SambaAutoScanHandler( 2610): AutoScanHandler MSG_AUTOSCAN_REQUEST_SHARE_AUTH_FRSET
02-25 23:53:17.453 D/SambaAutoScanHandler( 2610): server = smb://IPTV-PC/
02-25 23:53:17.453 D/SambaAutoScanHandler( 2610): urlServer = smb://IPTV-PC/
02-25 23:53:19.453 E/VPP_DLNA_LOG( 2814): [VPPDLNA]:SSDP recvd bad msg code = 1
02-25 23:53:19.455 E/VPP_DLNA_LOG( 2814): [VPPDLNA]:SSDP recvd bad msg code = 1
02-25 23:53:19.458 E/VPP_DLNA_LOG( 2814): [VPPDLNA]:SSDP recvd bad msg code = 1
02-25 23:53:19.509 E/VPP_DLNA_LOG( 2814): [VPPDLNA]:SSDP recvd bad msg code = 1
02-25 23:53:19.510 E/VPP_DLNA_LOG( 2814): [VPPDLNA]:SSDP recvd bad msg code = 1
02-25 23:53:19.513 E/VPP_DLNA_LOG( 2814): [VPPDLNA]:SSDP recvd bad msg code = 1
02-25 23:53:19.674 D/AndroidRuntime(14592): 
02-25 23:53:19.674 D/AndroidRuntime(14592): >>>>>> AndroidRuntime START com.android.internal.os.RuntimeInit <<<<<<
02-25 23:53:19.676 D/AndroidRuntime(14592): CheckJNI is OFF
02-25 23:53:19.685 I/dalvikvm(14592): DexOpt: mismatch dep signature for '/system/framework/android.policy.odex'
02-25 23:53:19.685 E/dalvikvm(14592): /system/framework/services.jar odex has stale dependencies
02-25 23:53:19.686 I/dalvikvm(14592): DexOpt: mismatch dep name: '/data/dalvik-cache/system@framework@services.jar@classes.dex' vs. '/system/framework/services.odex'
02-25 23:53:19.686 E/dalvikvm(14592): /system/framework/apache-xml.jar odex has stale dependencies
02-25 23:53:19.689 I/dalvikvm(14592): DexOpt: mismatch dep name: '/data/dalvik-cache/system@framework@services.jar@classes.dex' vs. '/system/framework/services.odex'
02-25 23:53:19.689 E/dalvikvm(14592): /system/framework/webviewchromium.jar odex has stale dependencies
02-25 23:53:19.696 D/dalvikvm(14592): Trying to load lib libjavacore.so 0x0
02-25 23:53:19.700 D/dalvikvm(14592): Added shared lib libjavacore.so 0x0
02-25 23:53:19.705 D/dalvikvm(14592): Trying to load lib libnativehelper.so 0x0
02-25 23:53:19.705 D/dalvikvm(14592): Added shared lib libnativehelper.so 0x0
02-25 23:53:19.705 D/dalvikvm(14592): No JNI_OnLoad found in libnativehelper.so 0x0, skipping init
02-25 23:53:19.724 I/dalvikvm(14592): DexOpt: mismatch dep name: '/data/dalvik-cache/system@framework@services.jar@classes.dex' vs. '/system/framework/services.odex'
02-25 23:53:19.724 E/dalvikvm(14592): /system/framework/input.jar odex has stale dependencies
02-25 23:53:19.727 E/cutils-trace(14592): Error opening trace file: No such file or directory (2)
02-25 23:53:19.748 D/dalvikvm(14592): Note: class Landroid/app/ActivityManagerNative; has 179 unimplemented (abstract) methods
02-25 23:53:19.939 E/memtrack(14592): Couldn't load memtrack module (No such file or directory)
02-25 23:53:19.939 E/android.os.Debug(14592): failed to load memtrack module: -2
02-25 23:53:19.941 I/EthernetJNI(14592): Loading ethernet jni class
02-25 23:53:19.991 E/VPP_DLNA_LOG( 2814): [VPPDLNA]:SSDP recvd bad msg code = 1
02-25 23:53:19.992 E/VPP_DLNA_LOG( 2814): [VPPDLNA]:SSDP recvd bad msg code = 1
02-25 23:53:19.994 E/VPP_DLNA_LOG( 2814): [VPPDLNA]:SSDP recvd bad msg code = 1
02-25 23:53:20.013 D/AndroidRuntime(14592): Calling main entry com.android.commands.input.Input
02-25 23:53:20.013 E/VPP_DLNA_LOG( 2814): [VPPDLNA]:SSDP recvd bad msg code = 1
02-25 23:53:20.015 E/VPP_DLNA_LOG( 2814): [VPPDLNA]:SSDP recvd bad msg code = 1
02-25 23:53:20.015 I/Input   (14592): injectKeyEvent: KeyEvent { action=ACTION_DOWN, keyCode=KEYCODE_BACK, scanCode=0, metaState=0, flags=0x0, repeatCount=0, eventTime=23210190, downTime=23210190, deviceId=-1, source=0x101 }
02-25 23:53:20.017 E/VPP_DLNA_LOG( 2814): [VPPDLNA]:SSDP recvd bad msg code = 1
02-25 23:53:20.021 D/WindowManager( 1948): keyCode =4
02-25 23:53:20.021 D/WindowManager( 1948): isLockedAllKeys =0
02-25 23:53:20.021 D/WindowManager( 1948): isHandleHomeKey = 1
02-25 23:53:20.021 D/WindowManager( 1948): isHandlePowerKey ==1
02-25 23:53:20.021 D/WindowManager( 1948): isHandleSettingKey=1
02-25 23:53:20.021 D/WindowManager( 1948): handleSystemKey==1
02-25 23:53:20.022 D/WindowManager( 1948): send broadcast key press down
02-25 23:53:20.022 W/ContextImpl( 1948): Calling a method in the system process without a qualified user: android.app.ContextImpl.sendBroadcast:1168 com.android.internal.policy.impl.PhoneWindowManager.interceptKeyBeforeQueueing:4109 com.android.server.wm.InputMonitor.interceptKeyBeforeQueueing:357 com.android.server.input.InputManagerService.interceptKeyBeforeQueueing:1352 com.android.server.input.InputManagerService.nativeInjectInputEvent:-2 
02-25 23:53:20.025 D/MainActivity( 2257): [0;32;31m[main][com.huawei.mh2.launcher.MainActivity][dispatchKeyEvent][-1]:launcher:keycode=4 [m
02-25 23:53:20.026 I/Input   (14592): injectKeyEvent: KeyEvent { action=ACTION_UP, keyCode=KEYCODE_BACK, scanCode=0, metaState=0, flags=0x0, repeatCount=0, eventTime=23210190, downTime=23210190, deviceId=-1, source=0x101 }
02-25 23:53:20.027 D/WindowManager( 1948): keyCode =4
02-25 23:53:20.027 D/WindowManager( 1948): isLockedAllKeys =0
02-25 23:53:20.027 D/WindowManager( 1948): isHandleHomeKey = 1
02-25 23:53:20.027 D/WindowManager( 1948): isHandlePowerKey ==1
02-25 23:53:20.027 D/WindowManager( 1948): isHandleSettingKey=1
02-25 23:53:20.027 D/MainActivity( 2257): [0;32;31m[main][com.huawei.mh2.launcher.MainActivity][dispatchKeyEvent][-1]:launcher:request Default Focus [m
02-25 23:53:20.027 D/WindowManager( 1948): handleSystemKey==1
02-25 23:53:20.029 D/AndroidRuntime(14592): Shutting down VM
02-25 23:53:20.029 D/j       ( 2257): [0;32;31m[main][com.huawei.mh2.launcher.l][onGlobalFocusChanged][-1]:launcher:newFocus=com.huawei.mh2.launcher.a.n{2c944210 VFE...C. .F...... 0,0-120,57 #7f0a0006 app:id/menu_title_home} [m
02-25 23:53:20.030 D/j       ( 2257): [0;32;31m[main][net.sunniwell.ui.e][onGlobalFocusChanged][-1]:launcher:smoothMove [m
02-25 23:53:20.032 D/j       ( 2257): [0;32;31m[main][net.sunniwell.ui.g][a][-1]:launcher:anchorView=com.huawei.mh2.launcher.a.n{2c944210 VFE...C. .F...... 0,0-120,57 #7f0a0006 app:id/menu_title_home} [m
02-25 23:53:20.033 D/dalvikvm(14592): GC_CONCURRENT freed 98K, 16% free 566K/668K, paused 0ms+1ms, total 3ms
02-25 23:53:20.033 D/FrameworkPage( 2257): [0;32;31m[main][com.huawei.mh2.launcher.page.FrameworkPage][onFocusChange][-1]:launcher:v=com.huawei.mh2.launcher.a.n{2c944210 VFE...C. .F....ID 0,0-120,57 #7f0a0006 app:id/menu_title_home} [m
02-25 23:53:20.035 D/j       ( 2257): [0;32;31m[main][net.sunniwell.ui.d][a][-1]:launcher:setDefaultFocus com.huawei.mh2.launcher.a.n{2c944210 VFE...C. .F....ID 0,0-120,57 #7f0a0006 app:id/menu_title_home} [m
02-25 23:53:20.036 D/j       ( 2257): [0;32;31m[main][net.sunniwell.ui.g][b][-1]:launcher:anchorView=com.huawei.mh2.launcher.a.n{2c944210 VFE...C. .F....ID 0,0-120,57 #7f0a0006 app:id/menu_title_home} [m
02-25 23:53:20.037 D/MainActivity( 2257): [0;32;31m[main][com.huawei.mh2.launcher.MainActivity][dispatchKeyEvent][-1]:launcher:keycode=4 [m
02-25 23:53:20.053 D/j       ( 2257): [0;32;31m[main][net.sunniwell.ui.g][b][-1]:launcher:offsetWidth=60 offsetHeight=0 resizeImmediate=true [m
02-25 23:53:20.054 D/j       ( 2257): [0;32;31m[main][net.sunniwell.ui.g][a][-1]:launcher:offsetLeft=-320 offsetTop=0 moveImmediate=true [m
02-25 23:53:20.055 D/j       ( 2257): [0;32;31m[main][net.sunniwell.ui.d][a][-1]:launcher:immediate=true isChanged=true [m
02-25 23:53:20.055 D/j       ( 2257): [0;32;31m[main][com.huawei.mh2.launcher.j][a][-1]:launcher:changed=true [m
02-25 23:53:20.056 D/FrameworkPage( 2257): [0;32;31m[main][com.huawei.mh2.launcher.page.FrameworkPage][b][-1]:launcher:currentIndex=2 nextIndex=0 [m
02-25 23:53:20.068 D/j       ( 2257): [0;32;31m[main][net.sunniwell.ui.g][b][-1]:launcher:offsetWidth=0 offsetHeight=0 resizeImmediate=true [m
02-25 23:53:20.068 I/MyGallery( 2257): setMode 3
02-25 23:53:20.070 D/j       ( 2257): [0;32;31m[main][net.sunniwell.ui.g][a][-1]:launcher:offsetLeft=0 offsetTop=0 moveImmediate=true [m
02-25 23:53:20.071 D/j       ( 2257): [0;32;31m[main][net.sunniwell.ui.d][a][-1]:launcher:immediate=true isChanged=false [m
02-25 23:53:20.071 D/j       ( 2257): [0;32;31m[main][com.huawei.mh2.launcher.j][a][-1]:launcher:changed=false [m
02-25 23:53:20.119 I/MyGallery( 2257): setMode 4
02-25 23:53:20.120 D/FrameworkPage( 2257): [0;32;31m[main][com.huawei.mh2.launcher.page.FrameworkPage][a][-1]:launcher:currentIndex=2 nextIndex=0 [m
02-25 23:53:20.129 D/j       ( 2257): [0;32;31m[main][net.sunniwell.ui.g][a][-1]:launcher:anchorView=com.huawei.mh2.launcher.a.n{2c944210 VFE...C. .F...... 0,0-120,57 #7f0a0006 app:id/menu_title_home} [m
02-25 23:53:20.215 D/j       ( 2257): [0;32;31m[main][net.sunniwell.ui.g][b][-1]:launcher:offsetWidth=0 offsetHeight=0 resizeImmediate=false [m
02-25 23:53:20.216 D/j       ( 2257): [0;32;31m[main][net.sunniwell.ui.g][a][-1]:launcher:offsetLeft=0 offsetTop=0 moveImmediate=false [m
02-25 23:53:20.217 D/j       ( 2257): [0;32;31m[main][net.sunniwell.ui.d][a][-1]:launcher:immediate=false isChanged=false [m
02-25 23:53:20.218 D/j       ( 2257): [0;32;31m[main][com.huawei.mh2.launcher.j][a][-1]:launcher:changed=false [m
02-25 23:53:20.225 I/MyGallery( 2257): setMode 0
