02-25 23:53:07.621 D/OpenApiUtils( 2323): createChannelLabel(LocalVideo(mType=1, mId=349989700, mName=中国梦想秀之折纸狂人盼圆妻子羊驼之梦, mChannelId=6, mAlbumId=202509101, mIsSeries=true, mStartTime=0, mCornerHint=3, mPicUrl=http://pic8.ptqy.gitv.tv/image/20150225/54/4c/v_108966887_m_601_m1_354_490.jpg, mUserTags=Bundle@[size=2,com.qiyi.tv.internal.extra.EXTRA_TYPE=0],com.qiyi.tv.internal.extra.EXTRA_SOURCE_CODE=202509101]))
02-25 23:53:07.621 D/OpenApiUtils( 2323): createChannelLabel() return null
02-25 23:53:07.622 D/OpenApiUtils( 2323): createAlbum(LocalVideo(mType=1, mId=349989700, mName=中国梦想秀之折纸狂人盼圆妻子羊驼之梦, mChannelId=6, mAlbumId=202509101, mIsSeries=true, mStartTime=0, mCornerHint=3, mPicUrl=http://pic8.ptqy.gitv.tv/image/20150225/54/4c/v_108966887_m_601_m1_354_490.jpg, mUserTags=Bundle@[size=2,com.qiyi.tv.internal.extra.EXTRA_TYPE=0],com.qiyi.tv.internal.extra.EXTRA_SOURCE_CODE=202509101]))
02-25 23:53:07.622 D/OpenApiUtils( 2323): createAlbum() return qpId=202509101 name=中国梦想秀之折纸狂人盼圆妻子羊驼之梦 type=VIDEO focus= pic=http://pic8.ptqy.gitv.tv/image/20150225/54/4c/v_108966887_m_601_m1_354_490.jpg tvPic= score= pCount= desc= key= isSeries=true chnName= chnId=6 tag= exclusive=0 isDownload=false is3D=0 tvsets=0 order=1 time= tvCount=0 stream= isPurchase=0 tvQid=349989700 vid=null len= sourceCode=202509101 vType=0 playUrl=null
02-25 23:53:07.622 D/OpenApiUtils( 2323): createAlbum() return Album@2cbdd538{qpId=202509101, tvQid=349989700, vid=null, getType()=VIDEO, albumName=中国梦想秀之折纸狂人盼圆妻子羊驼之梦, tvName=, sourceCode=202509101, isPurchase()=false, isExclusive()=false, isSeries()=true, playOrder=1, tvPic=, issueTime=, playCount=, playLength=, tvCount=0, tag=, cornerMark=CORNERMARK_NO, is3D()=false, definition list=, chnId=6, chnName=, startTime=0, endTime=0, playTime=-1, canDownload=false, bkt=, area=}
02-25 23:53:07.623 D/PlayerUtils( 2323): >> startPlayerWithPlayList: albumInfo=Album@2cbdd538{qpId=202509101, tvQid=349989700, vid=null, getType()=VIDEO, albumName=中国梦想秀之折纸狂人盼圆妻子羊驼之梦, tvName=, sourceCode=202509101, isPurchase()=false, isExclusive()=false, isSeries()=true, playOrder=1, tvPic=, issueTime=, playCount=, playLength=, tvCount=0, tag=, cornerMark=CORNERMARK_NO, is3D()=false, definition list=, chnId=6, chnName=, startTime=0, endTime=0, playTime=-1, canDownload=false, bkt=, area=}, playOrder=1, from=out, playParams=PlayParams@2f2dc7d8{sourceType=OUTSIDE, playindex=0, playlist id=null, playlist name=null, is recommend=false, channel id=null, channel name=null, is picture vertical=false, from=out, playlist=[EMPTY]}
02-25 23:53:07.623 D/PlayerUtils( 2323): add clear task flag
02-25 23:53:07.623 D/PlayerUtils( 2323): fillOutsideInfoIfNeed() fill out album info!
02-25 23:53:07.626 I/ActivityManager( 1948): START u0 {flg=0x14008000 cmp=com.qiyi.tvplayer.huawei/com.qiyi.video.player.PlayerActivity (has extras)} from pid 2323
02-25 23:53:07.671 D/dalvikvm( 1948): GC_FOR_ALLOC freed 724K, 17% free 7616K/9080K, paused 44ms, total 44ms
02-25 23:53:07.675 I/QBaseActivity( 2323): onDestroy this = com.qiyi.video.player.PlayerActivity@2ef44d28
02-25 23:53:07.675 I/QBaseActivity( 2323): onDestroy refCount = 1
02-25 23:53:07.675 D/BasePlayActivity( 2323): onDestroy()
02-25 23:53:07.675 D/com.qiyi.video.player.QiyiVideoPlayer@2ef8fd30( 2323): onActivityEvent:ACTIVITY_DESTROYED
02-25 23:53:07.675 D/com.qiyi.video.player.QiyiVideoPlayer@2ef8fd30( 2323): releasePlayer mIsReleasePlayer = false
02-25 23:53:07.675 D/PlayerController[2ef8ff10]( 2323): stop(true) dump[788070160](mFirstStart=false, mTarget=3, mTargetPosition=-1, mFullscreenHintShown=false, mContinuePlaybackByUser=false, mPlayedAd=false, mPlayer=null)
02-25 23:53:07.675 D/VideoProvider( 2323): stopLoad()
02-25 23:53:07.675 D/VideoLoader( 2323): cancelLoad() mFullLoading=false, mPreLoading=false
02-25 23:53:07.675 D/VideoProvider( 2323): releaseNextLoader() mNextLoader=null
02-25 23:53:07.675 D/Playlist( 2323): clearForReload()
02-25 23:53:07.675 D/PlayerOverlay( 2323): hide()
02-25 23:53:07.675 I/AbsMenuPanel( 2323): hide
02-25 23:53:07.675 D/AbsMenuPanel( 2323): notifyVisibilityChange(false)
02-25 23:53:07.675 D/AbsPlayerOverlay( 2323): notifyMenuPanelVisibilityChange(false)
02-25 23:53:07.675 D/DispatcherCenter( 2323): onVisibilityChange(isVisible:false)
02-25 23:53:07.675 D/VideoProvider( 2323): getCurrent()
02-25 23:53:07.677 D/Playlist( 2323): getCurrent() return VideoHolder@2f0ce100{episodeReady=false, historyReady=false, mListReady=false, mSourceStub=false, position=Position(albumIndex=-1, episodeIndex=-1), video=VideoItem@2cd78840{qpId=202509101, tvQid=349989700, vid=256c33c045d36a7126ce1db2c37c0167, getType()=VIDEO, albumName=中国梦想秀第9季, tvName=折纸狂人盼圆妻子羊驼之梦 单亲醒狮团定位人生, isSeries()=true, sourceCode=202509101, playOrder=1, getAlbumSubName()=中国梦想秀第9季, mIsVipAlbum=false, isPurchase()=false, isPreview=false, isExclusive()=false, isVertical=false, canDownload()=true, isDownload=1, tvPic=, issueTime=20150225, playCount=41499, playLength=1445, tag=国语,内地,真人秀, cornerMark=CORNERMARK_1080P, definition list=2,4,5, default definition=256c33c045d36a7126ce1db2c37c0167, channelId=6, channelName=综艺, mIChannelId=null, startTime=0, endTime=0, headerTime=0, tailTime=0, tvCount=1, tvSets=0, playTime=-1, episodes=0, url=, m3u8Url = null, mRecommendationsFilled=false, mEndRecommendationsFilled=false, mVarietyName=null}}
02-25 23:53:07.679 D/PlayerController[2ef8ff10]( 2323): MenuPanel.onVisibilityChange(false): video=VideoItem@2cd78840{qpId=202509101, tvQid=349989700, vid=256c33c045d36a7126ce1db2c37c0167, getType()=VIDEO, albumName=中国梦想秀第9季, tvName=折纸狂人盼圆妻子羊驼之梦 单亲醒狮团定位人生, isSeries()=true, sourceCode=202509101, playOrder=1, getAlbumSubName()=中国梦想秀第9季, mIsVipAlbum=false, isPurchase()=false, isPreview=false, isExclusive()=false, isVertical=false, canDownload()=true, isDownload=1, tvPic=, issueTime=20150225, playCount=41499, playLength=1445, tag=国语,内地,真人秀, cornerMark=CORNERMARK_1080P, definition list=2,4,5, default definition=256c33c045d36a7126ce1db2c37c0167, channelId=6, channelName=综艺, mIChannelId=null, startTime=0, endTime=0, headerTime=0, tailTime=0, tvCount=1, tvSets=0, playTime=-1, episodes=0, url=, m3u8Url = null, mRecommendationsFilled=false, mEndRecommendationsFilled=false, mVarietyName=null}, sourceType=OUTSIDE, isPlaylistReady=false
02-25 23:53:07.679 D/MediaControllerContainer( 2323): hideHeader()
02-25 23:53:07.679 D/MediaControllerOverlay( 2323): hideHeader() mShowHeader=false
02-25 23:53:07.679 D/MediaControllerOverlay( 2323): doHide() com.qiyi.video.project.configs.huawei.layout.HuaweiMediaControllerOverlay{2f0cf9c0 G.E..... ......I. 0,0-0,0}[mState=0, mShowHeader=false, mBuffering=false, mTipShown=false, mSeeking=false, mIsFullScreen=true]
02-25 23:53:07.679 D/MediaControllerOverlay( 2323): clearHideViewMessageQueue()
02-25 23:53:07.679 D/TimedSeekBar( 2323): stopTipMode() mIsTipMode=false
02-25 23:53:07.679 D/TimedSeekBar( 2323): hide()
02-25 23:53:07.680 D/ParamsHelper( 2323): setResultCode(0)
02-25 23:53:07.680 D/MediaControllerOverlay( 2323): hideView() Views[Adtime,VideoName,Systime,Pause,Seekbar,]
02-25 23:53:07.680 D/MediaControllerOverlay( 2323): tip view id:2131100038
02-25 23:53:07.680 D/ProcessWatcher( 2323): getToken() 2257 return AccessToken@{count=4, time=1424937020688, duration=3600000, maxCount=3600000, interval=0)
02-25 23:53:07.680 D/CountDownView( 2323): hide()
02-25 23:53:07.680 D/AccessToken( 2323): increaseAccessCount() count=5
02-25 23:53:07.680 D/OpenApiBinder( 2323): invoke() end. bundle size=2
02-25 23:53:07.680 D/MediaControllerContainer( 2323): hide()
02-25 23:53:07.680 D/OpenApiBinder( 2323): invoke() end. key[com.qiyi.tv.sdk.extra.EXTRA_RESULT_CODE]=0
02-25 23:53:07.680 D/PlayerController[2ef8ff10]( 2323): release() dump[788070160](mFirstStart=false, mTarget=3, mTargetPosition=-1, mFullscreenHintShown=false, mContinuePlaybackByUser=false, mPlayedAd=false, mPlayer=null)
02-25 23:53:07.680 D/ErrorHelper( 2323): clearError()
02-25 23:53:07.680 D/ErrorDialogHelper( 2323): clearCurrentDialog: current dialog=null
02-25 23:53:07.680 D/OpenApiBinder( 2323): invoke() end. key[com.qiyi.tv.sdk.extra.EXTRA_COMMAND_CONTINUE]=false
02-25 23:53:07.680 D/LocalStorageManager( 2323): stopListening() mListening=true
02-25 23:53:07.681 D/Utils   ( 2257): dumpBundle() parseResultCode(): bundle size=2
02-25 23:53:07.681 D/Utils   ( 2257): dumpBundle() parseResultCode(): key[com.qiyi.tv.sdk.extra.EXTRA_RESULT_CODE]=0
02-25 23:53:07.681 D/Utils   ( 2257): dumpBundle() parseResultCode(): key[com.qiyi.tv.sdk.extra.EXTRA_COMMAND_CONTINUE]=false
02-25 23:53:07.681 D/ParamsHelper( 2257): parseResultCode() return 0
02-25 23:53:07.681 W/CommandRunner( 2257): executeCommand() [0] break for code=0, serverContinue=false
02-25 23:53:07.681 D/LocalStorageManager( 2323): unregisterListener(com.qiyi.video.player.app.DownloadViewManager$7@2cba2af0) return true
02-25 23:53:07.681 D/Utils   ( 2257): dumpBundle() executeCommand(): bundle size=2
02-25 23:53:07.681 D/VideoProvider( 2323): release()
02-25 23:53:07.681 D/Playlist( 2323): clear()
02-25 23:53:07.681 D/ProgressUpdater( 2323): release()
02-25 23:53:07.681 D/Utils   ( 2257): dumpBundle() executeCommand(): key[com.qiyi.tv.sdk.extra.EXTRA_RESULT_CODE]=0
02-25 23:53:07.681 D/PlayerController[2ef8ff10]( 2323): onActivityEvent(ACTIVITY_DESTROYED)
02-25 23:53:07.681 D/Utils   ( 2257): dumpBundle() executeCommand(): key[com.qiyi.tv.sdk.extra.EXTRA_COMMAND_CONTINUE]=false
02-25 23:53:07.681 D/PlayerOverlay( 2323): onActivityEvent: ACTIVITY_DESTROYED
02-25 23:53:07.681 D/ParamsHelper( 2257): setResultCode(0)
02-25 23:53:07.681 D/Utils   ( 2257): dumpBundle() parseResultCode(): bundle size=2
02-25 23:53:07.682 D/Utils   ( 2257): dumpBundle() parseResultCode(): key[com.qiyi.tv.sdk.extra.EXTRA_RESULT_CODE]=0
02-25 23:53:07.682 D/Player/PlayerView/FullScreenHint( 2323): clearBackgroundBitmap: content view={android.widget.ImageView{2f0c8290 VFED..C. ......I. 0,0-0,0 #7f060351 app:id/fullscreen_hint_content}}
02-25 23:53:07.682 D/Utils   ( 2257): dumpBundle() parseResultCode(): key[com.qiyi.tv.sdk.extra.EXTRA_COMMAND_CONTINUE]=false
02-25 23:53:07.682 D/Player/Pingback/PingbackSender( 2323): >> onActivityEvent(event:ACTIVITY_DESTROYED): now=23197857
02-25 23:53:07.682 D/ParamsHelper( 2257): parseResultCode() return 0
02-25 23:53:07.683 D/AndroidRuntime(14484): Shutting down VM
02-25 23:53:07.694 D/dalvikvm(14484): GC_CONCURRENT freed 98K, 16% free 566K/668K, paused 1ms+1ms, total 9ms
02-25 23:53:07.696 D/DispatcherCenter( 2323): unregisterPlayer(null) mPlayer=null
02-25 23:53:07.697 I/j       ( 2257): [0;32;31m[main][net.sunniwell.ui.d][c][-1]:launcher:pause [m
02-25 23:53:07.699 W/ContextImpl( 2257): Calling a method in the system process without a qualified user: android.app.ContextImpl.sendBroadcast:1168 android.content.ContextWrapper.sendBroadcast:365 android.app.ActivityThread.performPauseActivity:3061 android.app.ActivityThread.performPauseActivity:3023 android.app.ActivityThread.handlePauseActivity:3001 
02-25 23:53:07.708 I/QBaseActivity( 2323): onCreate mRefCount = 2
02-25 23:53:07.708 I/QBaseActivity( 2323): onCreate this = com.qiyi.video.player.PlayerActivity@2ca709b0
02-25 23:53:07.714 D/MovieVideoView( 2323): addCallback(com.qiyi.video.player.player.MovieVideoView$1@2dc2ca30)
02-25 23:53:07.715 D/Player/Utils( 2323): assertTrue() pass! msg=should initliaze MovieManager first!!
02-25 23:53:07.715 D/MovieVideoView( 2323): init() format=0
02-25 23:53:07.722 D/BasePlayActivity( 2323): init: get bundle=Bundle[mParcelledData.dataSize=2148]
02-25 23:53:07.742 D/Player/Pingback/PingbackSender( 2323): initialize: s1=1, s2=out, seId=null, context=com.qiyi.video.player.PlayerActivity@2ca709b0
02-25 23:53:07.743 D/Player/Pingback/PingbackSender( 2323): getS2FromScreenMode(mode:com.qiyi.video.player.QiyiVideoPlayer$ScreenMode$1@2c9c0f00, s2:out)
02-25 23:53:07.743 D/Player/Pingback/PingbackSender( 2323): getS2FromScreenMode: result=out
02-25 23:53:07.743 D/Player/Pingback/MyPingback( 2323): >> initialize(s1:1, s2:out,seId:null)
02-25 23:53:07.744 D/PlayerController[2dc33b70]( 2323): setupVideo(Bundle[{album_name=中国梦想秀之折纸狂人盼圆妻子羊驼之梦, vrsVid=null, from=out, fromWhere=out, albumInfo=qpId=202509101 name=中国梦想秀之折纸狂人盼圆妻子羊驼之梦 type=VIDEO focus= pic=http://pic8.ptqy.gitv.tv/image/20150225/54/4c/v_108966887_m_601_m1_354_490.jpg tvPic= score= pCount= desc= key= isSeries=true chnName= chnId=6 tag= exclusive=0 isDownload=false is3D=0 tvsets=0 order=1 time= tvCount=0 stream= isPurchase=0 tvQid=349989700 vid=null len= sourceCode=202509101 vType=0 playUrl=null, play_list_info=PlayParams@2cdc0950{sourceType=OUTSIDE, playindex=0, playlist id=null, playlist name=null, is recommend=false, channel id=null, channel name=null, is picture vertical=false, from=out, playlist=[EMPTY]}, vrsTvId=349989700, history=-1, videoType=2, vrsAlbumId=202509101}])
02-25 23:53:07.744 D/Player/Utils( 2323): isNetworkAvaliable() state=2, return true
02-25 23:53:07.744 D/VideoProvider( 2323): createSourceLoader(Bundle[{album_name=中国梦想秀之折纸狂人盼圆妻子羊驼之梦, vrsVid=null, from=out, fromWhere=out, albumInfo=qpId=202509101 name=中国梦想秀之折纸狂人盼圆妻子羊驼之梦 type=VIDEO focus= pic=http://pic8.ptqy.gitv.tv/image/20150225/54/4c/v_108966887_m_601_m1_354_490.jpg tvPic= score= pCount= desc= key= isSeries=true chnName= chnId=6 tag= exclusive=0 isDownload=false is3D=0 tvsets=0 order=1 time= tvCount=0 stream= isPurchase=0 tvQid=349989700 vid=null len= sourceCode=202509101 vType=0 playUrl=null, play_list_info=PlayParams@2cdc0950{sourceType=OUTSIDE, playindex=0, playlist id=null, playlist name=null, is recommend=false, channel id=null, channel name=null, is picture vertical=false, from=out, playlist=[EMPTY]}, vrsTvId=349989700, history=-1, videoType=2, vrsAlbumId=202509101}])
02-25 23:53:07.745 D/VideoProvider( 2323): createSourceLoader() sourceTypeObj=2
02-25 23:53:07.745 D/VideoProvider( 2323): createSourceLoader() playtype=OUTSIDE
02-25 23:53:07.745 D/VideoProvider( 2323): createSourceLoader() intent AlbumInfo=Album@2dd16c48{qpId=202509101, tvQid=349989700, vid=null, getType()=VIDEO, albumName=中国梦想秀之折纸狂人盼圆妻子羊驼之梦, tvName=, sourceCode=202509101, isPurchase()=false, isExclusive()=false, isSeries()=true, playOrder=1, tvPic=, issueTime=, playCount=, playLength=, tvCount=0, tag=, cornerMark=CORNERMARK_NO, is3D()=false, definition list=, chnId=6, chnName=, startTime=0, endTime=0, playTime=-1, canDownload=false, bkt=, area=}
02-25 23:53:07.746 D/VideoProvider( 2323): createSourceLoader() params=PlayParams@2cdc0950{sourceType=OUTSIDE, playindex=0, playlist id=null, playlist name=null, is recommend=false, channel id=null, channel name=null, is picture vertical=false, from=out, playlist=[EMPTY]}
02-25 23:53:07.746 D/VideoItem@2cebc788( 2323): VideoItem(com.qiyi.video.player.data.provider.VideoProvider@2cb294e0, Album@2dd16c48{qpId=202509101, tvQid=349989700, vid=null, getType()=VIDEO, albumName=中国梦想秀之折纸狂人盼圆妻子羊驼之梦, tvName=, sourceCode=202509101, isPurchase()=false, isExclusive()=false, isSeries()=true, playOrder=1, tvPic=, issueTime=, playCount=, playLength=, tvCount=0, tag=, cornerMark=CORNERMARK_NO, is3D()=false, definition list=, chnId=6, chnName=, startTime=0, endTime=0, playTime=-1, canDownload=false, bkt=, area=})
02-25 23:53:07.747 D/VideoItem@2cebc788( 2323): isTvSeries(): isSeries=true, sourceCode()=202509101, return=false
02-25 23:53:07.747 D/VideoItem@2cebc788( 2323): updatePictureUrl: isVertical=false, mPictureUrl=http://pic8.ptqy.gitv.tv/image/20150225/54/4c/v_108966887_m_601_m1_354_490.jpg
02-25 23:53:07.747 D/VideoItem@2cebc788( 2323): updateDefinitions(Album@2dd16c48, stream=)
02-25 23:53:07.747 D/Player/Data/VideoDefinition( 2323): VideoDefinition.<init>: def list=VideoDefinition{Definition[value:2, null, weight:2], }
02-25 23:53:07.747 D/Player/Data/VideoDefinition( 2323): setAutoDefinition(true)
02-25 23:53:07.748 D/Player/Data/Definition( 2323): get(4)
02-25 23:53:07.748 D/Player/Data/Definition( 2323): isDefinitionSupported(4) return true
02-25 23:53:07.748 D/Player/Data/VideoDefinition( 2323): >> getMostSuitableDefinition: all=VideoDefinition{Definition[value:2, null, weight:2], }, setting=3
02-25 23:53:07.749 D/Player/Data/VideoDefinition( 2323): closestNormal = Definition[value:2, null, weight:2],closestDolby=null,closestH265=null,setting=Definition[value:4, null, weight:3],ret=Definition[value:2, null, weight:2]
02-25 23:53:07.749 D/Player/Data/VideoDefinition( 2323): << getMostSuitableDefinition: mostSuitable=Definition[value:2, null, weight:2]
02-25 23:53:07.749 D/VideoItem@2cebc788( 2323): setCurDefinition(Definition[value:2, null, weight:2]) mVrsVidMap=null, vrsVid=null
02-25 23:53:07.749 D/VideoItem@2cebc788( 2323): setCurDefinition() mIsDolby=false, vrsVid=null, getVrsVid()=null, device support dolby=true
02-25 23:53:07.749 W/Bundle  ( 2323): Key history expected String but value was a java.lang.Integer.  The default value <null> was returned.
02-25 23:53:07.753 W/Bundle  ( 2323): Attempt to cast generated internal exception:
02-25 23:53:07.753 W/Bundle  ( 2323): java.lang.ClassCastException: java.lang.Integer cannot be cast to java.lang.String
02-25 23:53:07.753 W/Bundle  ( 2323): 	at android.os.Bundle.getString(Bundle.java:1121)
02-25 23:53:07.753 W/Bundle  ( 2323): 	at com.qiyi.video.player.data.provider.VideoProvider.fillOutInfo(VideoProvider.java:578)
02-25 23:53:07.753 W/Bundle  ( 2323): 	at com.qiyi.video.player.data.provider.VideoProvider.createSourceLoader(VideoProvider.java:510)
02-25 23:53:07.753 W/Bundle  ( 2323): 	at com.qiyi.video.player.data.provider.VideoProvider.<init>(VideoProvider.java:69)
02-25 23:53:07.753 W/Bundle  ( 2323): 	at com.qiyi.video.player.app.PlayerController.setupVideo(PlayerController.java:158)
02-25 23:53:07.753 W/Bundle  ( 2323): 	at com.qiyi.video.player.app.PlayerController.<init>(PlayerController.java:140)
02-25 23:53:07.753 W/Bundle  ( 2323): 	at com.qiyi.video.player.QiyiVideoPlayer.<init>(QiyiVideoPlayer.java:85)
02-25 23:53:07.753 W/Bundle  ( 2323): 	at com.qiyi.video.player.QiyiVideoPlayer.createVideoPlayer(QiyiVideoPlayer.java:435)
02-25 23:53:07.753 W/Bundle  ( 2323): 	at com.qiyi.video.player.BasePlayActivity.init(BasePlayActivity.java:114)
02-25 23:53:07.753 W/Bundle  ( 2323): 	at com.qiyi.video.player.BasePlayActivity.onCreate(BasePlayActivity.java:59)
02-25 23:53:07.753 W/Bundle  ( 2323): 	at android.app.Activity.performCreate(Activity.java:5231)
02-25 23:53:07.753 W/Bundle  ( 2323): 	at android.app.Instrumentation.callActivityOnCreate(Instrumentation.java:1087)
02-25 23:53:07.753 W/Bundle  ( 2323): 	at android.app.ActivityThread.performLaunchActivity(ActivityThread.java:2159)
02-25 23:53:07.753 W/Bundle  ( 2323): 	at android.app.ActivityThread.handleLaunchActivity(ActivityThread.java:2245)
02-25 23:53:07.753 W/Bundle  ( 2323): 	at android.app.ActivityThread.access$800(ActivityThread.java:135)
02-25 23:53:07.753 W/Bundle  ( 2323): 	at android.app.ActivityThread$H.handleMessage(ActivityThread.java:1196)
02-25 23:53:07.753 W/Bundle  ( 2323): 	at android.os.Handler.dispatchMessage(Handler.java:102)
02-25 23:53:07.753 W/Bundle  ( 2323): 	at android.os.Looper.loop(Looper.java:136)
02-25 23:53:07.753 W/Bundle  ( 2323): 	at android.app.ActivityThread.main(ActivityThread.java:5030)
02-25 23:53:07.753 W/Bundle  ( 2323): 	at java.lang.reflect.Method.invokeNative(Native Method)
02-25 23:53:07.753 W/Bundle  ( 2323): 	at java.lang.reflect.Method.invoke(Method.java:515)
02-25 23:53:07.753 W/Bundle  ( 2323): 	at com.android.internal.os.ZygoteInit$MethodAndArgsCaller.run(ZygoteInit.java:785)
02-25 23:53:07.753 W/Bundle  ( 2323): 	at com.android.internal.os.ZygoteInit.main(ZygoteInit.java:601)
02-25 23:53:07.753 W/Bundle  ( 2323): 	at dalvik.system.NativeStart.main(Native Method)
02-25 23:53:07.753 W/Player/Utils( 2323): parse(null) error!
02-25 23:53:07.753 D/VideoItem@2cebc788( 2323): setVideoPlayTime(-1)
02-25 23:53:07.754 D/VideoProvider( 2323): fillOutInfo() vrsAlbumId=202509101, vrsTvId=349989700, videoProgress=null, vrsVid=null, albumName=中国梦想秀之折纸狂人盼圆妻子羊驼之梦
02-25 23:53:07.755 D/VideoProvider( 2323): createSourceLoader() return com.qiyi.video.player.data.loader.OutsideLoader@2efaf948, video=VideoItem@2cebc788{qpId=202509101, tvQid=349989700, vid=null, getType()=VIDEO, albumName=中国梦想秀之折纸狂人盼圆妻子羊驼之梦, tvName=, isSeries()=true, sourceCode=202509101, playOrder=1, getAlbumSubName()=中国梦想秀之折纸狂人盼圆妻子羊驼之梦, mIsVipAlbum=false, isPurchase()=false, isPreview=false, isExclusive()=false, isVertical=false, canDownload()=false, isDownload=0, tvPic=, issueTime=, playCount=, playLength=, tag=, cornerMark=CORNERMARK_NO, definition list=, default definition=null, channelId=6, channelName=, mIChannelId=null, startTime=0, endTime=0, headerTime=0, tailTime=0, tvCount=0, tvSets=0, playTime=-1, episodes=0, url=, m3u8Url = null, mRecommendationsFilled=false, mEndRecommendationsFilled=false, mVarietyName=null}
02-25 23:53:07.755 D/Playlist( 2323): Position(-1, -1)
02-25 23:53:07.756 D/Playlist( 2323): Position(-1, -1)
02-25 23:53:07.756 D/Player/Utils( 2323): assertTrue() pass! msg=should keep mCurrent is not NULL!
02-25 23:53:07.756 D/VideoProvider( 2323): addListener(com.qiyi.video.player.app.PlayerController$1@2dbaecb0)
02-25 23:53:07.756 D/Observable<T>( 2323): addListener(com.qiyi.video.player.app.PlayerController$1@2dbaecb0) return true
02-25 23:53:07.756 D/PlayerOverlay( 2323):  PlayerOverlay.<init>: mSourceType=OUTSIDE, initByWindowMode=false
02-25 23:53:07.756 D/MediaControllerContainer( 2323): setWindowMode(true)
02-25 23:53:07.756 D/MediaControllerContainer( 2323): setOnUserPlayPauseListener(com.qiyi.video.player.ui.layout.PlayerOverlay$8@2dd41268) size=0
02-25 23:53:07.757 D/MediaControllerContainer( 2323): setOnUserSeekListener(com.qiyi.video.player.ui.layout.PlayerOverlay$5@2dd7b2e0) size=0
02-25 23:53:07.757 D/MediaControllerContainer( 2323): updateView(false, OUTSIDE) 1, config show 3d = true
02-25 23:53:07.757 D/MediaControllerContainer( 2323): clear()
02-25 23:53:07.776 I/HaloSeekBar( 2323): mThumb padding = Rect(2, 5 - 2, 6)
02-25 23:53:07.793 E/VPP_DLNA_LOG( 2814): [VPPDLNA]:SSDP recvd bad msg code = 1
02-25 23:53:07.794 E/VPP_DLNA_LOG( 2814): [VPPDLNA]:SSDP recvd bad msg code = 1
02-25 23:53:07.797 E/VPP_DLNA_LOG( 2814): [VPPDLNA]:SSDP recvd bad msg code = 1
02-25 23:53:07.809 D/VolumeView( 2323): showVolume() mCurVolume=0, mMaxVolume=0
02-25 23:53:07.833 I/HaloSeekBar( 2323): mThumb padding = Rect(2, 5 - 2, 6)
02-25 23:53:07.844 D/SambaClientService( 2610): runNetTimer::run
02-25 23:53:07.844 D/SambaClientService( 2610): sendMsg2NetScan success 0
02-25 23:53:07.844 D/SambaNetScanHandler( 2610): NetScanHandler MSG_NETSCAN_START
02-25 23:53:07.853 E/VPP_DLNA_LOG( 2814): [VPPDLNA]:SSDP recvd bad msg code = 1
02-25 23:53:07.855 E/VPP_DLNA_LOG( 2814): [VPPDLNA]:SSDP recvd bad msg code = 1
02-25 23:53:07.856 E/VPP_DLNA_LOG( 2814): [VPPDLNA]:SSDP recvd bad msg code = 1
02-25 23:53:07.861 D/VolumeView( 2323): showVolume() mCurVolume=0, mMaxVolume=0
02-25 23:53:07.866 D/SambaNetScanHandler( 2610): sendBroadcast SAMBA_DISCOVERED
02-25 23:53:07.867 W/ContextImpl( 2610): Calling a method in the system process without a qualified user: android.app.ContextImpl.sendBroadcast:1168 android.content.ContextWrapper.sendBroadcast:365 com.huawei.sambaclient.service.SambaClientService$NetScanHandler.handleMessage:4040 android.os.Handler.dispatchMessage:102 android.os.Looper.loop:136 
02-25 23:53:07.869 D/AbsMediaController( 2323): setOnUserPlayPauseListener(com.qiyi.video.player.ui.layout.MediaControllerContainer$1@2dbdb408)
02-25 23:53:07.869 D/AbsMediaController( 2323): setOnUserSeekListener(com.qiyi.video.player.ui.layout.MediaControllerContainer$2@2dbac2b8)
02-25 23:53:07.869 D/MediaControllerOverlay( 2323): setThreeDimensional(false)
02-25 23:53:07.869 D/EnhancedTextView( 2323): setThreeDimensional(false)
02-25 23:53:07.869 D/EnhancedTextView( 2323): setThreeDimensional(false)
02-25 23:53:07.869 D/EnhancedTextView( 2323): setThreeDimensional(false)
02-25 23:53:07.869 D/EnhancedTextView( 2323): setThreeDimensional(false)
02-25 23:53:07.869 D/EnhancedImageView( 2323): setThreeDimensional(false)
02-25 23:53:07.870 D/EnhancedImageView( 2323): setThreeDimensional mWidth = 203
02-25 23:53:07.870 D/EnhancedImageView( 2323): setThreeDimensional lp.width = 203
02-25 23:53:07.870 D/EnhancedImageView( 2323): setThreeDimensional(false)
02-25 23:53:07.870 D/EnhancedImageView( 2323): setThreeDimensional mWidth = 195
02-25 23:53:07.870 D/EnhancedImageView( 2323): setThreeDimensional lp.width = 195
02-25 23:53:07.870 D/EnhancedImageView( 2323): setThreeDimensional(false)
02-25 23:53:07.870 D/EnhancedImageView( 2323): setThreeDimensional mWidth = 56
02-25 23:53:07.870 D/EnhancedImageView( 2323): setThreeDimensional lp.width = 56
02-25 23:53:07.870 D/MediaControllerOverlay( 2323): setMaxVolume(0)
02-25 23:53:07.870 D/VolumeView( 2323): setMaxVolume(0)
02-25 23:53:07.870 D/MediaControllerOverlay( 2323): setVideoInfo(null, 0, 0)
02-25 23:53:07.872 I/AbsMenuPanel( 2323): hide
02-25 23:53:07.872 D/AbsMenuPanel( 2323): notifyVisibilityChange(false)
02-25 23:53:07.872 D/AbsPlayerOverlay( 2323): notifyMenuPanelVisibilityChange(false)
02-25 23:53:07.872 D/MediaControllerContainer( 2323): hideHeader()
02-25 23:53:07.872 D/MediaControllerOverlay( 2323): hideHeader() mShowHeader=false
02-25 23:53:07.872 D/MediaControllerOverlay( 2323): doHide() com.qiyi.video.project.configs.huawei.layout.HuaweiMediaControllerOverlay{2cafa3b0 G.E..... ......I. 0,0-0,0}[mState=0, mShowHeader=false, mBuffering=false, mTipShown=false, mSeeking=false, mIsFullScreen=true]
02-25 23:53:07.872 D/MediaControllerOverlay( 2323): clearHideViewMessageQueue()
02-25 23:53:07.872 D/TimedSeekBar( 2323): stopTipMode() mIsTipMode=false
02-25 23:53:07.872 D/TimedSeekBar( 2323): hide()
02-25 23:53:07.872 D/MediaControllerOverlay( 2323): hideView() Views[Adtime,VideoName,Systime,Pause,Seekbar,]
02-25 23:53:07.872 D/MediaControllerOverlay( 2323): tip view id:2131100038
02-25 23:53:07.873 D/CountDownView( 2323): hide()
02-25 23:53:07.873 D/AbsPlayerOverlay( 2323): setOnUserDefinitionChangeListener(com.qiyi.video.player.app.PlayerController$7@2ef32d18)
02-25 23:53:07.873 D/AbsPlayerOverlay( 2323): setOnUserPlayPauseListener(com.qiyi.video.player.app.PlayerController$3@2dc36460)
02-25 23:53:07.873 D/DownloadViewManager( 2323): >> setDownloadView: old={null}, new={null}
02-25 23:53:07.873 D/BufferUpdater( 2323): addListener(com.qiyi.video.player.app.PlayerController$9@2f08d688)
02-25 23:53:07.874 D/BufferUpdater( 2323): startAutomatically() mPlayer=null, mListener=[com.qiyi.video.player.app.PlayerController$9@2f08d688]
02-25 23:53:07.875 D/MediaControllerContainer( 2323): setMaxVolume(15)
02-25 23:53:07.875 D/MediaControllerOverlay( 2323): setMaxVolume(15)
02-25 23:53:07.875 D/VolumeView( 2323): setMaxVolume(15)
02-25 23:53:07.875 D/ProgressUpdater( 2323): addOverlay(com.qiyi.video.player.ui.layout.PlayerOverlay@2da9c2d8)
02-25 23:53:07.875 D/ProgressUpdater( 2323): addOverlay(com.qiyi.video.player.app.EventInput@2f0b5fd8)
02-25 23:53:07.875 D/Observable<T>( 2323): addListener(com.qiyi.video.player.app.PlayerController$15@2dd38ba8) return true
02-25 23:53:07.875 D/Observable<T>( 2323): addListener(com.qiyi.video.player.app.PlayerController$16@2dc33c58) return true
02-25 23:53:07.875 D/Observable<T>( 2323): addListener(com.qiyi.video.player.app.HistoryRecorder@2dd44f80) return true
02-25 23:53:07.875 D/Observable<T>( 2323): addListener(com.qiyi.video.player.app.ProjectEventReporter@2dd44f68) return true
02-25 23:53:07.876 D/Observable<T>( 2323): addListener(com.qiyi.video.player.app.ScreenSaverStarter@2f0b5fc0) return true
02-25 23:53:07.876 D/Observable<T>( 2323): addListener(com.qiyi.video.player.app.ErrorHelper@2db350e8) return true
02-25 23:53:07.876 D/Observable<T>( 2323): addListener(com.qiyi.video.player.app.ProgressUpdater@2ef31db8) return true
02-25 23:53:07.876 D/Observable<T>( 2323): addListener(com.qiyi.video.player.app.PingbackSender@2cb25750) return true
02-25 23:53:07.876 D/Observable<T>( 2323): addListener(com.qiyi.video.player.app.MessageReminder@2ef31d58) return true
02-25 23:53:07.876 D/Observable<T>( 2323): addListener(com.qiyi.video.player.app.BufferUpdater@2ca7fa90) return true
02-25 23:53:07.876 D/Observable<T>( 2323): addListener(com.qiyi.video.player.app.PlayerStatusRecorder@2dc084f0) return true
02-25 23:53:07.876 D/Observable<T>( 2323): addListener(com.qiyi.video.player.app.BufferUpdater@2ca7fa90) return true
02-25 23:53:07.876 D/Observable<T>( 2323): addListener(com.qiyi.video.player.app.ProjectEventReporter@2dd44f68) return true
02-25 23:53:07.876 D/Observable<T>( 2323): addListener(com.qiyi.video.player.app.MessageReminder@2ef31d58) return true
02-25 23:53:07.876 D/Observable<T>( 2323): addListener(com.qiyi.video.player.app.PingbackSender@2cb25750) return true
02-25 23:53:07.877 D/Observable<T>( 2323): addListener(com.qiyi.video.player.app.PlayerController$20@2cab5b48) return true
02-25 23:53:07.877 D/Observable<T>( 2323): addListener(com.qiyi.video.player.app.PlayerStatusRecorder@2dc084f0) return true
02-25 23:53:07.877 D/Observable<T>( 2323): addListener(com.qiyi.video.player.app.HistoryRecorder@2dd44f80) return true
02-25 23:53:07.877 D/Observable<T>( 2323): addListener(com.qiyi.video.player.app.ProjectEventReporter@2dd44f68) return true
02-25 23:53:07.877 D/Observable<T>( 2323): addListener(com.qiyi.video.player.app.PingbackSender@2cb25750) return true
02-25 23:53:07.877 D/Observable<T>( 2323): addListener(com.qiyi.video.player.app.MessageReminder@2ef31d58) return true
02-25 23:53:07.877 D/Observable<T>( 2323): addListener(com.qiyi.video.player.app.PlayerStatusRecorder@2dc084f0) return true
02-25 23:53:07.877 D/Observable<T>( 2323): addListener(com.qiyi.video.player.app.PlayerController$17@2ca27f08) return true
02-25 23:53:07.877 D/Observable<T>( 2323): addListener(com.qiyi.video.player.app.MessageReminder@2ef31d58) return true
02-25 23:53:07.877 D/Observable<T>( 2323): addListener(com.qiyi.video.player.app.PingbackSender@2cb25750) return true
02-25 23:53:07.877 D/Observable<T>( 2323): addListener(com.qiyi.video.player.app.PlayerStatusRecorder@2dc084f0) return true
02-25 23:53:07.878 D/Observable<T>( 2323): addListener(com.qiyi.video.player.app.PlayerController$19@2ca8cb70) return true
02-25 23:53:07.878 D/Observable<T>( 2323): addListener(com.qiyi.video.player.app.PingbackSender@2cb25750) return true
02-25 23:53:07.878 D/Observable<T>( 2323): addListener(com.qiyi.video.player.app.PlayerStatusRecorder@2dc084f0) return true
02-25 23:53:07.878 D/Observable<T>( 2323): addListener(com.qiyi.video.player.app.PlayerController$18@2cbba300) return true
02-25 23:53:07.878 D/Observable<T>( 2323): addListener(com.qiyi.video.player.app.PlayerController$2@2daed510) return true
02-25 23:53:07.879 D/Observable<T>( 2323): addListener(com.qiyi.video.player.app.ProgressUpdater@2ef31db8) return true
02-25 23:53:07.879 D/Observable<T>( 2323): addListener(com.qiyi.video.player.app.PingbackSender@2cb25750) return true
02-25 23:53:07.879 D/Observable<T>( 2323): addListener(com.qiyi.video.player.app.PlayerStatusRecorder@2dc084f0) return true
02-25 23:53:07.879 D/Observable<T>( 2323): addListener(com.qiyi.video.player.app.PlayerController$6@2dd32f60) return true
02-25 23:53:07.879 D/Observable<T>( 2323): addListener(com.qiyi.video.player.app.PingbackSender@2cb25750) return true
02-25 23:53:07.879 D/Observable<T>( 2323): addListener(com.qiyi.video.player.app.PlayerStatusRecorder@2dc084f0) return true
02-25 23:53:07.879 D/Observable<T>( 2323): addListener(com.qiyi.video.player.app.PlayerController$5@2ef5e590) return true
02-25 23:53:07.879 D/Observable<T>( 2323): addListener(com.qiyi.video.player.app.PingbackSender@2cb25750) return true
02-25 23:53:07.879 D/Observable<T>( 2323): addListener(com.qiyi.video.player.app.PlayerStatusRecorder@2dc084f0) return true
02-25 23:53:07.879 D/Observable<T>( 2323): addListener(com.qiyi.video.player.app.PlayerController$4@2dd0e508) return true
02-25 23:53:07.879 D/Observable<T>( 2323): addListener(com.qiyi.video.player.app.PingbackSender@2cb25750) return true
02-25 23:53:07.879 D/Observable<T>( 2323): addListener(com.qiyi.video.player.app.ProgressUpdater@2ef31db8) return true
02-25 23:53:07.880 D/Observable<T>( 2323): addListener(com.qiyi.video.player.app.MessageReminder@2ef31d58) return true
02-25 23:53:07.880 D/Observable<T>( 2323): addListener(com.qiyi.video.player.app.ProgressUpdater@2ef31db8) return true
02-25 23:53:07.880 D/Observable<T>( 2323): addListener(com.qiyi.video.player.app.PingbackSender@2cb25750) return true
02-25 23:53:07.880 D/Observable<T>( 2323): addListener(com.qiyi.video.player.app.PlayerStatusRecorder@2dc084f0) return true
02-25 23:53:07.880 D/Observable<T>( 2323): addListener(com.qiyi.video.player.app.MessageReminder@2ef31d58) return true
02-25 23:53:07.880 D/Observable<T>( 2323): addListener(com.qiyi.video.player.app.PingbackSender@2cb25750) return true
02-25 23:53:07.880 D/Observable<T>( 2323): addListener(com.qiyi.video.player.app.PlayerStatusRecorder@2dc084f0) return true
02-25 23:53:07.880 D/Observable<T>( 2323): addListener(com.qiyi.video.player.app.PingbackSender@2cb25750) return true
02-25 23:53:07.880 D/Observable<T>( 2323): addListener(com.qiyi.video.player.app.PlayerStatusRecorder@2dc084f0) return true
02-25 23:53:07.880 D/Observable<T>( 2323): addListener(com.qiyi.video.player.app.PingbackSender@2cb25750) return true
02-25 23:53:07.881 D/Observable<T>( 2323): addListener(com.qiyi.video.player.app.PlayerStatusRecorder@2dc084f0) return true
02-25 23:53:07.881 D/Observable<T>( 2323): addListener(com.qiyi.video.player.app.PlayerController$12@2cd16bb0) return true
02-25 23:53:07.881 D/Observable<T>( 2323): addListener(com.qiyi.video.player.app.PingbackSender@2cb25750) return true
02-25 23:53:07.881 D/Observable<T>( 2323): addListener(com.qiyi.video.player.app.BufferUpdater@2ca7fa90) return true
02-25 23:53:07.881 D/AbsHybridPlayer[2cd8a018]( 2323): AbsHybridPlayer(true) mMainHandler=Handler (android.os.Handler) {2cb449d0}
02-25 23:53:07.881 D/MovieVideoView( 2323): addCallback(com.qiyi.video.player.player.MoviePlayer$1@2f194910)
02-25 23:53:07.881 D/DispatcherCenter( 2323): registerPlayer(MoviePlayer@2cd8a018, player type=-1) mPlayer=null
02-25 23:53:07.881 D/DispatcherCenter( 2323): unregisterPlayer(MoviePlayer@2cd8a018, player type=-1) mPlayer=null
02-25 23:53:07.882 D/DispatcherCenter( 2323): registerPlayer() new player=MoviePlayer@2cd8a018, player type=-1
02-25 23:53:07.882 D/AbsHybridPlayer[2cd8a018]( 2323): setOnBitStreamChangedListener(com.qiyi.video.player.app.DispatcherCenter$OnBitStreamChangedDispatcher@2db89a40)
02-25 23:53:07.882 D/AbsHybridPlayer[2cd8a018]( 2323): setOnBufferChangedListener(com.qiyi.video.player.app.DispatcherCenter$OnBufferChangedDispatcher@2efc3db8)
02-25 23:53:07.882 D/AbsHybridPlayer[2cd8a018]( 2323): setOnInfoListener(com.qiyi.video.player.app.DispatcherCenter$OnInfoDispatcher@2f09f7e0)
02-25 23:53:07.882 D/AbsHybridPlayer[2cd8a018]( 2323): setOnPlayNextListener(com.qiyi.video.player.app.DispatcherCenter$OnPlayNextDispatcher@2f22c468)
02-25 23:53:07.882 D/AbsHybridPlayer[2cd8a018]( 2323): setOnSeekChangedListener(com.qiyi.video.player.app.DispatcherCenter$OnSeekChangedDispatcher@2f193f90)
02-25 23:53:07.882 D/AbsHybridPlayer[2cd8a018]( 2323): setOnStateChangedListener(com.qiyi.video.player.app.DispatcherCenter$OnStateChangedDispatcher@2cbf7d08)
02-25 23:53:07.882 D/AbsHybridPlayer[2cd8a018]( 2323): setOnSubtitleUpdateListener(com.qiyi.video.player.app.DispatcherCenter$OnSubtitleUpdateDispatcher@2f2004a8)
02-25 23:53:07.882 D/AbsHybridPlayer[2cd8a018]( 2323): setOnVideoSizeChangedListener(com.qiyi.video.player.app.DispatcherCenter$OnVideoSizeChangedDispatcher@2f1e8070)
02-25 23:53:07.883 D/AbsHybridPlayer[2cd8a018]( 2323): setOnCacheUpdateListener(com.qiyi.video.player.app.DispatcherCenter$OnCacheUpdateDispatcher@2cef0ff8)
02-25 23:53:07.883 D/AbsHybridPlayer[2cd8a018]( 2323): setOnPreprocessListener(com.qiyi.video.player.app.DispatcherCenter$OnPreprocessDispatcher@2cac7010)
02-25 23:53:07.883 D/AbsPlayerOverlay( 2323): setOnUserSeekListener(com.qiyi.video.player.app.DispatcherCenter$OnUserSeekDispatcher@2f230ad0)
02-25 23:53:07.883 D/AbsPlayerOverlay( 2323): setOnUserVideoChangeListener(com.qiyi.video.player.app.DispatcherCenter$OnUserVideoChangeDispatcher@2ca9dc40)
02-25 23:53:07.883 D/com.qiyi.video.player.QiyiVideoPlayer@2efb0110( 2323): setOnUserVideoChangeListener:com.qiyi.video.player.app.DispatcherCenter$OnUserVideoChangeDispatcher@2ca9dc40
02-25 23:53:07.883 D/AbsPlayerOverlay( 2323): setOnUserReplayListener(com.qiyi.video.player.app.DispatcherCenter$OnUserReplayDispatcher@2cac6648)
02-25 23:53:07.883 D/AbsPlayerOverlay( 2323): setOnUserSkipHeadTailChangeListener(com.qiyi.video.player.app.DispatcherCenter$OnUserSkipHeadTailChangeDispatcher@2cad1210)
02-25 23:53:07.883 D/AbsPlayerOverlay( 2323): setBottomPanelListener(com.qiyi.video.player.app.DispatcherCenter$OnBottomPanelEventDispatcher@2cac9a98)
02-25 23:53:07.883 D/AbsPlayerOverlay( 2323): setOnUserDefinitionChangeListener(com.qiyi.video.player.app.DispatcherCenter$OnMenuPanelVisibilityChangeDispatcher@2cadfdf0)
02-25 23:53:07.884 D/VideoProvider( 2323): startLoad() mCurrentLoader=com.qiyi.video.player.data.loader.OutsideLoader@2efaf948
02-25 23:53:07.884 D/VideoLoader( 2323): fullLoad() mFullLoading=false, mPreLoading=false
02-25 23:53:07.884 D/VideoLoader( 2323): preLoad() mFullLoading=false, mPreLoading=false
02-25 23:53:07.896 D/FetchVrsDefinitionHeadTailJob( 2323): <init>(VideoItem@2cebc788{qpId=202509101, tvQid=349989700, vid=null, getType()=VIDEO, albumName=中国梦想秀之折纸狂人盼圆妻子羊驼之梦, tvName=, isSeries()=true, sourceCode=202509101, playOrder=1, getAlbumSubName()=中国梦想秀之折纸狂人盼圆妻子羊驼之梦, mIsVipAlbum=false, isPurchase()=false, isPreview=false, isExclusive()=false, isVertical=false, canDownload()=false, isDownload=0, tvPic=, issueTime=, playCount=, playLength=, tag=, cornerMark=CORNERMARK_NO, definition list=, default definition=null, channelId=6, channelName=, mIChannelId=null, startTime=0, endTime=0, headerTime=0, tailTime=0, tvCount=0, tvSets=0, playTime=-1, episodes=0, url=, m3u8Url = null, mRecommendationsFilled=false, mEndRecommendationsFilled=false, mVarietyName=null}, , )
02-25 23:53:07.897 D/VideoJobSwitcher( 2323): link(com.qiyi.video.player.data.loader.OutsideLoader$2@2dd7b998, Job(mState=0, mData=VideoItem@2cebc788{qpId=202509101, tvQid=349989700, vid=null, getType()=VIDEO, albumName=中国梦想秀之折纸狂人盼圆妻子羊驼之梦, tvName=, isSeries()=true, sourceCode=202509101, playOrder=1, getAlbumSubName()=中国梦想秀之折纸狂人盼圆妻子羊驼之梦, mIsVipAlbum=false, isPurchase()=false, isPreview=false, isExclusive()=false, isVertical=false, canDownload()=false, isDownload=0, tvPic=, issueTime=, playCount=, playLength=, tag=, cornerMark=CORNERMARK_NO, definition list=, default definition=null, channelId=6, channelName=, mIChannelId=null, startTime=0, endTime=0, headerTime=0, tailTime=0, tvCount=0, tvSets=0, playTime=-1, episodes=0, url=, m3u8Url = null, mRecommendationsFilled=false, mEndRecommendationsFilled=false, mVarietyName=null}, mError=null)[com.qiyi.video.player.data.job.FetchHistoryOfAlbumJob@2dafb6e0])
02-25 23:53:07.899 D/VideoJobSwitcher( 2323): link(com.qiyi.video.player.data.loader.OutsideLoader$1@2dd7c458, Job(mState=0, mData=VideoItem@2cebc788{qpId=202509101, tvQid=349989700, vid=null, getType()=VIDEO, albumName=中国梦想秀之折纸狂人盼圆妻子羊驼之梦, tvName=, isSeries()=true, sourceCode=202509101, playOrder=1, getAlbumSubName()=中国梦想秀之折纸狂人盼圆妻子羊驼之梦, mIsVipAlbum=false, isPurchase()=false, isPreview=false, isExclusive()=false, isVertical=false, canDownload()=false, isDownload=0, tvPic=, issueTime=, playCount=, playLength=, tag=, cornerMark=CORNERMARK_NO, definition list=, default definition=null, channelId=6, channelName=, mIChannelId=null, startTime=0, endTime=0, headerTime=0, tailTime=0, tvCount=0, tvSets=0, playTime=-1, episodes=0, url=, m3u8Url = null, mRecommendationsFilled=false, mEndRecommendationsFilled=false, mVarietyName=null}, mError=null)[com.qiyi.video.player.data.job.FetchHistoryJob@2f0f3488])
02-25 23:53:07.901 D/VideoJobSwitcher( 2323): link(null, Job(mState=0, mData=VideoItem@2cebc788{qpId=202509101, tvQid=349989700, vid=null, getType()=VIDEO, albumName=中国梦想秀之折纸狂人盼圆妻子羊驼之梦, tvName=, isSeries()=true, sourceCode=202509101, playOrder=1, getAlbumSubName()=中国梦想秀之折纸狂人盼圆妻子羊驼之梦, mIsVipAlbum=false, isPurchase()=false, isPreview=false, isExclusive()=false, isVertical=false, canDownload()=false, isDownload=0, tvPic=, issueTime=, playCount=, playLength=, tag=, cornerMark=CORNERMARK_NO, definition list=, default definition=null, channelId=6, channelName=, mIChannelId=null, startTime=0, endTime=0, headerTime=0, tailTime=0, tvCount=0, tvSets=0, playTime=-1, episodes=0, url=, m3u8Url = null, mRecommendationsFilled=false, mEndRecommendationsFilled=false, mVarietyName=null}, mError=null)[com.qiyi.video.player.data.job.FetchAlbumInfoJob@2cb2b188])
02-25 23:53:07.902 D/VideoJobSwitcher( 2323): link(com.qiyi.video.player.data.loader.OutsideLoader$3@2dd7b6e8, Job(mState=0, mData=VideoItem@2cebc788{qpId=202509101, tvQid=349989700, vid=null, getType()=VIDEO, albumName=中国梦想秀之折纸狂人盼圆妻子羊驼之梦, tvName=, isSeries()=true, sourceCode=202509101, playOrder=1, getAlbumSubName()=中国梦想秀之折纸狂人盼圆妻子羊驼之梦, mIsVipAlbum=false, isPurchase()=false, isPreview=false, isExclusive()=false, isVertical=false, canDownload()=false, isDownload=0, tvPic=, issueTime=, playCount=, playLength=, tag=, cornerMark=CORNERMARK_NO, definition list=, default definition=null, channelId=6, channelName=, mIChannelId=null, startTime=0, endTime=0, headerTime=0, tailTime=0, tvCount=0, tvSets=0, playTime=-1, episodes=0, url=, m3u8Url = null, mRecommendationsFilled=false, mEndRecommendationsFilled=false, mVarietyName=null}, mError=null)[com.qiyi.video.player.data.job.FetchEpisodeJob@2cb2b1f8])
02-25 23:53:07.904 D/VideoJobSwitcher( 2323): link(null, Job(mState=0, mData=VideoItem@2cebc788{qpId=202509101, tvQid=349989700, vid=null, getType()=VIDEO, albumName=中国梦想秀之折纸狂人盼圆妻子羊驼之梦, tvName=, isSeries()=true, sourceCode=202509101, playOrder=1, getAlbumSubName()=中国梦想秀之折纸狂人盼圆妻子羊驼之梦, mIsVipAlbum=false, isPurchase()=false, isPreview=false, isExclusive()=false, isVertical=false, canDownload()=false, isDownload=0, tvPic=, issueTime=, playCount=, playLength=, tag=, cornerMark=CORNERMARK_NO, definition list=, default definition=null, channelId=6, channelName=, mIChannelId=null, startTime=0, endTime=0, headerTime=0, tailTime=0, tvCount=0, tvSets=0, playTime=-1, episodes=0, url=, m3u8Url = null, mRecommendationsFilled=false, mEndRecommendationsFilled=false, mVarietyName=null}, mError=null)[com.qiyi.video.player.data.job.VideoJob@2cb2b250])
02-25 23:53:07.905 D/Job     ( 2323): running() Job(mState=0, mData=VideoItem@2cebc788{qpId=202509101, tvQid=349989700, vid=null, getType()=VIDEO, albumName=中国梦想秀之折纸狂人盼圆妻子羊驼之梦, tvName=, isSeries()=true, sourceCode=202509101, playOrder=1, getAlbumSubName()=中国梦想秀之折纸狂人盼圆妻子羊驼之梦, mIsVipAlbum=false, isPurchase()=false, isPreview=false, isExclusive()=false, isVertical=false, canDownload()=false, isDownload=0, tvPic=, issueTime=, playCount=, playLength=, tag=, cornerMark=CORNERMARK_NO, definition list=, default definition=null, channelId=6, channelName=, mIChannelId=null, startTime=0, endTime=0, headerTime=0, tailTime=0, tvCount=0, tvSets=0, playTime=-1, episodes=0, url=, m3u8Url = null, mRecommendationsFilled=false, mEndRecommendationsFilled=false, mVarietyName=null}, mError=null)[com.qiyi.video.player.data.job.VideoJobSwitcher@2dafb6b0]
02-25 23:53:07.907 D/Job     ( 2323): isCancelled() Job(mState=0, mData=VideoItem@2cebc788{qpId=202509101, tvQid=349989700, vid=null, getType()=VIDEO, albumName=中国梦想秀之折纸狂人盼圆妻子羊驼之梦, tvName=, isSeries()=true, sourceCode=202509101, playOrder=1, getAlbumSubName()=中国梦想秀之折纸狂人盼圆妻子羊驼之梦, mIsVipAlbum=false, isPurchase()=false, isPreview=false, isExclusive()=false, isVertical=false, canDownload()=false, isDownload=0, tvPic=, issueTime=, playCount=, playLength=, tag=, cornerMark=CORNERMARK_NO, definition list=, default definition=null, channelId=6, channelName=, mIChannelId=null, startTime=0, endTime=0, headerTime=0, tailTime=0, tvCount=0, tvSets=0, playTime=-1, episodes=0, url=, m3u8Url = null, mRecommendationsFilled=false, mEndRecommendationsFilled=false, mVarietyName=null}, mError=null)[com.qiyi.video.player.data.job.VideoJobSwitcher@2dafb6b0] return false
02-25 23:53:07.907 D/VideoChecker( 2323): isValidVrsTvId(349989700) return true
02-25 23:53:07.907 D/OutsideLoader( 2323): mAlbumHistoryCondition.checkPass() return false
02-25 23:53:07.907 D/VideoChecker( 2323): isValidVrsTvId(349989700) return true
02-25 23:53:07.907 D/OutsideLoader( 2323): mTvHistoryCondition.checkPass() return true
02-25 23:53:07.908 D/VideoJobSwitcher( 2323): onRun() find job Job(mState=0, mData=VideoItem@2cebc788{qpId=202509101, tvQid=349989700, vid=null, getType()=VIDEO, albumName=中国梦想秀之折纸狂人盼圆妻子羊驼之梦, tvName=, isSeries()=true, sourceCode=202509101, playOrder=1, getAlbumSubName()=中国梦想秀之折纸狂人盼圆妻子羊驼之梦, mIsVipAlbum=false, isPurchase()=false, isPreview=false, isExclusive()=false, isVertical=false, canDownload()=false, isDownload=0, tvPic=, issueTime=, playCount=, playLength=, tag=, cornerMark=CORNERMARK_NO, definition list=, default definition=null, channelId=6, channelName=, mIChannelId=null, startTime=0, endTime=0, headerTime=0, tailTime=0, tvCount=0, tvSets=0, playTime=-1, episodes=0, url=, m3u8Url = null, mRecommendationsFilled=false, mEndRecommendationsFilled=false, mVarietyName=null}, mError=null)[com.qiyi.video.player.data.job.FetchHistoryJob@2f0f3488]
02-25 23:53:07.910 D/Job     ( 2323): running() Job(mState=0, mData=VideoItem@2cebc788{qpId=202509101, tvQid=349989700, vid=null, getType()=VIDEO, albumName=中国梦想秀之折纸狂人盼圆妻子羊驼之梦, tvName=, isSeries()=true, sourceCode=202509101, playOrder=1, getAlbumSubName()=中国梦想秀之折纸狂人盼圆妻子羊驼之梦, mIsVipAlbum=false, isPurchase()=false, isPreview=false, isExclusive()=false, isVertical=false, canDownload()=false, isDownload=0, tvPic=, issueTime=, playCount=, playLength=, tag=, cornerMark=CORNERMARK_NO, definition list=, default definition=null, channelId=6, channelName=, mIChannelId=null, startTime=0, endTime=0, headerTime=0, tailTime=0, tvCount=0, tvSets=0, playTime=-1, episodes=0, url=, m3u8Url = null, mRecommendationsFilled=false, mEndRecommendationsFilled=false, mVarietyName=null}, mError=null)[com.qiyi.video.player.data.job.FetchHistoryJob@2f0f3488]
02-25 23:53:07.911 D/Job     ( 2323): isCancelled() Job(mState=0, mData=VideoItem@2cebc788{qpId=202509101, tvQid=349989700, vid=null, getType()=VIDEO, albumName=中国梦想秀之折纸狂人盼圆妻子羊驼之梦, tvName=, isSeries()=true, sourceCode=202509101, playOrder=1, getAlbumSubName()=中国梦想秀之折纸狂人盼圆妻子羊驼之梦, mIsVipAlbum=false, isPurchase()=false, isPreview=false, isExclusive()=false, isVertical=false, canDownload()=false, isDownload=0, tvPic=, issueTime=, playCount=, playLength=, tag=, cornerMark=CORNERMARK_NO, definition list=, default definition=null, channelId=6, channelName=, mIChannelId=null, startTime=0, endTime=0, headerTime=0, tailTime=0, tvCount=0, tvSets=0, playTime=-1, episodes=0, url=, m3u8Url = null, mRecommendationsFilled=false, mEndRecommendationsFilled=false, mVarietyName=null}, mError=null)[com.qiyi.video.player.data.job.FetchHistoryJob@2f0f3488] return false
02-25 23:53:07.914 D/Job     ( 2323): running() done. not mean real done!!! Job(mState=1, mData=VideoItem@2cebc788{qpId=202509101, tvQid=349989700, vid=null, getType()=VIDEO, albumName=中国梦想秀之折纸狂人盼圆妻子羊驼之梦, tvName=, isSeries()=true, sourceCode=202509101, playOrder=1, getAlbumSubName()=中国梦想秀之折纸狂人盼圆妻子羊驼之梦, mIsVipAlbum=false, isPurchase()=false, isPreview=false, isExclusive()=false, isVertical=false, canDownload()=false, isDownload=0, tvPic=, issueTime=, playCount=, playLength=, tag=, cornerMark=CORNERMARK_NO, definition list=, default definition=null, channelId=6, channelName=, mIChannelId=null, startTime=0, endTime=0, headerTime=0, tailTime=0, tvCount=0, tvSets=0, playTime=-1, episodes=0, url=, m3u8Url = null, mRecommendationsFilled=false, mEndRecommendationsFilled=false, mVarietyName=null}, mError=null)[com.qiyi.video.player.data.job.FetchHistoryJob@2f0f3488]
02-25 23:53:07.916 D/Job     ( 2323): running() done. not mean real done!!! Job(mState=1, mData=VideoItem@2cebc788{qpId=202509101, tvQid=349989700, vid=null, getType()=VIDEO, albumName=中国梦想秀之折纸狂人盼圆妻子羊驼之梦, tvName=, isSeries()=true, sourceCode=202509101, playOrder=1, getAlbumSubName()=中国梦想秀之折纸狂人盼圆妻子羊驼之梦, mIsVipAlbum=false, isPurchase()=false, isPreview=false, isExclusive()=false, isVertical=false, canDownload()=false, isDownload=0, tvPic=, issueTime=, playCount=, playLength=, tag=, cornerMark=CORNERMARK_NO, definition list=, default definition=null, channelId=6, channelName=, mIChannelId=null, startTime=0, endTime=0, headerTime=0, tailTime=0, tvCount=0, tvSets=0, playTime=-1, episodes=0, url=, m3u8Url = null, mRecommendationsFilled=false, mEndRecommendationsFilled=false, mVarietyName=null}, mError=null)[com.qiyi.video.player.data.job.VideoJobSwitcher@2dafb6b0]
02-25 23:53:07.916 D/VideoProvider( 2323): prepareNextLoader() begin. mNextLoader=null
02-25 23:53:07.916 D/Playlist( 2323): getNext() mNext=VideoHolder@2dc33d10{episodeReady=false, historyReady=false, mListReady=false, mSourceStub=false, position=Position(albumIndex=-1, episodeIndex=-1), video=null}
02-25 23:53:07.916 D/VideoProvider( 2323): prepareNextLoader() end. mNextLoader=null
02-25 23:53:07.916 D/VideoProvider( 2323): preloadNextLoader() mNextLoader=null
02-25 23:53:07.917 D/HistoryCacheManager( 2323): getTvHistory(349989700) return null
