02-26 00:05:39.689 E/dalvikvm(18191): /system/framework/webviewchromium.jar odex has stale dependencies
02-26 00:05:39.696 D/dalvikvm(18191): Trying to load lib libjavacore.so 0x0
02-26 00:05:39.700 D/dalvikvm(18191): Added shared lib libjavacore.so 0x0
02-26 00:05:39.706 D/dalvikvm(18191): Trying to load lib libnativehelper.so 0x0
02-26 00:05:39.706 D/dalvikvm(18191): Added shared lib libnativehelper.so 0x0
02-26 00:05:39.706 D/dalvikvm(18191): No JNI_OnLoad found in libnativehelper.so 0x0, skipping init
02-26 00:05:39.725 I/dalvikvm(18191): DexOpt: mismatch dep name: '/data/dalvik-cache/system@framework@services.jar@classes.dex' vs. '/system/framework/services.odex'
02-26 00:05:39.725 E/dalvikvm(18191): /system/framework/input.jar odex has stale dependencies
02-26 00:05:39.728 E/cutils-trace(18191): Error opening trace file: No such file or directory (2)
02-26 00:05:39.750 D/dalvikvm(18191): Note: class Landroid/app/ActivityManagerNative; has 179 unimplemented (abstract) methods
02-26 00:05:39.948 E/memtrack(18191): Couldn't load memtrack module (No such file or directory)
02-26 00:05:39.948 E/android.os.Debug(18191): failed to load memtrack module: -2
02-26 00:05:39.951 I/EthernetJNI(18191): Loading ethernet jni class
02-26 00:05:40.024 D/AndroidRuntime(18191): Calling main entry com.android.commands.input.Input
02-26 00:05:40.025 I/Input   (18191): injectKeyEvent: KeyEvent { action=ACTION_DOWN, keyCode=KEYCODE_DPAD_RIGHT, scanCode=0, metaState=0, flags=0x0, repeatCount=0, eventTime=23950200, downTime=23950200, deviceId=-1, source=0x101 }
02-26 00:05:40.030 D/WindowManager( 1948): keyCode =22
02-26 00:05:40.030 D/WindowManager( 1948): isLockedAllKeys =0
02-26 00:05:40.030 D/WindowManager( 1948): isHandleHomeKey = 1
02-26 00:05:40.031 D/WindowManager( 1948): isHandlePowerKey ==1
02-26 00:05:40.031 D/WindowManager( 1948): isHandleSettingKey=1
02-26 00:05:40.031 D/WindowManager( 1948): handleSystemKey==1
02-26 00:05:40.032 D/WindowManager( 1948): send broadcast key press down
02-26 00:05:40.032 W/ContextImpl( 1948): Calling a method in the system process without a qualified user: android.app.ContextImpl.sendBroadcast:1168 com.android.internal.policy.impl.PhoneWindowManager.interceptKeyBeforeQueueing:4109 com.android.server.wm.InputMonitor.interceptKeyBeforeQueueing:357 com.android.server.input.InputManagerService.interceptKeyBeforeQueueing:1352 com.android.server.input.InputManagerService.nativeInjectInputEvent:-2 
02-26 00:05:40.036 D/MainActivity( 2257): [0;32;31m[main][com.huawei.mh2.launcher.MainActivity][dispatchKeyEvent][-1]:launcher:keycode=22 [m
02-26 00:05:40.037 I/Input   (18191): injectKeyEvent: KeyEvent { action=ACTION_UP, keyCode=KEYCODE_DPAD_RIGHT, scanCode=0, metaState=0, flags=0x0, repeatCount=0, eventTime=23950200, downTime=23950200, deviceId=-1, source=0x101 }
02-26 00:05:40.038 D/j       ( 2257): [0;32;31m[main][com.huawei.mh2.launcher.l][onGlobalFocusChanged][-1]:launcher:newFocus=com.huawei.mh2.launcher.a.n{2c9effc0 VFE...C. .F...... 320,0-380,57 #7f0a0008 app:id/menu_title_tv} [m
02-26 00:05:40.038 D/WindowManager( 1948): keyCode =22
02-26 00:05:40.038 D/WindowManager( 1948): isLockedAllKeys =0
02-26 00:05:40.038 D/WindowManager( 1948): isHandleHomeKey = 1
02-26 00:05:40.038 D/WindowManager( 1948): isHandlePowerKey ==1
02-26 00:05:40.038 D/WindowManager( 1948): isHandleSettingKey=1
02-26 00:05:40.038 D/WindowManager( 1948): handleSystemKey==1
02-26 00:05:40.039 D/AudioPolicyManagerBase( 1406): startOutput() output 2, stream 1, session 360
02-26 00:05:40.039 D/AudioPolicyManagerBase( 1406): startoutput ->setOutputDevice
02-26 00:05:40.039 D/AudioPolicyManagerBase( 1406): AudioPolicyManagerBase::checkAndSetVolume 13,0.377113
02-26 00:05:40.040 D/j       ( 2257): [0;32;31m[main][net.sunniwell.ui.e][onGlobalFocusChanged][-1]:launcher:smoothMove [m
02-26 00:05:40.040 D/AndroidRuntime(18191): Shutting down VM
02-26 00:05:40.041 D/j       ( 2257): [0;32;31m[main][net.sunniwell.ui.g][a][-1]:launcher:anchorView=com.huawei.mh2.launcher.a.n{2c9effc0 VFE...C. .F...... 320,0-380,57 #7f0a0008 app:id/menu_title_tv} [m
02-26 00:05:40.045 D/FrameworkPage( 2257): [0;32;31m[main][com.huawei.mh2.launcher.page.FrameworkPage][onFocusChange][-1]:launcher:v=com.huawei.mh2.launcher.a.n{2c9effc0 VFE...C. .F....ID 320,0-380,57 #7f0a0008 app:id/menu_title_tv} [m
02-26 00:05:40.045 D/dalvikvm(18191): GC_CONCURRENT freed 98K, 16% free 566K/668K, paused 0ms+1ms, total 3ms
02-26 00:05:40.046 D/MainActivity( 2257): [0;32;31m[main][com.huawei.mh2.launcher.MainActivity][dispatchKeyEvent][-1]:launcher:keycode=22 [m
02-26 00:05:40.055 I/MyGallery( 2257): setMode 2
02-26 00:05:40.055 D/FrameworkPage( 2257): [0;32;31m[main][com.huawei.mh2.launcher.page.FrameworkPage][b][-1]:launcher:currentIndex=1 nextIndex=2 [m
02-26 00:05:40.056 D/j       ( 2257): [0;32;31m[main][net.sunniwell.ui.g][b][-1]:launcher:offsetWidth=-43 offsetHeight=0 resizeImmediate=false [m
02-26 00:05:40.057 D/j       ( 2257): [0;32;31m[main][net.sunniwell.ui.g][a][-1]:launcher:offsetLeft=104 offsetTop=0 moveImmediate=false [m
02-26 00:05:40.058 D/j       ( 2257): [0;32;31m[main][net.sunniwell.ui.d][a][-1]:launcher:immediate=false isChanged=true [m
02-26 00:05:40.059 D/j       ( 2257): [0;32;31m[main][com.huawei.mh2.launcher.j][a][-1]:launcher:changed=true [m
02-26 00:05:40.070 D/j       ( 2257): [0;32;31m[main][net.sunniwell.ui.g][b][-1]:launcher:offsetWidth=-15 offsetHeight=0 resizeImmediate=false [m
02-26 00:05:40.071 D/j       ( 2257): [0;32;31m[main][net.sunniwell.ui.g][a][-1]:launcher:offsetLeft=36 offsetTop=0 moveImmediate=false [m
02-26 00:05:40.072 D/j       ( 2257): [0;32;31m[main][net.sunniwell.ui.d][a][-1]:launcher:immediate=false isChanged=true [m
02-26 00:05:40.073 D/j       ( 2257): [0;32;31m[main][com.huawei.mh2.launcher.j][a][-1]:launcher:changed=true [m
02-26 00:05:40.085 D/j       ( 2257): [0;32;31m[main][net.sunniwell.ui.g][b][-1]:launcher:offsetWidth=-7 offsetHeight=0 resizeImmediate=false [m
02-26 00:05:40.085 D/j       ( 2257): [0;32;31m[main][net.sunniwell.ui.g][a][-1]:launcher:offsetLeft=13 offsetTop=0 moveImmediate=false [m
02-26 00:05:40.086 D/j       ( 2257): [0;32;31m[main][net.sunniwell.ui.d][a][-1]:launcher:immediate=false isChanged=true [m
02-26 00:05:40.086 D/j       ( 2257): [0;32;31m[main][com.huawei.mh2.launcher.j][a][-1]:launcher:changed=true [m
02-26 00:05:40.101 D/j       ( 2257): [0;32;31m[main][net.sunniwell.ui.g][b][-1]:launcher:offsetWidth=0 offsetHeight=0 resizeImmediate=false [m
02-26 00:05:40.102 D/j       ( 2257): [0;32;31m[main][net.sunniwell.ui.g][a][-1]:launcher:offsetLeft=7 offsetTop=0 moveImmediate=false [m
02-26 00:05:40.103 D/j       ( 2257): [0;32;31m[main][net.sunniwell.ui.d][a][-1]:launcher:immediate=false isChanged=true [m
02-26 00:05:40.103 D/j       ( 2257): [0;32;31m[main][com.huawei.mh2.launcher.j][a][-1]:launcher:changed=true [m
02-26 00:05:40.122 D/j       ( 2257): [0;32;31m[main][net.sunniwell.ui.g][b][-1]:launcher:offsetWidth=0 offsetHeight=0 resizeImmediate=false [m
02-26 00:05:40.122 I/MyGallery( 2257): setMode 5
02-26 00:05:40.123 D/j       ( 2257): [0;32;31m[main][net.sunniwell.ui.g][a][-1]:launcher:offsetLeft=0 offsetTop=0 moveImmediate=false [m
02-26 00:05:40.124 D/j       ( 2257): [0;32;31m[main][net.sunniwell.ui.d][a][-1]:launcher:immediate=false isChanged=false [m
02-26 00:05:40.124 D/j       ( 2257): [0;32;31m[main][com.huawei.mh2.launcher.j][a][-1]:launcher:changed=false [m
02-26 00:05:40.125 D/FrameworkPage( 2257): [0;32;31m[main][com.huawei.mh2.launcher.page.FrameworkPage][a][-1]:launcher:currentIndex=1 nextIndex=2 [m
02-26 00:05:40.130 D/j       ( 2257): [0;32;31m[main][net.sunniwell.ui.g][a][-1]:launcher:anchorView=com.huawei.mh2.launcher.a.n{2c9effc0 VFE...C. .F...... 320,0-380,57 #7f0a0008 app:id/menu_title_tv} [m
02-26 00:05:40.218 D/j       ( 2257): [0;32;31m[main][net.sunniwell.ui.g][b][-1]:launcher:offsetWidth=0 offsetHeight=0 resizeImmediate=false [m
02-26 00:05:40.219 D/j       ( 2257): [0;32;31m[main][net.sunniwell.ui.g][a][-1]:launcher:offsetLeft=0 offsetTop=0 moveImmediate=false [m
02-26 00:05:40.220 D/j       ( 2257): [0;32;31m[main][net.sunniwell.ui.d][a][-1]:launcher:immediate=false isChanged=false [m
02-26 00:05:40.220 D/j       ( 2257): [0;32;31m[main][com.huawei.mh2.launcher.j][a][-1]:launcher:changed=false [m
02-26 00:05:40.228 I/MyGallery( 2257): setMode 0
02-26 00:05:40.909 D/ConnectivityService( 1948): Sampling interval elapsed, updating statistics ..
02-26 00:05:40.912 D/ConnectivityService( 1948): Done.
02-26 00:05:40.912 D/ConnectivityService( 1948): Setting timer for 30seconds
02-26 00:05:41.692 D/AndroidRuntime(18203): 
02-26 00:05:41.692 D/AndroidRuntime(18203): >>>>>> AndroidRuntime START com.android.internal.os.RuntimeInit <<<<<<
02-26 00:05:41.695 D/AndroidRuntime(18203): CheckJNI is OFF
02-26 00:05:41.703 I/dalvikvm(18203): DexOpt: mismatch dep signature for '/system/framework/android.policy.odex'
02-26 00:05:41.703 E/dalvikvm(18203): /system/framework/services.jar odex has stale dependencies
02-26 00:05:41.704 I/dalvikvm(18203): DexOpt: mismatch dep name: '/data/dalvik-cache/system@framework@services.jar@classes.dex' vs. '/system/framework/services.odex'
02-26 00:05:41.704 E/dalvikvm(18203): /system/framework/apache-xml.jar odex has stale dependencies
02-26 00:05:41.706 I/dalvikvm(18203): DexOpt: mismatch dep name: '/data/dalvik-cache/system@framework@services.jar@classes.dex' vs. '/system/framework/services.odex'
02-26 00:05:41.706 E/dalvikvm(18203): /system/framework/webviewchromium.jar odex has stale dependencies
02-26 00:05:41.713 D/dalvikvm(18203): Trying to load lib libjavacore.so 0x0
02-26 00:05:41.717 D/dalvikvm(18203): Added shared lib libjavacore.so 0x0
02-26 00:05:41.722 D/dalvikvm(18203): Trying to load lib libnativehelper.so 0x0
02-26 00:05:41.722 D/dalvikvm(18203): Added shared lib libnativehelper.so 0x0
02-26 00:05:41.722 D/dalvikvm(18203): No JNI_OnLoad found in libnativehelper.so 0x0, skipping init
02-26 00:05:41.740 I/dalvikvm(18203): DexOpt: mismatch dep name: '/data/dalvik-cache/system@framework@services.jar@classes.dex' vs. '/system/framework/services.odex'
02-26 00:05:41.740 E/dalvikvm(18203): /system/framework/input.jar odex has stale dependencies
02-26 00:05:41.744 E/cutils-trace(18203): Error opening trace file: No such file or directory (2)
02-26 00:05:41.764 D/dalvikvm(18203): Note: class Landroid/app/ActivityManagerNative; has 179 unimplemented (abstract) methods
02-26 00:05:41.956 E/memtrack(18203): Couldn't load memtrack module (No such file or directory)
02-26 00:05:41.956 E/android.os.Debug(18203): failed to load memtrack module: -2
02-26 00:05:41.958 I/EthernetJNI(18203): Loading ethernet jni class
02-26 00:05:42.028 D/AndroidRuntime(18203): Calling main entry com.android.commands.input.Input
02-26 00:05:42.029 I/Input   (18203): injectKeyEvent: KeyEvent { action=ACTION_DOWN, keyCode=KEYCODE_DPAD_RIGHT, scanCode=0, metaState=0, flags=0x0, repeatCount=0, eventTime=23952204, downTime=23952204, deviceId=-1, source=0x101 }
02-26 00:05:42.034 D/WindowManager( 1948): keyCode =22
02-26 00:05:42.034 D/WindowManager( 1948): isLockedAllKeys =0
02-26 00:05:42.034 D/WindowManager( 1948): isHandleHomeKey = 1
02-26 00:05:42.034 D/WindowManager( 1948): isHandlePowerKey ==1
02-26 00:05:42.034 D/WindowManager( 1948): isHandleSettingKey=1
02-26 00:05:42.034 D/WindowManager( 1948): handleSystemKey==1
02-26 00:05:42.035 W/ContextImpl( 1948): Calling a method in the system process without a qualified user: android.app.ContextImpl.sendBroadcast:1168 com.android.internal.policy.impl.PhoneWindowManager.interceptKeyBeforeQueueing:4109 com.android.server.wm.InputMonitor.interceptKeyBeforeQueueing:357 com.android.server.input.InputManagerService.interceptKeyBeforeQueueing:1352 com.android.server.input.InputManagerService.nativeInjectInputEvent:-2 
02-26 00:05:42.036 D/WindowManager( 1948): send broadcast key press down
02-26 00:05:42.040 D/MainActivity( 2257): [0;32;31m[main][com.huawei.mh2.launcher.MainActivity][dispatchKeyEvent][-1]:launcher:keycode=22 [m
02-26 00:05:42.041 D/j       ( 2257): [0;32;31m[main][com.huawei.mh2.launcher.l][onGlobalFocusChanged][-1]:launcher:newFocus=com.huawei.mh2.launcher.a.n{2c959178 VFE...C. .F...... 414,0-584,57 #7f0a0009 app:id/menu_title_cartoon} [m
02-26 00:05:42.042 D/AudioPolicyManagerBase( 1406): startOutput() output 2, stream 1, session 361
02-26 00:05:42.042 D/AudioPolicyManagerBase( 1406): startoutput ->setOutputDevice
02-26 00:05:42.042 D/AudioPolicyManagerBase( 1406): AudioPolicyManagerBase::checkAndSetVolume 13,0.377113
02-26 00:05:42.042 I/Input   (18203): injectKeyEvent: KeyEvent { action=ACTION_UP, keyCode=KEYCODE_DPAD_RIGHT, scanCode=0, metaState=0, flags=0x0, repeatCount=0, eventTime=23952204, downTime=23952204, deviceId=-1, source=0x101 }
02-26 00:05:42.042 D/j       ( 2257): [0;32;31m[main][net.sunniwell.ui.e][onGlobalFocusChanged][-1]:launcher:smoothMove [m
02-26 00:05:42.043 D/WindowManager( 1948): keyCode =22
02-26 00:05:42.043 D/WindowManager( 1948): isLockedAllKeys =0
02-26 00:05:42.043 D/WindowManager( 1948): isHandleHomeKey = 1
02-26 00:05:42.043 D/WindowManager( 1948): isHandlePowerKey ==1
02-26 00:05:42.043 D/WindowManager( 1948): isHandleSettingKey=1
02-26 00:05:42.043 D/WindowManager( 1948): handleSystemKey==1
02-26 00:05:42.044 D/j       ( 2257): [0;32;31m[main][net.sunniwell.ui.g][a][-1]:launcher:anchorView=com.huawei.mh2.launcher.a.n{2c959178 VFE...C. .F...... 414,0-584,57 #7f0a0009 app:id/menu_title_cartoon} [m
02-26 00:05:42.045 D/FrameworkPage( 2257): [0;32;31m[main][com.huawei.mh2.launcher.page.FrameworkPage][onFocusChange][-1]:launcher:v=com.huawei.mh2.launcher.a.n{2c959178 VFE...C. .F....ID 414,0-584,57 #7f0a0009 app:id/menu_title_cartoon} [m
02-26 00:05:42.055 D/FrameworkPage( 2257): [0;32;31m[main][com.huawei.mh2.launcher.page.FrameworkPage][b][-1]:launcher:currentIndex=2 nextIndex=3 [m
02-26 00:05:42.055 I/MyGallery( 2257): setMode 2
02-26 00:05:42.056 D/AndroidRuntime(18203): Shutting down VM
02-26 00:05:42.057 D/j       ( 2257): [0;32;31m[main][net.sunniwell.ui.g][b][-1]:launcher:offsetWidth=71 offsetHeight=0 resizeImmediate=false [m
02-26 00:05:42.060 D/j       ( 2257): [0;32;31m[main][net.sunniwell.ui.g][a][-1]:launcher:offsetLeft=61 offsetTop=0 moveImmediate=false [m
02-26 00:05:42.061 D/dalvikvm(18203): GC_CONCURRENT freed 98K, 16% free 566K/668K, paused 1ms+0ms, total 4ms
02-26 00:05:42.063 D/j       ( 2257): [0;32;31m[main][net.sunniwell.ui.d][a][-1]:launcher:immediate=false isChanged=true [m
02-26 00:05:42.064 D/j       ( 2257): [0;32;31m[main][com.huawei.mh2.launcher.j][a][-1]:launcher:changed=true [m
02-26 00:05:42.065 D/MainActivity( 2257): [0;32;31m[main][com.huawei.mh2.launcher.MainActivity][dispatchKeyEvent][-1]:launcher:keycode=22 [m
02-26 00:05:42.071 D/j       ( 2257): [0;32;31m[main][net.sunniwell.ui.g][b][-1]:launcher:offsetWidth=25 offsetHeight=0 resizeImmediate=false [m
02-26 00:05:42.072 D/j       ( 2257): [0;32;31m[main][net.sunniwell.ui.g][a][-1]:launcher:offsetLeft=21 offsetTop=0 moveImmediate=false [m
02-26 00:05:42.073 D/j       ( 2257): [0;32;31m[main][net.sunniwell.ui.d][a][-1]:launcher:immediate=false isChanged=true [m
02-26 00:05:42.074 D/j       ( 2257): [0;32;31m[main][com.huawei.mh2.launcher.j][a][-1]:launcher:changed=true [m
02-26 00:05:42.093 D/j       ( 2257): [0;32;31m[main][net.sunniwell.ui.g][b][-1]:launcher:offsetWidth=9 offsetHeight=0 resizeImmediate=false [m
02-26 00:05:42.094 D/j       ( 2257): [0;32;31m[main][net.sunniwell.ui.g][a][-1]:launcher:offsetLeft=7 offsetTop=0 moveImmediate=false [m
02-26 00:05:42.095 D/j       ( 2257): [0;32;31m[main][net.sunniwell.ui.d][a][-1]:launcher:immediate=false isChanged=true [m
02-26 00:05:42.096 D/j       ( 2257): [0;32;31m[main][com.huawei.mh2.launcher.j][a][-1]:launcher:changed=true [m
02-26 00:05:42.103 D/j       ( 2257): [0;32;31m[main][net.sunniwell.ui.g][b][-1]:launcher:offsetWidth=5 offsetHeight=0 resizeImmediate=false [m
02-26 00:05:42.104 D/j       ( 2257): [0;32;31m[main][net.sunniwell.ui.g][a][-1]:launcher:offsetLeft=5 offsetTop=0 moveImmediate=false [m
02-26 00:05:42.105 D/j       ( 2257): [0;32;31m[main][net.sunniwell.ui.d][a][-1]:launcher:immediate=false isChanged=true [m
02-26 00:05:42.106 D/j       ( 2257): [0;32;31m[main][com.huawei.mh2.launcher.j][a][-1]:launcher:changed=true [m
02-26 00:05:42.122 I/MyGallery( 2257): setMode 5
02-26 00:05:42.122 I/MyGallery( 2257): setMode 5
02-26 00:05:42.127 D/j       ( 2257): [0;32;31m[main][net.sunniwell.ui.g][b][-1]:launcher:offsetWidth=0 offsetHeight=0 resizeImmediate=false [m
02-26 00:05:42.129 D/j       ( 2257): [0;32;31m[main][net.sunniwell.ui.g][a][-1]:launcher:offsetLeft=0 offsetTop=0 moveImmediate=false [m
02-26 00:05:42.131 D/j       ( 2257): [0;32;31m[main][net.sunniwell.ui.d][a][-1]:launcher:immediate=false isChanged=false [m
02-26 00:05:42.132 D/j       ( 2257): [0;32;31m[main][com.huawei.mh2.launcher.j][a][-1]:launcher:changed=false [m
02-26 00:05:42.134 D/FrameworkPage( 2257): [0;32;31m[main][com.huawei.mh2.launcher.page.FrameworkPage][a][-1]:launcher:currentIndex=2 nextIndex=3 [m
02-26 00:05:42.178 D/TwoPosterPage( 2257): [0;32;31m[main][com.huawei.mh2.launcher.page.TwoPosterPage][setBottomBackgroundVisiable][-1]:launcher:visiable=true [m
02-26 00:05:42.182 D/j       ( 2257): [0;32;31m[main][net.sunniwell.ui.g][a][-1]:launcher:anchorView=com.huawei.mh2.launcher.a.n{2c959178 VFE...C. .F...... 414,0-584,57 #7f0a0009 app:id/menu_title_cartoon} [m
02-26 00:05:42.241 I/MyGallery( 2257): setMode 0
02-26 00:05:42.243 I/MyGallery( 2257): setMode 0
02-26 00:05:42.270 D/j       ( 2257): [0;32;31m[main][net.sunniwell.ui.g][b][-1]:launcher:offsetWidth=0 offsetHeight=0 resizeImmediate=false [m
02-26 00:05:42.271 D/j       ( 2257): [0;32;31m[main][net.sunniwell.ui.g][a][-1]:launcher:offsetLeft=0 offsetTop=0 moveImmediate=false [m
02-26 00:05:42.272 D/j       ( 2257): [0;32;31m[main][net.sunniwell.ui.d][a][-1]:launcher:immediate=false isChanged=false [m
02-26 00:05:42.274 D/j       ( 2257): [0;32;31m[main][com.huawei.mh2.launcher.j][a][-1]:launcher:changed=false [m
02-26 00:05:42.932 V/VPP_DLNA_LOG( 2814): [VPPDLNA][WorkerThread][:592]-:Signal registraion Success 
02-26 00:05:42.932 V/VPP_DLNA_LOG( 2814): [VPPDLNA][CreateWorker][:849]-:Adding threadId=1281287992& threadIdQ size =3 
02-26 00:05:42.932 V/VPP_DLNA_LOG( 2814): [VPPDLNA][WorkerThread][:592]-:Signal registraion Success 
02-26 00:05:42.933 V/VPP_DLNA_LOG( 2814): [VPPDLNA][CreateWorker][:849]-:Adding threadId=1274974216& threadIdQ size =4 
02-26 00:05:42.933 V/VPP_DLNA_LOG( 2814): [VPPDLNA][WorkerThread][:592]-:Signal registraion Success 
02-26 00:05:42.933 V/VPP_DLNA_LOG( 2814): [VPPDLNA][CreateWorker][:849]-:Adding threadId=1277083000& threadIdQ size =5 
02-26 00:05:42.934 V/VPP_DLNA_LOG( 2814): [VPPDLNA][WorkerThread][:592]-:Signal registraion Success 
02-26 00:05:42.934 V/VPP_DLNA_LOG( 2814): [VPPDLNA][CreateWorker][:849]-:Adding threadId=1284533192& threadIdQ size =6 
02-26 00:05:43.005 V/VPP_DLNA_LOG( 2814): [VPPDLNA][WorkerThread][:592]-:Signal registraion Success 
02-26 00:05:43.005 V/VPP_DLNA_LOG( 2814): [VPPDLNA][CreateWorker][:849]-:Adding threadId=1284481864& threadIdQ size =7 
02-26 00:05:43.006 V/VPP_DLNA_LOG( 2814): [VPPDLNA][WorkerThread][:592]-:Signal registraion Success 
02-26 00:05:43.006 V/VPP_DLNA_LOG( 2814): [VPPDLNA][CreateWorker][:849]-:Adding threadId=1264341016& threadIdQ size =8 
02-26 00:05:43.008 V/VPP_DLNA_LOG( 2814): [VPPDLNA][WorkerThread][:592]-:Signal registraion Success 
02-26 00:05:43.009 V/VPP_DLNA_LOG( 2814): [VPPDLNA][CreateWorker][:849]-:Adding threadId=1271666264& threadIdQ size =9 
02-26 00:05:43.009 V/VPP_DLNA_LOG( 2814): [VPPDLNA][WorkerThread][:592]-:Signal registraion Success 
02-26 00:05:43.010 V/VPP_DLNA_LOG( 2814): [VPPDLNA][CreateWorker][:849]-:Adding threadId=1284558624& threadIdQ size =10 
02-26 00:05:44.683 V/VPP_DLNA_LOG( 2814): [VPPDLNA][WorkerThread][:592]-:Signal registraion Success 
02-26 00:05:44.683 V/VPP_DLNA_LOG( 2814): [VPPDLNA][CreateWorker][:849]-:Adding threadId=1264270728& threadIdQ size =11 
02-26 00:05:44.684 V/VPP_DLNA_LOG( 2814): [VPPDLNA][WorkerThread][:592]-:Signal registraion Success 
02-26 00:05:44.684 V/VPP_DLNA_LOG( 2814): [VPPDLNA][CreateWorker][:849]-:Adding threadId=1264107088& threadIdQ size =12 
02-26 00:05:44.779 D/AndroidRuntime(18223): 
02-26 00:05:44.779 D/AndroidRuntime(18223): >>>>>> AndroidRuntime START com.android.internal.os.RuntimeInit <<<<<<
02-26 00:05:44.781 D/AndroidRuntime(18223): CheckJNI is OFF
02-26 00:05:44.791 I/dalvikvm(18223): DexOpt: mismatch dep signature for '/system/framework/android.policy.odex'
02-26 00:05:44.791 E/dalvikvm(18223): /system/framework/services.jar odex has stale dependencies
02-26 00:05:44.792 I/dalvikvm(18223): DexOpt: mismatch dep name: '/data/dalvik-cache/system@framework@services.jar@classes.dex' vs. '/system/framework/services.odex'
02-26 00:05:44.792 E/dalvikvm(18223): /system/framework/apache-xml.jar odex has stale dependencies
02-26 00:05:44.793 I/dalvikvm(18223): DexOpt: mismatch dep name: '/data/dalvik-cache/system@framework@services.jar@classes.dex' vs. '/system/framework/services.odex'
02-26 00:05:44.793 E/dalvikvm(18223): /system/framework/webviewchromium.jar odex has stale dependencies
02-26 00:05:44.800 D/dalvikvm(18223): Trying to load lib libjavacore.so 0x0
02-26 00:05:44.804 D/dalvikvm(18223): Added shared lib libjavacore.so 0x0
02-26 00:05:44.809 D/dalvikvm(18223): Trying to load lib libnativehelper.so 0x0
02-26 00:05:44.809 D/dalvikvm(18223): Added shared lib libnativehelper.so 0x0
02-26 00:05:44.809 D/dalvikvm(18223): No JNI_OnLoad found in libnativehelper.so 0x0, skipping init
02-26 00:05:44.828 I/dalvikvm(18223): DexOpt: mismatch dep name: '/data/dalvik-cache/system@framework@services.jar@classes.dex' vs. '/system/framework/services.odex'
02-26 00:05:44.828 E/dalvikvm(18223): /system/framework/input.jar odex has stale dependencies
02-26 00:05:44.832 E/cutils-trace(18223): Error opening trace file: No such file or directory (2)
02-26 00:05:44.853 D/dalvikvm(18223): Note: class Landroid/app/ActivityManagerNative; has 179 unimplemented (abstract) methods
02-26 00:05:45.048 E/memtrack(18223): Couldn't load memtrack module (No such file or directory)
02-26 00:05:45.048 E/android.os.Debug(18223): failed to load memtrack module: -2
02-26 00:05:45.051 I/EthernetJNI(18223): Loading ethernet jni class
02-26 00:05:45.121 D/AndroidRuntime(18223): Calling main entry com.android.commands.input.Input
02-26 00:05:45.123 I/Input   (18223): injectKeyEvent: KeyEvent { action=ACTION_DOWN, keyCode=KEYCODE_BACK, scanCode=0, metaState=0, flags=0x0, repeatCount=0, eventTime=23955297, downTime=23955297, deviceId=-1, source=0x101 }
02-26 00:05:45.128 D/WindowManager( 1948): keyCode =4
02-26 00:05:45.128 D/WindowManager( 1948): isLockedAllKeys =0
02-26 00:05:45.128 D/WindowManager( 1948): isHandleHomeKey = 1
02-26 00:05:45.128 D/WindowManager( 1948): isHandlePowerKey ==1
02-26 00:05:45.128 D/WindowManager( 1948): isHandleSettingKey=1
02-26 00:05:45.128 D/WindowManager( 1948): handleSystemKey==1
02-26 00:05:45.129 D/WindowManager( 1948): send broadcast key press down
02-26 00:05:45.129 W/ContextImpl( 1948): Calling a method in the system process without a qualified user: android.app.ContextImpl.sendBroadcast:1168 com.android.internal.policy.impl.PhoneWindowManager.interceptKeyBeforeQueueing:4109 com.android.server.wm.InputMonitor.interceptKeyBeforeQueueing:357 com.android.server.input.InputManagerService.interceptKeyBeforeQueueing:1352 com.android.server.input.InputManagerService.nativeInjectInputEvent:-2 
02-26 00:05:45.133 D/MainActivity( 2257): [0;32;31m[main][com.huawei.mh2.launcher.MainActivity][dispatchKeyEvent][-1]:launcher:keycode=4 [m
02-26 00:05:45.134 D/MainActivity( 2257): [0;32;31m[main][com.huawei.mh2.launcher.MainActivity][dispatchKeyEvent][-1]:launcher:request Default Focus [m
02-26 00:05:45.136 D/j       ( 2257): [0;32;31m[main][com.huawei.mh2.launcher.l][onGlobalFocusChanged][-1]:launcher:newFocus=com.huawei.mh2.launcher.a.x{2f069d08 VFE..... .F...... -257,67-6,428} [m
02-26 00:05:45.137 D/j       ( 2257): [0;32;31m[main][net.sunniwell.ui.e][onGlobalFocusChanged][-1]:launcher:smoothMove [m
02-26 00:05:45.138 I/Input   (18223): injectKeyEvent: KeyEvent { action=ACTION_UP, keyCode=KEYCODE_BACK, scanCode=0, metaState=0, flags=0x0, repeatCount=0, eventTime=23955297, downTime=23955297, deviceId=-1, source=0x101 }
02-26 00:05:45.139 D/WindowManager( 1948): keyCode =4
02-26 00:05:45.139 D/j       ( 2257): [0;32;31m[main][net.sunniwell.ui.g][a][-1]:launcher:anchorView=com.huawei.mh2.launcher.a.x{2f069d08 VFE..... .F...... -257,67-6,428} [m
02-26 00:05:45.139 D/WindowManager( 1948): isLockedAllKeys =0
02-26 00:05:45.139 D/WindowManager( 1948): isHandleHomeKey = 1
02-26 00:05:45.139 D/WindowManager( 1948): isHandlePowerKey ==1
02-26 00:05:45.139 D/WindowManager( 1948): isHandleSettingKey=1
02-26 00:05:45.139 D/WindowManager( 1948): handleSystemKey==1
02-26 00:05:45.140 D/j       ( 2257): [0;32;31m[main][com.huawei.mh2.launcher.l][onGlobalFocusChanged][-1]:launcher:newFocus=com.huawei.mh2.launcher.a.q{2c9855a0 VFE..... .F.....D 0,0-2021,428 #7f0a0021 app:id/gallery} [m
02-26 00:05:45.141 D/AndroidRuntime(18223): Shutting down VM
02-26 00:05:45.141 D/TwoPosterPage( 2257): [0;32;31m[main][com.huawei.mh2.launcher.page.s][onFocusChange][-1]:launcher:hasFocus=true [m
02-26 00:05:45.143 D/TwoPosterPage( 2257): [0;32;31m[main][com.huawei.mh2.launcher.page.TwoPosterPage][setBottomBackgroundVisiable][-1]:launcher:visiable=true [m
02-26 00:05:45.145 D/TwoPosterPage( 2257): [0;32;31m[main][com.huawei.mh2.launcher.page.s][onFocusChange][-1]:launcher:hasFocus=false [m
02-26 00:05:45.146 D/dalvikvm(18223): GC_CONCURRENT freed 98K, 16% free 566K/668K, paused 1ms+0ms, total 4ms
02-26 00:05:45.146 D/ImageLoader( 2257): Start display image task [http://pic0.ptqy.gitv.tv/image/20150204/0f/2e/42/a_50150907_m_600_m5_354_490.jpg_255x354]
02-26 00:05:45.147 D/ImageLoader( 2257): Load image from disc cache [http://pic0.ptqy.gitv.tv/image/20150204/0f/2e/42/a_50150907_m_600_m5_354_490.jpg_255x354]
02-26 00:05:45.148 D/j       ( 2257): [0;32;31m[main][com.huawei.mh2.launcher.l][onGlobalFocusChanged][-1]:launcher:newFocus=com.huawei.mh2.launcher.a.x{2c94c058 VFE..... .FS..... 879,67-1142,428} [m
02-26 00:05:45.150 D/j       ( 2257): [0;32;31m[main][net.sunniwell.ui.e][onGlobalFocusChanged][-1]:launcher:smoothMove [m
02-26 00:05:45.152 D/j       ( 2257): [0;32;31m[main][net.sunniwell.ui.g][a][-1]:launcher:anchorView=com.huawei.mh2.launcher.a.x{2c94c058 VFE..... .FS..... 879,67-1142,428} [m
02-26 00:05:45.154 D/TwoPosterPage( 2257): [0;32;31m[main][com.huawei.mh2.launcher.page.s][onFocusChange][-1]:launcher:hasFocus=true [m
02-26 00:05:45.156 D/TwoPosterPage( 2257): [0;32;31m[main][com.huawei.mh2.launcher.page.TwoPosterPage][setBottomBackgroundVisiable][-1]:launcher:visiable=true [m
02-26 00:05:45.158 D/TwoPosterPage( 2257): [0;32;31m[main][com.huawei.mh2.launcher.page.s][onFocusChange][-1]:launcher:hasFocus=false [m
02-26 00:05:45.159 D/j       ( 2257): [0;32;31m[main][com.huawei.mh2.launcher.l][onGlobalFocusChanged][-1]:launcher:newFocus=com.huawei.mh2.launcher.a.n{2c944210 VFE...C. .F...... 0,0-120,57 #7f0a0006 app:id/menu_title_home} [m
02-26 00:05:45.161 D/j       ( 2257): [0;32;31m[main][net.sunniwell.ui.e][onGlobalFocusChanged][-1]:launcher:smoothMove [m
02-26 00:05:45.162 D/j       ( 2257): [0;32;31m[main][net.sunniwell.ui.g][a][-1]:launcher:anchorView=com.huawei.mh2.launcher.a.n{2c944210 VFE...C. .F...... 0,0-120,57 #7f0a0006 app:id/menu_title_home} [m
02-26 00:05:45.164 D/FrameworkPage( 2257): [0;32;31m[main][com.huawei.mh2.launcher.page.FrameworkPage][onFocusChange][-1]:launcher:v=com.huawei.mh2.launcher.a.n{2c944210 VFE...C. .F....ID 0,0-120,57 #7f0a0006 app:id/menu_title_home} [m
02-26 00:05:45.165 D/j       ( 2257): [0;32;31m[main][net.sunniwell.ui.d][a][-1]:launcher:setDefaultFocus com.huawei.mh2.launcher.a.n{2c944210 VFE...C. .F....ID 0,0-120,57 #7f0a0006 app:id/menu_title_home} [m
02-26 00:05:45.167 D/j       ( 2257): [0;32;31m[main][net.sunniwell.ui.g][b][-1]:launcher:anchorView=com.huawei.mh2.launcher.a.n{2c944210 VFE...C. .F....ID 0,0-120,57 #7f0a0006 app:id/menu_title_home} [m
02-26 00:05:45.168 D/ImageLoader( 2257): PreProcess image before caching in memory [http://pic0.ptqy.gitv.tv/image/20150204/0f/2e/42/a_50150907_m_600_m5_354_490.jpg_255x354]
02-26 00:05:45.168 D/ImageLoader( 2257): Cache image in memory [http://pic0.ptqy.gitv.tv/image/20150204/0f/2e/42/a_50150907_m_600_m5_354_490.jpg_255x354]
02-26 00:05:45.168 D/MainActivity( 2257): [0;32;31m[main][com.huawei.mh2.launcher.MainActivity][dispatchKeyEvent][-1]:launcher:keycode=4 [m
02-26 00:05:45.171 D/u       ( 2257): [0;32;31m[main][com.huawei.mh2.launcher.p][getView][-1]:launcher:position=5 convertView=null [m
02-26 00:05:45.188 D/j       ( 2257): [0;32;31m[main][net.sunniwell.ui.g][b][-1]:launcher:offsetWidth=-50 offsetHeight=0 resizeImmediate=true [m
02-26 00:05:45.189 D/j       ( 2257): [0;32;31m[main][net.sunniwell.ui.g][a][-1]:launcher:offsetLeft=-414 offsetTop=0 moveImmediate=true [m
02-26 00:05:45.190 D/j       ( 2257): [0;32;31m[main][net.sunniwell.ui.d][a][-1]:launcher:immediate=true isChanged=true [m
02-26 00:05:45.192 D/j       ( 2257): [0;32;31m[main][com.huawei.mh2.launcher.j][a][-1]:launcher:changed=true [m
02-26 00:05:45.193 D/FrameworkPage( 2257): [0;32;31m[main][com.huawei.mh2.launcher.page.FrameworkPage][b][-1]:launcher:currentIndex=3 nextIndex=0 [m
02-26 00:05:45.202 D/ImageLoader( 2257): Display image in ImageAware (loaded from DISC_CACHE) [http://pic0.ptqy.gitv.tv/image/20150204/0f/2e/42/a_50150907_m_600_m5_354_490.jpg_255x354]
02-26 00:05:45.204 I/MyGallery( 2257): setMode 3
02-26 00:05:45.204 D/j       ( 2257): [0;32;31m[main][net.sunniwell.ui.g][b][-1]:launcher:offsetWidth=0 offsetHeight=0 resizeImmediate=true [m
02-26 00:05:45.204 I/MyGallery( 2257): setMode 3
02-26 00:05:45.206 D/j       ( 2257): [0;32;31m[main][net.sunniwell.ui.g][a][-1]:launcher:offsetLeft=0 offsetTop=0 moveImmediate=true [m
02-26 00:05:45.207 D/j       ( 2257): [0;32;31m[main][net.sunniwell.ui.d][a][-1]:launcher:immediate=true isChanged=false [m
02-26 00:05:45.209 D/j       ( 2257): [0;32;31m[main][com.huawei.mh2.launcher.j][a][-1]:launcher:changed=false [m
02-26 00:05:45.255 E/VPP_DLNA_LOG( 2814): [VPPDLNA]:SSDP recvd bad msg code = 1
02-26 00:05:45.257 E/VPP_DLNA_LOG( 2814): [VPPDLNA]:SSDP recvd bad msg code = 1
02-26 00:05:45.259 E/VPP_DLNA_LOG( 2814): [VPPDLNA]:SSDP recvd bad msg code = 1
02-26 00:05:45.260 I/MyGallery( 2257): setMode 4
02-26 00:05:45.261 D/FrameworkPage( 2257): [0;32;31m[main][com.huawei.mh2.launcher.page.FrameworkPage][a][-1]:launcher:currentIndex=3 nextIndex=0 [m
02-26 00:05:45.265 D/j       ( 2257): [0;32;31m[main][net.sunniwell.ui.g][a][-1]:launcher:anchorView=com.huawei.mh2.launcher.a.n{2c944210 VFE...C. .F...... 0,0-120,57 #7f0a0006 app:id/menu_title_home} [m
02-26 00:05:45.287 E/VPP_DLNA_LOG( 2814): [VPPDLNA]:SSDP recvd bad msg code = 1
02-26 00:05:45.289 E/VPP_DLNA_LOG( 2814): [VPPDLNA]:SSDP recvd bad msg code = 1
02-26 00:05:45.291 E/VPP_DLNA_LOG( 2814): [VPPDLNA]:SSDP recvd bad msg code = 1
02-26 00:05:45.359 D/j       ( 2257): [0;32;31m[main][net.sunniwell.ui.g][b][-1]:launcher:offsetWidth=0 offsetHeight=0 resizeImmediate=false [m
02-26 00:05:45.361 D/j       ( 2257): [0;32;31m[main][net.sunniwell.ui.g][a][-1]:launcher:offsetLeft=0 offsetTop=0 moveImmediate=false [m
02-26 00:05:45.362 D/j       ( 2257): [0;32;31m[main][net.sunniwell.ui.d][a][-1]:launcher:immediate=false isChanged=false [m
02-26 00:05:45.364 D/j       ( 2257): [0;32;31m[main][com.huawei.mh2.launcher.j][a][-1]:launcher:changed=false [m
02-26 00:05:45.375 I/MyGallery( 2257): setMode 0
02-26 00:05:46.361 I/HiRMService( 2269):  ***** changeStats = 0
