--------- beginning of /dev/log/main
02-26 00:05:51.965 D/AndroidRuntime(18240): 
02-26 00:05:51.965 D/AndroidRuntime(18240): >>>>>> AndroidRuntime START com.android.internal.os.RuntimeInit <<<<<<
02-26 00:05:51.967 D/AndroidRuntime(18240): CheckJNI is OFF
02-26 00:05:51.975 I/dalvikvm(18240): DexOpt: mismatch dep signature for '/system/framework/android.policy.odex'
02-26 00:05:51.975 E/dalvikvm(18240): /system/framework/services.jar odex has stale dependencies
02-26 00:05:51.976 I/dalvikvm(18240): DexOpt: mismatch dep name: '/data/dalvik-cache/system@framework@services.jar@classes.dex' vs. '/system/framework/services.odex'
02-26 00:05:51.976 E/dalvikvm(18240): /system/framework/apache-xml.jar odex has stale dependencies
02-26 00:05:51.977 I/dalvikvm(18240): DexOpt: mismatch dep name: '/data/dalvik-cache/system@framework@services.jar@classes.dex' vs. '/system/framework/services.odex'
02-26 00:05:51.977 E/dalvikvm(18240): /system/framework/webviewchromium.jar odex has stale dependencies
02-26 00:05:51.984 D/dalvikvm(18240): Trying to load lib libjavacore.so 0x0
02-26 00:05:51.987 D/dalvikvm(18240): Added shared lib libjavacore.so 0x0
02-26 00:05:51.992 D/dalvikvm(18240): Trying to load lib libnativehelper.so 0x0
02-26 00:05:51.992 D/dalvikvm(18240): Added shared lib libnativehelper.so 0x0
02-26 00:05:51.992 D/dalvikvm(18240): No JNI_OnLoad found in libnativehelper.so 0x0, skipping init
02-26 00:05:52.010 I/dalvikvm(18240): DexOpt: mismatch dep name: '/data/dalvik-cache/system@framework@services.jar@classes.dex' vs. '/system/framework/services.odex'
02-26 00:05:52.010 E/dalvikvm(18240): /system/framework/input.jar odex has stale dependencies
02-26 00:05:52.014 E/cutils-trace(18240): Error opening trace file: No such file or directory (2)
02-26 00:05:52.035 D/dalvikvm(18240): Note: class Landroid/app/ActivityManagerNative; has 179 unimplemented (abstract) methods
02-26 00:05:52.279 E/memtrack(18240): Couldn't load memtrack module (No such file or directory)
02-26 00:05:52.280 E/android.os.Debug(18240): failed to load memtrack module: -2
02-26 00:05:52.282 I/EthernetJNI(18240): Loading ethernet jni class
02-26 00:05:52.351 D/AndroidRuntime(18240): Calling main entry com.android.commands.input.Input
02-26 00:05:52.352 I/Input   (18240): injectKeyEvent: KeyEvent { action=ACTION_DOWN, keyCode=KEYCODE_DPAD_DOWN, scanCode=0, metaState=0, flags=0x0, repeatCount=0, eventTime=23962527, downTime=23962527, deviceId=-1, source=0x101 }
02-26 00:05:52.358 D/WindowManager( 1948): keyCode =20
02-26 00:05:52.358 D/WindowManager( 1948): isLockedAllKeys =0
02-26 00:05:52.358 D/WindowManager( 1948): isHandleHomeKey = 1
02-26 00:05:52.358 D/WindowManager( 1948): isHandlePowerKey ==1
02-26 00:05:52.358 D/WindowManager( 1948): isHandleSettingKey=1
02-26 00:05:52.358 D/WindowManager( 1948): handleSystemKey==1
02-26 00:05:52.359 D/WindowManager( 1948): send broadcast key press down
--------- beginning of /dev/log/system
02-26 00:05:52.359 W/ContextImpl( 1948): Calling a method in the system process without a qualified user: android.app.ContextImpl.sendBroadcast:1168 com.android.internal.policy.impl.PhoneWindowManager.interceptKeyBeforeQueueing:4109 com.android.server.wm.InputMonitor.interceptKeyBeforeQueueing:357 com.android.server.input.InputManagerService.interceptKeyBeforeQueueing:1352 com.android.server.input.InputManagerService.nativeInjectInputEvent:-2 
02-26 00:05:52.362 D/MainActivity( 2257): [0;32;31m[main][com.huawei.mh2.launcher.MainActivity][dispatchKeyEvent][-1]:launcher:keycode=20 [m
02-26 00:05:52.364 D/j       ( 2257): [0;32;31m[main][com.huawei.mh2.launcher.l][onGlobalFocusChanged][-1]:launcher:newFocus=com.huawei.mh2.launcher.a.s{2d4a63e8 VFE..... .FS..... 840,75-1181,544} [m
02-26 00:05:52.365 D/j       ( 2257): [0;32;31m[main][net.sunniwell.ui.e][onGlobalFocusChanged][-1]:launcher:smoothMove [m
02-26 00:05:52.365 D/AudioPolicyManagerBase( 1406): startOutput() output 2, stream 1, session 362
02-26 00:05:52.365 D/AudioPolicyManagerBase( 1406): startoutput ->setOutputDevice
02-26 00:05:52.365 D/AudioPolicyManagerBase( 1406): AudioPolicyManagerBase::checkAndSetVolume 13,0.377113
02-26 00:05:52.365 I/Input   (18240): injectKeyEvent: KeyEvent { action=ACTION_UP, keyCode=KEYCODE_DPAD_DOWN, scanCode=0, metaState=0, flags=0x0, repeatCount=0, eventTime=23962527, downTime=23962527, deviceId=-1, source=0x101 }
02-26 00:05:52.366 D/WindowManager( 1948): keyCode =20
02-26 00:05:52.366 D/WindowManager( 1948): isLockedAllKeys =0
02-26 00:05:52.366 D/WindowManager( 1948): isHandleHomeKey = 1
02-26 00:05:52.366 D/WindowManager( 1948): isHandlePowerKey ==1
02-26 00:05:52.366 D/WindowManager( 1948): isHandleSettingKey=1
02-26 00:05:52.366 D/WindowManager( 1948): handleSystemKey==1
02-26 00:05:52.367 D/j       ( 2257): [0;32;31m[main][net.sunniwell.ui.g][a][-1]:launcher:anchorView=com.huawei.mh2.launcher.a.s{2d4a63e8 VFE..... .FS..... 840,75-1181,544} [m
02-26 00:05:52.368 D/PosterPage( 2257): [0;32;31m[main][com.huawei.mh2.launcher.page.o][onFocusChange][-1]:launcher:hasFocus=true [m
02-26 00:05:52.368 D/AndroidRuntime(18240): Shutting down VM
02-26 00:05:52.369 D/MainActivity( 2257): [0;32;31m[main][com.huawei.mh2.launcher.MainActivity][dispatchKeyEvent][-1]:launcher:keycode=20 [m
02-26 00:05:52.372 D/dalvikvm(18240): GC_CONCURRENT freed 98K, 16% free 566K/668K, paused 1ms+0ms, total 3ms
02-26 00:05:52.376 D/ImageLoader( 2257): Load image from memory cache [http://pic3.ptqy.gitv.tv/image/20150215/41/2c/a_100010524_m_601_260_360.jpg_333x461]
02-26 00:05:52.377 D/p       ( 2257): [0;32;31m[main][com.huawei.mh2.launcher.p][getView][-1]:launcher:position=12 convertView=null [m
02-26 00:05:52.399 D/j       ( 2257): [0;32;31m[main][net.sunniwell.ui.g][b][-1]:launcher:offsetWidth=146 offsetHeight=278 resizeImmediate=false [m
02-26 00:05:52.400 D/j       ( 2257): [0;32;31m[main][net.sunniwell.ui.g][a][-1]:launcher:offsetLeft=317 offsetTop=124 moveImmediate=false [m
02-26 00:05:52.401 D/j       ( 2257): [0;32;31m[main][net.sunniwell.ui.d][a][-1]:launcher:immediate=false isChanged=true [m
02-26 00:05:52.403 D/j       ( 2257): [0;32;31m[main][com.huawei.mh2.launcher.j][a][-1]:launcher:changed=true [m
02-26 00:05:52.414 D/j       ( 2257): [0;32;31m[main][net.sunniwell.ui.g][b][-1]:launcher:offsetWidth=51 offsetHeight=97 resizeImmediate=false [m
02-26 00:05:52.414 D/j       ( 2257): [0;32;31m[main][net.sunniwell.ui.g][a][-1]:launcher:offsetLeft=111 offsetTop=44 moveImmediate=false [m
02-26 00:05:52.415 D/j       ( 2257): [0;32;31m[main][net.sunniwell.ui.d][a][-1]:launcher:immediate=false isChanged=true [m
02-26 00:05:52.416 D/j       ( 2257): [0;32;31m[main][com.huawei.mh2.launcher.j][a][-1]:launcher:changed=true [m
02-26 00:05:52.422 D/j       ( 2257): [0;32;31m[main][net.sunniwell.ui.g][b][-1]:launcher:offsetWidth=18 offsetHeight=34 resizeImmediate=false [m
02-26 00:05:52.423 D/j       ( 2257): [0;32;31m[main][net.sunniwell.ui.g][a][-1]:launcher:offsetLeft=39 offsetTop=15 moveImmediate=false [m
02-26 00:05:52.424 D/j       ( 2257): [0;32;31m[main][net.sunniwell.ui.d][a][-1]:launcher:immediate=false isChanged=true [m
02-26 00:05:52.424 D/j       ( 2257): [0;32;31m[main][com.huawei.mh2.launcher.j][a][-1]:launcher:changed=true [m
02-26 00:05:52.444 D/j       ( 2257): [0;32;31m[main][net.sunniwell.ui.g][b][-1]:launcher:offsetWidth=6 offsetHeight=12 resizeImmediate=false [m
02-26 00:05:52.445 D/j       ( 2257): [0;32;31m[main][net.sunniwell.ui.g][a][-1]:launcher:offsetLeft=13 offsetTop=5 moveImmediate=false [m
02-26 00:05:52.446 D/j       ( 2257): [0;32;31m[main][net.sunniwell.ui.d][a][-1]:launcher:immediate=false isChanged=true [m
02-26 00:05:52.446 D/j       ( 2257): [0;32;31m[main][com.huawei.mh2.launcher.j][a][-1]:launcher:changed=true [m
02-26 00:05:52.468 D/j       ( 2257): [0;32;31m[main][net.sunniwell.ui.g][b][-1]:launcher:offsetWidth=4 offsetHeight=7 resizeImmediate=false [m
02-26 00:05:52.468 D/j       ( 2257): [0;32;31m[main][net.sunniwell.ui.g][a][-1]:launcher:offsetLeft=8 offsetTop=4 moveImmediate=false [m
02-26 00:05:52.469 D/j       ( 2257): [0;32;31m[main][net.sunniwell.ui.d][a][-1]:launcher:immediate=false isChanged=true [m
02-26 00:05:52.470 D/j       ( 2257): [0;32;31m[main][com.huawei.mh2.launcher.j][a][-1]:launcher:changed=true [m
02-26 00:05:52.489 D/j       ( 2257): [0;32;31m[main][net.sunniwell.ui.g][b][-1]:launcher:offsetWidth=0 offsetHeight=0 resizeImmediate=false [m
02-26 00:05:52.489 D/j       ( 2257): [0;32;31m[main][net.sunniwell.ui.g][a][-1]:launcher:offsetLeft=-6 offsetTop=-11 moveImmediate=false [m
02-26 00:05:52.490 D/j       ( 2257): [0;32;31m[main][net.sunniwell.ui.d][a][-1]:launcher:immediate=false isChanged=true [m
02-26 00:05:52.491 D/j       ( 2257): [0;32;31m[main][com.huawei.mh2.launcher.j][a][-1]:launcher:changed=true [m
02-26 00:05:52.509 D/j       ( 2257): [0;32;31m[main][net.sunniwell.ui.g][b][-1]:launcher:offsetWidth=0 offsetHeight=0 resizeImmediate=false [m
02-26 00:05:52.510 D/j       ( 2257): [0;32;31m[main][net.sunniwell.ui.g][a][-1]:launcher:offsetLeft=-3 offsetTop=-5 moveImmediate=false [m
02-26 00:05:52.511 D/j       ( 2257): [0;32;31m[main][net.sunniwell.ui.d][a][-1]:launcher:immediate=false isChanged=true [m
02-26 00:05:52.511 D/j       ( 2257): [0;32;31m[main][com.huawei.mh2.launcher.j][a][-1]:launcher:changed=true [m
02-26 00:05:52.533 D/j       ( 2257): [0;32;31m[main][net.sunniwell.ui.g][b][-1]:launcher:offsetWidth=0 offsetHeight=0 resizeImmediate=false [m
02-26 00:05:52.533 D/j       ( 2257): [0;32;31m[main][net.sunniwell.ui.g][a][-1]:launcher:offsetLeft=0 offsetTop=0 moveImmediate=false [m
02-26 00:05:52.534 D/j       ( 2257): [0;32;31m[main][net.sunniwell.ui.d][a][-1]:launcher:immediate=false isChanged=false [m
02-26 00:05:52.535 D/j       ( 2257): [0;32;31m[main][com.huawei.mh2.launcher.j][a][-1]:launcher:changed=false [m
02-26 00:05:53.192 D/ImageLoader( 2257): Load image from memory cache [http://pic3.ptqy.gitv.tv/image/20150215/41/2c/a_100010524_m_601_260_360.jpg_333x461]
02-26 00:05:53.195 D/p       ( 2257): [0;32;31m[main][com.huawei.mh2.launcher.p][getView][-1]:launcher:position=12 convertView=null [m
02-26 00:05:53.211 D/j       ( 2257): [0;32;31m[main][net.sunniwell.ui.g][a][-1]:launcher:anchorView=com.huawei.mh2.launcher.a.s{2d4a63e8 VFE..... .FS...ID 840,75-1181,544} [m
02-26 00:05:53.291 D/j       ( 2257): [0;32;31m[main][net.sunniwell.ui.g][b][-1]:launcher:offsetWidth=0 offsetHeight=0 resizeImmediate=false [m
02-26 00:05:53.292 D/j       ( 2257): [0;32;31m[main][net.sunniwell.ui.g][a][-1]:launcher:offsetLeft=0 offsetTop=0 moveImmediate=false [m
02-26 00:05:53.293 D/j       ( 2257): [0;32;31m[main][net.sunniwell.ui.d][a][-1]:launcher:immediate=false isChanged=false [m
02-26 00:05:53.294 D/j       ( 2257): [0;32;31m[main][com.huawei.mh2.launcher.j][a][-1]:launcher:changed=false [m
02-26 00:05:53.461 E/VPP_DLNA_LOG( 2814): [VPPDLNA]:SSDP recvd bad msg code = 1
02-26 00:05:53.462 E/VPP_DLNA_LOG( 2814): [VPPDLNA]:SSDP recvd bad msg code = 1
02-26 00:05:53.464 E/VPP_DLNA_LOG( 2814): [VPPDLNA]:SSDP recvd bad msg code = 1
02-26 00:05:53.566 E/VPP_DLNA_LOG( 2814): [VPPDLNA]:SSDP recvd bad msg code = 1
02-26 00:05:53.568 E/VPP_DLNA_LOG( 2814): [VPPDLNA]:SSDP recvd bad msg code = 1
02-26 00:05:53.569 E/VPP_DLNA_LOG( 2814): [VPPDLNA]:SSDP recvd bad msg code = 1
02-26 00:05:54.020 D/AndroidRuntime(18252): 
02-26 00:05:54.020 D/AndroidRuntime(18252): >>>>>> AndroidRuntime START com.android.internal.os.RuntimeInit <<<<<<
02-26 00:05:54.022 D/AndroidRuntime(18252): CheckJNI is OFF
02-26 00:05:54.031 I/dalvikvm(18252): DexOpt: mismatch dep signature for '/system/framework/android.policy.odex'
02-26 00:05:54.031 E/dalvikvm(18252): /system/framework/services.jar odex has stale dependencies
02-26 00:05:54.032 I/dalvikvm(18252): DexOpt: mismatch dep name: '/data/dalvik-cache/system@framework@services.jar@classes.dex' vs. '/system/framework/services.odex'
02-26 00:05:54.032 E/dalvikvm(18252): /system/framework/apache-xml.jar odex has stale dependencies
02-26 00:05:54.032 I/dalvikvm(18252): DexOpt: mismatch dep name: '/data/dalvik-cache/system@framework@services.jar@classes.dex' vs. '/system/framework/services.odex'
02-26 00:05:54.032 E/dalvikvm(18252): /system/framework/webviewchromium.jar odex has stale dependencies
02-26 00:05:54.039 D/dalvikvm(18252): Trying to load lib libjavacore.so 0x0
02-26 00:05:54.043 D/dalvikvm(18252): Added shared lib libjavacore.so 0x0
02-26 00:05:54.048 D/dalvikvm(18252): Trying to load lib libnativehelper.so 0x0
02-26 00:05:54.048 D/dalvikvm(18252): Added shared lib libnativehelper.so 0x0
02-26 00:05:54.048 D/dalvikvm(18252): No JNI_OnLoad found in libnativehelper.so 0x0, skipping init
02-26 00:05:54.066 I/dalvikvm(18252): DexOpt: mismatch dep name: '/data/dalvik-cache/system@framework@services.jar@classes.dex' vs. '/system/framework/services.odex'
02-26 00:05:54.066 E/dalvikvm(18252): /system/framework/input.jar odex has stale dependencies
02-26 00:05:54.069 E/cutils-trace(18252): Error opening trace file: No such file or directory (2)
02-26 00:05:54.100 D/dalvikvm(18252): Note: class Landroid/app/ActivityManagerNative; has 179 unimplemented (abstract) methods
02-26 00:05:54.301 E/memtrack(18252): Couldn't load memtrack module (No such file or directory)
02-26 00:05:54.301 E/android.os.Debug(18252): failed to load memtrack module: -2
02-26 00:05:54.304 I/EthernetJNI(18252): Loading ethernet jni class
02-26 00:05:54.373 D/AndroidRuntime(18252): Calling main entry com.android.commands.input.Input
02-26 00:05:54.375 I/Input   (18252): injectKeyEvent: KeyEvent { action=ACTION_DOWN, keyCode=KEYCODE_DPAD_UP, scanCode=0, metaState=0, flags=0x0, repeatCount=0, eventTime=23964549, downTime=23964549, deviceId=-1, source=0x101 }
02-26 00:05:54.380 D/WindowManager( 1948): keyCode =19
02-26 00:05:54.380 D/WindowManager( 1948): isLockedAllKeys =0
02-26 00:05:54.380 D/WindowManager( 1948): isHandleHomeKey = 1
02-26 00:05:54.380 D/WindowManager( 1948): isHandlePowerKey ==1
02-26 00:05:54.380 D/WindowManager( 1948): isHandleSettingKey=1
02-26 00:05:54.380 D/WindowManager( 1948): handleSystemKey==1
02-26 00:05:54.381 D/WindowManager( 1948): send broadcast key press down
02-26 00:05:54.381 W/ContextImpl( 1948): Calling a method in the system process without a qualified user: android.app.ContextImpl.sendBroadcast:1168 com.android.internal.policy.impl.PhoneWindowManager.interceptKeyBeforeQueueing:4109 com.android.server.wm.InputMonitor.interceptKeyBeforeQueueing:357 com.android.server.input.InputManagerService.interceptKeyBeforeQueueing:1352 com.android.server.input.InputManagerService.nativeInjectInputEvent:-2 
02-26 00:05:54.384 D/MainActivity( 2257): [0;32;31m[main][com.huawei.mh2.launcher.MainActivity][dispatchKeyEvent][-1]:launcher:keycode=19 [m
02-26 00:05:54.387 I/Input   (18252): injectKeyEvent: KeyEvent { action=ACTION_UP, keyCode=KEYCODE_DPAD_UP, scanCode=0, metaState=0, flags=0x0, repeatCount=0, eventTime=23964549, downTime=23964549, deviceId=-1, source=0x101 }
02-26 00:05:54.387 D/WindowManager( 1948): keyCode =19
02-26 00:05:54.387 D/WindowManager( 1948): isLockedAllKeys =0
02-26 00:05:54.387 D/WindowManager( 1948): isHandleHomeKey = 1
02-26 00:05:54.388 D/WindowManager( 1948): isHandlePowerKey ==1
02-26 00:05:54.388 D/WindowManager( 1948): isHandleSettingKey=1
02-26 00:05:54.388 D/PosterPage( 2257): [0;32;31m[main][com.huawei.mh2.launcher.page.o][onFocusChange][-1]:launcher:hasFocus=false [m
02-26 00:05:54.388 D/WindowManager( 1948): handleSystemKey==1
02-26 00:05:54.388 D/AudioPolicyManagerBase( 1406): startOutput() output 2, stream 1, session 363
02-26 00:05:54.388 D/AudioPolicyManagerBase( 1406): startoutput ->setOutputDevice
02-26 00:05:54.388 D/AudioPolicyManagerBase( 1406): AudioPolicyManagerBase::checkAndSetVolume 13,0.377113
02-26 00:05:54.390 D/j       ( 2257): [0;32;31m[main][com.huawei.mh2.launcher.l][onGlobalFocusChanged][-1]:launcher:newFocus=com.huawei.mh2.launcher.a.n{2c944210 VFE...C. .FS..... 0,0-120,57 #7f0a0006 app:id/menu_title_home} [m
02-26 00:05:54.390 D/AndroidRuntime(18252): Shutting down VM
02-26 00:05:54.391 D/j       ( 2257): [0;32;31m[main][net.sunniwell.ui.e][onGlobalFocusChanged][-1]:launcher:smoothMove [m
02-26 00:05:54.392 D/ImageLoader( 2257): Load image from memory cache [http://pic3.ptqy.gitv.tv/image/20150215/41/2c/a_100010524_m_601_260_360.jpg_333x461]
02-26 00:05:54.393 D/j       ( 2257): [0;32;31m[main][net.sunniwell.ui.g][a][-1]:launcher:anchorView=com.huawei.mh2.launcher.a.n{2c944210 VFE...C. .FS..... 0,0-120,57 #7f0a0006 app:id/menu_title_home} [m
02-26 00:05:54.394 D/FrameworkPage( 2257): [0;32;31m[main][com.huawei.mh2.launcher.page.FrameworkPage][onFocusChange][-1]:launcher:v=com.huawei.mh2.launcher.a.n{2c944210 VFE...C. .FS...ID 0,0-120,57 #7f0a0006 app:id/menu_title_home} [m
02-26 00:05:54.395 D/dalvikvm(18252): GC_CONCURRENT freed 98K, 16% free 566K/668K, paused 0ms+1ms, total 3ms
02-26 00:05:54.396 D/MainActivity( 2257): [0;32;31m[main][com.huawei.mh2.launcher.MainActivity][dispatchKeyEvent][-1]:launcher:keycode=19 [m
02-26 00:05:54.398 D/p       ( 2257): [0;32;31m[main][com.huawei.mh2.launcher.p][getView][-1]:launcher:position=12 convertView=null [m
02-26 00:05:54.410 D/j       ( 2257): [0;32;31m[main][net.sunniwell.ui.g][b][-1]:launcher:offsetWidth=-147 offsetHeight=-279 resizeImmediate=false [m
02-26 00:05:54.411 D/j       ( 2257): [0;32;31m[main][net.sunniwell.ui.g][a][-1]:launcher:offsetLeft=-312 offsetTop=-115 moveImmediate=false [m
02-26 00:05:54.413 D/j       ( 2257): [0;32;31m[main][net.sunniwell.ui.d][a][-1]:launcher:immediate=false isChanged=true [m
02-26 00:05:54.414 D/j       ( 2257): [0;32;31m[main][com.huawei.mh2.launcher.j][a][-1]:launcher:changed=true [m
02-26 00:05:54.420 D/j       ( 2257): [0;32;31m[main][net.sunniwell.ui.g][b][-1]:launcher:offsetWidth=-51 offsetHeight=-97 resizeImmediate=false [m
02-26 00:05:54.420 D/j       ( 2257): [0;32;31m[main][net.sunniwell.ui.g][a][-1]:launcher:offsetLeft=-109 offsetTop=-40 moveImmediate=false [m
02-26 00:05:54.421 D/j       ( 2257): [0;32;31m[main][net.sunniwell.ui.d][a][-1]:launcher:immediate=false isChanged=true [m
02-26 00:05:54.422 D/j       ( 2257): [0;32;31m[main][com.huawei.mh2.launcher.j][a][-1]:launcher:changed=true [m
02-26 00:05:54.435 D/j       ( 2257): [0;32;31m[main][net.sunniwell.ui.g][b][-1]:launcher:offsetWidth=-18 offsetHeight=-34 resizeImmediate=false [m
02-26 00:05:54.436 D/j       ( 2257): [0;32;31m[main][net.sunniwell.ui.g][a][-1]:launcher:offsetLeft=-38 offsetTop=-14 moveImmediate=false [m
02-26 00:05:54.437 D/j       ( 2257): [0;32;31m[main][net.sunniwell.ui.d][a][-1]:launcher:immediate=false isChanged=true [m
02-26 00:05:54.437 D/j       ( 2257): [0;32;31m[main][com.huawei.mh2.launcher.j][a][-1]:launcher:changed=true [m
02-26 00:05:54.471 D/j       ( 2257): [0;32;31m[main][net.sunniwell.ui.g][b][-1]:launcher:offsetWidth=-6 offsetHeight=-12 resizeImmediate=false [m
02-26 00:05:54.471 D/j       ( 2257): [0;32;31m[main][net.sunniwell.ui.g][a][-1]:launcher:offsetLeft=-13 offsetTop=-7 moveImmediate=false [m
02-26 00:05:54.472 D/j       ( 2257): [0;32;31m[main][net.sunniwell.ui.d][a][-1]:launcher:immediate=false isChanged=true [m
02-26 00:05:54.473 D/j       ( 2257): [0;32;31m[main][com.huawei.mh2.launcher.j][a][-1]:launcher:changed=true [m
02-26 00:05:54.496 D/j       ( 2257): [0;32;31m[main][net.sunniwell.ui.g][b][-1]:launcher:offsetWidth=-3 offsetHeight=-6 resizeImmediate=false [m
02-26 00:05:54.497 D/j       ( 2257): [0;32;31m[main][net.sunniwell.ui.g][a][-1]:launcher:offsetLeft=-7 offsetTop=0 moveImmediate=false [m
02-26 00:05:54.497 D/j       ( 2257): [0;32;31m[main][net.sunniwell.ui.d][a][-1]:launcher:immediate=false isChanged=true [m
02-26 00:05:54.498 D/j       ( 2257): [0;32;31m[main][com.huawei.mh2.launcher.j][a][-1]:launcher:changed=true [m
02-26 00:05:54.518 D/j       ( 2257): [0;32;31m[main][net.sunniwell.ui.g][b][-1]:launcher:offsetWidth=0 offsetHeight=0 resizeImmediate=false [m
02-26 00:05:54.519 D/j       ( 2257): [0;32;31m[main][net.sunniwell.ui.g][a][-1]:launcher:offsetLeft=0 offsetTop=0 moveImmediate=false [m
02-26 00:05:54.520 D/j       ( 2257): [0;32;31m[main][net.sunniwell.ui.d][a][-1]:launcher:immediate=false isChanged=false [m
02-26 00:05:54.520 D/j       ( 2257): [0;32;31m[main][com.huawei.mh2.launcher.j][a][-1]:launcher:changed=false [m
02-26 00:05:56.057 D/AndroidRuntime(18264): 
02-26 00:05:56.057 D/AndroidRuntime(18264): >>>>>> AndroidRuntime START com.android.internal.os.RuntimeInit <<<<<<
02-26 00:05:56.059 D/AndroidRuntime(18264): CheckJNI is OFF
02-26 00:05:56.068 I/dalvikvm(18264): DexOpt: mismatch dep signature for '/system/framework/android.policy.odex'
02-26 00:05:56.068 E/dalvikvm(18264): /system/framework/services.jar odex has stale dependencies
02-26 00:05:56.069 I/dalvikvm(18264): DexOpt: mismatch dep name: '/data/dalvik-cache/system@framework@services.jar@classes.dex' vs. '/system/framework/services.odex'
02-26 00:05:56.069 E/dalvikvm(18264): /system/framework/apache-xml.jar odex has stale dependencies
02-26 00:05:56.070 I/dalvikvm(18264): DexOpt: mismatch dep name: '/data/dalvik-cache/system@framework@services.jar@classes.dex' vs. '/system/framework/services.odex'
02-26 00:05:56.070 E/dalvikvm(18264): /system/framework/webviewchromium.jar odex has stale dependencies
02-26 00:05:56.076 D/dalvikvm(18264): Trying to load lib libjavacore.so 0x0
02-26 00:05:56.080 D/dalvikvm(18264): Added shared lib libjavacore.so 0x0
02-26 00:05:56.085 D/dalvikvm(18264): Trying to load lib libnativehelper.so 0x0
02-26 00:05:56.085 D/dalvikvm(18264): Added shared lib libnativehelper.so 0x0
02-26 00:05:56.085 D/dalvikvm(18264): No JNI_OnLoad found in libnativehelper.so 0x0, skipping init
02-26 00:05:56.103 I/dalvikvm(18264): DexOpt: mismatch dep name: '/data/dalvik-cache/system@framework@services.jar@classes.dex' vs. '/system/framework/services.odex'
02-26 00:05:56.103 E/dalvikvm(18264): /system/framework/input.jar odex has stale dependencies
02-26 00:05:56.106 E/cutils-trace(18264): Error opening trace file: No such file or directory (2)
02-26 00:05:56.127 D/dalvikvm(18264): Note: class Landroid/app/ActivityManagerNative; has 179 unimplemented (abstract) methods
02-26 00:05:56.317 E/memtrack(18264): Couldn't load memtrack module (No such file or directory)
02-26 00:05:56.317 E/android.os.Debug(18264): failed to load memtrack module: -2
02-26 00:05:56.319 I/EthernetJNI(18264): Loading ethernet jni class
02-26 00:05:56.389 I/HiRMService( 2269):  ***** changeStats = 0
02-26 00:05:56.390 D/AndroidRuntime(18264): Calling main entry com.android.commands.input.Input
02-26 00:05:56.392 I/Input   (18264): injectKeyEvent: KeyEvent { action=ACTION_DOWN, keyCode=KEYCODE_DPAD_DOWN, scanCode=0, metaState=0, flags=0x0, repeatCount=0, eventTime=23966567, downTime=23966567, deviceId=-1, source=0x101 }
02-26 00:05:56.397 D/WindowManager( 1948): keyCode =20
02-26 00:05:56.397 D/WindowManager( 1948): isLockedAllKeys =0
02-26 00:05:56.397 D/WindowManager( 1948): isHandleHomeKey = 1
02-26 00:05:56.397 D/WindowManager( 1948): isHandlePowerKey ==1
02-26 00:05:56.397 D/WindowManager( 1948): isHandleSettingKey=1
02-26 00:05:56.397 D/WindowManager( 1948): handleSystemKey==1
02-26 00:05:56.398 D/WindowManager( 1948): send broadcast key press down
02-26 00:05:56.398 W/ContextImpl( 1948): Calling a method in the system process without a qualified user: android.app.ContextImpl.sendBroadcast:1168 com.android.internal.policy.impl.PhoneWindowManager.interceptKeyBeforeQueueing:4109 com.android.server.wm.InputMonitor.interceptKeyBeforeQueueing:357 com.android.server.input.InputManagerService.interceptKeyBeforeQueueing:1352 com.android.server.input.InputManagerService.nativeInjectInputEvent:-2 
02-26 00:05:56.401 D/MainActivity( 2257): [0;32;31m[main][com.huawei.mh2.launcher.MainActivity][dispatchKeyEvent][-1]:launcher:keycode=20 [m
02-26 00:05:56.403 D/j       ( 2257): [0;32;31m[main][com.huawei.mh2.launcher.l][onGlobalFocusChanged][-1]:launcher:newFocus=com.huawei.mh2.launcher.a.s{2d4a63e8 VFE..... .FS..... 840,75-1181,544} [m
02-26 00:05:56.404 I/Input   (18264): injectKeyEvent: KeyEvent { action=ACTION_UP, keyCode=KEYCODE_DPAD_DOWN, scanCode=0, metaState=0, flags=0x0, repeatCount=0, eventTime=23966567, downTime=23966567, deviceId=-1, source=0x101 }
02-26 00:05:56.404 D/WindowManager( 1948): keyCode =20
02-26 00:05:56.404 D/AudioPolicyManagerBase( 1406): startOutput() output 2, stream 1, session 364
02-26 00:05:56.404 D/AudioPolicyManagerBase( 1406): startoutput ->setOutputDevice
02-26 00:05:56.404 D/WindowManager( 1948): isLockedAllKeys =0
02-26 00:05:56.404 D/WindowManager( 1948): isHandleHomeKey = 1
02-26 00:05:56.404 D/AudioPolicyManagerBase( 1406): AudioPolicyManagerBase::checkAndSetVolume 13,0.377113
02-26 00:05:56.404 D/WindowManager( 1948): isHandlePowerKey ==1
02-26 00:05:56.404 D/WindowManager( 1948): isHandleSettingKey=1
02-26 00:05:56.404 D/j       ( 2257): [0;32;31m[main][net.sunniwell.ui.e][onGlobalFocusChanged][-1]:launcher:smoothMove [m
02-26 00:05:56.405 D/WindowManager( 1948): handleSystemKey==1
02-26 00:05:56.407 D/j       ( 2257): [0;32;31m[main][net.sunniwell.ui.g][a][-1]:launcher:anchorView=com.huawei.mh2.launcher.a.s{2d4a63e8 VFE..... .FS..... 840,75-1181,544} [m
02-26 00:05:56.408 D/AndroidRuntime(18264): Shutting down VM
02-26 00:05:56.408 D/PosterPage( 2257): [0;32;31m[main][com.huawei.mh2.launcher.page.o][onFocusChange][-1]:launcher:hasFocus=true [m
02-26 00:05:56.410 D/MainActivity( 2257): [0;32;31m[main][com.huawei.mh2.launcher.MainActivity][dispatchKeyEvent][-1]:launcher:keycode=20 [m
02-26 00:05:56.411 D/ImageLoader( 2257): Load image from memory cache [http://pic3.ptqy.gitv.tv/image/20150215/41/2c/a_100010524_m_601_260_360.jpg_333x461]
02-26 00:05:56.413 D/p       ( 2257): [0;32;31m[main][com.huawei.mh2.launcher.p][getView][-1]:launcher:position=12 convertView=null [m
02-26 00:05:56.413 D/dalvikvm(18264): GC_CONCURRENT freed 98K, 16% free 566K/668K, paused 0ms+1ms, total 3ms
02-26 00:05:56.435 D/j       ( 2257): [0;32;31m[main][net.sunniwell.ui.g][b][-1]:launcher:offsetWidth=146 offsetHeight=278 resizeImmediate=false [m
02-26 00:05:56.436 D/j       ( 2257): [0;32;31m[main][net.sunniwell.ui.g][a][-1]:launcher:offsetLeft=317 offsetTop=124 moveImmediate=false [m
02-26 00:05:56.437 D/j       ( 2257): [0;32;31m[main][net.sunniwell.ui.d][a][-1]:launcher:immediate=false isChanged=true [m
02-26 00:05:56.438 D/j       ( 2257): [0;32;31m[main][com.huawei.mh2.launcher.j][a][-1]:launcher:changed=true [m
02-26 00:05:56.450 D/j       ( 2257): [0;32;31m[main][net.sunniwell.ui.g][b][-1]:launcher:offsetWidth=51 offsetHeight=97 resizeImmediate=false [m
02-26 00:05:56.451 D/j       ( 2257): [0;32;31m[main][net.sunniwell.ui.g][a][-1]:launcher:offsetLeft=111 offsetTop=44 moveImmediate=false [m
02-26 00:05:56.452 D/j       ( 2257): [0;32;31m[main][net.sunniwell.ui.d][a][-1]:launcher:immediate=false isChanged=true [m
02-26 00:05:56.454 D/j       ( 2257): [0;32;31m[main][com.huawei.mh2.launcher.j][a][-1]:launcher:changed=true [m
02-26 00:05:56.460 D/j       ( 2257): [0;32;31m[main][net.sunniwell.ui.g][b][-1]:launcher:offsetWidth=18 offsetHeight=34 resizeImmediate=false [m
02-26 00:05:56.461 D/j       ( 2257): [0;32;31m[main][net.sunniwell.ui.g][a][-1]:launcher:offsetLeft=39 offsetTop=15 moveImmediate=false [m
02-26 00:05:56.462 D/j       ( 2257): [0;32;31m[main][net.sunniwell.ui.d][a][-1]:launcher:immediate=false isChanged=true [m
02-26 00:05:56.463 D/j       ( 2257): [0;32;31m[main][com.huawei.mh2.launcher.j][a][-1]:launcher:changed=true [m
02-26 00:05:56.481 D/j       ( 2257): [0;32;31m[main][net.sunniwell.ui.g][b][-1]:launcher:offsetWidth=6 offsetHeight=12 resizeImmediate=false [m
02-26 00:05:56.481 D/j       ( 2257): [0;32;31m[main][net.sunniwell.ui.g][a][-1]:launcher:offsetLeft=13 offsetTop=5 moveImmediate=false [m
02-26 00:05:56.482 D/j       ( 2257): [0;32;31m[main][net.sunniwell.ui.d][a][-1]:launcher:immediate=false isChanged=true [m
02-26 00:05:56.483 D/j       ( 2257): [0;32;31m[main][com.huawei.mh2.launcher.j][a][-1]:launcher:changed=true [m
02-26 00:05:56.504 D/j       ( 2257): [0;32;31m[main][net.sunniwell.ui.g][b][-1]:launcher:offsetWidth=4 offsetHeight=7 resizeImmediate=false [m
02-26 00:05:56.505 D/j       ( 2257): [0;32;31m[main][net.sunniwell.ui.g][a][-1]:launcher:offsetLeft=-1 offsetTop=-8 moveImmediate=false [m
02-26 00:05:56.506 D/j       ( 2257): [0;32;31m[main][net.sunniwell.ui.d][a][-1]:launcher:immediate=false isChanged=true [m
02-26 00:05:56.507 D/j       ( 2257): [0;32;31m[main][com.huawei.mh2.launcher.j][a][-1]:launcher:changed=true [m
02-26 00:05:56.525 D/j       ( 2257): [0;32;31m[main][net.sunniwell.ui.g][b][-1]:launcher:offsetWidth=0 offsetHeight=0 resizeImmediate=false [m
02-26 00:05:56.526 D/j       ( 2257): [0;32;31m[main][net.sunniwell.ui.g][a][-1]:launcher:offsetLeft=0 offsetTop=-4 moveImmediate=false [m
02-26 00:05:56.526 D/j       ( 2257): [0;32;31m[main][net.sunniwell.ui.d][a][-1]:launcher:immediate=false isChanged=true [m
02-26 00:05:56.527 D/j       ( 2257): [0;32;31m[main][com.huawei.mh2.launcher.j][a][-1]:launcher:changed=true [m
02-26 00:05:56.546 D/j       ( 2257): [0;32;31m[main][net.sunniwell.ui.g][b][-1]:launcher:offsetWidth=0 offsetHeight=0 resizeImmediate=false [m
02-26 00:05:56.547 D/j       ( 2257): [0;32;31m[main][net.sunniwell.ui.g][a][-1]:launcher:offsetLeft=0 offsetTop=0 moveImmediate=false [m
02-26 00:05:56.547 D/j       ( 2257): [0;32;31m[main][net.sunniwell.ui.d][a][-1]:launcher:immediate=false isChanged=false [m
02-26 00:05:56.548 D/j       ( 2257): [0;32;31m[main][com.huawei.mh2.launcher.j][a][-1]:launcher:changed=false [m
02-26 00:05:57.242 D/ImageLoader( 2257): Load image from memory cache [http://pic3.ptqy.gitv.tv/image/20150215/41/2c/a_100010524_m_601_260_360.jpg_333x461]
02-26 00:05:57.245 D/p       ( 2257): [0;32;31m[main][com.huawei.mh2.launcher.p][getView][-1]:launcher:position=12 convertView=null [m
02-26 00:05:57.262 D/j       ( 2257): [0;32;31m[main][net.sunniwell.ui.g][a][-1]:launcher:anchorView=com.huawei.mh2.launcher.a.s{2d4a63e8 VFE..... .FS...ID 840,75-1181,544} [m
02-26 00:05:57.342 D/j       ( 2257): [0;32;31m[main][net.sunniwell.ui.g][b][-1]:launcher:offsetWidth=0 offsetHeight=0 resizeImmediate=false [m
02-26 00:05:57.343 D/j       ( 2257): [0;32;31m[main][net.sunniwell.ui.g][a][-1]:launcher:offsetLeft=0 offsetTop=0 moveImmediate=false [m
02-26 00:05:57.344 D/j       ( 2257): [0;32;31m[main][net.sunniwell.ui.d][a][-1]:launcher:immediate=false isChanged=false [m
02-26 00:05:57.345 D/j       ( 2257): [0;32;31m[main][com.huawei.mh2.launcher.j][a][-1]:launcher:changed=false [m
02-26 00:05:58.652 E/VPP_DLNA_LOG( 2814): [VPPDLNA]:SSDP recvd bad msg code = 1
02-26 00:05:58.655 E/VPP_DLNA_LOG( 2814): [VPPDLNA]:SSDP recvd bad msg code = 1
02-26 00:05:58.657 E/VPP_DLNA_LOG( 2814): [VPPDLNA]:SSDP recvd bad msg code = 1
02-26 00:05:58.737 E/VPP_DLNA_LOG( 2814): [VPPDLNA]:SSDP recvd bad msg code = 1
02-26 00:05:58.739 E/VPP_DLNA_LOG( 2814): [VPPDLNA]:SSDP recvd bad msg code = 1
02-26 00:05:58.742 E/VPP_DLNA_LOG( 2814): [VPPDLNA]:SSDP recvd bad msg code = 1
02-26 00:05:59.140 D/AndroidRuntime(18276): 
02-26 00:05:59.140 D/AndroidRuntime(18276): >>>>>> AndroidRuntime START com.android.internal.os.RuntimeInit <<<<<<
02-26 00:05:59.143 D/AndroidRuntime(18276): CheckJNI is OFF
02-26 00:05:59.153 I/dalvikvm(18276): DexOpt: mismatch dep signature for '/system/framework/android.policy.odex'
02-26 00:05:59.153 E/dalvikvm(18276): /system/framework/services.jar odex has stale dependencies
02-26 00:05:59.154 I/dalvikvm(18276): DexOpt: mismatch dep name: '/data/dalvik-cache/system@framework@services.jar@classes.dex' vs. '/system/framework/services.odex'
02-26 00:05:59.154 E/dalvikvm(18276): /system/framework/apache-xml.jar odex has stale dependencies
02-26 00:05:59.155 I/dalvikvm(18276): DexOpt: mismatch dep name: '/data/dalvik-cache/system@framework@services.jar@classes.dex' vs. '/system/framework/services.odex'
02-26 00:05:59.155 E/dalvikvm(18276): /system/framework/webviewchromium.jar odex has stale dependencies
02-26 00:05:59.163 D/dalvikvm(18276): Trying to load lib libjavacore.so 0x0
02-26 00:05:59.167 D/dalvikvm(18276): Added shared lib libjavacore.so 0x0
02-26 00:05:59.173 D/dalvikvm(18276): Trying to load lib libnativehelper.so 0x0
02-26 00:05:59.173 D/dalvikvm(18276): Added shared lib libnativehelper.so 0x0
02-26 00:05:59.174 D/dalvikvm(18276): No JNI_OnLoad found in libnativehelper.so 0x0, skipping init
02-26 00:05:59.193 I/dalvikvm(18276): DexOpt: mismatch dep name: '/data/dalvik-cache/system@framework@services.jar@classes.dex' vs. '/system/framework/services.odex'
02-26 00:05:59.193 E/dalvikvm(18276): /system/framework/input.jar odex has stale dependencies
02-26 00:05:59.198 E/cutils-trace(18276): Error opening trace file: No such file or directory (2)
02-26 00:05:59.221 D/dalvikvm(18276): Note: class Landroid/app/ActivityManagerNative; has 179 unimplemented (abstract) methods
02-26 00:05:59.432 E/memtrack(18276): Couldn't load memtrack module (No such file or directory)
02-26 00:05:59.432 E/android.os.Debug(18276): failed to load memtrack module: -2
02-26 00:05:59.435 I/EthernetJNI(18276): Loading ethernet jni class
02-26 00:05:59.519 D/AndroidRuntime(18276): Calling main entry com.android.commands.input.Input
02-26 00:05:59.521 I/Input   (18276): injectKeyEvent: KeyEvent { action=ACTION_DOWN, keyCode=KEYCODE_ENTER, scanCode=0, metaState=0, flags=0x0, repeatCount=0, eventTime=23969695, downTime=23969695, deviceId=-1, source=0x101 }
02-26 00:05:59.527 D/WindowManager( 1948): keyCode =66
02-26 00:05:59.527 D/WindowManager( 1948): isLockedAllKeys =0
02-26 00:05:59.527 D/WindowManager( 1948): isHandleHomeKey = 1
02-26 00:05:59.527 D/WindowManager( 1948): isHandlePowerKey ==1
02-26 00:05:59.527 D/WindowManager( 1948): isHandleSettingKey=1
02-26 00:05:59.527 D/WindowManager( 1948): handleSystemKey==1
02-26 00:05:59.528 W/ContextImpl( 1948): Calling a method in the system process without a qualified user: android.app.ContextImpl.sendBroadcast:1168 com.android.internal.policy.impl.PhoneWindowManager.interceptKeyBeforeQueueing:4109 com.android.server.wm.InputMonitor.interceptKeyBeforeQueueing:357 com.android.server.input.InputManagerService.interceptKeyBeforeQueueing:1352 com.android.server.input.InputManagerService.nativeInjectInputEvent:-2 
02-26 00:05:59.529 D/WindowManager( 1948): send broadcast key press down
02-26 00:05:59.533 D/MainActivity( 2257): [0;32;31m[main][com.huawei.mh2.launcher.MainActivity][dispatchKeyEvent][-1]:launcher:keycode=66 [m
02-26 00:05:59.533 I/Input   (18276): injectKeyEvent: KeyEvent { action=ACTION_UP, keyCode=KEYCODE_ENTER, scanCode=0, metaState=0, flags=0x0, repeatCount=0, eventTime=23969695, downTime=23969695, deviceId=-1, source=0x101 }
02-26 00:05:59.534 D/WindowManager( 1948): keyCode =66
02-26 00:05:59.534 D/WindowManager( 1948): isLockedAllKeys =0
02-26 00:05:59.534 D/WindowManager( 1948): isHandleHomeKey = 1
02-26 00:05:59.534 D/WindowManager( 1948): isHandlePowerKey ==1
02-26 00:05:59.534 D/WindowManager( 1948): isHandleSettingKey=1
02-26 00:05:59.534 D/WindowManager( 1948): handleSystemKey==1
02-26 00:05:59.537 D/MainActivity( 2257): [0;32;31m[main][com.huawei.mh2.launcher.MainActivity][dispatchKeyEvent][-1]:launcher:keycode=66 [m
02-26 00:05:59.538 D/AudioPolicyManagerBase( 1406): startOutput() output 2, stream 1, session 365
02-26 00:05:59.538 D/AudioPolicyManagerBase( 1406): startoutput ->setOutputDevice
02-26 00:05:59.538 D/AudioPolicyManagerBase( 1406): AudioPolicyManagerBase::checkAndSetVolume 13,0.377113
02-26 00:05:59.539 D/g       ( 2257): [0;32;31m[main][com.huawei.mh2.launcher.b.g][a][-1]:launcher:dataInfo = id=0232ebdd3b18d801e3f158650792156f,type=0,title=ä¸­å›½æ¢¦æƒ³ç§€ä¹‹æŠ˜çº¸ç‹‚äººç›¼åœ†å¦»å­ç¾Šé©¼ä¹‹æ¢¦,classTag=null,sort=null,filterTag=null,obj=com.qiyi.tv.client.data.Video@2d4cfb18 [m
02-26 00:05:59.541 D/g       ( 2257): [0;32;31m[main][com.huawei.mh2.launcher.b.g][a][-1]:launcher:type = 0 [m
02-26 00:05:59.541 I/EthernetService( 1948): getWifiDisguiseState: STATE UNKNOWN
02-26 00:05:59.541 I/EthernetManager( 1948): getWifiDisguiseState2
02-26 00:05:59.541 I/EthernetService( 1948): getWifiDisguiseState: STATE UNKNOWN
02-26 00:05:59.542 I/EthernetService( 1948): getWifiDisguiseState: STATE UNKNOWN
02-26 00:05:59.542 I/EthernetManager( 1948): getWifiDisguiseState2
02-26 00:05:59.542 I/EthernetService( 1948): getWifiDisguiseState: STATE UNKNOWN
02-26 00:05:59.543 D/g       ( 2257): [0;32;31m[main][com.huawei.mh2.launcher.b.g][i][-1]:launcher:isNetworkReachable [m
02-26 00:05:59.556 D/ClientHelper( 2257): isConnected() ClientHelper@2c9af570{mCurrentState=2, mTargetState=2, mAuthSuccess=true, mListener=com.qiyi.tv.client.project.BaseClient$ProxyListener@2c9ef300, mService=com.qiyi.tv.client.IQiyiService$Stub$Proxy@2ef93858}
02-26 00:05:59.556 D/ClientHelper( 2257): isAuthSuccess() ClientHelper@2c9af570{mCurrentState=2, mTargetState=2, mAuthSuccess=true, mListener=com.qiyi.tv.client.project.BaseClient$ProxyListener@2c9ef300, mService=com.qiyi.tv.client.IQiyiService$Stub$Proxy@2ef93858}
02-26 00:05:59.557 D/Utils   ( 2257): dumpBundle() copyBundle() target=: bundle size=3
02-26 00:05:59.557 D/Utils   ( 2257): dumpBundle() copyBundle() target=: key[com.qiyi.tv.sdk.extra.EXTRA_OPERATION_TYPE]=20001
02-26 00:05:59.557 D/Utils   ( 2257): dumpBundle() copyBundle() target=: key[com.qiyi.tv.sdk.extra.EXTRA_OPERATION_DATA_TYPE]=30000
02-26 00:05:59.557 D/Utils   ( 2257): dumpBundle() copyBundle() target=: key[com.qiyi.tv.sdk.extra.EXTRA_OPERATION_TARGET]=10201
02-26 00:05:59.557 D/Utils   ( 2257): dumpBundle() copyBundle() source=: bundle size=2
02-26 00:05:59.557 D/Utils   ( 2257): dumpBundle() copyBundle() source=: key[com.qiyi.tv.sdk.extra.EXTRA_INTENT_FLAG]=335577088
02-26 00:05:59.557 D/Utils   ( 2257): dumpBundle() copyBundle() source=: key[com.qiyi.tv.sdk.extra.EXTRA_VIDEO]=com.qiyi.tv.client.data.Video@2d4cfb18
02-26 00:05:59.557 D/Utils   ( 2257): dumpBundle() copyBundle() final=: bundle size=5
02-26 00:05:59.557 D/Utils   ( 2257): dumpBundle() copyBundle() final=: key[com.qiyi.tv.sdk.extra.EXTRA_OPERATION_TYPE]=20001
02-26 00:05:59.557 D/Utils   ( 2257): dumpBundle() copyBundle() final=: key[com.qiyi.tv.sdk.extra.EXTRA_INTENT_FLAG]=335577088
02-26 00:05:59.557 D/Utils   ( 2257): dumpBundle() copyBundle() final=: key[com.qiyi.tv.sdk.extra.EXTRA_OPERATION_DATA_TYPE]=30000
02-26 00:05:59.557 D/Utils   ( 2257): dumpBundle() copyBundle() final=: key[com.qiyi.tv.sdk.extra.EXTRA_VIDEO]=com.qiyi.tv.client.data.Video@2d4cfb18
02-26 00:05:59.557 D/Utils   ( 2257): dumpBundle() copyBundle() final=: key[com.qiyi.tv.sdk.extra.EXTRA_OPERATION_TARGET]=10201
02-26 00:05:59.558 D/ClientHelper( 2257): isConnected() ClientHelper@2c9af570{mCurrentState=2, mTargetState=2, mAuthSuccess=true, mListener=com.qiyi.tv.client.project.BaseClient$ProxyListener@2c9ef300, mService=com.qiyi.tv.client.IQiyiService$Stub$Proxy@2ef93858}
02-26 00:05:59.558 D/ClientHelper( 2257): isAuthSuccess() ClientHelper@2c9af570{mCurrentState=2, mTargetState=2, mAuthSuccess=true, mListener=com.qiyi.tv.client.project.BaseClient$ProxyListener@2c9ef300, mService=com.qiyi.tv.client.IQiyiService$Stub$Proxy@2ef93858}
02-26 00:05:59.559 D/g       ( 2257): [0;32;31m[main][com.huawei.mh2.launcher.b.g][i][-1]:launcher:isNetworkReachable return true [m
02-26 00:05:59.559 D/OpenApiBinder( 2323): invoke() begin. bundle size=5
02-26 00:05:59.559 D/OpenApiBinder( 2323): invoke() begin. key[com.qiyi.tv.sdk.extra.EXTRA_OPERATION_TYPE]=20001
02-26 00:05:59.559 D/OpenApiBinder( 2323): invoke() begin. key[com.qiyi.tv.sdk.extra.EXTRA_INTENT_FLAG]=335577088
02-26 00:05:59.559 D/OpenApiBinder( 2323): invoke() begin. key[com.qiyi.tv.sdk.extra.EXTRA_OPERATION_DATA_TYPE]=30000
02-26 00:05:59.559 D/OpenApiBinder( 2323): invoke() begin. key[com.qiyi.tv.sdk.extra.EXTRA_VIDEO]=com.qiyi.tv.client.data.Video@2efad0f0
02-26 00:05:59.560 D/OpenApiBinder( 2323): invoke() begin. key[com.qiyi.tv.sdk.extra.EXTRA_OPERATION_TARGET]=10201
02-26 00:05:59.560 D/OpenApiManager( 2323): isAllowedClient() pid=2257, holder=Holder(code=0, client=ClientInfo(vn=2.0, vc=24956, pk=com.huawei.mh2.launcher)) return true
02-26 00:05:59.560 D/OpenApiBinder( 2323): invoke() find command=com.qiyi.video.openplay.service.feature.open.OpenMediaCommand@2c923c50
02-26 00:05:59.560 D/ProcessWatcher( 2323): getToken() 2257 return AccessToken@{count=17, time=1424937933338, duration=3600000, maxCount=3600000, interval=0)
02-26 00:05:59.560 D/AccessToken( 2323): isAllowedAccess() now = 1424937959560, mMaxCount = 3600000
02-26 00:05:59.560 D/AccessToken( 2323): isAllowedAccess() count=17, time=1424937933338, return true
02-26 00:05:59.561 D/LocalVideo( 2323): LocalVideo(com.qiyi.tv.client.data.Video@2efad0f0) LocalVideo(mType=1, mId=349989700, mName=ä¸­å›½æ¢¦æƒ³ç§€ä¹‹æŠ˜çº¸ç‹‚äººç›¼åœ†å¦»å­ç¾Šé©¼ä¹‹æ¢¦, mChannelId=6, mAlbumId=202509101, mIsSeries=true, mStartTime=0, mCornerHint=3, mPicUrl=http://pic8.ptqy.gitv.tv/image/20150225/54/4c/v_108966887_m_601_m1_354_490.jpg, mUserTags=Bundle@[size=2,com.qiyi.tv.internal.extra.EXTRA_TYPE=0],com.qiyi.tv.internal.extra.EXTRA_SOURCE_CODE=202509101])
02-26 00:05:59.561 D/OpenApiUtils( 2323): createChannelLabel(LocalVideo(mType=1, mId=349989700, mName=ä¸­å›½æ¢¦æƒ³ç§€ä¹‹æŠ˜çº¸ç‹‚äººç›¼åœ†å¦»å­ç¾Šé©¼ä¹‹æ¢¦, mChannelId=6, mAlbumId=202509101, mIsSeries=true, mStartTime=0, mCornerHint=3, mPicUrl=http://pic8.ptqy.gitv.tv/image/20150225/54/4c/v_108966887_m_601_m1_354_490.jpg, mUserTags=Bundle@[size=2,com.qiyi.tv.internal.extra.EXTRA_TYPE=0],com.qiyi.tv.internal.extra.EXTRA_SOURCE_CODE=202509101]))
02-26 00:05:59.561 D/OpenApiUtils( 2323): createChannelLabel() return null
02-26 00:05:59.561 D/OpenApiUtils( 2323): createAlbum(LocalVideo(mType=1, mId=349989700, mName=ä¸­å›½æ¢¦æƒ³ç§€ä¹‹æŠ˜çº¸ç‹‚äººç›¼åœ†å¦»å­ç¾Šé©¼ä¹‹æ¢¦, mChannelId=6, mAlbumId=202509101, mIsSeries=true, mStartTime=0, mCornerHint=3, mPicUrl=http://pic8.ptqy.gitv.tv/image/20150225/54/4c/v_108966887_m_601_m1_354_490.jpg, mUserTags=Bundle@[size=2,com.qiyi.tv.internal.extra.EXTRA_TYPE=0],com.qiyi.tv.internal.extra.EXTRA_SOURCE_CODE=202509101]))
02-26 00:05:59.561 D/OpenApiUtils( 2323): createAlbum() return qpId=202509101 name=ä¸­å›½æ¢¦æƒ³ç§€ä¹‹æŠ˜çº¸ç‹‚äººç›¼åœ†å¦»å­ç¾Šé©¼ä¹‹æ¢¦ type=VIDEO focus= pic=http://pic8.ptqy.gitv.tv/image/20150225/54/4c/v_108966887_m_601_m1_354_490.jpg tvPic= score= pCount= desc= key= isSeries=true chnName= chnId=6 tag= exclusive=0 isDownload=false is3D=0 tvsets=0 order=1 time= tvCount=0 stream= isPurchase=0 tvQid=349989700 vid=null len= sourceCode=202509101 vType=0 playUrl=null
02-26 00:05:59.562 D/OpenApiUtils( 2323): createAlbum() return Album@2cd76bb8{qpId=202509101, tvQid=349989700, vid=null, getType()=VIDEO, albumName=ä¸­å›½æ¢¦æƒ³ç§€ä¹‹æŠ˜çº¸ç‹‚äººç›¼åœ†å¦»å­ç¾Šé©¼ä¹‹æ¢¦, tvName=, sourceCode=202509101, isPurchase()=false, isExclusive()=false, isSeries()=true, playOrder=1, tvPic=, issueTime=, playCount=, playLength=, tvCount=0, tag=, cornerMark=CORNERMARK_NO, is3D()=false, definition list=, chnId=6, chnName=, startTime=0, endTime=0, playTime=-1, canDownload=false, bkt=, area=}
02-26 00:05:59.563 D/PlayerUtils( 2323): >> startPlayerWithPlayList: albumInfo=Album@2cd76bb8{qpId=202509101, tvQid=349989700, vid=null, getType()=VIDEO, albumName=ä¸­å›½æ¢¦æƒ³ç§€ä¹‹æŠ˜çº¸ç‹‚äººç›¼åœ†å¦»å­ç¾Šé©¼ä¹‹æ¢¦, tvName=, sourceCode=202509101, isPurchase()=false, isExclusive()=false, isSeries()=true, playOrder=1, tvPic=, issueTime=, playCount=, playLength=, tvCount=0, tag=, cornerMark=CORNERMARK_NO, is3D()=false, definition list=, chnId=6, chnName=, startTime=0, endTime=0, playTime=-1, canDownload=false, bkt=, area=}, playOrder=1, from=out, playParams=PlayParams@2f0f52e0{sourceType=OUTSIDE, playindex=0, playlist id=null, playlist name=null, is recommend=false, channel id=null, channel name=null, is picture vertical=false, from=out, playlist=[EMPTY]}
02-26 00:05:59.563 D/PlayerUtils( 2323): add clear task flag
02-26 00:05:59.563 D/PlayerUtils( 2323): fillOutsideInfoIfNeed() fill out album info!
02-26 00:05:59.581 I/ActivityManager( 1948): START u0 {flg=0x14008000 cmp=com.qiyi.tvplayer.huawei/com.qiyi.video.player.PlayerActivity (has extras)} from pid 2323
02-26 00:05:59.584 I/QBaseActivity( 2323): onDestroy this = com.qiyi.video.player.PlayerActivity@2caa5c08
02-26 00:05:59.584 I/QBaseActivity( 2323): onDestroy refCount = 1
02-26 00:05:59.584 D/BasePlayActivity( 2323): onDestroy()
02-26 00:05:59.584 D/com.qiyi.video.player.QiyiVideoPlayer@2f2cec30( 2323): onActivityEvent:ACTIVITY_DESTROYED
02-26 00:05:59.584 D/com.qiyi.video.player.QiyiVideoPlayer@2f2cec30( 2323): releasePlayer mIsReleasePlayer = false
02-26 00:05:59.584 D/PlayerController[2cdc0b10]( 2323): stop(true) dump[752618256](mFirstStart=false, mTarget=3, mTargetPosition=-1, mFullscreenHintShown=false, mContinuePlaybackByUser=false, mPlayedAd=false, mPlayer=null)
02-26 00:05:59.584 D/VideoProvider( 2323): stopLoad()
02-26 00:05:59.584 D/VideoLoader( 2323): cancelLoad() mFullLoading=false, mPreLoading=false
02-26 00:05:59.584 D/VideoProvider( 2323): releaseNextLoader() mNextLoader=null
02-26 00:05:59.584 D/Playlist( 2323): clearForReload()
02-26 00:05:59.584 D/PlayerOverlay( 2323): hide()
02-26 00:05:59.584 I/AbsMenuPanel( 2323): hide
02-26 00:05:59.584 D/AbsMenuPanel( 2323): notifyVisibilityChange(false)
02-26 00:05:59.584 D/AbsPlayerOverlay( 2323): notifyMenuPanelVisibilityChange(false)
02-26 00:05:59.584 D/DispatcherCenter( 2323): onVisibilityChange(isVisible:false)
02-26 00:05:59.585 D/VideoProvider( 2323): getCurrent()
02-26 00:05:59.586 D/Playlist( 2323): getCurrent() return VideoHolder@2f2d6208{episodeReady=false, historyReady=false, mListReady=false, mSourceStub=false, position=Position(albumIndex=-1, episodeIndex=-1), video=VideoItem@2dcb4dd0{qpId=202509101, tvQid=349989700, vid=256c33c045d36a7126ce1db2c37c0167, getType()=VIDEO, albumName=ä¸­å›½æ¢¦æƒ³ç§€ç¬¬9å­£, tvName=æŠ˜çº¸ç‹‚äººç›¼åœ†å¦»å­ç¾Šé©¼ä¹‹æ¢¦ å•äº²é†’ç‹®å›¢å®šä½äººç”Ÿ, isSeries()=true, sourceCode=202509101, playOrder=1, getAlbumSubName()=ä¸­å›½æ¢¦æƒ³ç§€ç¬¬9å­£, mIsVipAlbum=false, isPurchase()=false, isPreview=false, isExclusive()=false, isVertical=false, canDownload()=true, isDownload=1, tvPic=, issueTime=20150225, playCount=41499, playLength=1445, tag=å›½è¯­,å†…åœ°,çœŸäººç§€, cornerMark=CORNERMARK_1080P, definition list=2,4,5, default definition=256c33c045d36a7126ce1db2c37c0167, channelId=6, channelName=ç»¼è‰º, mIChannelId=null, startTime=0, endTime=0, headerTime=0, tailTime=0, tvCount=1, tvSets=0, playTime=-1, episodes=0, url=, m3u8Url = null, mRecommendationsFilled=false, mEndRecommendationsFilled=false, mVarietyName=null}}
02-26 00:05:59.587 D/ParamsHelper( 2323): setResultCode(0)
02-26 00:05:59.587 D/PlayerController[2cdc0b10]( 2323): MenuPanel.onVisibilityChange(false): video=VideoItem@2dcb4dd0{qpId=202509101, tvQid=349989700, vid=256c33c045d36a7126ce1db2c37c0167, getType()=VIDEO, albumName=ä¸­å›½æ¢¦æƒ³ç§€ç¬¬9å­£, tvName=æŠ˜çº¸ç‹‚äººç›¼åœ†å¦»å­ç¾Šé©¼ä¹‹æ¢¦ å•äº²é†’ç‹®å›¢å®šä½äººç”Ÿ, isSeries()=true, sourceCode=202509101, playOrder=1, getAlbumSubName()=ä¸­å›½æ¢¦æƒ³ç§€ç¬¬9å­£, mIsVipAlbum=false, isPurchase()=false, isPreview=false, isExclusive()=false, isVertical=false, canDownload()=true, isDownload=1, tvPic=, issueTime=20150225, playCount=41499, playLength=1445, tag=å›½è¯­,å†…åœ°,çœŸäººç§€, cornerMark=CORNERMARK_1080P, definition list=2,4,5, default definition=256c33c045d36a7126ce1db2c37c0167, channelId=6, channelName=ç»¼è‰º, mIChannelId=null, startTime=0, endTime=0, headerTime=0, tailTime=0, tvCount=1, tvSets=0, playTime=-1, episodes=0, url=, m3u8Url = null, mRecommendationsFilled=false, mEndRecommendationsFilled=false, mVarietyName=null}, sourceType=OUTSIDE, isPlaylistReady=false
02-26 00:05:59.587 D/MediaControllerContainer( 2323): hideHeader()
02-26 00:05:59.587 D/MediaControllerOverlay( 2323): hideHeader() mShowHeader=false
02-26 00:05:59.587 D/MediaControllerOverlay( 2323): doHide() com.qiyi.video.project.configs.huawei.layout.HuaweiMediaControllerOverlay{2cbec238 G.E..... ......I. 0,0-0,0}[mState=0, mShowHeader=false, mBuffering=false, mTipShown=false, mSeeking=false, mIsFullScreen=true]
02-26 00:05:59.587 D/MediaControllerOverlay( 2323): clearHideViewMessageQueue()
02-26 00:05:59.587 D/TimedSeekBar( 2323): stopTipMode() mIsTipMode=false
02-26 00:05:59.587 D/TimedSeekBar( 2323): hide()
02-26 00:05:59.587 D/MediaControllerOverlay( 2323): hideView() Views[Adtime,VideoName,Systime,Pause,Seekbar,]
02-26 00:05:59.587 D/ProcessWatcher( 2323): getToken() 2257 return AccessToken@{count=17, time=1424937933338, duration=3600000, maxCount=3600000, interval=0)
02-26 00:05:59.587 D/MediaControllerOverlay( 2323): tip view id:2131100038
02-26 00:05:59.587 D/CountDownView( 2323): hide()
02-26 00:05:59.587 D/AccessToken( 2323): increaseAccessCount() count=18
02-26 00:05:59.587 D/MediaControllerContainer( 2323): hide()
02-26 00:05:59.588 D/PlayerController[2cdc0b10]( 2323): release() dump[752618256](mFirstStart=false, mTarget=3, mTargetPosition=-1, mFullscreenHintShown=false, mContinuePlaybackByUser=false, mPlayedAd=false, mPlayer=null)
02-26 00:05:59.588 D/OpenApiBinder( 2323): invoke() end. bundle size=2
02-26 00:05:59.588 D/ErrorHelper( 2323): clearError()
02-26 00:05:59.588 D/ErrorDialogHelper( 2323): clearCurrentDialog: current dialog=null
