02-26 00:06:46.217 D/LoadingInfoCreator( 2323): createFrom() Album@2f2def20{qpId=202509101, tvQid=349989700, vid=null, getType()=VIDEO, albumName=ä¸­å›½æ¢¦æƒ³ç§€ä¹‹æŠ˜çº¸ç‹‚äººç›¼åœ†å¦»å­ç¾Šé©¼ä¹‹æ¢¦, tvName=, sourceCode=202509101, isPurchase()=false, isExclusive()=false, isSeries()=true, playOrder=1, tvPic=, issueTime=, playCount=, playLength=, tvCount=0, tag=, cornerMark=CORNERMARK_NO, is3D()=false, definition list=, chnId=6, chnName=, startTime=0, endTime=0, playTime=-1, canDownload=false, bkt=, area=}
02-26 00:06:46.217 D/LoadingInfo( 2323): LoadingInfo(ä¸­å›½æ¢¦æƒ³ç§€ä¹‹æŠ˜çº¸ç‹‚äººç›¼åœ†å¦»å­ç¾Šé©¼ä¹‹æ¢¦, 0)
02-26 00:06:46.217 D/LoadingInfo( 2323): setIsExclusive(false)
02-26 00:06:46.217 D/LoadingInfo( 2323): setIsVip(false)
02-26 00:06:46.217 D/LoadingInfo( 2323): setIs3d(false)
02-26 00:06:46.217 D/PlayerOverlay( 2323): showLoading(LoadingInfo{title=ä¸­å›½æ¢¦æƒ³ç§€ä¹‹æŠ˜çº¸ç‹‚äººç›¼åœ†å¦»å­ç¾Šé©¼ä¹‹æ¢¦, isExclusive=false, isVip=false, is3d=false})
02-26 00:06:46.218 D/Player/PlayerView/LoadingView( 2323): initViews: playType=OUTSIDE, loadingInfo=LoadingInfo{title=ä¸­å›½æ¢¦æƒ³ç§€ä¹‹æŠ˜çº¸ç‹‚äººç›¼åœ†å¦»å­ç¾Šé©¼ä¹‹æ¢¦, isExclusive=false, isVip=false, is3d=false}
02-26 00:06:46.219 D/HistoryCacheManager( 2323): getTvHistory(349989700) return History(album=202509101, tv=349989700, order=1, time=-1)
02-26 00:06:46.219 D/VideoItem@2f2d6080( 2323): updateVrsPlayHistory() begin local:Album@2f2d6080{qpId=202509101, tvQid=349989700, vid=null, getType()=VIDEO, albumName=ä¸­å›½æ¢¦æƒ³ç§€ä¹‹æŠ˜çº¸ç‹‚äººç›¼åœ†å¦»å­ç¾Šé©¼ä¹‹æ¢¦, tvName=, sourceCode=202509101, isPurchase()=false, isExclusive()=false, isSeries()=true, playOrder=1, tvPic=, issueTime=, playCount=, playLength=, tvCount=0, tag=, cornerMark=CORNERMARK_NO, is3D()=false, definition list=, chnId=6, chnName=, startTime=0, endTime=0, playTime=-1, canDownload=false, bkt=, area=}
02-26 00:06:46.220 D/VideoItem@2f2d6080( 2323): updateVrsPlayHistory() from:Album@2cdb1490{qpId=202509101, tvQid=349989700, vid=, getType()=VIDEO, albumName=, tvName=, sourceCode=, isPurchase()=false, isExclusive()=false, isSeries()=false, playOrder=1, tvPic=, issueTime=, playCount=, playLength=, tvCount=0, tag=, cornerMark=CORNERMARK_NO, is3D()=false, definition list=, chnId=0, chnName=, startTime=0, endTime=0, playTime=-1, canDownload=false, bkt=, area=}
02-26 00:06:46.220 D/VideoChecker( 2323): isValidVrsTvId(349989700) return true
02-26 00:06:46.220 D/VideoItem@2f2d6080( 2323): isTvSeries(): isSeries=true, sourceCode()=202509101, return=false
02-26 00:06:46.220 D/VideoItem@2f2d6080( 2323): isTvSeries(): isSeries=true, sourceCode()=202509101, return=false
02-26 00:06:46.220 D/VideoItem@2f2d6080( 2323): getPlayOrder() return -1, series=false
02-26 00:06:46.220 D/VideoItem@2f2d6080( 2323): fixEpisodeLogic() play order(-1) episode count(0)
02-26 00:06:46.220 D/VideoItem@2f2d6080( 2323): isTvSeries(): isSeries=true, sourceCode()=202509101, return=false
02-26 00:06:46.221 D/VideoItem@2f2d6080( 2323): updateVrsPlayHistory() end local:Album@2f2d6080{qpId=202509101, tvQid=349989700, vid=null, getType()=VIDEO, albumName=ä¸­å›½æ¢¦æƒ³ç§€ä¹‹æŠ˜çº¸ç‹‚äººç›¼åœ†å¦»å­ç¾Šé©¼ä¹‹æ¢¦, tvName=, sourceCode=202509101, isPurchase()=false, isExclusive()=false, isSeries()=true, playOrder=1, tvPic=, issueTime=, playCount=, playLength=, tvCount=0, tag=, cornerMark=CORNERMARK_NO, is3D()=false, definition list=, chnId=6, chnName=, startTime=0, endTime=0, playTime=-1, canDownload=false, bkt=, area=}
02-26 00:06:46.221 D/VideoItem@2f2d6080( 2323): isTvSeries(): isSeries=true, sourceCode()=202509101, return=false
02-26 00:06:46.221 D/VideoItem@2f2d6080( 2323): isTvSeries(): isSeries=true, sourceCode()=202509101, return=false
02-26 00:06:46.221 D/VideoItem@2f2d6080( 2323): getPlayOrder() return -1, series=false
02-26 00:06:46.222 D/Player/PlayerView/LoadingView( 2323): initViews: isCustomizedLoadingImage=true
02-26 00:06:46.222 D/Player/PlayerView/LoadingView( 2323): show
02-26 00:06:46.222 D/Job     ( 2323): notifyJobSuccess() Job(mState=1, mData=VideoItem@2f2d6080{qpId=202509101, tvQid=349989700, vid=null, getType()=VIDEO, albumName=ä¸­å›½æ¢¦æƒ³ç§€ä¹‹æŠ˜çº¸ç‹‚äººç›¼åœ†å¦»å­ç¾Šé©¼ä¹‹æ¢¦, tvName=, isSeries()=true, sourceCode=202509101, playOrder=1, getAlbumSubName()=ä¸­å›½æ¢¦æƒ³ç§€ä¹‹æŠ˜çº¸ç‹‚äººç›¼åœ†å¦»å­ç¾Šé©¼ä¹‹æ¢¦, mIsVipAlbum=false, isPurchase()=false, isPreview=false, isExclusive()=false, isVertical=false, canDownload()=false, isDownload=0, tvPic=, issueTime=, playCount=, playLength=, tag=, cornerMark=CORNERMARK_NO, definition list=, default definition=null, channelId=6, channelName=, mIChannelId=null, startTime=0, endTime=0, headerTime=0, tailTime=0, tvCount=0, tvSets=0, playTime=-1, episodes=0, url=, m3u8Url = null, mRecommendationsFilled=false, mEndRecommendationsFilled=false, mVarietyName=null}, mError=null)[com.qiyi.video.player.data.job.FetchHistoryJob@2dbac798]
02-26 00:06:46.223 D/Job     ( 2323): notifyDone() mListener=null, Job(mState=2, mData=VideoItem@2f2d6080{qpId=202509101, tvQid=349989700, vid=null, getType()=VIDEO, albumName=ä¸­å›½æ¢¦æƒ³ç§€ä¹‹æŠ˜çº¸ç‹‚äººç›¼åœ†å¦»å­ç¾Šé©¼ä¹‹æ¢¦, tvName=, isSeries()=true, sourceCode=202509101, playOrder=1, getAlbumSubName()=ä¸­å›½æ¢¦æƒ³ç§€ä¹‹æŠ˜çº¸ç‹‚äººç›¼åœ†å¦»å­ç¾Šé©¼ä¹‹æ¢¦, mIsVipAlbum=false, isPurchase()=false, isPreview=false, isExclusive()=false, isVertical=false, canDownload()=false, isDownload=0, tvPic=, issueTime=, playCount=, playLength=, tag=, cornerMark=CORNERMARK_NO, definition list=, default definition=null, channelId=6, channelName=, mIChannelId=null, startTime=0, endTime=0, headerTime=0, tailTime=0, tvCount=0, tvSets=0, playTime=-1, episodes=0, url=, m3u8Url = null, mRecommendationsFilled=false, mEndRecommendationsFilled=false, mVarietyName=null}, mError=null)[com.qiyi.video.player.data.job.FetchHistoryJob@2dbac798]
02-26 00:06:46.224 D/Job     ( 2323): runNextJobs() Job(mState=2, mData=VideoItem@2f2d6080{qpId=202509101, tvQid=349989700, vid=null, getType()=VIDEO, albumName=ä¸­å›½æ¢¦æƒ³ç§€ä¹‹æŠ˜çº¸ç‹‚äººç›¼åœ†å¦»å­ç¾Šé©¼ä¹‹æ¢¦, tvName=, isSeries()=true, sourceCode=202509101, playOrder=1, getAlbumSubName()=ä¸­å›½æ¢¦æƒ³ç§€ä¹‹æŠ˜çº¸ç‹‚äººç›¼åœ†å¦»å­ç¾Šé©¼ä¹‹æ¢¦, mIsVipAlbum=false, isPurchase()=false, isPreview=false, isExclusive()=false, isVertical=false, canDownload()=false, isDownload=0, tvPic=, issueTime=, playCount=, playLength=, tag=, cornerMark=CORNERMARK_NO, definition list=, default definition=null, channelId=6, channelName=, mIChannelId=null, startTime=0, endTime=0, headerTime=0, tailTime=0, tvCount=0, tvSets=0, playTime=-1, episodes=0, url=, m3u8Url = null, mRecommendationsFilled=false, mEndRecommendationsFilled=false, mVarietyName=null}, mError=null)[com.qiyi.video.player.data.job.FetchHistoryJob@2dbac798]
02-26 00:06:46.225 D/Player/PlayerView/LoadingView( 2323): addText: ä¸­å›½æ¢¦æƒ³ç§€ä¹‹æŠ˜çº¸ç‹‚äººç›¼åœ†å¦»å­ç¾Šé©¼ä¹‹æ¢¦
02-26 00:06:46.225 D/PlayerOverlay( 2323):  showLoadingView: shown
02-26 00:06:46.225 D/com.qiyi.video.player.QiyiVideoPlayer@2cdbbb78( 2323): setInitialScreenMode: com.qiyi.video.player.QiyiVideoPlayer$ScreenMode$1@2c9c0f00
02-26 00:06:46.225 D/com.qiyi.video.player.QiyiVideoPlayer@2cdbbb78( 2323): onActivityEvent:ACTIVITY_CREATED
02-26 00:06:46.225 D/PlayerController[2cbbf990]( 2323): onActivityEvent(ACTIVITY_CREATED)
02-26 00:06:46.225 D/PlayerOverlay( 2323): onActivityEvent: ACTIVITY_CREATED
02-26 00:06:46.225 D/Player/Pingback/PingbackSender( 2323): >> onActivityEvent(event:ACTIVITY_CREATED): now=24016400
02-26 00:06:46.225 D/Player/Pingback/PingbackSender( 2323): onActivityEvent: initBeginTime=24016400
02-26 00:06:46.225 D/com.qiyi.video.player.QiyiVideoPlayer@2cdbbb78( 2323): onActivityEvent:ACTIVITY_RESUMED
02-26 00:06:46.226 D/PlayerController[2cbbf990]( 2323): onActivityEvent(ACTIVITY_RESUMED)
02-26 00:06:46.226 D/DownloadViewManager( 2323): register storage listener
02-26 00:06:46.226 D/Job     ( 2323): running() Job(mState=0, mData=VideoItem@2f2d6080{qpId=202509101, tvQid=349989700, vid=null, getType()=VIDEO, albumName=ä¸­å›½æ¢¦æƒ³ç§€ä¹‹æŠ˜çº¸ç‹‚äººç›¼åœ†å¦»å­ç¾Šé©¼ä¹‹æ¢¦, tvName=, isSeries()=true, sourceCode=202509101, playOrder=1, getAlbumSubName()=ä¸­å›½æ¢¦æƒ³ç§€ä¹‹æŠ˜çº¸ç‹‚äººç›¼åœ†å¦»å­ç¾Šé©¼ä¹‹æ¢¦, mIsVipAlbum=false, isPurchase()=false, isPreview=false, isExclusive()=false, isVertical=false, canDownload()=false, isDownload=0, tvPic=, issueTime=, playCount=, playLength=, tag=, cornerMark=CORNERMARK_NO, definition list=, default definition=null, channelId=6, channelName=, mIChannelId=null, startTime=0, endTime=0, headerTime=0, tailTime=0, tvCount=0, tvSets=0, playTime=-1, episodes=0, url=, m3u8Url = null, mRecommendationsFilled=false, mEndRecommendationsFilled=false, mVarietyName=null}, mError=null)[com.qiyi.video.player.data.job.FetchAlbumInfoJob@2cebd408]
02-26 00:06:46.226 D/LocalStorageManager( 2323): startListening() mListening=false
02-26 00:06:46.227 D/LocalStorageManager( 2323): registerListener(com.qiyi.video.player.app.DownloadViewManager$7@2ef1ce20) return true
02-26 00:06:46.227 D/PlayerOverlay( 2323): onActivityEvent: ACTIVITY_RESUMED
02-26 00:06:46.227 D/Player/Pingback/PingbackSender( 2323): >> onActivityEvent(event:ACTIVITY_RESUMED): now=24016402
02-26 00:06:46.227 D/Player/Pingback/PingbackSender( 2323): onActivityEvent: initEndTime=24016402
02-26 00:06:46.228 D/com.qiyi.video.player.QiyiVideoPlayer@2cdbbb78( 2323): onActivityEvent:ACTIVITY_CREATED
02-26 00:06:46.228 D/PlayerController[2cbbf990]( 2323): onActivityEvent(ACTIVITY_CREATED)
02-26 00:06:46.228 D/PlayerOverlay( 2323): onActivityEvent: ACTIVITY_CREATED
02-26 00:06:46.228 D/Player/Pingback/PingbackSender( 2323): >> onActivityEvent(event:ACTIVITY_CREATED): now=24016403
02-26 00:06:46.228 D/Job     ( 2323): isCancelled() Job(mState=0, mData=VideoItem@2f2d6080{qpId=202509101, tvQid=349989700, vid=null, getType()=VIDEO, albumName=ä¸­å›½æ¢¦æƒ³ç§€ä¹‹æŠ˜çº¸ç‹‚äººç›¼åœ†å¦»å­ç¾Šé©¼ä¹‹æ¢¦, tvName=, isSeries()=true, sourceCode=202509101, playOrder=1, getAlbumSubName()=ä¸­å›½æ¢¦æƒ³ç§€ä¹‹æŠ˜çº¸ç‹‚äººç›¼åœ†å¦»å­ç¾Šé©¼ä¹‹æ¢¦, mIsVipAlbum=false, isPurchase()=false, isPreview=false, isExclusive()=false, isVertical=false, canDownload()=false, isDownload=0, tvPic=, issueTime=, playCount=, playLength=, tag=, cornerMark=CORNERMARK_NO, definition list=, default definition=null, channelId=6, channelName=, mIChannelId=null, startTime=0, endTime=0, headerTime=0, tailTime=0, tvCount=0, tvSets=0, playTime=-1, episodes=0, url=, m3u8Url = null, mRecommendationsFilled=false, mEndRecommendationsFilled=false, mVarietyName=null}, mError=null)[com.qiyi.video.player.data.job.FetchAlbumInfoJob@2cebd408] return false
02-26 00:06:46.228 D/Player/Pingback/PingbackSender( 2323): onActivityEvent: initBeginTime=24016403
02-26 00:06:46.230 D/FetchAlbumInfoJob( 2323): onRun() video=VideoItem@2f2d6080{qpId=202509101, tvQid=349989700, vid=null, getType()=VIDEO, albumName=ä¸­å›½æ¢¦æƒ³ç§€ä¹‹æŠ˜çº¸ç‹‚äººç›¼åœ†å¦»å­ç¾Šé©¼ä¹‹æ¢¦, tvName=, isSeries()=true, sourceCode=202509101, playOrder=1, getAlbumSubName()=ä¸­å›½æ¢¦æƒ³ç§€ä¹‹æŠ˜çº¸ç‹‚äººç›¼åœ†å¦»å­ç¾Šé©¼ä¹‹æ¢¦, mIsVipAlbum=false, isPurchase()=false, isPreview=false, isExclusive()=false, isVertical=false, canDownload()=false, isDownload=0, tvPic=, issueTime=, playCount=, playLength=, tag=, cornerMark=CORNERMARK_NO, definition list=, default definition=null, channelId=6, channelName=, mIChannelId=null, startTime=0, endTime=0, headerTime=0, tailTime=0, tvCount=0, tvSets=0, playTime=-1, episodes=0, url=, m3u8Url = null, mRecommendationsFilled=false, mEndRecommendationsFilled=false, mVarietyName=null}
02-26 00:06:46.230 V/QBaseActivity( 2323): onResume com.qiyi.video.player.PlayerActivity@2f23fab8
02-26 00:06:46.230 I/QBaseActivity( 2323): onResume mHomePressed = true, mStackCount = 1
02-26 00:06:46.230 D/PlayerActivity( 2323): PlayerActivity--->>startCheckUpdate()--
02-26 00:06:46.230 D/VoiceManager( 2323): onActivityResume(com.qiyi.video.player.PlayerActivity@2f23fab8)
02-26 00:06:46.230 D/BasePlayActivity( 2323): onResume() mTargetSeekPos=-1
02-26 00:06:46.230 D/com.qiyi.video.player.QiyiVideoPlayer@2cdbbb78( 2323): onActivityEvent:ACTIVITY_RESUMED
02-26 00:06:46.230 D/PlayerController[2cbbf990]( 2323): onActivityEvent(ACTIVITY_RESUMED)
02-26 00:06:46.230 D/DownloadViewManager( 2323): register storage listener
02-26 00:06:46.230 D/LocalStorageManager( 2323): registerListener(com.qiyi.video.player.app.DownloadViewManager$7@2ef1ce20) return false
02-26 00:06:46.230 D/PlayerOverlay( 2323): onActivityEvent: ACTIVITY_RESUMED
02-26 00:06:46.230 D/Player/Pingback/PingbackSender( 2323): >> onActivityEvent(event:ACTIVITY_RESUMED): now=24016405
02-26 00:06:46.230 D/Player/Pingback/PingbackSender( 2323): onActivityEvent: initEndTime=24016405
02-26 00:06:46.232 I/System.out( 2323): DEBUG(ApiFilter): filter-devCheck- onCalling
02-26 00:06:46.232 I/MediaFocusControl( 1948):  AudioFocus  requestAudioFocus() from android.media.AudioManager@2cb22730com.qiyi.video.player.BasePlayActivity$2@2efefee0
02-26 00:06:46.233 V/Avrcp   ( 2030): New genId = 46, clearing = 1
02-26 00:06:46.233 I/System.out( 2323): D/(TVApi:4/4, id=261,ä¸“è¾‘è¯¦æƒ…): url = http://data2.itv.ptqy.gitv.tv/itv/albumInfo/331/349989700
02-26 00:06:46.233 I/System.out( 2323): D/(TVApi:4/4, id=261): header = qyid:tv_dfd776068febb13e38d211c7dfd0e36b_1388563211103
02-26 00:06:46.233 I/System.out( 2323): D/(TVApi:4/4, id=261): header = apiKey:798da087c9036db8084f2dff8e2c95c2
02-26 00:06:46.237 D/Job     ( 2323): running() done. not mean real done!!! Job(mState=1, mData=VideoItem@2f2d6080{qpId=202509101, tvQid=349989700, vid=null, getType()=VIDEO, albumName=ä¸­å›½æ¢¦æƒ³ç§€ä¹‹æŠ˜çº¸ç‹‚äººç›¼åœ†å¦»å­ç¾Šé©¼ä¹‹æ¢¦, tvName=, isSeries()=true, sourceCode=202509101, playOrder=1, getAlbumSubName()=ä¸­å›½æ¢¦æƒ³ç§€ä¹‹æŠ˜çº¸ç‹‚äººç›¼åœ†å¦»å­ç¾Šé©¼ä¹‹æ¢¦, mIsVipAlbum=false, isPurchase()=false, isPreview=false, isExclusive()=false, isVertical=false, canDownload()=false, isDownload=0, tvPic=, issueTime=, playCount=, playLength=, tag=, cornerMark=CORNERMARK_NO, definition list=, default definition=null, channelId=6, channelName=, mIChannelId=null, startTime=0, endTime=0, headerTime=0, tailTime=0, tvCount=0, tvSets=0, playTime=-1, episodes=0, url=, m3u8Url = null, mRecommendationsFilled=false, mEndRecommendationsFilled=false, mVarietyName=null}, mError=null)[com.qiyi.video.player.data.job.FetchAlbumInfoJob@2cebd408]
02-26 00:06:46.239 D/com.qiyi.video.player.QiyiVideoPlayer@2cdbbb78( 2323): network.onStateChanged: 2 -> 2
02-26 00:06:46.239 D/com.qiyi.video.player.QiyiVideoPlayer@2cdbbb78( 2323): onNetWorkConnected()
02-26 00:06:46.239 D/PlayerController[2cbbf990]( 2323): onActivityEvent(NETWORK_STATE_CHANGED)
02-26 00:06:46.239 D/VideoProvider( 2323): setNetworkAvaliable(true) mNetworkAvaliable=true
02-26 00:06:46.239 D/PlayerOverlay( 2323): onActivityEvent: NETWORK_STATE_CHANGED
02-26 00:06:46.239 D/PlayerOverlay( 2323): onActivityEvent: network connected=true
02-26 00:06:46.239 D/Player/Pingback/PingbackSender( 2323): >> onActivityEvent(event:NETWORK_STATE_CHANGED): now=24016414
02-26 00:06:46.246 D/MediaControllerContainer( 2323): onAttachedToWindow()
02-26 00:06:46.246 D/MediaControllerContainer( 2323): checkChildrenLayout() ready!
02-26 00:06:46.249 D/MovieVideoView( 2323): onMeasure(1073743744, 1073742904) mDesiredWidth=0, mDesiredHeight=0, width=1920, height=1080
02-26 00:06:46.249 D/MovieVideoView( 2323): onMeasure() width=1920, height=1080
02-26 00:06:46.251 D/MovieVideoView( 2323): onMeasure(1073743744, 1073742904) mDesiredWidth=0, mDesiredHeight=0, width=1920, height=1080
02-26 00:06:46.251 D/MovieVideoView( 2323): onMeasure() width=1920, height=1080
02-26 00:06:46.284 D/MovieVideoView( 2323): surfaceCreated(android.view.SurfaceView$4@2cb03aa0)
02-26 00:06:46.284 D/MovieVideoView( 2323): surfaceChanged(android.view.SurfaceView$4@2cb03aa0, 4, 1920, 1080)
02-26 00:06:46.284 D/MoviePlayer[2f46f948]( 2323): surfaceChanged(1920, 1080) mSurfaceWidth=0, mSurfaceHeight=0
02-26 00:06:46.299 D/com.qiyi.video.player.QiyiVideoPlayer@2cdbbb78( 2323): onActivityEvent:WINDOW_FOCUSED
02-26 00:06:46.299 D/PlayerController[2cbbf990]( 2323): onActivityEvent(WINDOW_FOCUSED)
02-26 00:06:46.299 D/PlayerOverlay( 2323): onActivityEvent: WINDOW_FOCUSED
02-26 00:06:46.299 E/PlayerOverlay( 2323): onActivityEvent: loading animation started
02-26 00:06:46.299 D/Player/Pingback/PingbackSender( 2323): >> onActivityEvent(event:WINDOW_FOCUSED): now=24016474
02-26 00:06:46.309 D/MovieVideoView( 2323): onMeasure(1073743744, 1073742904) mDesiredWidth=0, mDesiredHeight=0, width=1920, height=1080
02-26 00:06:46.309 D/MovieVideoView( 2323): onMeasure() width=1920, height=1080
02-26 00:06:46.309 I/ActivityManager( 1948): Displayed com.qiyi.tvplayer.huawei/com.qiyi.video.player.PlayerActivity: +283ms
02-26 00:06:46.311 D/MovieVideoView( 2323): onMeasure(1073743744, 1073742904) mDesiredWidth=0, mDesiredHeight=0, width=1920, height=1080
02-26 00:06:46.311 D/MovieVideoView( 2323): onMeasure() width=1920, height=1080
02-26 00:06:46.379 D/dalvikvm( 1948): GC_CONCURRENT freed 1018K, 20% free 7647K/9452K, paused 6ms+7ms, total 66ms
02-26 00:06:46.571 I/HiRMService( 2269):  ***** changeStats = 2
02-26 00:06:46.576 D/dalvikvm( 2269): GC_CONCURRENT freed 395K, 12% free 3426K/3888K, paused 2ms+3ms, total 25ms
02-26 00:06:47.766 D/AndroidRuntime(18962): 
02-26 00:06:47.766 D/AndroidRuntime(18962): >>>>>> AndroidRuntime START com.android.internal.os.RuntimeInit <<<<<<
02-26 00:06:47.769 D/AndroidRuntime(18962): CheckJNI is OFF
02-26 00:06:47.780 I/dalvikvm(18962): DexOpt: mismatch dep signature for '/system/framework/android.policy.odex'
02-26 00:06:47.780 E/dalvikvm(18962): /system/framework/services.jar odex has stale dependencies
02-26 00:06:47.781 I/dalvikvm(18962): DexOpt: mismatch dep name: '/data/dalvik-cache/system@framework@services.jar@classes.dex' vs. '/system/framework/services.odex'
02-26 00:06:47.781 E/dalvikvm(18962): /system/framework/apache-xml.jar odex has stale dependencies
02-26 00:06:47.782 I/dalvikvm(18962): DexOpt: mismatch dep name: '/data/dalvik-cache/system@framework@services.jar@classes.dex' vs. '/system/framework/services.odex'
02-26 00:06:47.782 E/dalvikvm(18962): /system/framework/webviewchromium.jar odex has stale dependencies
02-26 00:06:47.790 D/dalvikvm(18962): Trying to load lib libjavacore.so 0x0
02-26 00:06:47.795 D/dalvikvm(18962): Added shared lib libjavacore.so 0x0
02-26 00:06:47.801 D/dalvikvm(18962): Trying to load lib libnativehelper.so 0x0
02-26 00:06:47.801 D/dalvikvm(18962): Added shared lib libnativehelper.so 0x0
02-26 00:06:47.801 D/dalvikvm(18962): No JNI_OnLoad found in libnativehelper.so 0x0, skipping init
02-26 00:06:47.822 I/dalvikvm(18962): DexOpt: mismatch dep name: '/data/dalvik-cache/system@framework@services.jar@classes.dex' vs. '/system/framework/services.odex'
02-26 00:06:47.822 E/dalvikvm(18962): /system/framework/input.jar odex has stale dependencies
02-26 00:06:47.828 E/cutils-trace(18962): Error opening trace file: No such file or directory (2)
02-26 00:06:47.851 D/dalvikvm(18962): Note: class Landroid/app/ActivityManagerNative; has 179 unimplemented (abstract) methods
02-26 00:06:48.072 E/memtrack(18962): Couldn't load memtrack module (No such file or directory)
02-26 00:06:48.072 E/android.os.Debug(18962): failed to load memtrack module: -2
02-26 00:06:48.076 I/EthernetJNI(18962): Loading ethernet jni class
02-26 00:06:48.161 D/AndroidRuntime(18962): Calling main entry com.android.commands.input.Input
02-26 00:06:48.163 I/Input   (18962): injectKeyEvent: KeyEvent { action=ACTION_DOWN, keyCode=KEYCODE_HOME, scanCode=0, metaState=0, flags=0x0, repeatCount=0, eventTime=24018338, downTime=24018338, deviceId=-1, source=0x101 }
02-26 00:06:48.169 D/WindowManager( 1948): keyCode =3
02-26 00:06:48.169 D/WindowManager( 1948): isLockedAllKeys =0
02-26 00:06:48.169 D/WindowManager( 1948): isHandleHomeKey = 1
02-26 00:06:48.169 D/WindowManager( 1948): isHandlePowerKey ==1
02-26 00:06:48.169 D/WindowManager( 1948): isHandleSettingKey=1
02-26 00:06:48.169 D/WindowManager( 1948): handleSystemKey==1
02-26 00:06:48.170 W/ContextImpl( 1948): Calling a method in the system process without a qualified user: android.app.ContextImpl.sendBroadcast:1168 com.android.internal.policy.impl.PhoneWindowManager.interceptKeyBeforeQueueing:4109 com.android.server.wm.InputMonitor.interceptKeyBeforeQueueing:357 com.android.server.input.InputManagerService.interceptKeyBeforeQueueing:1352 com.android.server.input.InputManagerService.nativeInjectInputEvent:-2 
02-26 00:06:48.171 D/WindowManager( 1948): send broadcast key press down
02-26 00:06:48.173 I/Input   (18962): injectKeyEvent: KeyEvent { action=ACTION_UP, keyCode=KEYCODE_HOME, scanCode=0, metaState=0, flags=0x0, repeatCount=0, eventTime=24018338, downTime=24018338, deviceId=-1, source=0x101 }
02-26 00:06:48.174 D/WindowManager( 1948): keyCode =3
02-26 00:06:48.174 D/WindowManager( 1948): isLockedAllKeys =0
02-26 00:06:48.174 D/WindowManager( 1948): isHandleHomeKey = 1
02-26 00:06:48.174 D/WindowManager( 1948): isHandlePowerKey ==1
02-26 00:06:48.174 D/WindowManager( 1948): isHandleSettingKey=1
02-26 00:06:48.174 D/WindowManager( 1948): handleSystemKey==1
02-26 00:06:48.180 D/WindowManager( 1948): swHomeIntent =null customizer=0
02-26 00:06:48.180 D/WindowManager( 1948): ......start launcher......
02-26 00:06:48.183 I/ActivityManager( 1948): START u0 {act=android.intent.action.MAIN cat=[android.intent.category.HOME] flg=0x10200000 cmp=com.huawei.mh2.launcher/.MainActivity} from pid 1948
02-26 00:06:48.196 I/QBaseActivity( 2323): HomeMonitor home key pressed
02-26 00:06:48.196 I/QBaseActivity( 2323): setHomePressed mHomePressed = true, mStackCount = 2
02-26 00:06:48.219 D/AndroidRuntime(18962): Shutting down VM
02-26 00:06:48.228 D/dalvikvm(18962): GC_CONCURRENT freed 98K, 16% free 566K/668K, paused 0ms+1ms, total 6ms
02-26 00:06:48.230 D/VoiceManager( 2323): onActivityPause(com.qiyi.video.player.PlayerActivity@2f23fab8) mCurDialog=null
02-26 00:06:48.230 D/BasePlayActivity( 2323): onPause()
02-26 00:06:48.230 D/com.qiyi.video.player.QiyiVideoPlayer@2cdbbb78( 2323): onActivityEvent:ACTIVITY_PAUSED
02-26 00:06:48.230 D/PlayerController[2cbbf990]( 2323): pause dump[750516624](mFirstStart=false, mTarget=1, mTargetPosition=-1, mFullscreenHintShown=false, mContinuePlaybackByUser=true, mPlayedAd=false, mPlayer=MoviePlayer@2f46f948, player type=-1)
02-26 00:06:48.231 D/MoviePlayer[2f46f948]( 2323): pause() MoviePlayer[2f46f948](mCurrentState=1, mTargetState=1, mNextVideoFilled=true, mSeekWhenInited=-1, mCurDefinition=-1, mSwitchingBitStream=false, mSwitchPlayerForDifBitStream=false, mSurfaceHolder=android.view.SurfaceView$4@2cb03aa0, mPlayer=null, mVideo=VideoHolder@2ca70530{video=null, from=-1, to=-1}, mNextVideo=VideoHolder@2caf1e88{video=null, from=-1, to=-1})
02-26 00:06:48.231 D/PlayerController[2cbbf990]( 2323): onActivityEvent(ACTIVITY_PAUSED)
02-26 00:06:48.231 D/PlayerOverlay( 2323): onActivityEvent: ACTIVITY_PAUSED
02-26 00:06:48.231 D/Player/Pingback/PingbackSender( 2323): >> onActivityEvent(event:ACTIVITY_PAUSED): now=24018406
02-26 00:06:48.231 D/Player/Pingback/PingbackSender( 2323): onActivityEvent: isFinishing=false
02-26 00:06:48.231 D/PlayerStatusRecorder( 2323): getRecord =onPreparing 791482224,player type=3, 
02-26 00:06:48.231 D/PlayerStatusRecorder( 2323): video=[753849152, video name=ä¸­å›½æ¢¦æƒ³ç§€ç¬¬9å­£, playorder=-1, albumId=202509101, tvId=349989700, vid=256c33c045d36a7126ce1db2c37c0167, all definitions=VideoDefinition{Definition[value:2, null, weight:2], Definition[value:4, 720P, weight:3], Definition[value:5, null, weight:4], }, current definition=Definition[value:4, 720P, weight:3]] 
02-26 00:06:48.231 D/PlayerStatusRecorder( 2323): onError 791482224,player type=3, 
02-26 00:06:48.231 D/PlayerStatusRecorder( 2323): video=[753849152, video name=ä¸­å›½æ¢¦æƒ³ç§€ç¬¬9å­£, playorder=-1, albumId=202509101, tvId=349989700, vid=256c33c045d36a7126ce1db2c37c0167, all definitions=VideoDefinition{Definition[value:2, null, weight:2], Definition[value:4, 720P, weight:3], Definition[value:5, null, weight:4], }, current definition=Definition[value:4, 720P, weight:3]] ,what= -2147483647 ,joberror=JobError(mCode=[-65534], mMessage=[null], mException=[null]) 
02-26 00:06:48.231 D/PlayerStatusRecorder( 2323): onPreprocessBegin 791482224,player type=3, 
02-26 00:06:48.231 D/PlayerStatusRecorder( 2323): video=[753849152, video name=ä¸­å›½æ¢¦æƒ³ç§€ç¬¬9å­£, playorder=-1, albumId=202509101, tvId=349989700, vid=256c33c045d36a7126ce1db2c37c0167, all definitions=VideoDefinition{Definition[value:2, null, weight:2], Definition[value:4, 720P, weight:3], Definition[value:5, null, weight:4], }, current definition=Definition[value:4, 720P, weight:3]] 
02-26 00:06:48.231 D/PlayerStatusRecorder( 2323): onActivityEvent WINDOW_FOCUSED 
02-26 00:06:48.231 D/PlayerStatusRecorder( 2323): onActivityEvent ACTIVITY_PAUSED 
02-26 00:06:48.231 D/PlayerStatusRecorder( 2323): onPreprocessEnd [753849152, video name=ä¸­å›½æ¢¦æƒ³ç§€ç¬¬9å­£, playorder=-1, albumId=202509101, tvId=349989700, vid=256c33c045d36a7126ce1db2c37c0167, all definitions=VideoDefinition{Definition[value:2, null, weight:2], Definition[value:4, 720P, weight:3], Definition[value:5, null, weight:4], }, current definition=Definition[value:4, 720P, weight:3]] psc_success null 
02-26 00:06:48.231 D/PlayerStatusRecorder( 2323): onActivityEvent ACTIVITY_STOP 
02-26 00:06:48.231 D/PlayerStatusRecorder( 2323): onActivityEvent ACTIVITY_DESTROYED 
02-26 00:06:48.231 D/PlayerStatusRecorder( 2323): onActivityEvent ACTIVITY_CREATED 
02-26 00:06:48.231 D/PlayerStatusRecorder( 2323): onActivityEvent ACTIVITY_RESUMED 
02-26 00:06:48.231 D/PlayerStatusRecorder( 2323): onActivityEvent ACTIVITY_CREATED 
02-26 00:06:48.231 D/PlayerStatusRecorder( 2323): onActivityEvent ACTIVITY_RESUMED 
02-26 00:06:48.231 D/PlayerStatusRecorder( 2323): onActivityEvent NETWORK_STATE_CHANGED 
02-26 00:06:48.231 D/PlayerStatusRecorder( 2323): onActivityEvent WINDOW_FOCUSED 
02-26 00:06:48.231 D/PlayerStatusRecorder( 2323): onActivityEvent ACTIVITY_PAUSED 
02-26 00:06:48.231 D/PlayerController[2cbbf990]( 2323): getPosition() return 0 dump[750516624](mFirstStart=false, mTarget=2, mTargetPosition=-1, mFullscreenHintShown=false, mContinuePlaybackByUser=true, mPlayedAd=false, mPlayer=MoviePlayer@2f46f948, player type=-1)
02-26 00:06:48.232 I/MediaFocusControl( 1948):  AudioFocus  abandonAudioFocus() from android.media.AudioManager@2cb22730com.qiyi.video.player.BasePlayActivity$2@2efefee0
02-26 00:06:48.233 V/Avrcp   ( 2030): New genId = 47, clearing = 1
02-26 00:06:48.274 D/PosterPage( 2257): [0;32;31m[main][com.huawei.mh2.launcher.page.o][onFocusChange][-1]:launcher:hasFocus=false [m
02-26 00:06:48.275 D/j       ( 2257): [0;32;31m[main][com.huawei.mh2.launcher.l][onGlobalFocusChanged][-1]:launcher:newFocus=com.huawei.mh2.launcher.a.n{2c944210 VFE...C. .FS..... 0,0-120,57 #7f0a0006 app:id/menu_title_home} [m
02-26 00:06:48.277 D/FrameworkPage( 2257): [0;32;31m[main][com.huawei.mh2.launcher.page.FrameworkPage][onFocusChange][-1]:launcher:v=com.huawei.mh2.launcher.a.n{2c944210 VFE...C. .FS...ID 0,0-120,57 #7f0a0006 app:id/menu_title_home} [m
02-26 00:06:48.279 D/j       ( 2257): [0;32;31m[main][net.sunniwell.ui.d][a][-1]:launcher:setDefaultFocus com.huawei.mh2.launcher.a.n{2c944210 VFE...C. .F....ID 0,0-120,57 #7f0a0006 app:id/menu_title_home} [m
02-26 00:06:48.281 D/j       ( 2257): [0;32;31m[main][net.sunniwell.ui.g][b][-1]:launcher:anchorView=com.huawei.mh2.launcher.a.n{2c944210 VFE...C. .F....ID 0,0-120,57 #7f0a0006 app:id/menu_title_home} [m
02-26 00:06:48.281 W/ContextImpl( 2257): Calling a method in the system process without a qualified user: android.app.ContextImpl.sendBroadcast:1168 android.content.ContextWrapper.sendBroadcast:365 android.app.ActivityThread.performResumeActivity:2785 android.app.ActivityThread.handleResumeActivity:2823 android.app.ActivityThread$H.handleMessage:1238 
02-26 00:06:48.282 I/j       ( 2257): [0;32;31m[main][net.sunniwell.ui.d][d][-1]:launcher:resume [m
02-26 00:06:48.283 D/j       ( 2257): [0;32;31m[main][net.sunniwell.ui.d][a][-1]:launcher:setDefaultFocus com.huawei.mh2.launcher.a.n{2c944210 VFE...C. .F....ID 0,0-120,57 #7f0a0006 app:id/menu_title_home} [m
02-26 00:06:48.284 D/j       ( 2257): [0;32;31m[main][net.sunniwell.ui.g][b][-1]:launcher:anchorView=com.huawei.mh2.launcher.a.n{2c944210 VFE...C. .F....ID 0,0-120,57 #7f0a0006 app:id/menu_title_home} [m
02-26 00:06:48.285 D/SettingsPage( 2257): [0;32;31m[main][com.huawei.mh2.launcher.page.SettingsPage][a][-1]:launcher:isLogin=false [m
02-26 00:06:48.296 W/InputMethodManagerService( 1948): Starting input on non-focused client com.android.internal.view.IInputMethodClient$Stub$Proxy@2cae9e10 (uid=10037 pid=2323)
02-26 00:06:48.300 D/p       ( 2257): [0;32;31m[main][com.huawei.mh2.launcher.p][getView][-1]:launcher:position=12 convertView=null [m
02-26 00:06:48.301 D/ImageLoader( 2257): Start display image task [http://pic3.ptqy.gitv.tv/image/20150215/41/2c/a_100010524_m_601_260_360.jpg_333x461]
02-26 00:06:48.301 D/ImageLoader( 2257): Load image from disc cache [http://pic3.ptqy.gitv.tv/image/20150215/41/2c/a_100010524_m_601_260_360.jpg_333x461]
02-26 00:06:48.331 D/ImageLoader( 2257): PreProcess image before caching in memory [http://pic3.ptqy.gitv.tv/image/20150215/41/2c/a_100010524_m_601_260_360.jpg_333x461]
02-26 00:06:48.331 D/ImageLoader( 2257): Cache image in memory [http://pic3.ptqy.gitv.tv/image/20150215/41/2c/a_100010524_m_601_260_360.jpg_333x461]
02-26 00:06:48.338 D/j       ( 2257): [0;32;31m[main][net.sunniwell.ui.g][b][-1]:launcher:offsetWidth=-225 offsetHeight=-428 resizeImmediate=true [m
02-26 00:06:48.339 D/j       ( 2257): [0;32;31m[main][net.sunniwell.ui.g][a][-1]:launcher:offsetLeft=-479 offsetTop=-176 moveImmediate=true [m
02-26 00:06:48.340 D/j       ( 2257): [0;32;31m[main][net.sunniwell.ui.d][a][-1]:launcher:immediate=true isChanged=true [m
02-26 00:06:48.342 D/j       ( 2257): [0;32;31m[main][com.huawei.mh2.launcher.j][a][-1]:launcher:changed=true [m
02-26 00:06:48.350 D/ImageLoader( 2257): Display image in ImageAware (loaded from DISC_CACHE) [http://pic3.ptqy.gitv.tv/image/20150215/41/2c/a_100010524_m_601_260_360.jpg_333x461]
02-26 00:06:48.352 D/j       ( 2257): [0;32;31m[main][net.sunniwell.ui.g][b][-1]:launcher:offsetWidth=0 offsetHeight=0 resizeImmediate=true [m
02-26 00:06:48.353 D/j       ( 2257): [0;32;31m[main][net.sunniwell.ui.g][a][-1]:launcher:offsetLeft=0 offsetTop=0 moveImmediate=true [m
02-26 00:06:48.354 D/j       ( 2257): [0;32;31m[main][net.sunniwell.ui.d][a][-1]:launcher:immediate=true isChanged=false [m
02-26 00:06:48.355 D/j       ( 2257): [0;32;31m[main][com.huawei.mh2.launcher.j][a][-1]:launcher:changed=false [m
02-26 00:06:48.365 D/MovieVideoView( 2323): surfaceDestroyed(android.view.SurfaceView$4@2cb03aa0)
02-26 00:06:48.381 D/com.qiyi.video.player.QiyiVideoPlayer@2cdbbb78( 2323): onActivityEvent:WINDOW_FOCUSED
02-26 00:06:48.381 D/PlayerController[2cbbf990]( 2323): onActivityEvent(WINDOW_FOCUSED)
02-26 00:06:48.381 D/PlayerOverlay( 2323): onActivityEvent: WINDOW_FOCUSED
02-26 00:06:48.381 D/Player/Pingback/PingbackSender( 2323): >> onActivityEvent(event:WINDOW_FOCUSED): now=24018556
02-26 00:06:48.384 D/BasePlayActivity( 2323): onStop()
02-26 00:06:48.384 D/com.qiyi.video.player.QiyiVideoPlayer@2cdbbb78( 2323): onActivityEvent:ACTIVITY_STOP
02-26 00:06:48.384 D/PlayerController[2cbbf990]( 2323): stop(true) dump[750516624](mFirstStart=false, mTarget=2, mTargetPosition=-1, mFullscreenHintShown=false, mContinuePlaybackByUser=true, mPlayedAd=false, mPlayer=MoviePlayer@2f46f948, player type=-1)
02-26 00:06:48.384 D/VideoProvider( 2323): stopLoad()
02-26 00:06:48.384 D/VideoLoader( 2323): cancelLoad() mFullLoading=true, mPreLoading=true
02-26 00:06:48.384 D/VideoProvider( 2323): releaseNextLoader() mNextLoader=null
02-26 00:06:48.384 D/Playlist( 2323): clearForReload()
02-26 00:06:48.384 D/MoviePlayer[2f46f948]( 2323): stop() MoviePlayer[2f46f948](mCurrentState=1, mTargetState=7, mNextVideoFilled=true, mSeekWhenInited=-1, mCurDefinition=-1, mSwitchingBitStream=false, mSwitchPlayerForDifBitStream=false, mSurfaceHolder=null, mPlayer=null, mVideo=VideoHolder@2ca70530{video=null, from=-1, to=-1}, mNextVideo=VideoHolder@2caf1e88{video=null, from=-1, to=-1})
02-26 00:06:48.385 D/MoviePlayer[2f46f948]( 2323): release() MoviePlayer[2f46f948](mCurrentState=1, mTargetState=1, mNextVideoFilled=false, mSeekWhenInited=-1, mCurDefinition=-1, mSwitchingBitStream=false, mSwitchPlayerForDifBitStream=false, mSurfaceHolder=null, mPlayer=null, mVideo=VideoHolder@2ca70530{video=null, from=-1, to=-1}, mNextVideo=VideoHolder@2caf1e88{video=null, from=-1, to=-1})
02-26 00:06:48.385 D/PlayerOverlay( 2323): hide()
02-26 00:06:48.385 I/AbsMenuPanel( 2323): hide
02-26 00:06:48.385 D/AbsMenuPanel( 2323): notifyVisibilityChange(false)
02-26 00:06:48.385 D/AbsPlayerOverlay( 2323): notifyMenuPanelVisibilityChange(false)
02-26 00:06:48.385 D/DispatcherCenter( 2323): onVisibilityChange(isVisible:false)
02-26 00:06:48.385 D/VideoProvider( 2323): getCurrent()
02-26 00:06:48.386 D/Playlist( 2323): getCurrent() return VideoHolder@2cab5ee0{episodeReady=false, historyReady=false, mListReady=false, mSourceStub=false, position=Position(albumIndex=-1, episodeIndex=-1), video=VideoItem@2f2d6080{qpId=202509101, tvQid=349989700, vid=null, getType()=VIDEO, albumName=ä¸­å›½æ¢¦æƒ³ç§€ä¹‹æŠ˜çº¸ç‹‚äººç›¼åœ†å¦»å­ç¾Šé©¼ä¹‹æ¢¦, tvName=, isSeries()=true, sourceCode=202509101, playOrder=1, getAlbumSubName()=ä¸­å›½æ¢¦æƒ³ç§€ä¹‹æŠ˜çº¸ç‹‚äººç›¼åœ†å¦»å­ç¾Šé©¼ä¹‹æ¢¦, mIsVipAlbum=false, isPurchase()=false, isPreview=false, isExclusive()=false, isVertical=false, canDownload()=false, isDownload=0, tvPic=, issueTime=, playCount=, playLength=, tag=, cornerMark=CORNERMARK_NO, definition list=, default definition=null, channelId=6, channelName=, mIChannelId=null, startTime=0, endTime=0, headerTime=0, tailTime=0, tvCount=0, tvSets=0, playTime=-1, episodes=0, url=, m3u8Url = null, mRecommendationsFilled=false, mEndRecommendationsFilled=false, mVarietyName=null}}
02-26 00:06:48.387 D/PlayerController[2cbbf990]( 2323): MenuPanel.onVisibilityChange(false): video=VideoItem@2f2d6080{qpId=202509101, tvQid=349989700, vid=null, getType()=VIDEO, albumName=ä¸­å›½æ¢¦æƒ³ç§€ä¹‹æŠ˜çº¸ç‹‚äººç›¼åœ†å¦»å­ç¾Šé©¼ä¹‹æ¢¦, tvName=, isSeries()=true, sourceCode=202509101, playOrder=1, getAlbumSubName()=ä¸­å›½æ¢¦æƒ³ç§€ä¹‹æŠ˜çº¸ç‹‚äººç›¼åœ†å¦»å­ç¾Šé©¼ä¹‹æ¢¦, mIsVipAlbum=false, isPurchase()=false, isPreview=false, isExclusive()=false, isVertical=false, canDownload()=false, isDownload=0, tvPic=, issueTime=, playCount=, playLength=, tag=, cornerMark=CORNERMARK_NO, definition list=, default definition=null, channelId=6, channelName=, mIChannelId=null, startTime=0, endTime=0, headerTime=0, tailTime=0, tvCount=0, tvSets=0, playTime=-1, episodes=0, url=, m3u8Url = null, mRecommendationsFilled=false, mEndRecommendationsFilled=false, mVarietyName=null}, sourceType=OUTSIDE, isPlaylistReady=false
02-26 00:06:48.387 D/MediaControllerContainer( 2323): hideHeader()
02-26 00:06:48.387 D/MediaControllerOverlay( 2323): hideHeader() mShowHeader=false
02-26 00:06:48.387 D/MediaControllerOverlay( 2323): doHide() com.qiyi.video.project.configs.huawei.layout.HuaweiMediaControllerOverlay{2cb42ac8 G.E..... ......I. 0,0-0,0}[mState=0, mShowHeader=false, mBuffering=false, mTipShown=false, mSeeking=false, mIsFullScreen=true]
02-26 00:06:48.387 D/MediaControllerOverlay( 2323): clearHideViewMessageQueue()
02-26 00:06:48.387 D/TimedSeekBar( 2323): stopTipMode() mIsTipMode=false
02-26 00:06:48.387 D/TimedSeekBar( 2323): hide()
02-26 00:06:48.387 D/MediaControllerOverlay( 2323): hideView() Views[Adtime,VideoName,Systime,Pause,Seekbar,]
02-26 00:06:48.387 D/MediaControllerOverlay( 2323): tip view id:2131100038
02-26 00:06:48.388 D/CountDownView( 2323): hide()
02-26 00:06:48.388 D/MediaControllerContainer( 2323): hide()
02-26 00:06:48.388 D/MediaControllerOverlay( 2323): hide() com.qiyi.video.project.configs.huawei.layout.HuaweiMediaControllerOverlay{2cb42ac8 G.E..... ......I. 0,0-0,0}[mState=0, mShowHeader=false, mBuffering=false, mTipShown=false, mSeeking=false, mIsFullScreen=true]
02-26 00:06:48.388 D/MediaControllerOverlay( 2323): doHide() com.qiyi.video.project.configs.huawei.layout.HuaweiMediaControllerOverlay{2cb42ac8 G.E..... ......I. 0,0-0,0}[mState=0, mShowHeader=false, mBuffering=false, mTipShown=false, mSeeking=false, mIsFullScreen=true]
02-26 00:06:48.388 D/MediaControllerOverlay( 2323): clearHideViewMessageQueue()
02-26 00:06:48.388 D/TimedSeekBar( 2323): stopTipMode() mIsTipMode=false
02-26 00:06:48.388 D/TimedSeekBar( 2323): hide()
02-26 00:06:48.388 D/MediaControllerOverlay( 2323): hideView() Views[Adtime,VideoName,Systime,Pause,Seekbar,]
02-26 00:06:48.389 D/MediaControllerOverlay( 2323): tip view id:2131100038
02-26 00:06:48.389 D/CountDownView( 2323): hide()
02-26 00:06:48.389 D/PlayerController[2cbbf990]( 2323): onActivityEvent(ACTIVITY_STOP)
02-26 00:06:48.389 D/PlayerOverlay( 2323): onActivityEvent: ACTIVITY_STOP
02-26 00:06:48.389 D/Player/Pingback/PingbackSender( 2323): >> onActivityEvent(event:ACTIVITY_STOP): now=24018564
02-26 00:06:48.390 D/DispatcherCenter( 2323): unregisterPlayer(MoviePlayer@2f46f948, player type=-1) mPlayer=MoviePlayer@2f46f948, player type=-1
02-26 00:06:48.390 D/AbsHybridPlayer[2f46f948]( 2323): setOnBitStreamChangedListener(null)
02-26 00:06:48.390 D/AbsHybridPlayer[2f46f948]( 2323): setOnBufferChangedListener(null)
02-26 00:06:48.390 D/AbsHybridPlayer[2f46f948]( 2323): setOnInfoListener(null)
02-26 00:06:48.390 D/AbsHybridPlayer[2f46f948]( 2323): setOnPlayNextListener(null)
02-26 00:06:48.390 D/AbsHybridPlayer[2f46f948]( 2323): setOnSeekChangedListener(null)
02-26 00:06:48.390 D/AbsHybridPlayer[2f46f948]( 2323): setOnStateChangedListener(null)
02-26 00:06:48.390 D/AbsHybridPlayer[2f46f948]( 2323): setOnSubtitleUpdateListener(null)
02-26 00:06:48.390 D/AbsHybridPlayer[2f46f948]( 2323): setOnVideoSizeChangedListener(null)
02-26 00:06:48.390 D/AbsHybridPlayer[2f46f948]( 2323): setOnCacheUpdateListener(null)
02-26 00:06:48.390 D/AbsHybridPlayer[2f46f948]( 2323): setOnPreprocessListener(null)
02-26 00:06:49.431 D/SambaClientService( 2610): sendMsg2AutoScan success 10
02-26 00:06:49.431 D/SambaAutoScanHandler( 2610): AutoScanHandler MSG_AUTOSCAN_REQUEST_MOUNT
02-26 00:06:49.441 D/SambaAutoScanHandler( 2610): urlShare = smb://C191005968CD43E/ç‰ˆæœ¬/
02-26 00:06:49.441 D/SambaClientService( 2610): sendMsg2AutoScan success 11
02-26 00:06:49.441 D/SambaAutoScanHandler( 2610): AutoScanHandler MSG_AUTOSCAN_REQUEST_MOUNT_AUTH_FRDB
02-26 00:06:49.455 D/SambaAutoScanHandler( 2610): urlServer = smb://C191005968CD43E/ç‰ˆæœ¬/
02-26 00:06:49.473 D/SambaAutoScanHandler( 2610): server: C191005968CD43Eip = 10.10.5.21
02-26 00:06:49.473 D/SambaClientService( 2610): [0]å…¶ä»–/
02-26 00:06:49.473 D/SambaClientService( 2610): [1]åŸºçº¿ç‰ˆæœ¬/
02-26 00:06:49.473 D/SambaClientService( 2610): [2]æµ‹è¯•ç‰ˆæœ¬/
02-26 00:06:49.473 D/SambaClientService( 2610): [3]çŽ°ç½‘ç‰ˆæœ¬/
02-26 00:06:49.474 D/SambaClientService( 2610): [4]ç”˜è‚ƒä¸€çº¿KPIæµ‹è¯•ç»“æžœ.xls
02-26 00:06:49.474 D/SambaClientService( 2610): [5]ç”Ÿäº§ç‰ˆæœ¬/
02-26 00:06:49.474 D/SambaClientService( 2610): [6]ç¦å»ºç§»åŠ¨éªŒè¯Uç›˜å‡çº§/
02-26 00:06:49.474 D/SambaClientService( 2610): smb://C191005968CD43E/ç‰ˆæœ¬/ LastModified = 1420336575428 lastCreated = 1379986940234 share_num = 7
02-26 00:06:49.474 D/SambaClientService( 2610): sendMsg2Interactive success 11
02-26 00:06:49.474 D/SambaManagerHandler( 2610): ManagerHandler MSG_AUTHED_MOUNT_SHARE
02-26 00:06:49.474 D/SambaManagerHandler( 2610): MutiProcessState start[0]=1
02-26 00:06:49.475 D/sendMsg2MutiProcess( 2610): sendMsg2MutiProcess success [0]11
02-26 00:06:49.475 D/SambaInteractiveHandler( 2610): InteractiveHandler MSG_AUTHED_MOUNT_SHARE
02-26 00:06:49.504 D/SambaClientService( 2610): //10.10.5.21/ç‰ˆæœ¬ already mount
02-26 00:06:49.507 D/SambaClientService( 2610): getLocalIpAddress fe80::3af8:89ff:fe5d:87b6%eth0
02-26 00:06:49.507 D/SambaClientService( 2610): getLocalIpAddress 10.10.5.169
02-26 00:06:49.507 D/SambaClientService( 2610): getLocalIpAddress 1: localAddr = 10.10.5.169
02-26 00:06:49.507 D/SambaInteractiveHandler( 2610): [localHost]=10.10.5.169[ip]=10.10.5.21
02-26 00:06:49.507 D/SambaInteractiveHandler( 2610): doRealMount already mounted
02-26 00:06:49.538 D/SambaInteractiveHandler( 2610): MutiProcessState close[0]=0
02-26 00:06:49.903 D/AndroidRuntime(18979): 
02-26 00:06:49.903 D/AndroidRuntime(18979): >>>>>> AndroidRuntime START com.android.internal.os.RuntimeInit <<<<<<
02-26 00:06:49.906 D/AndroidRuntime(18979): CheckJNI is OFF
02-26 00:06:49.915 I/dalvikvm(18979): DexOpt: mismatch dep signature for '/system/framework/android.policy.odex'
02-26 00:06:49.915 E/dalvikvm(18979): /system/framework/services.jar odex has stale dependencies
02-26 00:06:49.916 I/dalvikvm(18979): DexOpt: mismatch dep name: '/data/dalvik-cache/system@framework@services.jar@classes.dex' vs. '/system/framework/services.odex'
02-26 00:06:49.916 E/dalvikvm(18979): /system/framework/apache-xml.jar odex has stale dependencies
02-26 00:06:49.917 I/dalvikvm(18979): DexOpt: mismatch dep name: '/data/dalvik-cache/system@framework@services.jar@classes.dex' vs. '/system/framework/services.odex'
02-26 00:06:49.917 E/dalvikvm(18979): /system/framework/webviewchromium.jar odex has stale dependencies
02-26 00:06:49.924 D/dalvikvm(18979): Trying to load lib libjavacore.so 0x0
02-26 00:06:49.929 D/dalvikvm(18979): Added shared lib libjavacore.so 0x0
02-26 00:06:49.934 D/dalvikvm(18979): Trying to load lib libnativehelper.so 0x0
02-26 00:06:49.934 D/dalvikvm(18979): Added shared lib libnativehelper.so 0x0
02-26 00:06:49.934 D/dalvikvm(18979): No JNI_OnLoad found in libnativehelper.so 0x0, skipping init
02-26 00:06:49.953 I/dalvikvm(18979): DexOpt: mismatch dep name: '/data/dalvik-cache/system@framework@services.jar@classes.dex' vs. '/system/framework/services.odex'
02-26 00:06:49.953 E/dalvikvm(18979): /system/framework/input.jar odex has stale dependencies
02-26 00:06:49.956 E/cutils-trace(18979): Error opening trace file: No such file or directory (2)
02-26 00:06:49.978 D/dalvikvm(18979): Note: class Landroid/app/ActivityManagerNative; has 179 unimplemented (abstract) methods
02-26 00:06:50.169 E/memtrack(18979): Couldn't load memtrack module (No such file or directory)
02-26 00:06:50.169 E/android.os.Debug(18979): failed to load memtrack module: -2
02-26 00:06:50.171 I/EthernetJNI(18979): Loading ethernet jni class
02-26 00:06:50.240 D/AndroidRuntime(18979): Calling main entry com.android.commands.input.Input
02-26 00:06:50.242 I/Input   (18979): injectKeyEvent: KeyEvent { action=ACTION_DOWN, keyCode=KEYCODE_DPAD_RIGHT, scanCode=0, metaState=0, flags=0x0, repeatCount=0, eventTime=24020416, downTime=24020416, deviceId=-1, source=0x101 }
02-26 00:06:50.247 D/WindowManager( 1948): keyCode =22
02-26 00:06:50.247 D/WindowManager( 1948): isLockedAllKeys =0
02-26 00:06:50.247 D/WindowManager( 1948): isHandleHomeKey = 1
02-26 00:06:50.247 D/WindowManager( 1948): isHandlePowerKey ==1
02-26 00:06:50.247 D/WindowManager( 1948): isHandleSettingKey=1
02-26 00:06:50.247 D/WindowManager( 1948): handleSystemKey==1
02-26 00:06:50.248 D/WindowManager( 1948): send broadcast key press down
02-26 00:06:50.248 W/ContextImpl( 1948): Calling a method in the system process without a qualified user: android.app.ContextImpl.sendBroadcast:1168 com.android.internal.policy.impl.PhoneWindowManager.interceptKeyBeforeQueueing:4109 com.android.server.wm.InputMonitor.interceptKeyBeforeQueueing:357 com.android.server.input.InputManagerService.interceptKeyBeforeQueueing:1352 com.android.server.input.InputManagerService.nativeInjectInputEvent:-2 
02-26 00:06:50.252 D/MainActivity( 2257): [0;32;31m[main][com.huawei.mh2.launcher.MainActivity][dispatchKeyEvent][-1]:launcher:keycode=22 [m
02-26 00:06:50.254 D/j       ( 2257): [0;32;31m[main][com.huawei.mh2.launcher.l][onGlobalFocusChanged][-1]:launcher:newFocus=com.huawei.mh2.launcher.a.n{2c957d78 VFE...C. .F...... 160,0-285,57 #7f0a0007 app:id/menu_title_movie} [m
02-26 00:06:50.255 D/AudioPolicyManagerBase( 1406): startOutput() output 2, stream 1, session 377
02-26 00:06:50.255 D/AudioPolicyManagerBase( 1406): startoutput ->setOutputDevice
02-26 00:06:50.255 D/AudioPolicyManagerBase( 1406): AudioPolicyManagerBase::checkAndSetVolume 13,0.377113
02-26 00:06:50.256 I/Input   (18979): injectKeyEvent: KeyEvent { action=ACTION_UP, keyCode=KEYCODE_DPAD_RIGHT, scanCode=0, metaState=0, flags=0x0, repeatCount=0, eventTime=24020416, downTime=24020416, deviceId=-1, source=0x101 }
02-26 00:06:50.256 D/j       ( 2257): [0;32;31m[main][net.sunniwell.ui.e][onGlobalFocusChanged][-1]:launcher:smoothMove [m
02-26 00:06:50.256 D/WindowManager( 1948): keyCode =22
02-26 00:06:50.256 D/WindowManager( 1948): isLockedAllKeys =0
02-26 00:06:50.256 D/WindowManager( 1948): isHandleHomeKey = 1
02-26 00:06:50.256 D/WindowManager( 1948): isHandlePowerKey ==1
02-26 00:06:50.256 D/WindowManager( 1948): isHandleSettingKey=1
02-26 00:06:50.256 D/WindowManager( 1948): handleSystemKey==1
02-26 00:06:50.258 D/j       ( 2257): [0;32;31m[main][net.sunniwell.ui.g][a][-1]:launcher:anchorView=com.huawei.mh2.launcher.a.n{2c957d78 VFE...C. .F...... 160,0-285,57 #7f0a0007 app:id/menu_title_movie} [m
02-26 00:06:50.260 D/FrameworkPage( 2257): [0;32;31m[main][com.huawei.mh2.launcher.page.FrameworkPage][onFocusChange][-1]:launcher:v=com.huawei.mh2.launcher.a.n{2c957d78 VFE...C. .F....ID 160,0-285,57 #7f0a0007 app:id/menu_title_movie} [m
02-26 00:06:50.271 I/MyGallery( 2257): setMode 2
02-26 00:06:50.272 D/FrameworkPage( 2257): [0;32;31m[main][com.huawei.mh2.launcher.page.FrameworkPage][b][-1]:launcher:currentIndex=0 nextIndex=1 [m
02-26 00:06:50.272 D/AndroidRuntime(18979): Shutting down VM
02-26 00:06:50.273 D/j       ( 2257): [0;32;31m[main][net.sunniwell.ui.g][b][-1]:launcher:offsetWidth=5 offsetHeight=0 resizeImmediate=false [m
02-26 00:06:50.274 D/j       ( 2257): [0;32;31m[main][net.sunniwell.ui.g][a][-1]:launcher:offsetLeft=104 offsetTop=0 moveImmediate=false [m
02-26 00:06:50.276 D/j       ( 2257): [0;32;31m[main][net.sunniwell.ui.d][a][-1]:launcher:immediate=false isChanged=true [m
02-26 00:06:50.277 D/j       ( 2257): [0;32;31m[main][com.huawei.mh2.launcher.j][a][-1]:launcher:changed=true [m
02-26 00:06:50.277 D/dalvikvm(18979): GC_CONCURRENT freed 98K, 16% free 566K/668K, paused 0ms+0ms, total 4ms
02-26 00:06:50.279 D/MainActivity( 2257): [0;32;31m[main][com.huawei.mh2.launcher.MainActivity][dispatchKeyEvent][-1]:launcher:keycode=22 [m
02-26 00:06:50.286 D/j       ( 2257): [0;32;31m[main][net.sunniwell.ui.g][b][-1]:launcher:offsetWidth=0 offsetHeight=0 resizeImmediate=false [m
02-26 00:06:50.287 D/j       ( 2257): [0;32;31m[main][net.sunniwell.ui.g][a][-1]:launcher:offsetLeft=36 offsetTop=0 moveImmediate=false [m
02-26 00:06:50.288 D/j       ( 2257): [0;32;31m[main][net.sunniwell.ui.d][a][-1]:launcher:immediate=false isChanged=true [m
02-26 00:06:50.288 D/j       ( 2257): [0;32;31m[main][com.huawei.mh2.launcher.j][a][-1]:launcher:changed=true [m
02-26 00:06:50.299 D/j       ( 2257): [0;32;31m[main][net.sunniwell.ui.g][b][-1]:launcher:offsetWidth=0 offsetHeight=0 resizeImmediate=false [m
02-26 00:06:50.300 D/j       ( 2257): [0;32;31m[main][net.sunniwell.ui.g][a][-1]:launcher:offsetLeft=13 offsetTop=0 moveImmediate=false [m
02-26 00:06:50.301 D/j       ( 2257): [0;32;31m[main][net.sunniwell.ui.d][a][-1]:launcher:immediate=false isChanged=true [m
02-26 00:06:50.302 D/j       ( 2257): [0;32;31m[main][com.huawei.mh2.launcher.j][a][-1]:launcher:changed=true [m
02-26 00:06:50.317 D/j       ( 2257): [0;32;31m[main][net.sunniwell.ui.g][b][-1]:launcher:offsetWidth=0 offsetHeight=0 resizeImmediate=false [m
02-26 00:06:50.318 D/j       ( 2257): [0;32;31m[main][net.sunniwell.ui.g][a][-1]:launcher:offsetLeft=7 offsetTop=0 moveImmediate=false [m
02-26 00:06:50.318 D/j       ( 2257): [0;32;31m[main][net.sunniwell.ui.d][a][-1]:launcher:immediate=false isChanged=true [m
02-26 00:06:50.319 D/j       ( 2257): [0;32;31m[main][com.huawei.mh2.launcher.j][a][-1]:launcher:changed=true [m
02-26 00:06:50.338 I/MyGallery( 2257): setMode 5
02-26 00:06:50.338 D/j       ( 2257): [0;32;31m[main][net.sunniwell.ui.g][b][-1]:launcher:offsetWidth=0 offsetHeight=0 resizeImmediate=false [m
02-26 00:06:50.339 D/j       ( 2257): [0;32;31m[main][net.sunniwell.ui.g][a][-1]:launcher:offsetLeft=0 offsetTop=0 moveImmediate=false [m
02-26 00:06:50.340 D/j       ( 2257): [0;32;31m[main][net.sunniwell.ui.d][a][-1]:launcher:immediate=false isChanged=false [m
02-26 00:06:50.341 D/j       ( 2257): [0;32;31m[main][com.huawei.mh2.launcher.j][a][-1]:launcher:changed=false [m
02-26 00:06:50.342 D/FrameworkPage( 2257): [0;32;31m[main][com.huawei.mh2.launcher.page.FrameworkPage][a][-1]:launcher:currentIndex=0 nextIndex=1 [m
02-26 00:06:50.346 D/j       ( 2257): [0;32;31m[main][net.sunniwell.ui.g][a][-1]:launcher:anchorView=com.huawei.mh2.launcher.a.n{2c957d78 VFE...C. .F...... 160,0-285,57 #7f0a0007 app:id/menu_title_movie} [m
02-26 00:06:50.436 D/j       ( 2257): [0;32;31m[main][net.sunniwell.ui.g][b][-1]:launcher:offsetWidth=0 offsetHeight=0 resizeImmediate=false [m
02-26 00:06:50.437 D/j       ( 2257): [0;32;31m[main][net.sunniwell.ui.g][a][-1]:launcher:offsetLeft=0 offsetTop=0 moveImmediate=false [m
02-26 00:06:50.439 D/j       ( 2257): [0;32;31m[main][net.sunniwell.ui.d][a][-1]:launcher:immediate=false isChanged=false [m
