--------- beginning of /dev/log/main
02-26 00:07:04.430 D/AndroidRuntime(19046): 
02-26 00:07:04.430 D/AndroidRuntime(19046): >>>>>> AndroidRuntime START com.android.internal.os.RuntimeInit <<<<<<
02-26 00:07:04.433 D/AndroidRuntime(19046): CheckJNI is OFF
02-26 00:07:04.441 I/dalvikvm(19046): DexOpt: mismatch dep signature for '/system/framework/android.policy.odex'
02-26 00:07:04.441 E/dalvikvm(19046): /system/framework/services.jar odex has stale dependencies
02-26 00:07:04.442 I/dalvikvm(19046): DexOpt: mismatch dep name: '/data/dalvik-cache/system@framework@services.jar@classes.dex' vs. '/system/framework/services.odex'
02-26 00:07:04.442 E/dalvikvm(19046): /system/framework/apache-xml.jar odex has stale dependencies
02-26 00:07:04.443 I/dalvikvm(19046): DexOpt: mismatch dep name: '/data/dalvik-cache/system@framework@services.jar@classes.dex' vs. '/system/framework/services.odex'
02-26 00:07:04.443 E/dalvikvm(19046): /system/framework/webviewchromium.jar odex has stale dependencies
02-26 00:07:04.450 D/dalvikvm(19046): Trying to load lib libjavacore.so 0x0
02-26 00:07:04.454 D/dalvikvm(19046): Added shared lib libjavacore.so 0x0
02-26 00:07:04.459 D/dalvikvm(19046): Trying to load lib libnativehelper.so 0x0
02-26 00:07:04.460 D/dalvikvm(19046): Added shared lib libnativehelper.so 0x0
02-26 00:07:04.460 D/dalvikvm(19046): No JNI_OnLoad found in libnativehelper.so 0x0, skipping init
02-26 00:07:04.478 I/dalvikvm(19046): DexOpt: mismatch dep name: '/data/dalvik-cache/system@framework@services.jar@classes.dex' vs. '/system/framework/services.odex'
02-26 00:07:04.478 E/dalvikvm(19046): /system/framework/input.jar odex has stale dependencies
02-26 00:07:04.480 E/VPP_DLNA_LOG( 2814): [VPPDLNA]:SSDP recvd bad msg code = 1
02-26 00:07:04.482 E/VPP_DLNA_LOG( 2814): [VPPDLNA]:SSDP recvd bad msg code = 1
02-26 00:07:04.484 E/VPP_DLNA_LOG( 2814): [VPPDLNA]:SSDP recvd bad msg code = 1
02-26 00:07:04.502 D/dalvikvm(19046): Note: class Landroid/app/ActivityManagerNative; has 179 unimplemented (abstract) methods
02-26 00:07:04.560 E/VPP_DLNA_LOG( 2814): [VPPDLNA]:SSDP recvd bad msg code = 1
02-26 00:07:04.561 E/VPP_DLNA_LOG( 2814): [VPPDLNA]:SSDP recvd bad msg code = 1
02-26 00:07:04.563 E/VPP_DLNA_LOG( 2814): [VPPDLNA]:SSDP recvd bad msg code = 1
02-26 00:07:04.693 E/memtrack(19046): Couldn't load memtrack module (No such file or directory)
02-26 00:07:04.693 E/android.os.Debug(19046): failed to load memtrack module: -2
02-26 00:07:04.695 I/EthernetJNI(19046): Loading ethernet jni class
02-26 00:07:04.764 D/AndroidRuntime(19046): Calling main entry com.android.commands.input.Input
02-26 00:07:04.765 I/Input   (19046): injectKeyEvent: KeyEvent { action=ACTION_DOWN, keyCode=KEYCODE_DPAD_DOWN, scanCode=0, metaState=0, flags=0x0, repeatCount=0, eventTime=24034940, downTime=24034940, deviceId=-1, source=0x101 }
02-26 00:07:04.770 D/WindowManager( 1948): keyCode =20
02-26 00:07:04.770 D/WindowManager( 1948): isLockedAllKeys =0
02-26 00:07:04.770 D/WindowManager( 1948): isHandleHomeKey = 1
02-26 00:07:04.770 D/WindowManager( 1948): isHandlePowerKey ==1
02-26 00:07:04.770 D/WindowManager( 1948): isHandleSettingKey=1
02-26 00:07:04.770 D/WindowManager( 1948): handleSystemKey==1
02-26 00:07:04.771 D/WindowManager( 1948): send broadcast key press down
--------- beginning of /dev/log/system
02-26 00:07:04.771 W/ContextImpl( 1948): Calling a method in the system process without a qualified user: android.app.ContextImpl.sendBroadcast:1168 com.android.internal.policy.impl.PhoneWindowManager.interceptKeyBeforeQueueing:4109 com.android.server.wm.InputMonitor.interceptKeyBeforeQueueing:357 com.android.server.input.InputManagerService.interceptKeyBeforeQueueing:1352 com.android.server.input.InputManagerService.nativeInjectInputEvent:-2 
02-26 00:07:04.774 D/MainActivity( 2257): [0;32;31m[main][com.huawei.mh2.launcher.MainActivity][dispatchKeyEvent][-1]:launcher:keycode=20 [m
02-26 00:07:04.776 D/j       ( 2257): [0;32;31m[main][com.huawei.mh2.launcher.l][onGlobalFocusChanged][-1]:launcher:newFocus=com.huawei.mh2.launcher.a.s{2d4a63e8 VFE..... .FS..... 840,75-1181,544} [m
02-26 00:07:04.776 I/Input   (19046): injectKeyEvent: KeyEvent { action=ACTION_UP, keyCode=KEYCODE_DPAD_DOWN, scanCode=0, metaState=0, flags=0x0, repeatCount=0, eventTime=24034940, downTime=24034940, deviceId=-1, source=0x101 }
02-26 00:07:04.777 D/WindowManager( 1948): keyCode =20
02-26 00:07:04.777 D/WindowManager( 1948): isLockedAllKeys =0
02-26 00:07:04.777 D/WindowManager( 1948): isHandleHomeKey = 1
02-26 00:07:04.777 D/WindowManager( 1948): isHandlePowerKey ==1
02-26 00:07:04.777 D/WindowManager( 1948): isHandleSettingKey=1
02-26 00:07:04.777 D/WindowManager( 1948): handleSystemKey==1
02-26 00:07:04.778 D/j       ( 2257): [0;32;31m[main][net.sunniwell.ui.e][onGlobalFocusChanged][-1]:launcher:smoothMove [m
02-26 00:07:04.778 D/AudioPolicyManagerBase( 1406): startOutput() output 2, stream 1, session 380
02-26 00:07:04.778 D/AudioPolicyManagerBase( 1406): startoutput ->setOutputDevice
02-26 00:07:04.778 D/AudioPolicyManagerBase( 1406): AudioPolicyManagerBase::checkAndSetVolume 13,0.377113
02-26 00:07:04.779 D/j       ( 2257): [0;32;31m[main][net.sunniwell.ui.g][a][-1]:launcher:anchorView=com.huawei.mh2.launcher.a.s{2d4a63e8 VFE..... .FS..... 840,75-1181,544} [m
02-26 00:07:04.780 D/AndroidRuntime(19046): Shutting down VM
02-26 00:07:04.781 D/PosterPage( 2257): [0;32;31m[main][com.huawei.mh2.launcher.page.o][onFocusChange][-1]:launcher:hasFocus=true [m
02-26 00:07:04.782 E/cutils-trace(19046): Error opening trace file: No such file or directory (2)
02-26 00:07:04.783 D/MainActivity( 2257): [0;32;31m[main][com.huawei.mh2.launcher.MainActivity][dispatchKeyEvent][-1]:launcher:keycode=20 [m
02-26 00:07:04.785 D/dalvikvm(19046): GC_CONCURRENT freed 98K, 16% free 566K/668K, paused 0ms+0ms, total 3ms
02-26 00:07:04.792 D/ImageLoader( 2257): Load image from memory cache [http://pic3.ptqy.gitv.tv/image/20150215/41/2c/a_100010524_m_601_260_360.jpg_333x461]
02-26 00:07:04.795 D/p       ( 2257): [0;32;31m[main][com.huawei.mh2.launcher.p][getView][-1]:launcher:position=12 convertView=null [m
02-26 00:07:04.823 D/j       ( 2257): [0;32;31m[main][net.sunniwell.ui.g][b][-1]:launcher:offsetWidth=146 offsetHeight=278 resizeImmediate=false [m
02-26 00:07:04.825 D/j       ( 2257): [0;32;31m[main][net.sunniwell.ui.g][a][-1]:launcher:offsetLeft=317 offsetTop=124 moveImmediate=false [m
02-26 00:07:04.826 D/j       ( 2257): [0;32;31m[main][net.sunniwell.ui.d][a][-1]:launcher:immediate=false isChanged=true [m
02-26 00:07:04.827 D/j       ( 2257): [0;32;31m[main][com.huawei.mh2.launcher.j][a][-1]:launcher:changed=true [m
02-26 00:07:04.837 D/j       ( 2257): [0;32;31m[main][net.sunniwell.ui.g][b][-1]:launcher:offsetWidth=51 offsetHeight=97 resizeImmediate=false [m
02-26 00:07:04.838 D/j       ( 2257): [0;32;31m[main][net.sunniwell.ui.g][a][-1]:launcher:offsetLeft=111 offsetTop=44 moveImmediate=false [m
02-26 00:07:04.839 D/j       ( 2257): [0;32;31m[main][net.sunniwell.ui.d][a][-1]:launcher:immediate=false isChanged=true [m
02-26 00:07:04.840 D/j       ( 2257): [0;32;31m[main][com.huawei.mh2.launcher.j][a][-1]:launcher:changed=true [m
02-26 00:07:04.855 D/j       ( 2257): [0;32;31m[main][net.sunniwell.ui.g][b][-1]:launcher:offsetWidth=18 offsetHeight=34 resizeImmediate=false [m
02-26 00:07:04.856 D/j       ( 2257): [0;32;31m[main][net.sunniwell.ui.g][a][-1]:launcher:offsetLeft=39 offsetTop=15 moveImmediate=false [m
02-26 00:07:04.857 D/j       ( 2257): [0;32;31m[main][net.sunniwell.ui.d][a][-1]:launcher:immediate=false isChanged=true [m
02-26 00:07:04.858 D/j       ( 2257): [0;32;31m[main][com.huawei.mh2.launcher.j][a][-1]:launcher:changed=true [m
02-26 00:07:04.868 D/j       ( 2257): [0;32;31m[main][net.sunniwell.ui.g][b][-1]:launcher:offsetWidth=6 offsetHeight=12 resizeImmediate=false [m
02-26 00:07:04.869 D/j       ( 2257): [0;32;31m[main][net.sunniwell.ui.g][a][-1]:launcher:offsetLeft=13 offsetTop=5 moveImmediate=false [m
02-26 00:07:04.869 D/j       ( 2257): [0;32;31m[main][net.sunniwell.ui.d][a][-1]:launcher:immediate=false isChanged=true [m
02-26 00:07:04.870 D/j       ( 2257): [0;32;31m[main][com.huawei.mh2.launcher.j][a][-1]:launcher:changed=true [m
02-26 00:07:04.886 D/j       ( 2257): [0;32;31m[main][net.sunniwell.ui.g][b][-1]:launcher:offsetWidth=4 offsetHeight=7 resizeImmediate=false [m
02-26 00:07:04.887 D/j       ( 2257): [0;32;31m[main][net.sunniwell.ui.g][a][-1]:launcher:offsetLeft=-1 offsetTop=-8 moveImmediate=false [m
02-26 00:07:04.888 D/j       ( 2257): [0;32;31m[main][net.sunniwell.ui.d][a][-1]:launcher:immediate=false isChanged=true [m
02-26 00:07:04.889 D/j       ( 2257): [0;32;31m[main][com.huawei.mh2.launcher.j][a][-1]:launcher:changed=true [m
02-26 00:07:04.907 D/j       ( 2257): [0;32;31m[main][net.sunniwell.ui.g][b][-1]:launcher:offsetWidth=0 offsetHeight=0 resizeImmediate=false [m
02-26 00:07:04.908 D/j       ( 2257): [0;32;31m[main][net.sunniwell.ui.g][a][-1]:launcher:offsetLeft=0 offsetTop=-4 moveImmediate=false [m
02-26 00:07:04.909 D/j       ( 2257): [0;32;31m[main][net.sunniwell.ui.d][a][-1]:launcher:immediate=false isChanged=true [m
02-26 00:07:04.910 D/j       ( 2257): [0;32;31m[main][com.huawei.mh2.launcher.j][a][-1]:launcher:changed=true [m
02-26 00:07:04.928 D/j       ( 2257): [0;32;31m[main][net.sunniwell.ui.g][b][-1]:launcher:offsetWidth=0 offsetHeight=0 resizeImmediate=false [m
02-26 00:07:04.929 D/j       ( 2257): [0;32;31m[main][net.sunniwell.ui.g][a][-1]:launcher:offsetLeft=0 offsetTop=0 moveImmediate=false [m
02-26 00:07:04.930 D/j       ( 2257): [0;32;31m[main][net.sunniwell.ui.d][a][-1]:launcher:immediate=false isChanged=false [m
02-26 00:07:04.930 D/j       ( 2257): [0;32;31m[main][com.huawei.mh2.launcher.j][a][-1]:launcher:changed=false [m
02-26 00:07:05.609 D/ImageLoader( 2257): Load image from memory cache [http://pic3.ptqy.gitv.tv/image/20150215/41/2c/a_100010524_m_601_260_360.jpg_333x461]
02-26 00:07:05.611 D/p       ( 2257): [0;32;31m[main][com.huawei.mh2.launcher.p][getView][-1]:launcher:position=12 convertView=null [m
02-26 00:07:05.628 D/j       ( 2257): [0;32;31m[main][net.sunniwell.ui.g][a][-1]:launcher:anchorView=com.huawei.mh2.launcher.a.s{2d4a63e8 VFE..... .FS...ID 840,75-1181,544} [m
02-26 00:07:05.709 D/j       ( 2257): [0;32;31m[main][net.sunniwell.ui.g][b][-1]:launcher:offsetWidth=0 offsetHeight=0 resizeImmediate=false [m
02-26 00:07:05.710 D/j       ( 2257): [0;32;31m[main][net.sunniwell.ui.g][a][-1]:launcher:offsetLeft=0 offsetTop=0 moveImmediate=false [m
02-26 00:07:05.711 D/j       ( 2257): [0;32;31m[main][net.sunniwell.ui.d][a][-1]:launcher:immediate=false isChanged=false [m
02-26 00:07:05.712 D/j       ( 2257): [0;32;31m[main][com.huawei.mh2.launcher.j][a][-1]:launcher:changed=false [m
02-26 00:07:05.829 E/VPP_DLNA_LOG( 2814): [VPPDLNA]:SSDP recvd bad msg code = 1
02-26 00:07:05.831 E/VPP_DLNA_LOG( 2814): [VPPDLNA]:SSDP recvd bad msg code = 1
02-26 00:07:05.833 E/VPP_DLNA_LOG( 2814): [VPPDLNA]:SSDP recvd bad msg code = 1
02-26 00:07:05.882 E/VPP_DLNA_LOG( 2814): [VPPDLNA]:SSDP recvd bad msg code = 1
02-26 00:07:05.883 E/VPP_DLNA_LOG( 2814): [VPPDLNA]:SSDP recvd bad msg code = 1
02-26 00:07:05.885 E/VPP_DLNA_LOG( 2814): [VPPDLNA]:SSDP recvd bad msg code = 1
02-26 00:07:06.457 D/AndroidRuntime(19060): 
02-26 00:07:06.457 D/AndroidRuntime(19060): >>>>>> AndroidRuntime START com.android.internal.os.RuntimeInit <<<<<<
02-26 00:07:06.460 D/AndroidRuntime(19060): CheckJNI is OFF
02-26 00:07:06.469 I/dalvikvm(19060): DexOpt: mismatch dep signature for '/system/framework/android.policy.odex'
02-26 00:07:06.469 E/dalvikvm(19060): /system/framework/services.jar odex has stale dependencies
02-26 00:07:06.470 I/dalvikvm(19060): DexOpt: mismatch dep name: '/data/dalvik-cache/system@framework@services.jar@classes.dex' vs. '/system/framework/services.odex'
02-26 00:07:06.470 E/dalvikvm(19060): /system/framework/apache-xml.jar odex has stale dependencies
02-26 00:07:06.470 I/dalvikvm(19060): DexOpt: mismatch dep name: '/data/dalvik-cache/system@framework@services.jar@classes.dex' vs. '/system/framework/services.odex'
02-26 00:07:06.470 E/dalvikvm(19060): /system/framework/webviewchromium.jar odex has stale dependencies
02-26 00:07:06.478 D/dalvikvm(19060): Trying to load lib libjavacore.so 0x0
02-26 00:07:06.481 D/dalvikvm(19060): Added shared lib libjavacore.so 0x0
02-26 00:07:06.486 D/dalvikvm(19060): Trying to load lib libnativehelper.so 0x0
02-26 00:07:06.486 D/dalvikvm(19060): Added shared lib libnativehelper.so 0x0
02-26 00:07:06.486 D/dalvikvm(19060): No JNI_OnLoad found in libnativehelper.so 0x0, skipping init
02-26 00:07:06.505 I/dalvikvm(19060): DexOpt: mismatch dep name: '/data/dalvik-cache/system@framework@services.jar@classes.dex' vs. '/system/framework/services.odex'
02-26 00:07:06.505 E/dalvikvm(19060): /system/framework/input.jar odex has stale dependencies
02-26 00:07:06.509 E/cutils-trace(19060): Error opening trace file: No such file or directory (2)
02-26 00:07:06.531 D/dalvikvm(19060): Note: class Landroid/app/ActivityManagerNative; has 179 unimplemented (abstract) methods
02-26 00:07:06.669 I/HiRMService( 2269):  ***** changeStats = 0
02-26 00:07:06.728 E/memtrack(19060): Couldn't load memtrack module (No such file or directory)
02-26 00:07:06.728 E/android.os.Debug(19060): failed to load memtrack module: -2
02-26 00:07:06.731 I/EthernetJNI(19060): Loading ethernet jni class
02-26 00:07:06.809 D/AndroidRuntime(19060): Calling main entry com.android.commands.input.Input
02-26 00:07:06.810 I/Input   (19060): injectKeyEvent: KeyEvent { action=ACTION_DOWN, keyCode=KEYCODE_DPAD_UP, scanCode=0, metaState=0, flags=0x0, repeatCount=0, eventTime=24036985, downTime=24036985, deviceId=-1, source=0x101 }
02-26 00:07:06.815 D/WindowManager( 1948): keyCode =19
02-26 00:07:06.815 D/WindowManager( 1948): isLockedAllKeys =0
02-26 00:07:06.815 D/WindowManager( 1948): isHandleHomeKey = 1
02-26 00:07:06.815 D/WindowManager( 1948): isHandlePowerKey ==1
02-26 00:07:06.816 D/WindowManager( 1948): isHandleSettingKey=1
02-26 00:07:06.816 D/WindowManager( 1948): handleSystemKey==1
02-26 00:07:06.816 W/ContextImpl( 1948): Calling a method in the system process without a qualified user: android.app.ContextImpl.sendBroadcast:1168 com.android.internal.policy.impl.PhoneWindowManager.interceptKeyBeforeQueueing:4109 com.android.server.wm.InputMonitor.interceptKeyBeforeQueueing:357 com.android.server.input.InputManagerService.interceptKeyBeforeQueueing:1352 com.android.server.input.InputManagerService.nativeInjectInputEvent:-2 
02-26 00:07:06.817 D/WindowManager( 1948): send broadcast key press down
02-26 00:07:06.820 D/MainActivity( 2257): [0;32;31m[main][com.huawei.mh2.launcher.MainActivity][dispatchKeyEvent][-1]:launcher:keycode=19 [m
02-26 00:07:06.822 D/PosterPage( 2257): [0;32;31m[main][com.huawei.mh2.launcher.page.o][onFocusChange][-1]:launcher:hasFocus=false [m
02-26 00:07:06.823 I/Input   (19060): injectKeyEvent: KeyEvent { action=ACTION_UP, keyCode=KEYCODE_DPAD_UP, scanCode=0, metaState=0, flags=0x0, repeatCount=0, eventTime=24036985, downTime=24036985, deviceId=-1, source=0x101 }
02-26 00:07:06.823 D/WindowManager( 1948): keyCode =19
02-26 00:07:06.823 D/WindowManager( 1948): isLockedAllKeys =0
02-26 00:07:06.823 D/WindowManager( 1948): isHandleHomeKey = 1
02-26 00:07:06.823 D/WindowManager( 1948): isHandlePowerKey ==1
02-26 00:07:06.823 D/WindowManager( 1948): isHandleSettingKey=1
02-26 00:07:06.823 D/WindowManager( 1948): handleSystemKey==1
02-26 00:07:06.824 D/AudioPolicyManagerBase( 1406): startOutput() output 2, stream 1, session 381
02-26 00:07:06.824 D/AudioPolicyManagerBase( 1406): startoutput ->setOutputDevice
02-26 00:07:06.824 D/AudioPolicyManagerBase( 1406): AudioPolicyManagerBase::checkAndSetVolume 13,0.377113
02-26 00:07:06.825 D/j       ( 2257): [0;32;31m[main][com.huawei.mh2.launcher.l][onGlobalFocusChanged][-1]:launcher:newFocus=com.huawei.mh2.launcher.a.n{2c944210 VFE...C. .FS..... 0,0-120,57 #7f0a0006 app:id/menu_title_home} [m
02-26 00:07:06.826 D/ImageLoader( 2257): Load image from memory cache [http://pic3.ptqy.gitv.tv/image/20150215/41/2c/a_100010524_m_601_260_360.jpg_333x461]
02-26 00:07:06.826 D/j       ( 2257): [0;32;31m[main][net.sunniwell.ui.e][onGlobalFocusChanged][-1]:launcher:smoothMove [m
02-26 00:07:06.828 D/j       ( 2257): [0;32;31m[main][net.sunniwell.ui.g][a][-1]:launcher:anchorView=com.huawei.mh2.launcher.a.n{2c944210 VFE...C. .FS..... 0,0-120,57 #7f0a0006 app:id/menu_title_home} [m
02-26 00:07:06.829 D/FrameworkPage( 2257): [0;32;31m[main][com.huawei.mh2.launcher.page.FrameworkPage][onFocusChange][-1]:launcher:v=com.huawei.mh2.launcher.a.n{2c944210 VFE...C. .FS...ID 0,0-120,57 #7f0a0006 app:id/menu_title_home} [m
02-26 00:07:06.831 D/p       ( 2257): [0;32;31m[main][com.huawei.mh2.launcher.p][getView][-1]:launcher:position=12 convertView=null [m
02-26 00:07:06.843 D/AndroidRuntime(19060): Shutting down VM
02-26 00:07:06.844 D/MainActivity( 2257): [0;32;31m[main][com.huawei.mh2.launcher.MainActivity][dispatchKeyEvent][-1]:launcher:keycode=19 [m
02-26 00:07:06.848 D/dalvikvm(19060): GC_CONCURRENT freed 98K, 16% free 566K/668K, paused 0ms+1ms, total 3ms
02-26 00:07:06.853 D/j       ( 2257): [0;32;31m[main][net.sunniwell.ui.g][b][-1]:launcher:offsetWidth=-147 offsetHeight=-279 resizeImmediate=false [m
02-26 00:07:06.854 D/j       ( 2257): [0;32;31m[main][net.sunniwell.ui.g][a][-1]:launcher:offsetLeft=-312 offsetTop=-115 moveImmediate=false [m
02-26 00:07:06.855 D/j       ( 2257): [0;32;31m[main][net.sunniwell.ui.d][a][-1]:launcher:immediate=false isChanged=true [m
02-26 00:07:06.855 D/j       ( 2257): [0;32;31m[main][com.huawei.mh2.launcher.j][a][-1]:launcher:changed=true [m
02-26 00:07:06.866 D/j       ( 2257): [0;32;31m[main][net.sunniwell.ui.g][b][-1]:launcher:offsetWidth=-51 offsetHeight=-97 resizeImmediate=false [m
02-26 00:07:06.867 D/j       ( 2257): [0;32;31m[main][net.sunniwell.ui.g][a][-1]:launcher:offsetLeft=-109 offsetTop=-40 moveImmediate=false [m
02-26 00:07:06.868 D/j       ( 2257): [0;32;31m[main][net.sunniwell.ui.d][a][-1]:launcher:immediate=false isChanged=true [m
02-26 00:07:06.868 D/j       ( 2257): [0;32;31m[main][com.huawei.mh2.launcher.j][a][-1]:launcher:changed=true [m
02-26 00:07:06.889 D/j       ( 2257): [0;32;31m[main][net.sunniwell.ui.g][b][-1]:launcher:offsetWidth=-18 offsetHeight=-34 resizeImmediate=false [m
02-26 00:07:06.890 D/j       ( 2257): [0;32;31m[main][net.sunniwell.ui.g][a][-1]:launcher:offsetLeft=-38 offsetTop=-14 moveImmediate=false [m
02-26 00:07:06.891 D/j       ( 2257): [0;32;31m[main][net.sunniwell.ui.d][a][-1]:launcher:immediate=false isChanged=true [m
02-26 00:07:06.892 D/j       ( 2257): [0;32;31m[main][com.huawei.mh2.launcher.j][a][-1]:launcher:changed=true [m
02-26 00:07:06.913 D/j       ( 2257): [0;32;31m[main][net.sunniwell.ui.g][b][-1]:launcher:offsetWidth=-6 offsetHeight=-12 resizeImmediate=false [m
02-26 00:07:06.915 D/j       ( 2257): [0;32;31m[main][net.sunniwell.ui.g][a][-1]:launcher:offsetLeft=-13 offsetTop=-7 moveImmediate=false [m
02-26 00:07:06.915 D/j       ( 2257): [0;32;31m[main][net.sunniwell.ui.d][a][-1]:launcher:immediate=false isChanged=true [m
02-26 00:07:06.916 D/j       ( 2257): [0;32;31m[main][com.huawei.mh2.launcher.j][a][-1]:launcher:changed=true [m
02-26 00:07:06.935 D/j       ( 2257): [0;32;31m[main][net.sunniwell.ui.g][b][-1]:launcher:offsetWidth=-3 offsetHeight=-6 resizeImmediate=false [m
02-26 00:07:06.936 D/j       ( 2257): [0;32;31m[main][net.sunniwell.ui.g][a][-1]:launcher:offsetLeft=-7 offsetTop=0 moveImmediate=false [m
02-26 00:07:06.936 D/j       ( 2257): [0;32;31m[main][net.sunniwell.ui.d][a][-1]:launcher:immediate=false isChanged=true [m
02-26 00:07:06.937 D/j       ( 2257): [0;32;31m[main][com.huawei.mh2.launcher.j][a][-1]:launcher:changed=true [m
02-26 00:07:06.956 D/j       ( 2257): [0;32;31m[main][net.sunniwell.ui.g][b][-1]:launcher:offsetWidth=0 offsetHeight=0 resizeImmediate=false [m
02-26 00:07:06.956 D/j       ( 2257): [0;32;31m[main][net.sunniwell.ui.g][a][-1]:launcher:offsetLeft=0 offsetTop=0 moveImmediate=false [m
02-26 00:07:06.957 D/j       ( 2257): [0;32;31m[main][net.sunniwell.ui.d][a][-1]:launcher:immediate=false isChanged=false [m
02-26 00:07:06.958 D/j       ( 2257): [0;32;31m[main][com.huawei.mh2.launcher.j][a][-1]:launcher:changed=false [m
02-26 00:07:08.500 D/AndroidRuntime(19073): 
02-26 00:07:08.500 D/AndroidRuntime(19073): >>>>>> AndroidRuntime START com.android.internal.os.RuntimeInit <<<<<<
02-26 00:07:08.502 D/AndroidRuntime(19073): CheckJNI is OFF
02-26 00:07:08.511 I/dalvikvm(19073): DexOpt: mismatch dep signature for '/system/framework/android.policy.odex'
02-26 00:07:08.511 E/dalvikvm(19073): /system/framework/services.jar odex has stale dependencies
02-26 00:07:08.512 I/dalvikvm(19073): DexOpt: mismatch dep name: '/data/dalvik-cache/system@framework@services.jar@classes.dex' vs. '/system/framework/services.odex'
02-26 00:07:08.512 E/dalvikvm(19073): /system/framework/apache-xml.jar odex has stale dependencies
02-26 00:07:08.513 I/dalvikvm(19073): DexOpt: mismatch dep name: '/data/dalvik-cache/system@framework@services.jar@classes.dex' vs. '/system/framework/services.odex'
02-26 00:07:08.513 E/dalvikvm(19073): /system/framework/webviewchromium.jar odex has stale dependencies
02-26 00:07:08.520 D/dalvikvm(19073): Trying to load lib libjavacore.so 0x0
02-26 00:07:08.524 D/dalvikvm(19073): Added shared lib libjavacore.so 0x0
02-26 00:07:08.529 D/dalvikvm(19073): Trying to load lib libnativehelper.so 0x0
02-26 00:07:08.529 D/dalvikvm(19073): Added shared lib libnativehelper.so 0x0
02-26 00:07:08.529 D/dalvikvm(19073): No JNI_OnLoad found in libnativehelper.so 0x0, skipping init
02-26 00:07:08.544 D/SambaClientService( 2610): runNetTimer::run
02-26 00:07:08.545 D/SambaClientService( 2610): sendMsg2NetScan success 0
02-26 00:07:08.545 D/SambaNetScanHandler( 2610): NetScanHandler MSG_NETSCAN_START
02-26 00:07:08.548 I/dalvikvm(19073): DexOpt: mismatch dep name: '/data/dalvik-cache/system@framework@services.jar@classes.dex' vs. '/system/framework/services.odex'
02-26 00:07:08.548 E/dalvikvm(19073): /system/framework/input.jar odex has stale dependencies
02-26 00:07:08.552 E/cutils-trace(19073): Error opening trace file: No such file or directory (2)
02-26 00:07:08.561 D/SambaNetScanHandler( 2610): sendBroadcast SAMBA_DISCOVERED
02-26 00:07:08.562 W/ContextImpl( 2610): Calling a method in the system process without a qualified user: android.app.ContextImpl.sendBroadcast:1168 android.content.ContextWrapper.sendBroadcast:365 com.huawei.sambaclient.service.SambaClientService$NetScanHandler.handleMessage:4040 android.os.Handler.dispatchMessage:102 android.os.Looper.loop:136 
02-26 00:07:08.574 D/dalvikvm(19073): Note: class Landroid/app/ActivityManagerNative; has 179 unimplemented (abstract) methods
02-26 00:07:08.722 E/VPP_DLNA_LOG( 2814): [VPPDLNA][DlnaDmrSendHuaweIdChangedNotify][:763]-: HuaweiId == NULL 
02-26 00:07:08.768 E/memtrack(19073): Couldn't load memtrack module (No such file or directory)
02-26 00:07:08.768 E/android.os.Debug(19073): failed to load memtrack module: -2
02-26 00:07:08.770 I/EthernetJNI(19073): Loading ethernet jni class
02-26 00:07:08.840 D/AndroidRuntime(19073): Calling main entry com.android.commands.input.Input
02-26 00:07:08.842 I/Input   (19073): injectKeyEvent: KeyEvent { action=ACTION_DOWN, keyCode=KEYCODE_DPAD_DOWN, scanCode=0, metaState=0, flags=0x0, repeatCount=0, eventTime=24039016, downTime=24039016, deviceId=-1, source=0x101 }
02-26 00:07:08.847 D/WindowManager( 1948): keyCode =20
02-26 00:07:08.847 D/WindowManager( 1948): isLockedAllKeys =0
02-26 00:07:08.847 D/WindowManager( 1948): isHandleHomeKey = 1
02-26 00:07:08.847 D/WindowManager( 1948): isHandlePowerKey ==1
02-26 00:07:08.847 D/WindowManager( 1948): isHandleSettingKey=1
02-26 00:07:08.847 D/WindowManager( 1948): handleSystemKey==1
02-26 00:07:08.848 D/WindowManager( 1948): send broadcast key press down
02-26 00:07:08.848 W/ContextImpl( 1948): Calling a method in the system process without a qualified user: android.app.ContextImpl.sendBroadcast:1168 com.android.internal.policy.impl.PhoneWindowManager.interceptKeyBeforeQueueing:4109 com.android.server.wm.InputMonitor.interceptKeyBeforeQueueing:357 com.android.server.input.InputManagerService.interceptKeyBeforeQueueing:1352 com.android.server.input.InputManagerService.nativeInjectInputEvent:-2 
02-26 00:07:08.851 D/MainActivity( 2257): [0;32;31m[main][com.huawei.mh2.launcher.MainActivity][dispatchKeyEvent][-1]:launcher:keycode=20 [m
02-26 00:07:08.853 D/j       ( 2257): [0;32;31m[main][com.huawei.mh2.launcher.l][onGlobalFocusChanged][-1]:launcher:newFocus=com.huawei.mh2.launcher.a.s{2d4a63e8 VFE..... .FS..... 840,75-1181,544} [m
02-26 00:07:08.853 I/Input   (19073): injectKeyEvent: KeyEvent { action=ACTION_UP, keyCode=KEYCODE_DPAD_DOWN, scanCode=0, metaState=0, flags=0x0, repeatCount=0, eventTime=24039016, downTime=24039016, deviceId=-1, source=0x101 }
02-26 00:07:08.854 D/WindowManager( 1948): keyCode =20
02-26 00:07:08.854 D/WindowManager( 1948): isLockedAllKeys =0
02-26 00:07:08.854 D/WindowManager( 1948): isHandleHomeKey = 1
02-26 00:07:08.854 D/WindowManager( 1948): isHandlePowerKey ==1
02-26 00:07:08.854 D/WindowManager( 1948): isHandleSettingKey=1
02-26 00:07:08.854 D/WindowManager( 1948): handleSystemKey==1
02-26 00:07:08.854 D/AudioPolicyManagerBase( 1406): startOutput() output 2, stream 1, session 382
02-26 00:07:08.854 D/AudioPolicyManagerBase( 1406): startoutput ->setOutputDevice
02-26 00:07:08.854 D/AudioPolicyManagerBase( 1406): AudioPolicyManagerBase::checkAndSetVolume 13,0.377113
02-26 00:07:08.855 D/j       ( 2257): [0;32;31m[main][net.sunniwell.ui.e][onGlobalFocusChanged][-1]:launcher:smoothMove [m
02-26 00:07:08.856 D/AndroidRuntime(19073): Shutting down VM
02-26 00:07:08.857 D/j       ( 2257): [0;32;31m[main][net.sunniwell.ui.g][a][-1]:launcher:anchorView=com.huawei.mh2.launcher.a.s{2d4a63e8 VFE..... .FS..... 840,75-1181,544} [m
02-26 00:07:08.858 D/PosterPage( 2257): [0;32;31m[main][com.huawei.mh2.launcher.page.o][onFocusChange][-1]:launcher:hasFocus=true [m
02-26 00:07:08.859 D/ImageLoader( 2257): Load image from memory cache [http://pic3.ptqy.gitv.tv/image/20150215/41/2c/a_100010524_m_601_260_360.jpg_333x461]
02-26 00:07:08.859 D/MainActivity( 2257): [0;32;31m[main][com.huawei.mh2.launcher.MainActivity][dispatchKeyEvent][-1]:launcher:keycode=20 [m
02-26 00:07:08.861 D/dalvikvm(19073): GC_CONCURRENT freed 98K, 16% free 566K/668K, paused 0ms+0ms, total 3ms
02-26 00:07:08.861 D/p       ( 2257): [0;32;31m[main][com.huawei.mh2.launcher.p][getView][-1]:launcher:position=12 convertView=null [m
02-26 00:07:08.882 D/j       ( 2257): [0;32;31m[main][net.sunniwell.ui.g][b][-1]:launcher:offsetWidth=146 offsetHeight=278 resizeImmediate=false [m
02-26 00:07:08.883 D/j       ( 2257): [0;32;31m[main][net.sunniwell.ui.g][a][-1]:launcher:offsetLeft=317 offsetTop=124 moveImmediate=false [m
02-26 00:07:08.884 D/j       ( 2257): [0;32;31m[main][net.sunniwell.ui.d][a][-1]:launcher:immediate=false isChanged=true [m
02-26 00:07:08.885 D/j       ( 2257): [0;32;31m[main][com.huawei.mh2.launcher.j][a][-1]:launcher:changed=true [m
02-26 00:07:08.892 D/j       ( 2257): [0;32;31m[main][net.sunniwell.ui.g][b][-1]:launcher:offsetWidth=51 offsetHeight=97 resizeImmediate=false [m
02-26 00:07:08.893 D/j       ( 2257): [0;32;31m[main][net.sunniwell.ui.g][a][-1]:launcher:offsetLeft=111 offsetTop=44 moveImmediate=false [m
02-26 00:07:08.894 D/j       ( 2257): [0;32;31m[main][net.sunniwell.ui.d][a][-1]:launcher:immediate=false isChanged=true [m
02-26 00:07:08.895 D/j       ( 2257): [0;32;31m[main][com.huawei.mh2.launcher.j][a][-1]:launcher:changed=true [m
02-26 00:07:08.902 D/j       ( 2257): [0;32;31m[main][net.sunniwell.ui.g][b][-1]:launcher:offsetWidth=18 offsetHeight=34 resizeImmediate=false [m
02-26 00:07:08.902 D/j       ( 2257): [0;32;31m[main][net.sunniwell.ui.g][a][-1]:launcher:offsetLeft=39 offsetTop=15 moveImmediate=false [m
02-26 00:07:08.903 D/j       ( 2257): [0;32;31m[main][net.sunniwell.ui.d][a][-1]:launcher:immediate=false isChanged=true [m
02-26 00:07:08.904 D/j       ( 2257): [0;32;31m[main][com.huawei.mh2.launcher.j][a][-1]:launcher:changed=true [m
02-26 00:07:08.929 D/j       ( 2257): [0;32;31m[main][net.sunniwell.ui.g][b][-1]:launcher:offsetWidth=6 offsetHeight=12 resizeImmediate=false [m
02-26 00:07:08.930 D/j       ( 2257): [0;32;31m[main][net.sunniwell.ui.g][a][-1]:launcher:offsetLeft=13 offsetTop=5 moveImmediate=false [m
02-26 00:07:08.931 D/j       ( 2257): [0;32;31m[main][net.sunniwell.ui.d][a][-1]:launcher:immediate=false isChanged=true [m
02-26 00:07:08.932 D/j       ( 2257): [0;32;31m[main][com.huawei.mh2.launcher.j][a][-1]:launcher:changed=true [m
02-26 00:07:08.951 D/j       ( 2257): [0;32;31m[main][net.sunniwell.ui.g][b][-1]:launcher:offsetWidth=4 offsetHeight=7 resizeImmediate=false [m
02-26 00:07:08.952 D/j       ( 2257): [0;32;31m[main][net.sunniwell.ui.g][a][-1]:launcher:offsetLeft=8 offsetTop=4 moveImmediate=false [m
02-26 00:07:08.953 D/j       ( 2257): [0;32;31m[main][net.sunniwell.ui.d][a][-1]:launcher:immediate=false isChanged=true [m
02-26 00:07:08.953 D/j       ( 2257): [0;32;31m[main][com.huawei.mh2.launcher.j][a][-1]:launcher:changed=true [m
02-26 00:07:08.975 D/j       ( 2257): [0;32;31m[main][net.sunniwell.ui.g][b][-1]:launcher:offsetWidth=0 offsetHeight=0 resizeImmediate=false [m
02-26 00:07:08.976 D/j       ( 2257): [0;32;31m[main][net.sunniwell.ui.g][a][-1]:launcher:offsetLeft=-6 offsetTop=-11 moveImmediate=false [m
02-26 00:07:08.978 D/j       ( 2257): [0;32;31m[main][net.sunniwell.ui.d][a][-1]:launcher:immediate=false isChanged=true [m
02-26 00:07:08.979 D/j       ( 2257): [0;32;31m[main][com.huawei.mh2.launcher.j][a][-1]:launcher:changed=true [m
02-26 00:07:08.996 D/j       ( 2257): [0;32;31m[main][net.sunniwell.ui.g][b][-1]:launcher:offsetWidth=0 offsetHeight=0 resizeImmediate=false [m
02-26 00:07:08.997 D/j       ( 2257): [0;32;31m[main][net.sunniwell.ui.g][a][-1]:launcher:offsetLeft=-3 offsetTop=-5 moveImmediate=false [m
02-26 00:07:08.998 D/j       ( 2257): [0;32;31m[main][net.sunniwell.ui.d][a][-1]:launcher:immediate=false isChanged=true [m
02-26 00:07:09.000 D/j       ( 2257): [0;32;31m[main][com.huawei.mh2.launcher.j][a][-1]:launcher:changed=true [m
02-26 00:07:09.020 D/j       ( 2257): [0;32;31m[main][net.sunniwell.ui.g][b][-1]:launcher:offsetWidth=0 offsetHeight=0 resizeImmediate=false [m
02-26 00:07:09.021 D/j       ( 2257): [0;32;31m[main][net.sunniwell.ui.g][a][-1]:launcher:offsetLeft=0 offsetTop=0 moveImmediate=false [m
02-26 00:07:09.022 D/j       ( 2257): [0;32;31m[main][net.sunniwell.ui.d][a][-1]:launcher:immediate=false isChanged=false [m
02-26 00:07:09.023 D/j       ( 2257): [0;32;31m[main][com.huawei.mh2.launcher.j][a][-1]:launcher:changed=false [m
02-26 00:07:09.675 D/ImageLoader( 2257): Load image from memory cache [http://pic3.ptqy.gitv.tv/image/20150215/41/2c/a_100010524_m_601_260_360.jpg_333x461]
02-26 00:07:09.678 D/p       ( 2257): [0;32;31m[main][com.huawei.mh2.launcher.p][getView][-1]:launcher:position=12 convertView=null [m
02-26 00:07:09.694 D/j       ( 2257): [0;32;31m[main][net.sunniwell.ui.g][a][-1]:launcher:anchorView=com.huawei.mh2.launcher.a.s{2d4a63e8 VFE..... .FS...ID 840,75-1181,544} [m
02-26 00:07:09.774 D/j       ( 2257): [0;32;31m[main][net.sunniwell.ui.g][b][-1]:launcher:offsetWidth=0 offsetHeight=0 resizeImmediate=false [m
02-26 00:07:09.775 D/j       ( 2257): [0;32;31m[main][net.sunniwell.ui.g][a][-1]:launcher:offsetLeft=0 offsetTop=0 moveImmediate=false [m
02-26 00:07:09.776 D/j       ( 2257): [0;32;31m[main][net.sunniwell.ui.d][a][-1]:launcher:immediate=false isChanged=false [m
02-26 00:07:09.777 D/j       ( 2257): [0;32;31m[main][com.huawei.mh2.launcher.j][a][-1]:launcher:changed=false [m
02-26 00:07:10.921 D/ConnectivityService( 1948): Sampling interval elapsed, updating statistics ..
02-26 00:07:10.925 D/ConnectivityService( 1948): Done.
02-26 00:07:10.925 D/ConnectivityService( 1948): Setting timer for 30seconds
02-26 00:07:11.552 D/AndroidRuntime(19087): 
02-26 00:07:11.552 D/AndroidRuntime(19087): >>>>>> AndroidRuntime START com.android.internal.os.RuntimeInit <<<<<<
02-26 00:07:11.555 D/AndroidRuntime(19087): CheckJNI is OFF
02-26 00:07:11.565 I/dalvikvm(19087): DexOpt: mismatch dep signature for '/system/framework/android.policy.odex'
02-26 00:07:11.565 E/dalvikvm(19087): /system/framework/services.jar odex has stale dependencies
02-26 00:07:11.566 I/dalvikvm(19087): DexOpt: mismatch dep name: '/data/dalvik-cache/system@framework@services.jar@classes.dex' vs. '/system/framework/services.odex'
02-26 00:07:11.566 E/dalvikvm(19087): /system/framework/apache-xml.jar odex has stale dependencies
02-26 00:07:11.567 I/dalvikvm(19087): DexOpt: mismatch dep name: '/data/dalvik-cache/system@framework@services.jar@classes.dex' vs. '/system/framework/services.odex'
02-26 00:07:11.567 E/dalvikvm(19087): /system/framework/webviewchromium.jar odex has stale dependencies
02-26 00:07:11.575 D/dalvikvm(19087): Trying to load lib libjavacore.so 0x0
02-26 00:07:11.579 D/dalvikvm(19087): Added shared lib libjavacore.so 0x0
02-26 00:07:11.586 D/dalvikvm(19087): Trying to load lib libnativehelper.so 0x0
02-26 00:07:11.586 D/dalvikvm(19087): Added shared lib libnativehelper.so 0x0
02-26 00:07:11.586 D/dalvikvm(19087): No JNI_OnLoad found in libnativehelper.so 0x0, skipping init
02-26 00:07:11.606 I/dalvikvm(19087): DexOpt: mismatch dep name: '/data/dalvik-cache/system@framework@services.jar@classes.dex' vs. '/system/framework/services.odex'
02-26 00:07:11.607 E/dalvikvm(19087): /system/framework/input.jar odex has stale dependencies
02-26 00:07:11.613 E/cutils-trace(19087): Error opening trace file: No such file or directory (2)
02-26 00:07:11.634 D/dalvikvm(19087): Note: class Landroid/app/ActivityManagerNative; has 179 unimplemented (abstract) methods
02-26 00:07:11.846 E/memtrack(19087): Couldn't load memtrack module (No such file or directory)
02-26 00:07:11.846 E/android.os.Debug(19087): failed to load memtrack module: -2
02-26 00:07:11.849 I/EthernetJNI(19087): Loading ethernet jni class
02-26 00:07:11.934 D/AndroidRuntime(19087): Calling main entry com.android.commands.input.Input
02-26 00:07:11.935 I/Input   (19087): injectKeyEvent: KeyEvent { action=ACTION_DOWN, keyCode=KEYCODE_ENTER, scanCode=0, metaState=0, flags=0x0, repeatCount=0, eventTime=24042110, downTime=24042110, deviceId=-1, source=0x101 }
02-26 00:07:11.942 D/WindowManager( 1948): keyCode =66
02-26 00:07:11.942 D/WindowManager( 1948): isLockedAllKeys =0
02-26 00:07:11.942 D/WindowManager( 1948): isHandleHomeKey = 1
02-26 00:07:11.942 D/WindowManager( 1948): isHandlePowerKey ==1
02-26 00:07:11.942 D/WindowManager( 1948): isHandleSettingKey=1
02-26 00:07:11.942 D/WindowManager( 1948): handleSystemKey==1
02-26 00:07:11.943 W/ContextImpl( 1948): Calling a method in the system process without a qualified user: android.app.ContextImpl.sendBroadcast:1168 com.android.internal.policy.impl.PhoneWindowManager.interceptKeyBeforeQueueing:4109 com.android.server.wm.InputMonitor.interceptKeyBeforeQueueing:357 com.android.server.input.InputManagerService.interceptKeyBeforeQueueing:1352 com.android.server.input.InputManagerService.nativeInjectInputEvent:-2 
02-26 00:07:11.945 D/WindowManager( 1948): send broadcast key press down
02-26 00:07:11.948 I/Input   (19087): injectKeyEvent: KeyEvent { action=ACTION_UP, keyCode=KEYCODE_ENTER, scanCode=0, metaState=0, flags=0x0, repeatCount=0, eventTime=24042110, downTime=24042110, deviceId=-1, source=0x101 }
02-26 00:07:11.948 D/WindowManager( 1948): keyCode =66
02-26 00:07:11.948 D/WindowManager( 1948): isLockedAllKeys =0
02-26 00:07:11.948 D/WindowManager( 1948): isHandleHomeKey = 1
02-26 00:07:11.948 D/WindowManager( 1948): isHandlePowerKey ==1
02-26 00:07:11.948 D/WindowManager( 1948): isHandleSettingKey=1
02-26 00:07:11.948 D/WindowManager( 1948): handleSystemKey==1
02-26 00:07:11.948 D/MainActivity( 2257): [0;32;31m[main][com.huawei.mh2.launcher.MainActivity][dispatchKeyEvent][-1]:launcher:keycode=66 [m
02-26 00:07:11.953 D/MainActivity( 2257): [0;32;31m[main][com.huawei.mh2.launcher.MainActivity][dispatchKeyEvent][-1]:launcher:keycode=66 [m
02-26 00:07:11.953 D/AudioPolicyManagerBase( 1406): startOutput() output 2, stream 1, session 383
02-26 00:07:11.953 D/AudioPolicyManagerBase( 1406): startoutput ->setOutputDevice
02-26 00:07:11.953 D/AudioPolicyManagerBase( 1406): AudioPolicyManagerBase::checkAndSetVolume 13,0.377113
02-26 00:07:11.953 I/EthernetService( 1948): getWifiDisguiseState: STATE UNKNOWN
02-26 00:07:11.953 I/EthernetManager( 1948): getWifiDisguiseState2
02-26 00:07:11.954 I/EthernetService( 1948): getWifiDisguiseState: STATE UNKNOWN
02-26 00:07:11.954 I/EthernetService( 1948): getWifiDisguiseState: STATE UNKNOWN
02-26 00:07:11.954 I/EthernetManager( 1948): getWifiDisguiseState2
02-26 00:07:11.954 I/EthernetService( 1948): getWifiDisguiseState: STATE UNKNOWN
02-26 00:07:11.955 D/g       ( 2257): [0;32;31m[main][com.huawei.mh2.launcher.b.g][a][-1]:launcher:dataInfo = id=0232ebdd3b18d801e3f158650792156f,type=0,title=中国梦想秀之折纸狂人盼圆妻子羊驼之梦,classTag=null,sort=null,filterTag=null,obj=com.qiyi.tv.client.data.Video@2d4cfb18 [m
02-26 00:07:11.957 D/g       ( 2257): [0;32;31m[main][com.huawei.mh2.launcher.b.g][a][-1]:launcher:type = 0 [m
02-26 00:07:11.959 D/g       ( 2257): [0;32;31m[main][com.huawei.mh2.launcher.b.g][i][-1]:launcher:isNetworkReachable [m
02-26 00:07:11.970 D/ClientHelper( 2257): isConnected() ClientHelper@2c9af570{mCurrentState=2, mTargetState=2, mAuthSuccess=true, mListener=com.qiyi.tv.client.project.BaseClient$ProxyListener@2c9ef300, mService=com.qiyi.tv.client.IQiyiService$Stub$Proxy@2ef93858}
02-26 00:07:11.970 D/ClientHelper( 2257): isAuthSuccess() ClientHelper@2c9af570{mCurrentState=2, mTargetState=2, mAuthSuccess=true, mListener=com.qiyi.tv.client.project.BaseClient$ProxyListener@2c9ef300, mService=com.qiyi.tv.client.IQiyiService$Stub$Proxy@2ef93858}
02-26 00:07:11.970 D/Utils   ( 2257): dumpBundle() copyBundle() target=: bundle size=3
02-26 00:07:11.970 D/Utils   ( 2257): dumpBundle() copyBundle() target=: key[com.qiyi.tv.sdk.extra.EXTRA_OPERATION_TYPE]=20001
02-26 00:07:11.971 D/Utils   ( 2257): dumpBundle() copyBundle() target=: key[com.qiyi.tv.sdk.extra.EXTRA_OPERATION_DATA_TYPE]=30000
02-26 00:07:11.971 D/Utils   ( 2257): dumpBundle() copyBundle() target=: key[com.qiyi.tv.sdk.extra.EXTRA_OPERATION_TARGET]=10201
02-26 00:07:11.971 D/Utils   ( 2257): dumpBundle() copyBundle() source=: bundle size=2
02-26 00:07:11.971 D/Utils   ( 2257): dumpBundle() copyBundle() source=: key[com.qiyi.tv.sdk.extra.EXTRA_INTENT_FLAG]=335577088
02-26 00:07:11.971 D/Utils   ( 2257): dumpBundle() copyBundle() source=: key[com.qiyi.tv.sdk.extra.EXTRA_VIDEO]=com.qiyi.tv.client.data.Video@2d4cfb18
02-26 00:07:11.971 D/Utils   ( 2257): dumpBundle() copyBundle() final=: bundle size=5
02-26 00:07:11.971 D/Utils   ( 2257): dumpBundle() copyBundle() final=: key[com.qiyi.tv.sdk.extra.EXTRA_OPERATION_TYPE]=20001
02-26 00:07:11.971 D/Utils   ( 2257): dumpBundle() copyBundle() final=: key[com.qiyi.tv.sdk.extra.EXTRA_INTENT_FLAG]=335577088
02-26 00:07:11.971 D/Utils   ( 2257): dumpBundle() copyBundle() final=: key[com.qiyi.tv.sdk.extra.EXTRA_OPERATION_DATA_TYPE]=30000
02-26 00:07:11.971 D/Utils   ( 2257): dumpBundle() copyBundle() final=: key[com.qiyi.tv.sdk.extra.EXTRA_VIDEO]=com.qiyi.tv.client.data.Video@2d4cfb18
02-26 00:07:11.971 D/Utils   ( 2257): dumpBundle() copyBundle() final=: key[com.qiyi.tv.sdk.extra.EXTRA_OPERATION_TARGET]=10201
02-26 00:07:11.971 D/ClientHelper( 2257): isConnected() ClientHelper@2c9af570{mCurrentState=2, mTargetState=2, mAuthSuccess=true, mListener=com.qiyi.tv.client.project.BaseClient$ProxyListener@2c9ef300, mService=com.qiyi.tv.client.IQiyiService$Stub$Proxy@2ef93858}
02-26 00:07:11.971 D/ClientHelper( 2257): isAuthSuccess() ClientHelper@2c9af570{mCurrentState=2, mTargetState=2, mAuthSuccess=true, mListener=com.qiyi.tv.client.project.BaseClient$ProxyListener@2c9ef300, mService=com.qiyi.tv.client.IQiyiService$Stub$Proxy@2ef93858}
02-26 00:07:11.973 D/g       ( 2257): [0;32;31m[main][com.huawei.mh2.launcher.b.g][i][-1]:launcher:isNetworkReachable return true [m
02-26 00:07:11.973 D/OpenApiBinder( 2323): invoke() begin. bundle size=5
02-26 00:07:11.973 D/OpenApiBinder( 2323): invoke() begin. key[com.qiyi.tv.sdk.extra.EXTRA_OPERATION_TYPE]=20001
02-26 00:07:11.973 D/OpenApiBinder( 2323): invoke() begin. key[com.qiyi.tv.sdk.extra.EXTRA_INTENT_FLAG]=335577088
02-26 00:07:11.973 D/OpenApiBinder( 2323): invoke() begin. key[com.qiyi.tv.sdk.extra.EXTRA_OPERATION_DATA_TYPE]=30000
02-26 00:07:11.973 D/OpenApiBinder( 2323): invoke() begin. key[com.qiyi.tv.sdk.extra.EXTRA_VIDEO]=com.qiyi.tv.client.data.Video@2f241d08
02-26 00:07:11.973 D/OpenApiBinder( 2323): invoke() begin. key[com.qiyi.tv.sdk.extra.EXTRA_OPERATION_TARGET]=10201
02-26 00:07:11.973 D/OpenApiManager( 2323): isAllowedClient() pid=2257, holder=Holder(code=0, client=ClientInfo(vn=2.0, vc=24956, pk=com.huawei.mh2.launcher)) return true
02-26 00:07:11.973 D/OpenApiBinder( 2323): invoke() find command=com.qiyi.video.openplay.service.feature.open.OpenMediaCommand@2c923c50
02-26 00:07:11.973 D/ProcessWatcher( 2323): getToken() 2257 return AccessToken@{count=20, time=1424938005995, duration=3600000, maxCount=3600000, interval=0)
02-26 00:07:11.973 D/AccessToken( 2323): isAllowedAccess() now = 1424938031974, mMaxCount = 3600000
02-26 00:07:11.973 D/AccessToken( 2323): isAllowedAccess() count=20, time=1424938005995, return true
02-26 00:07:11.974 D/LocalVideo( 2323): LocalVideo(com.qiyi.tv.client.data.Video@2f241d08) LocalVideo(mType=1, mId=349989700, mName=中国梦想秀之折纸狂人盼圆妻子羊驼之梦, mChannelId=6, mAlbumId=202509101, mIsSeries=true, mStartTime=0, mCornerHint=3, mPicUrl=http://pic8.ptqy.gitv.tv/image/20150225/54/4c/v_108966887_m_601_m1_354_490.jpg, mUserTags=Bundle@[size=2,com.qiyi.tv.internal.extra.EXTRA_TYPE=0],com.qiyi.tv.internal.extra.EXTRA_SOURCE_CODE=202509101])
02-26 00:07:11.974 D/OpenApiUtils( 2323): createChannelLabel(LocalVideo(mType=1, mId=349989700, mName=中国梦想秀之折纸狂人盼圆妻子羊驼之梦, mChannelId=6, mAlbumId=202509101, mIsSeries=true, mStartTime=0, mCornerHint=3, mPicUrl=http://pic8.ptqy.gitv.tv/image/20150225/54/4c/v_108966887_m_601_m1_354_490.jpg, mUserTags=Bundle@[size=2,com.qiyi.tv.internal.extra.EXTRA_TYPE=0],com.qiyi.tv.internal.extra.EXTRA_SOURCE_CODE=202509101]))
02-26 00:07:11.974 D/OpenApiUtils( 2323): createChannelLabel() return null
02-26 00:07:11.975 D/OpenApiUtils( 2323): createAlbum(LocalVideo(mType=1, mId=349989700, mName=中国梦想秀之折纸狂人盼圆妻子羊驼之梦, mChannelId=6, mAlbumId=202509101, mIsSeries=true, mStartTime=0, mCornerHint=3, mPicUrl=http://pic8.ptqy.gitv.tv/image/20150225/54/4c/v_108966887_m_601_m1_354_490.jpg, mUserTags=Bundle@[size=2,com.qiyi.tv.internal.extra.EXTRA_TYPE=0],com.qiyi.tv.internal.extra.EXTRA_SOURCE_CODE=202509101]))
02-26 00:07:11.975 D/OpenApiUtils( 2323): createAlbum() return qpId=202509101 name=中国梦想秀之折纸狂人盼圆妻子羊驼之梦 type=VIDEO focus= pic=http://pic8.ptqy.gitv.tv/image/20150225/54/4c/v_108966887_m_601_m1_354_490.jpg tvPic= score= pCount= desc= key= isSeries=true chnName= chnId=6 tag= exclusive=0 isDownload=false is3D=0 tvsets=0 order=1 time= tvCount=0 stream= isPurchase=0 tvQid=349989700 vid=null len= sourceCode=202509101 vType=0 playUrl=null
02-26 00:07:11.975 D/OpenApiUtils( 2323): createAlbum() return Album@2cee2818{qpId=202509101, tvQid=349989700, vid=null, getType()=VIDEO, albumName=中国梦想秀之折纸狂人盼圆妻子羊驼之梦, tvName=, sourceCode=202509101, isPurchase()=false, isExclusive()=false, isSeries()=true, playOrder=1, tvPic=, issueTime=, playCount=, playLength=, tvCount=0, tag=, cornerMark=CORNERMARK_NO, is3D()=false, definition list=, chnId=6, chnName=, startTime=0, endTime=0, playTime=-1, canDownload=false, bkt=, area=}
02-26 00:07:11.976 D/PlayerUtils( 2323): >> startPlayerWithPlayList: albumInfo=Album@2cee2818{qpId=202509101, tvQid=349989700, vid=null, getType()=VIDEO, albumName=中国梦想秀之折纸狂人盼圆妻子羊驼之梦, tvName=, sourceCode=202509101, isPurchase()=false, isExclusive()=false, isSeries()=true, playOrder=1, tvPic=, issueTime=, playCount=, playLength=, tvCount=0, tag=, cornerMark=CORNERMARK_NO, is3D()=false, definition list=, chnId=6, chnName=, startTime=0, endTime=0, playTime=-1, canDownload=false, bkt=, area=}, playOrder=1, from=out, playParams=PlayParams@2f0ee4e8{sourceType=OUTSIDE, playindex=0, playlist id=null, playlist name=null, is recommend=false, channel id=null, channel name=null, is picture vertical=false, from=out, playlist=[EMPTY]}
02-26 00:07:11.976 D/PlayerUtils( 2323): add clear task flag
02-26 00:07:11.976 D/PlayerUtils( 2323): fillOutsideInfoIfNeed() fill out album info!
02-26 00:07:11.994 I/ActivityManager( 1948): START u0 {flg=0x14008000 cmp=com.qiyi.tvplayer.huawei/com.qiyi.video.player.PlayerActivity (has extras)} from pid 2323
02-26 00:07:12.034 D/dalvikvm( 1948): GC_FOR_ALLOC freed 985K, 20% free 7622K/9448K, paused 39ms, total 39ms
02-26 00:07:12.037 I/QBaseActivity( 2323): onDestroy this = com.qiyi.video.player.PlayerActivity@2f23fab8
02-26 00:07:12.037 I/QBaseActivity( 2323): onDestroy refCount = 1
02-26 00:07:12.037 D/BasePlayActivity( 2323): onDestroy()
02-26 00:07:12.037 D/com.qiyi.video.player.QiyiVideoPlayer@2cdbbb78( 2323): onActivityEvent:ACTIVITY_DESTROYED
02-26 00:07:12.037 D/com.qiyi.video.player.QiyiVideoPlayer@2cdbbb78( 2323): releasePlayer mIsReleasePlayer = false
02-26 00:07:12.037 D/PlayerController[2cbbf990]( 2323): stop(true) dump[750516624](mFirstStart=false, mTarget=3, mTargetPosition=-1, mFullscreenHintShown=false, mContinuePlaybackByUser=false, mPlayedAd=false, mPlayer=null)
02-26 00:07:12.037 D/VideoProvider( 2323): stopLoad()
02-26 00:07:12.037 D/VideoLoader( 2323): cancelLoad() mFullLoading=false, mPreLoading=false
02-26 00:07:12.037 D/VideoProvider( 2323): releaseNextLoader() mNextLoader=null
02-26 00:07:12.037 D/Playlist( 2323): clearForReload()
02-26 00:07:12.037 D/PlayerOverlay( 2323): hide()
02-26 00:07:12.037 I/AbsMenuPanel( 2323): hide
02-26 00:07:12.037 D/AbsMenuPanel( 2323): notifyVisibilityChange(false)
02-26 00:07:12.037 D/AbsPlayerOverlay( 2323): notifyMenuPanelVisibilityChange(false)
02-26 00:07:12.037 D/DispatcherCenter( 2323): onVisibilityChange(isVisible:false)
02-26 00:07:12.037 D/VideoProvider( 2323): getCurrent()
02-26 00:07:12.038 D/ParamsHelper( 2323): setResultCode(0)
02-26 00:07:12.038 D/ProcessWatcher( 2323): getToken() 2257 return AccessToken@{count=20, time=1424938005995, duration=3600000, maxCount=3600000, interval=0)
02-26 00:07:12.038 D/AccessToken( 2323): increaseAccessCount() count=21
02-26 00:07:12.038 D/OpenApiBinder( 2323): invoke() end. bundle size=2
02-26 00:07:12.038 D/OpenApiBinder( 2323): invoke() end. key[com.qiyi.tv.sdk.extra.EXTRA_RESULT_CODE]=0
02-26 00:07:12.038 D/OpenApiBinder( 2323): invoke() end. key[com.qiyi.tv.sdk.extra.EXTRA_COMMAND_CONTINUE]=false
02-26 00:07:12.039 D/Playlist( 2323): getCurrent() return VideoHolder@2cab5ee0{episodeReady=false, historyReady=false, mListReady=false, mSourceStub=false, position=Position(albumIndex=-1, episodeIndex=-1), video=VideoItem@2f2d6080{qpId=202509101, tvQid=349989700, vid=256c33c045d36a7126ce1db2c37c0167, getType()=VIDEO, albumName=中国梦想秀第9季, tvName=折纸狂人盼圆妻子羊驼之梦 单亲醒狮团定位人生, isSeries()=true, sourceCode=202509101, playOrder=1, getAlbumSubName()=中国梦想秀第9季, mIsVipAlbum=false, isPurchase()=false, isPreview=false, isExclusive()=false, isVertical=false, canDownload()=true, isDownload=1, tvPic=, issueTime=20150225, playCount=41499, playLength=1445, tag=国语,内地,真人秀, cornerMark=CORNERMARK_1080P, definition list=600,300,jisu,1080p,720p, default definition=256c33c045d36a7126ce1db2c37c0167, channelId=6, channelName=综艺, mIChannelId=null, startTime=0, endTime=0, headerTime=0, tailTime=0, tvCount=1, tvSets=0, playTime=-1, episodes=0, url=, m3u8Url = null, mRecommendationsFilled=false, mEndRecommendationsFilled=false, mVarietyName=null}}
02-26 00:07:12.039 D/Utils   ( 2257): dumpBundle() parseResultCode(): bundle size=2
02-26 00:07:12.039 D/Utils   ( 2257): dumpBundle() parseResultCode(): key[com.qiyi.tv.sdk.extra.EXTRA_RESULT_CODE]=0
02-26 00:07:12.039 D/Utils   ( 2257): dumpBundle() parseResultCode(): key[com.qiyi.tv.sdk.extra.EXTRA_COMMAND_CONTINUE]=false
02-26 00:07:12.039 D/ParamsHelper( 2257): parseResultCode() return 0
02-26 00:07:12.039 W/CommandRunner( 2257): executeCommand() [0] break for code=0, serverContinue=false
02-26 00:07:12.039 D/Utils   ( 2257): dumpBundle() executeCommand(): bundle size=2
02-26 00:07:12.039 D/Utils   ( 2257): dumpBundle() executeCommand(): key[com.qiyi.tv.sdk.extra.EXTRA_RESULT_CODE]=0
02-26 00:07:12.039 D/Utils   ( 2257): dumpBundle() executeCommand(): key[com.qiyi.tv.sdk.extra.EXTRA_COMMAND_CONTINUE]=false
02-26 00:07:12.039 D/ParamsHelper( 2257): setResultCode(0)
02-26 00:07:12.039 D/Utils   ( 2257): dumpBundle() parseResultCode(): bundle size=2
02-26 00:07:12.039 D/Utils   ( 2257): dumpBundle() parseResultCode(): key[com.qiyi.tv.sdk.extra.EXTRA_RESULT_CODE]=0
02-26 00:07:12.039 D/Utils   ( 2257): dumpBundle() parseResultCode(): key[com.qiyi.tv.sdk.extra.EXTRA_COMMAND_CONTINUE]=false
02-26 00:07:12.039 D/ParamsHelper( 2257): parseResultCode() return 0
02-26 00:07:12.040 D/AndroidRuntime(19087): Shutting down VM
