--------- beginning of /dev/log/main
02-26 00:06:38.374 D/AndroidRuntime(18879): 
02-26 00:06:38.374 D/AndroidRuntime(18879): >>>>>> AndroidRuntime START com.android.internal.os.RuntimeInit <<<<<<
02-26 00:06:38.376 D/AndroidRuntime(18879): CheckJNI is OFF
02-26 00:06:38.385 I/dalvikvm(18879): DexOpt: mismatch dep signature for '/system/framework/android.policy.odex'
02-26 00:06:38.385 E/dalvikvm(18879): /system/framework/services.jar odex has stale dependencies
02-26 00:06:38.385 I/dalvikvm(18879): DexOpt: mismatch dep name: '/data/dalvik-cache/system@framework@services.jar@classes.dex' vs. '/system/framework/services.odex'
02-26 00:06:38.386 E/dalvikvm(18879): /system/framework/apache-xml.jar odex has stale dependencies
02-26 00:06:38.386 I/dalvikvm(18879): DexOpt: mismatch dep name: '/data/dalvik-cache/system@framework@services.jar@classes.dex' vs. '/system/framework/services.odex'
02-26 00:06:38.386 E/dalvikvm(18879): /system/framework/webviewchromium.jar odex has stale dependencies
02-26 00:06:38.393 D/dalvikvm(18879): Trying to load lib libjavacore.so 0x0
02-26 00:06:38.397 D/dalvikvm(18879): Added shared lib libjavacore.so 0x0
02-26 00:06:38.402 D/dalvikvm(18879): Trying to load lib libnativehelper.so 0x0
02-26 00:06:38.402 D/dalvikvm(18879): Added shared lib libnativehelper.so 0x0
02-26 00:06:38.402 D/dalvikvm(18879): No JNI_OnLoad found in libnativehelper.so 0x0, skipping init
02-26 00:06:38.420 I/dalvikvm(18879): DexOpt: mismatch dep name: '/data/dalvik-cache/system@framework@services.jar@classes.dex' vs. '/system/framework/services.odex'
02-26 00:06:38.420 E/dalvikvm(18879): /system/framework/input.jar odex has stale dependencies
02-26 00:06:38.423 E/cutils-trace(18879): Error opening trace file: No such file or directory (2)
02-26 00:06:38.443 D/dalvikvm(18879): Note: class Landroid/app/ActivityManagerNative; has 179 unimplemented (abstract) methods
02-26 00:06:38.631 E/memtrack(18879): Couldn't load memtrack module (No such file or directory)
02-26 00:06:38.631 E/android.os.Debug(18879): failed to load memtrack module: -2
02-26 00:06:38.633 I/EthernetJNI(18879): Loading ethernet jni class
02-26 00:06:38.701 D/AndroidRuntime(18879): Calling main entry com.android.commands.input.Input
02-26 00:06:38.703 I/Input   (18879): injectKeyEvent: KeyEvent { action=ACTION_DOWN, keyCode=KEYCODE_DPAD_DOWN, scanCode=0, metaState=0, flags=0x0, repeatCount=0, eventTime=24008877, downTime=24008877, deviceId=-1, source=0x101 }
02-26 00:06:38.707 D/WindowManager( 1948): keyCode =20
02-26 00:06:38.707 D/WindowManager( 1948): isLockedAllKeys =0
02-26 00:06:38.707 D/WindowManager( 1948): isHandleHomeKey = 1
02-26 00:06:38.707 D/WindowManager( 1948): isHandlePowerKey ==1
02-26 00:06:38.707 D/WindowManager( 1948): isHandleSettingKey=1
02-26 00:06:38.707 D/WindowManager( 1948): handleSystemKey==1
--------- beginning of /dev/log/system
02-26 00:06:38.708 W/ContextImpl( 1948): Calling a method in the system process without a qualified user: android.app.ContextImpl.sendBroadcast:1168 com.android.internal.policy.impl.PhoneWindowManager.interceptKeyBeforeQueueing:4109 com.android.server.wm.InputMonitor.interceptKeyBeforeQueueing:357 com.android.server.input.InputManagerService.interceptKeyBeforeQueueing:1352 com.android.server.input.InputManagerService.nativeInjectInputEvent:-2 
02-26 00:06:38.709 D/WindowManager( 1948): send broadcast key press down
02-26 00:06:38.712 D/MainActivity( 2257): [0;32;31m[main][com.huawei.mh2.launcher.MainActivity][dispatchKeyEvent][-1]:launcher:keycode=20 [m
02-26 00:06:38.713 D/j       ( 2257): [0;32;31m[main][com.huawei.mh2.launcher.l][onGlobalFocusChanged][-1]:launcher:newFocus=com.huawei.mh2.launcher.a.s{2d4a63e8 VFE..... .FS..... 840,75-1181,544} [m
02-26 00:06:38.714 I/Input   (18879): injectKeyEvent: KeyEvent { action=ACTION_UP, keyCode=KEYCODE_DPAD_DOWN, scanCode=0, metaState=0, flags=0x0, repeatCount=0, eventTime=24008877, downTime=24008877, deviceId=-1, source=0x101 }
02-26 00:06:38.714 D/WindowManager( 1948): keyCode =20
02-26 00:06:38.714 D/WindowManager( 1948): isLockedAllKeys =0
02-26 00:06:38.714 D/WindowManager( 1948): isHandleHomeKey = 1
02-26 00:06:38.714 D/WindowManager( 1948): isHandlePowerKey ==1
02-26 00:06:38.714 D/WindowManager( 1948): isHandleSettingKey=1
02-26 00:06:38.714 D/WindowManager( 1948): handleSystemKey==1
02-26 00:06:38.715 D/j       ( 2257): [0;32;31m[main][net.sunniwell.ui.e][onGlobalFocusChanged][-1]:launcher:smoothMove [m
02-26 00:06:38.715 D/AudioPolicyManagerBase( 1406): startOutput() output 2, stream 1, session 373
02-26 00:06:38.715 D/AudioPolicyManagerBase( 1406): startoutput ->setOutputDevice
02-26 00:06:38.715 D/AudioPolicyManagerBase( 1406): AudioPolicyManagerBase::checkAndSetVolume 13,0.377113
02-26 00:06:38.717 D/AndroidRuntime(18879): Shutting down VM
02-26 00:06:38.718 D/j       ( 2257): [0;32;31m[main][net.sunniwell.ui.g][a][-1]:launcher:anchorView=com.huawei.mh2.launcher.a.s{2d4a63e8 VFE..... .FS..... 840,75-1181,544} [m
02-26 00:06:38.719 D/PosterPage( 2257): [0;32;31m[main][com.huawei.mh2.launcher.page.o][onFocusChange][-1]:launcher:hasFocus=true [m
02-26 00:06:38.720 D/MainActivity( 2257): [0;32;31m[main][com.huawei.mh2.launcher.MainActivity][dispatchKeyEvent][-1]:launcher:keycode=20 [m
02-26 00:06:38.722 D/dalvikvm(18879): GC_CONCURRENT freed 98K, 16% free 566K/668K, paused 0ms+0ms, total 3ms
02-26 00:06:38.726 D/ImageLoader( 2257): Load image from memory cache [http://pic3.ptqy.gitv.tv/image/20150215/41/2c/a_100010524_m_601_260_360.jpg_333x461]
02-26 00:06:38.727 D/p       ( 2257): [0;32;31m[main][com.huawei.mh2.launcher.p][getView][-1]:launcher:position=12 convertView=null [m
02-26 00:06:38.749 D/j       ( 2257): [0;32;31m[main][net.sunniwell.ui.g][b][-1]:launcher:offsetWidth=146 offsetHeight=278 resizeImmediate=false [m
02-26 00:06:38.750 D/j       ( 2257): [0;32;31m[main][net.sunniwell.ui.g][a][-1]:launcher:offsetLeft=317 offsetTop=124 moveImmediate=false [m
02-26 00:06:38.751 D/j       ( 2257): [0;32;31m[main][net.sunniwell.ui.d][a][-1]:launcher:immediate=false isChanged=true [m
02-26 00:06:38.753 D/j       ( 2257): [0;32;31m[main][com.huawei.mh2.launcher.j][a][-1]:launcher:changed=true [m
02-26 00:06:38.764 D/j       ( 2257): [0;32;31m[main][net.sunniwell.ui.g][b][-1]:launcher:offsetWidth=51 offsetHeight=97 resizeImmediate=false [m
02-26 00:06:38.765 D/j       ( 2257): [0;32;31m[main][net.sunniwell.ui.g][a][-1]:launcher:offsetLeft=111 offsetTop=44 moveImmediate=false [m
02-26 00:06:38.766 D/j       ( 2257): [0;32;31m[main][net.sunniwell.ui.d][a][-1]:launcher:immediate=false isChanged=true [m
02-26 00:06:38.767 D/j       ( 2257): [0;32;31m[main][com.huawei.mh2.launcher.j][a][-1]:launcher:changed=true [m
02-26 00:06:38.774 D/j       ( 2257): [0;32;31m[main][net.sunniwell.ui.g][b][-1]:launcher:offsetWidth=18 offsetHeight=34 resizeImmediate=false [m
02-26 00:06:38.775 D/j       ( 2257): [0;32;31m[main][net.sunniwell.ui.g][a][-1]:launcher:offsetLeft=39 offsetTop=15 moveImmediate=false [m
02-26 00:06:38.776 D/j       ( 2257): [0;32;31m[main][net.sunniwell.ui.d][a][-1]:launcher:immediate=false isChanged=true [m
02-26 00:06:38.777 D/j       ( 2257): [0;32;31m[main][com.huawei.mh2.launcher.j][a][-1]:launcher:changed=true [m
02-26 00:06:38.795 D/j       ( 2257): [0;32;31m[main][net.sunniwell.ui.g][b][-1]:launcher:offsetWidth=6 offsetHeight=12 resizeImmediate=false [m
02-26 00:06:38.795 D/j       ( 2257): [0;32;31m[main][net.sunniwell.ui.g][a][-1]:launcher:offsetLeft=13 offsetTop=5 moveImmediate=false [m
02-26 00:06:38.796 D/j       ( 2257): [0;32;31m[main][net.sunniwell.ui.d][a][-1]:launcher:immediate=false isChanged=true [m
02-26 00:06:38.797 D/j       ( 2257): [0;32;31m[main][com.huawei.mh2.launcher.j][a][-1]:launcher:changed=true [m
02-26 00:06:38.818 D/j       ( 2257): [0;32;31m[main][net.sunniwell.ui.g][b][-1]:launcher:offsetWidth=4 offsetHeight=7 resizeImmediate=false [m
02-26 00:06:38.819 D/j       ( 2257): [0;32;31m[main][net.sunniwell.ui.g][a][-1]:launcher:offsetLeft=8 offsetTop=4 moveImmediate=false [m
02-26 00:06:38.820 D/j       ( 2257): [0;32;31m[main][net.sunniwell.ui.d][a][-1]:launcher:immediate=false isChanged=true [m
02-26 00:06:38.821 D/j       ( 2257): [0;32;31m[main][com.huawei.mh2.launcher.j][a][-1]:launcher:changed=true [m
02-26 00:06:38.840 D/j       ( 2257): [0;32;31m[main][net.sunniwell.ui.g][b][-1]:launcher:offsetWidth=0 offsetHeight=0 resizeImmediate=false [m
02-26 00:06:38.842 D/j       ( 2257): [0;32;31m[main][net.sunniwell.ui.g][a][-1]:launcher:offsetLeft=-6 offsetTop=-11 moveImmediate=false [m
02-26 00:06:38.844 D/j       ( 2257): [0;32;31m[main][net.sunniwell.ui.d][a][-1]:launcher:immediate=false isChanged=true [m
02-26 00:06:38.845 D/j       ( 2257): [0;32;31m[main][com.huawei.mh2.launcher.j][a][-1]:launcher:changed=true [m
02-26 00:06:38.863 D/j       ( 2257): [0;32;31m[main][net.sunniwell.ui.g][b][-1]:launcher:offsetWidth=0 offsetHeight=0 resizeImmediate=false [m
02-26 00:06:38.864 D/j       ( 2257): [0;32;31m[main][net.sunniwell.ui.g][a][-1]:launcher:offsetLeft=-3 offsetTop=-5 moveImmediate=false [m
02-26 00:06:38.866 D/j       ( 2257): [0;32;31m[main][net.sunniwell.ui.d][a][-1]:launcher:immediate=false isChanged=true [m
02-26 00:06:38.867 D/j       ( 2257): [0;32;31m[main][com.huawei.mh2.launcher.j][a][-1]:launcher:changed=true [m
02-26 00:06:38.886 D/j       ( 2257): [0;32;31m[main][net.sunniwell.ui.g][b][-1]:launcher:offsetWidth=0 offsetHeight=0 resizeImmediate=false [m
02-26 00:06:38.888 D/j       ( 2257): [0;32;31m[main][net.sunniwell.ui.g][a][-1]:launcher:offsetLeft=0 offsetTop=0 moveImmediate=false [m
02-26 00:06:38.889 D/j       ( 2257): [0;32;31m[main][net.sunniwell.ui.d][a][-1]:launcher:immediate=false isChanged=false [m
02-26 00:06:38.890 D/j       ( 2257): [0;32;31m[main][com.huawei.mh2.launcher.j][a][-1]:launcher:changed=false [m
02-26 00:06:39.163 E/VPP_DLNA_LOG( 2814): [VPPDLNA]:SSDP recvd bad msg code = 1
02-26 00:06:39.165 E/VPP_DLNA_LOG( 2814): [VPPDLNA]:SSDP recvd bad msg code = 1
02-26 00:06:39.166 E/VPP_DLNA_LOG( 2814): [VPPDLNA]:SSDP recvd bad msg code = 1
02-26 00:06:39.201 E/VPP_DLNA_LOG( 2814): [VPPDLNA]:SSDP recvd bad msg code = 1
02-26 00:06:39.202 E/VPP_DLNA_LOG( 2814): [VPPDLNA]:SSDP recvd bad msg code = 1
02-26 00:06:39.204 E/VPP_DLNA_LOG( 2814): [VPPDLNA]:SSDP recvd bad msg code = 1
02-26 00:06:39.319 D/SambaClientService( 2610): sendMsg2AutoScan success 10
02-26 00:06:39.319 D/SambaAutoScanHandler( 2610): AutoScanHandler MSG_AUTOSCAN_REQUEST_MOUNT
02-26 00:06:39.329 D/SambaAutoScanHandler( 2610): urlShare = smb://C191005968CD43E/æµ‹è¯•å·¥å…·/
02-26 00:06:39.330 D/SambaClientService( 2610): sendMsg2AutoScan success 11
02-26 00:06:39.330 D/SambaAutoScanHandler( 2610): AutoScanHandler MSG_AUTOSCAN_REQUEST_MOUNT_AUTH_FRDB
02-26 00:06:39.343 D/SambaAutoScanHandler( 2610): urlServer = smb://C191005968CD43E/æµ‹è¯•å·¥å…·/
02-26 00:06:39.425 D/dalvikvm( 2610): GC_CONCURRENT freed 500K, 14% free 3694K/4284K, paused 2ms+4ms, total 23ms
02-26 00:06:39.428 D/SambaAutoScanHandler( 2610): server: C191005968CD43Eip = 10.10.5.21
02-26 00:06:39.428 D/SambaClientService( 2610): [0]3.1.6.2/
02-26 00:06:39.428 D/SambaClientService( 2610): [1]AAAAç”Ÿäº§macçƒ§å†™æ ¡éªŒ/
02-26 00:06:39.428 D/SambaClientService( 2610): [2]app
02-26 00:06:39.428 D/SambaClientService( 2610): [3]Beyond Compare/
02-26 00:06:39.428 D/SambaClientService( 2610): [4]CapParse-æå–è§†é¢‘.exe
02-26 00:06:39.428 D/SambaClientService( 2610): [5]CHKenMD5.exe
02-26 00:06:39.428 D/SambaClientService( 2610): [6]DHCP/
02-26 00:06:39.428 D/SambaClientService( 2610): [7]FtpServer.exe
02-26 00:06:39.428 D/SambaClientService( 2610): [8]HiTool-STB-3.0.2.zip
02-26 00:06:39.428 D/SambaClientService( 2610): [9]HiTool2.13/
02-26 00:06:39.428 D/SambaClientService( 2610): [10]HiTool3.0.2/
02-26 00:06:39.429 D/SambaClientService( 2610): [11]iFilter/
02-26 00:06:39.429 D/SambaClientService( 2610): [12]inSSIDer-Installer-2.1.6.1394.msi
02-26 00:06:39.429 D/SambaClientService( 2610): [13]IPO 4.1.EXE
02-26 00:06:39.429 D/SambaClientService( 2610): [14]IPOEæµ‹è¯•æ–¹æ³•åŠé…ç½®è¿‡ç¨‹åˆ†äº«/
02-26 00:06:39.429 D/SambaClientService( 2610): [15]IPSCAN.EXE
02-26 00:06:39.429 D/SambaClientService( 2610): [16]mac.cfg
02-26 00:06:39.429 D/SambaClientService( 2610): [17]mcCapture.ini
02-26 00:06:39.429 D/SambaClientService( 2610): [18]md5summer.exe
02-26 00:06:39.429 D/SambaClientService( 2610): [19]mkconfig-2106.exe
02-26 00:06:39.429 D/SambaClientService( 2610): [20]mkconfig.exe
02-26 00:06:39.429 D/SambaClientService( 2610): [21]mkconfig20_17/
02-26 00:06:39.429 D/SambaClientService( 2610): [22]msftpsrvr.exe
02-26 00:06:39.429 D/SambaClientService( 2610): [23]putty.exe
02-26 00:06:39.429 D/SambaClientService( 2610): [24]SSH Secure File Transfer Client.lnk
02-26 00:06:39.429 D/SambaClientService( 2610): [25]SSH Secure Shell Client.lnk
02-26 00:06:39.429 D/SambaClientService( 2610): [26]STBLicenseTools.rar
02-26 00:06:39.429 D/SambaClientService( 2610): [27]STBManager-æœæ­Œè‡ªä¸»å“ç‰Œ.rar
02-26 00:06:39.429 D/SambaClientService( 2610): [28]STBManageTool.exe
02-26 00:06:39.429 D/SambaClientService( 2610): [29]STBmonitor-hw.exe
02-26 00:06:39.429 D/SambaClientService( 2610): [30]STBmonitor.exe
02-26 00:06:39.430 D/SambaClientService( 2610): [31]tftpd32.exe
02-26 00:06:39.430 D/SambaClientService( 2610): [32]TSCapture.exe
02-26 00:06:39.430 D/SambaClientService( 2610): [33]vlc-2.0.5-win32/
02-26 00:06:39.430 D/SambaClientService( 2610): [34]WinSend.exe
02-26 00:06:39.430 D/SambaClientService( 2610): [35]åŽä¸ºç»Ÿä¸€ç®¡ç†æ–°å·¥å…·/
02-26 00:06:39.430 D/SambaClientService( 2610): [36]å®‰å“-çƒ§å†™mac è¿›ç”Ÿäº§é¡µé¢/
02-26 00:06:39.430 D/SambaClientService( 2610): [37]æµ‹è¯•é¡µé¢.rar
02-26 00:06:39.430 D/SambaClientService( 2610): [38]çƒ§å·å·¥å…·/
02-26 00:06:39.430 D/SambaClientService( 2610): [39]ç›’å­æŠ“åŒ…/
02-26 00:06:39.430 D/SambaClientService( 2610): [40]ç§’è¡¨.exe
02-26 00:06:39.430 D/SambaClientService( 2610): [41]ç»Ÿä¸€ç®¡ç†å·¥å…·-4.0/
02-26 00:06:39.430 D/SambaClientService( 2610): [42]ç»Ÿä¸€ç®¡ç†å·¥å…·å®‰å…¨æ•´æ”¹/
02-26 00:06:39.430 D/SambaClientService( 2610): [43]è§†é¢‘ç æµ/
02-26 00:06:39.430 D/SambaClientService( 2610): [44]è´¦å·.txt
02-26 00:06:39.430 D/SambaClientService( 2610): smb://C191005968CD43E/æµ‹è¯•å·¥å…·/ LastModified = 1420010903484 lastCreated = 1420010895250 share_num = 45
02-26 00:06:39.431 D/SambaClientService( 2610): sendMsg2Interactive success 11
02-26 00:06:39.431 D/SambaManagerHandler( 2610): ManagerHandler MSG_AUTHED_MOUNT_SHARE
02-26 00:06:39.431 D/SambaManagerHandler( 2610): MutiProcessState start[0]=1
02-26 00:06:39.431 D/sendMsg2MutiProcess( 2610): sendMsg2MutiProcess success [0]11
02-26 00:06:39.431 D/SambaInteractiveHandler( 2610): InteractiveHandler MSG_AUTHED_MOUNT_SHARE
02-26 00:06:39.459 D/SambaClientService( 2610): //10.10.5.21/æµ‹è¯•å·¥å…· already mount
02-26 00:06:39.462 D/SambaClientService( 2610): getLocalIpAddress fe80::3af8:89ff:fe5d:87b6%eth0
02-26 00:06:39.462 D/SambaClientService( 2610): getLocalIpAddress 10.10.5.169
02-26 00:06:39.462 D/SambaClientService( 2610): getLocalIpAddress 1: localAddr = 10.10.5.169
02-26 00:06:39.462 D/SambaInteractiveHandler( 2610): [localHost]=10.10.5.169[ip]=10.10.5.21
02-26 00:06:39.462 D/SambaInteractiveHandler( 2610): doRealMount already mounted
02-26 00:06:39.491 D/SambaInteractiveHandler( 2610): MutiProcessState close[0]=0
02-26 00:06:39.542 D/ImageLoader( 2257): Load image from memory cache [http://pic3.ptqy.gitv.tv/image/20150215/41/2c/a_100010524_m_601_260_360.jpg_333x461]
02-26 00:06:39.545 D/p       ( 2257): [0;32;31m[main][com.huawei.mh2.launcher.p][getView][-1]:launcher:position=12 convertView=null [m
02-26 00:06:39.561 D/j       ( 2257): [0;32;31m[main][net.sunniwell.ui.g][a][-1]:launcher:anchorView=com.huawei.mh2.launcher.a.s{2d4a63e8 VFE..... .FS...ID 840,75-1181,544} [m
02-26 00:06:39.641 D/j       ( 2257): [0;32;31m[main][net.sunniwell.ui.g][b][-1]:launcher:offsetWidth=0 offsetHeight=0 resizeImmediate=false [m
02-26 00:06:39.642 D/j       ( 2257): [0;32;31m[main][net.sunniwell.ui.g][a][-1]:launcher:offsetLeft=0 offsetTop=0 moveImmediate=false [m
02-26 00:06:39.644 D/j       ( 2257): [0;32;31m[main][net.sunniwell.ui.d][a][-1]:launcher:immediate=false isChanged=false [m
02-26 00:06:39.645 D/j       ( 2257): [0;32;31m[main][com.huawei.mh2.launcher.j][a][-1]:launcher:changed=false [m
02-26 00:06:40.383 D/AndroidRuntime(18902): 
02-26 00:06:40.383 D/AndroidRuntime(18902): >>>>>> AndroidRuntime START com.android.internal.os.RuntimeInit <<<<<<
02-26 00:06:40.386 D/AndroidRuntime(18902): CheckJNI is OFF
02-26 00:06:40.395 I/dalvikvm(18902): DexOpt: mismatch dep signature for '/system/framework/android.policy.odex'
02-26 00:06:40.395 E/dalvikvm(18902): /system/framework/services.jar odex has stale dependencies
02-26 00:06:40.396 I/dalvikvm(18902): DexOpt: mismatch dep name: '/data/dalvik-cache/system@framework@services.jar@classes.dex' vs. '/system/framework/services.odex'
02-26 00:06:40.396 E/dalvikvm(18902): /system/framework/apache-xml.jar odex has stale dependencies
02-26 00:06:40.397 I/dalvikvm(18902): DexOpt: mismatch dep name: '/data/dalvik-cache/system@framework@services.jar@classes.dex' vs. '/system/framework/services.odex'
02-26 00:06:40.397 E/dalvikvm(18902): /system/framework/webviewchromium.jar odex has stale dependencies
02-26 00:06:40.405 D/dalvikvm(18902): Trying to load lib libjavacore.so 0x0
02-26 00:06:40.408 D/dalvikvm(18902): Added shared lib libjavacore.so 0x0
02-26 00:06:40.414 D/dalvikvm(18902): Trying to load lib libnativehelper.so 0x0
02-26 00:06:40.414 D/dalvikvm(18902): Added shared lib libnativehelper.so 0x0
02-26 00:06:40.414 D/dalvikvm(18902): No JNI_OnLoad found in libnativehelper.so 0x0, skipping init
02-26 00:06:40.433 I/dalvikvm(18902): DexOpt: mismatch dep name: '/data/dalvik-cache/system@framework@services.jar@classes.dex' vs. '/system/framework/services.odex'
02-26 00:06:40.433 E/dalvikvm(18902): /system/framework/input.jar odex has stale dependencies
02-26 00:06:40.437 E/cutils-trace(18902): Error opening trace file: No such file or directory (2)
02-26 00:06:40.458 D/dalvikvm(18902): Note: class Landroid/app/ActivityManagerNative; has 179 unimplemented (abstract) methods
02-26 00:06:40.663 E/memtrack(18902): Couldn't load memtrack module (No such file or directory)
02-26 00:06:40.663 E/android.os.Debug(18902): failed to load memtrack module: -2
02-26 00:06:40.665 I/EthernetJNI(18902): Loading ethernet jni class
02-26 00:06:40.766 D/AndroidRuntime(18902): Calling main entry com.android.commands.input.Input
02-26 00:06:40.768 I/Input   (18902): injectKeyEvent: KeyEvent { action=ACTION_DOWN, keyCode=KEYCODE_DPAD_UP, scanCode=0, metaState=0, flags=0x0, repeatCount=0, eventTime=24010942, downTime=24010942, deviceId=-1, source=0x101 }
02-26 00:06:40.775 D/WindowManager( 1948): keyCode =19
02-26 00:06:40.775 D/WindowManager( 1948): isLockedAllKeys =0
02-26 00:06:40.776 D/WindowManager( 1948): isHandleHomeKey = 1
02-26 00:06:40.776 D/WindowManager( 1948): isHandlePowerKey ==1
02-26 00:06:40.776 D/WindowManager( 1948): isHandleSettingKey=1
02-26 00:06:40.776 D/WindowManager( 1948): handleSystemKey==1
02-26 00:06:40.777 W/ContextImpl( 1948): Calling a method in the system process without a qualified user: android.app.ContextImpl.sendBroadcast:1168 com.android.internal.policy.impl.PhoneWindowManager.interceptKeyBeforeQueueing:4109 com.android.server.wm.InputMonitor.interceptKeyBeforeQueueing:357 com.android.server.input.InputManagerService.interceptKeyBeforeQueueing:1352 com.android.server.input.InputManagerService.nativeInjectInputEvent:-2 
02-26 00:06:40.778 D/WindowManager( 1948): send broadcast key press down
02-26 00:06:40.781 D/MainActivity( 2257): [0;32;31m[main][com.huawei.mh2.launcher.MainActivity][dispatchKeyEvent][-1]:launcher:keycode=19 [m
02-26 00:06:40.783 D/PosterPage( 2257): [0;32;31m[main][com.huawei.mh2.launcher.page.o][onFocusChange][-1]:launcher:hasFocus=false [m
02-26 00:06:40.784 I/Input   (18902): injectKeyEvent: KeyEvent { action=ACTION_UP, keyCode=KEYCODE_DPAD_UP, scanCode=0, metaState=0, flags=0x0, repeatCount=0, eventTime=24010942, downTime=24010942, deviceId=-1, source=0x101 }
02-26 00:06:40.784 D/WindowManager( 1948): keyCode =19
02-26 00:06:40.785 D/WindowManager( 1948): isLockedAllKeys =0
02-26 00:06:40.785 D/WindowManager( 1948): isHandleHomeKey = 1
02-26 00:06:40.785 D/j       ( 2257): [0;32;31m[main][com.huawei.mh2.launcher.l][onGlobalFocusChanged][-1]:launcher:newFocus=com.huawei.mh2.launcher.a.n{2c944210 VFE...C. .FS..... 0,0-120,57 #7f0a0006 app:id/menu_title_home} [m
02-26 00:06:40.785 D/WindowManager( 1948): isHandlePowerKey ==1
02-26 00:06:40.785 D/WindowManager( 1948): isHandleSettingKey=1
02-26 00:06:40.785 D/WindowManager( 1948): handleSystemKey==1
02-26 00:06:40.785 D/AudioPolicyManagerBase( 1406): startOutput() output 2, stream 1, session 374
02-26 00:06:40.785 D/AudioPolicyManagerBase( 1406): startoutput ->setOutputDevice
02-26 00:06:40.785 D/AudioPolicyManagerBase( 1406): AudioPolicyManagerBase::checkAndSetVolume 13,0.377113
02-26 00:06:40.787 D/AndroidRuntime(18902): Shutting down VM
02-26 00:06:40.787 D/j       ( 2257): [0;32;31m[main][net.sunniwell.ui.e][onGlobalFocusChanged][-1]:launcher:smoothMove [m
02-26 00:06:40.790 D/j       ( 2257): [0;32;31m[main][net.sunniwell.ui.g][a][-1]:launcher:anchorView=com.huawei.mh2.launcher.a.n{2c944210 VFE...C. .FS..... 0,0-120,57 #7f0a0006 app:id/menu_title_home} [m
02-26 00:06:40.792 D/ImageLoader( 2257): Load image from memory cache [http://pic3.ptqy.gitv.tv/image/20150215/41/2c/a_100010524_m_601_260_360.jpg_333x461]
02-26 00:06:40.792 D/FrameworkPage( 2257): [0;32;31m[main][com.huawei.mh2.launcher.page.FrameworkPage][onFocusChange][-1]:launcher:v=com.huawei.mh2.launcher.a.n{2c944210 VFE...C. .FS...ID 0,0-120,57 #7f0a0006 app:id/menu_title_home} [m
02-26 00:06:40.792 D/dalvikvm(18902): GC_CONCURRENT freed 98K, 16% free 566K/668K, paused 1ms+0ms, total 4ms
02-26 00:06:40.794 D/MainActivity( 2257): [0;32;31m[main][com.huawei.mh2.launcher.MainActivity][dispatchKeyEvent][-1]:launcher:keycode=19 [m
02-26 00:06:40.796 D/p       ( 2257): [0;32;31m[main][com.huawei.mh2.launcher.p][getView][-1]:launcher:position=12 convertView=null [m
02-26 00:06:40.809 D/j       ( 2257): [0;32;31m[main][net.sunniwell.ui.g][b][-1]:launcher:offsetWidth=-147 offsetHeight=-279 resizeImmediate=false [m
02-26 00:06:40.810 D/j       ( 2257): [0;32;31m[main][net.sunniwell.ui.g][a][-1]:launcher:offsetLeft=-312 offsetTop=-115 moveImmediate=false [m
02-26 00:06:40.811 D/j       ( 2257): [0;32;31m[main][net.sunniwell.ui.d][a][-1]:launcher:immediate=false isChanged=true [m
02-26 00:06:40.812 D/j       ( 2257): [0;32;31m[main][com.huawei.mh2.launcher.j][a][-1]:launcher:changed=true [m
02-26 00:06:40.817 D/j       ( 2257): [0;32;31m[main][net.sunniwell.ui.g][b][-1]:launcher:offsetWidth=-51 offsetHeight=-97 resizeImmediate=false [m
02-26 00:06:40.818 D/j       ( 2257): [0;32;31m[main][net.sunniwell.ui.g][a][-1]:launcher:offsetLeft=-109 offsetTop=-40 moveImmediate=false [m
02-26 00:06:40.819 D/j       ( 2257): [0;32;31m[main][net.sunniwell.ui.d][a][-1]:launcher:immediate=false isChanged=true [m
02-26 00:06:40.820 D/j       ( 2257): [0;32;31m[main][com.huawei.mh2.launcher.j][a][-1]:launcher:changed=true [m
02-26 00:06:40.833 D/j       ( 2257): [0;32;31m[main][net.sunniwell.ui.g][b][-1]:launcher:offsetWidth=-18 offsetHeight=-34 resizeImmediate=false [m
02-26 00:06:40.834 D/j       ( 2257): [0;32;31m[main][net.sunniwell.ui.g][a][-1]:launcher:offsetLeft=-38 offsetTop=-14 moveImmediate=false [m
02-26 00:06:40.835 D/j       ( 2257): [0;32;31m[main][net.sunniwell.ui.d][a][-1]:launcher:immediate=false isChanged=true [m
02-26 00:06:40.835 D/j       ( 2257): [0;32;31m[main][com.huawei.mh2.launcher.j][a][-1]:launcher:changed=true [m
02-26 00:06:40.859 D/j       ( 2257): [0;32;31m[main][net.sunniwell.ui.g][b][-1]:launcher:offsetWidth=-6 offsetHeight=-12 resizeImmediate=false [m
02-26 00:06:40.860 D/j       ( 2257): [0;32;31m[main][net.sunniwell.ui.g][a][-1]:launcher:offsetLeft=-13 offsetTop=-7 moveImmediate=false [m
02-26 00:06:40.861 D/j       ( 2257): [0;32;31m[main][net.sunniwell.ui.d][a][-1]:launcher:immediate=false isChanged=true [m
02-26 00:06:40.862 D/j       ( 2257): [0;32;31m[main][com.huawei.mh2.launcher.j][a][-1]:launcher:changed=true [m
02-26 00:06:40.883 D/j       ( 2257): [0;32;31m[main][net.sunniwell.ui.g][b][-1]:launcher:offsetWidth=-3 offsetHeight=-6 resizeImmediate=false [m
02-26 00:06:40.884 D/j       ( 2257): [0;32;31m[main][net.sunniwell.ui.g][a][-1]:launcher:offsetLeft=-7 offsetTop=0 moveImmediate=false [m
02-26 00:06:40.885 D/j       ( 2257): [0;32;31m[main][net.sunniwell.ui.d][a][-1]:launcher:immediate=false isChanged=true [m
02-26 00:06:40.885 D/j       ( 2257): [0;32;31m[main][com.huawei.mh2.launcher.j][a][-1]:launcher:changed=true [m
02-26 00:06:40.904 D/j       ( 2257): [0;32;31m[main][net.sunniwell.ui.g][b][-1]:launcher:offsetWidth=0 offsetHeight=0 resizeImmediate=false [m
02-26 00:06:40.905 D/j       ( 2257): [0;32;31m[main][net.sunniwell.ui.g][a][-1]:launcher:offsetLeft=0 offsetTop=0 moveImmediate=false [m
02-26 00:06:40.906 D/j       ( 2257): [0;32;31m[main][net.sunniwell.ui.d][a][-1]:launcher:immediate=false isChanged=false [m
02-26 00:06:40.907 D/j       ( 2257): [0;32;31m[main][com.huawei.mh2.launcher.j][a][-1]:launcher:changed=false [m
02-26 00:06:40.917 D/ConnectivityService( 1948): Sampling interval elapsed, updating statistics ..
02-26 00:06:40.920 D/ConnectivityService( 1948): Done.
02-26 00:06:40.920 D/ConnectivityService( 1948): Setting timer for 30seconds
02-26 00:06:42.504 D/AndroidRuntime(18914): 
02-26 00:06:42.504 D/AndroidRuntime(18914): >>>>>> AndroidRuntime START com.android.internal.os.RuntimeInit <<<<<<
02-26 00:06:42.507 D/AndroidRuntime(18914): CheckJNI is OFF
02-26 00:06:42.516 I/dalvikvm(18914): DexOpt: mismatch dep signature for '/system/framework/android.policy.odex'
02-26 00:06:42.516 E/dalvikvm(18914): /system/framework/services.jar odex has stale dependencies
02-26 00:06:42.517 I/dalvikvm(18914): DexOpt: mismatch dep name: '/data/dalvik-cache/system@framework@services.jar@classes.dex' vs. '/system/framework/services.odex'
02-26 00:06:42.517 E/dalvikvm(18914): /system/framework/apache-xml.jar odex has stale dependencies
02-26 00:06:42.517 I/dalvikvm(18914): DexOpt: mismatch dep name: '/data/dalvik-cache/system@framework@services.jar@classes.dex' vs. '/system/framework/services.odex'
02-26 00:06:42.517 E/dalvikvm(18914): /system/framework/webviewchromium.jar odex has stale dependencies
02-26 00:06:42.525 D/dalvikvm(18914): Trying to load lib libjavacore.so 0x0
02-26 00:06:42.529 D/dalvikvm(18914): Added shared lib libjavacore.so 0x0
02-26 00:06:42.534 D/dalvikvm(18914): Trying to load lib libnativehelper.so 0x0
02-26 00:06:42.534 D/dalvikvm(18914): Added shared lib libnativehelper.so 0x0
02-26 00:06:42.534 D/dalvikvm(18914): No JNI_OnLoad found in libnativehelper.so 0x0, skipping init
02-26 00:06:42.553 I/dalvikvm(18914): DexOpt: mismatch dep name: '/data/dalvik-cache/system@framework@services.jar@classes.dex' vs. '/system/framework/services.odex'
02-26 00:06:42.553 E/dalvikvm(18914): /system/framework/input.jar odex has stale dependencies
02-26 00:06:42.556 E/cutils-trace(18914): Error opening trace file: No such file or directory (2)
02-26 00:06:42.577 D/dalvikvm(18914): Note: class Landroid/app/ActivityManagerNative; has 179 unimplemented (abstract) methods
02-26 00:06:42.776 E/memtrack(18914): Couldn't load memtrack module (No such file or directory)
02-26 00:06:42.776 E/android.os.Debug(18914): failed to load memtrack module: -2
02-26 00:06:42.778 I/EthernetJNI(18914): Loading ethernet jni class
02-26 00:06:42.848 D/AndroidRuntime(18914): Calling main entry com.android.commands.input.Input
02-26 00:06:42.849 I/Input   (18914): injectKeyEvent: KeyEvent { action=ACTION_DOWN, keyCode=KEYCODE_DPAD_DOWN, scanCode=0, metaState=0, flags=0x0, repeatCount=0, eventTime=24013024, downTime=24013024, deviceId=-1, source=0x101 }
02-26 00:06:42.854 D/WindowManager( 1948): keyCode =20
02-26 00:06:42.854 D/WindowManager( 1948): isLockedAllKeys =0
02-26 00:06:42.854 D/WindowManager( 1948): isHandleHomeKey = 1
02-26 00:06:42.854 D/WindowManager( 1948): isHandlePowerKey ==1
02-26 00:06:42.854 D/WindowManager( 1948): isHandleSettingKey=1
02-26 00:06:42.854 D/WindowManager( 1948): handleSystemKey==1
02-26 00:06:42.855 W/ContextImpl( 1948): Calling a method in the system process without a qualified user: android.app.ContextImpl.sendBroadcast:1168 com.android.internal.policy.impl.PhoneWindowManager.interceptKeyBeforeQueueing:4109 com.android.server.wm.InputMonitor.interceptKeyBeforeQueueing:357 com.android.server.input.InputManagerService.interceptKeyBeforeQueueing:1352 com.android.server.input.InputManagerService.nativeInjectInputEvent:-2 
02-26 00:06:42.856 D/WindowManager( 1948): send broadcast key press down
02-26 00:06:42.859 D/MainActivity( 2257): [0;32;31m[main][com.huawei.mh2.launcher.MainActivity][dispatchKeyEvent][-1]:launcher:keycode=20 [m
02-26 00:06:42.860 D/j       ( 2257): [0;32;31m[main][com.huawei.mh2.launcher.l][onGlobalFocusChanged][-1]:launcher:newFocus=com.huawei.mh2.launcher.a.s{2d4a63e8 VFE..... .FS..... 840,75-1181,544} [m
02-26 00:06:42.860 I/Input   (18914): injectKeyEvent: KeyEvent { action=ACTION_UP, keyCode=KEYCODE_DPAD_DOWN, scanCode=0, metaState=0, flags=0x0, repeatCount=0, eventTime=24013024, downTime=24013024, deviceId=-1, source=0x101 }
02-26 00:06:42.861 D/WindowManager( 1948): keyCode =20
02-26 00:06:42.861 D/WindowManager( 1948): isLockedAllKeys =0
02-26 00:06:42.861 D/WindowManager( 1948): isHandleHomeKey = 1
02-26 00:06:42.861 D/WindowManager( 1948): isHandlePowerKey ==1
02-26 00:06:42.861 D/WindowManager( 1948): isHandleSettingKey=1
02-26 00:06:42.861 D/WindowManager( 1948): handleSystemKey==1
02-26 00:06:42.862 D/AudioPolicyManagerBase( 1406): startOutput() output 2, stream 1, session 375
02-26 00:06:42.862 D/AudioPolicyManagerBase( 1406): startoutput ->setOutputDevice
02-26 00:06:42.862 D/AudioPolicyManagerBase( 1406): AudioPolicyManagerBase::checkAndSetVolume 13,0.377113
02-26 00:06:42.862 D/j       ( 2257): [0;32;31m[main][net.sunniwell.ui.e][onGlobalFocusChanged][-1]:launcher:smoothMove [m
02-26 00:06:42.863 D/j       ( 2257): [0;32;31m[main][net.sunniwell.ui.g][a][-1]:launcher:anchorView=com.huawei.mh2.launcher.a.s{2d4a63e8 VFE..... .FS..... 840,75-1181,544} [m
02-26 00:06:42.863 D/AndroidRuntime(18914): Shutting down VM
02-26 00:06:42.864 D/PosterPage( 2257): [0;32;31m[main][com.huawei.mh2.launcher.page.o][onFocusChange][-1]:launcher:hasFocus=true [m
02-26 00:06:42.865 D/MainActivity( 2257): [0;32;31m[main][com.huawei.mh2.launcher.MainActivity][dispatchKeyEvent][-1]:launcher:keycode=20 [m
02-26 00:06:42.868 D/dalvikvm(18914): GC_CONCURRENT freed 98K, 16% free 566K/668K, paused 0ms+0ms, total 3ms
02-26 00:06:42.876 D/ImageLoader( 2257): Load image from memory cache [http://pic3.ptqy.gitv.tv/image/20150215/41/2c/a_100010524_m_601_260_360.jpg_333x461]
02-26 00:06:42.877 D/p       ( 2257): [0;32;31m[main][com.huawei.mh2.launcher.p][getView][-1]:launcher:position=12 convertView=null [m
02-26 00:06:42.897 D/j       ( 2257): [0;32;31m[main][net.sunniwell.ui.g][b][-1]:launcher:offsetWidth=146 offsetHeight=278 resizeImmediate=false [m
02-26 00:06:42.898 D/j       ( 2257): [0;32;31m[main][net.sunniwell.ui.g][a][-1]:launcher:offsetLeft=317 offsetTop=124 moveImmediate=false [m
02-26 00:06:42.899 D/j       ( 2257): [0;32;31m[main][net.sunniwell.ui.d][a][-1]:launcher:immediate=false isChanged=true [m
02-26 00:06:42.900 D/j       ( 2257): [0;32;31m[main][com.huawei.mh2.launcher.j][a][-1]:launcher:changed=true [m
02-26 00:06:42.908 D/j       ( 2257): [0;32;31m[main][net.sunniwell.ui.g][b][-1]:launcher:offsetWidth=51 offsetHeight=97 resizeImmediate=false [m
02-26 00:06:42.909 D/j       ( 2257): [0;32;31m[main][net.sunniwell.ui.g][a][-1]:launcher:offsetLeft=111 offsetTop=44 moveImmediate=false [m
02-26 00:06:42.910 D/j       ( 2257): [0;32;31m[main][net.sunniwell.ui.d][a][-1]:launcher:immediate=false isChanged=true [m
02-26 00:06:42.912 D/j       ( 2257): [0;32;31m[main][com.huawei.mh2.launcher.j][a][-1]:launcher:changed=true [m
02-26 00:06:42.918 D/j       ( 2257): [0;32;31m[main][net.sunniwell.ui.g][b][-1]:launcher:offsetWidth=18 offsetHeight=34 resizeImmediate=false [m
02-26 00:06:42.919 D/j       ( 2257): [0;32;31m[main][net.sunniwell.ui.g][a][-1]:launcher:offsetLeft=39 offsetTop=15 moveImmediate=false [m
02-26 00:06:42.919 D/j       ( 2257): [0;32;31m[main][net.sunniwell.ui.d][a][-1]:launcher:immediate=false isChanged=true [m
02-26 00:06:42.920 D/j       ( 2257): [0;32;31m[main][com.huawei.mh2.launcher.j][a][-1]:launcher:changed=true [m
02-26 00:06:42.943 D/j       ( 2257): [0;32;31m[main][net.sunniwell.ui.g][b][-1]:launcher:offsetWidth=6 offsetHeight=12 resizeImmediate=false [m
02-26 00:06:42.944 D/j       ( 2257): [0;32;31m[main][net.sunniwell.ui.g][a][-1]:launcher:offsetLeft=13 offsetTop=5 moveImmediate=false [m
02-26 00:06:42.945 D/j       ( 2257): [0;32;31m[main][net.sunniwell.ui.d][a][-1]:launcher:immediate=false isChanged=true [m
02-26 00:06:42.945 D/j       ( 2257): [0;32;31m[main][com.huawei.mh2.launcher.j][a][-1]:launcher:changed=true [m
02-26 00:06:42.970 D/j       ( 2257): [0;32;31m[main][net.sunniwell.ui.g][b][-1]:launcher:offsetWidth=4 offsetHeight=7 resizeImmediate=false [m
02-26 00:06:42.971 D/j       ( 2257): [0;32;31m[main][net.sunniwell.ui.g][a][-1]:launcher:offsetLeft=8 offsetTop=4 moveImmediate=false [m
02-26 00:06:42.972 D/j       ( 2257): [0;32;31m[main][net.sunniwell.ui.d][a][-1]:launcher:immediate=false isChanged=true [m
02-26 00:06:42.973 D/j       ( 2257): [0;32;31m[main][com.huawei.mh2.launcher.j][a][-1]:launcher:changed=true [m
02-26 00:06:42.992 D/j       ( 2257): [0;32;31m[main][net.sunniwell.ui.g][b][-1]:launcher:offsetWidth=0 offsetHeight=0 resizeImmediate=false [m
02-26 00:06:42.994 D/j       ( 2257): [0;32;31m[main][net.sunniwell.ui.g][a][-1]:launcher:offsetLeft=-6 offsetTop=-11 moveImmediate=false [m
02-26 00:06:42.995 D/j       ( 2257): [0;32;31m[main][net.sunniwell.ui.d][a][-1]:launcher:immediate=false isChanged=true [m
02-26 00:06:42.996 D/j       ( 2257): [0;32;31m[main][com.huawei.mh2.launcher.j][a][-1]:launcher:changed=true [m
02-26 00:06:43.012 D/j       ( 2257): [0;32;31m[main][net.sunniwell.ui.g][b][-1]:launcher:offsetWidth=0 offsetHeight=0 resizeImmediate=false [m
02-26 00:06:43.013 D/j       ( 2257): [0;32;31m[main][net.sunniwell.ui.g][a][-1]:launcher:offsetLeft=-3 offsetTop=-5 moveImmediate=false [m
02-26 00:06:43.015 D/j       ( 2257): [0;32;31m[main][net.sunniwell.ui.d][a][-1]:launcher:immediate=false isChanged=true [m
02-26 00:06:43.016 D/j       ( 2257): [0;32;31m[main][com.huawei.mh2.launcher.j][a][-1]:launcher:changed=true [m
02-26 00:06:43.036 D/j       ( 2257): [0;32;31m[main][net.sunniwell.ui.g][b][-1]:launcher:offsetWidth=0 offsetHeight=0 resizeImmediate=false [m
02-26 00:06:43.037 D/j       ( 2257): [0;32;31m[main][net.sunniwell.ui.g][a][-1]:launcher:offsetLeft=0 offsetTop=0 moveImmediate=false [m
02-26 00:06:43.039 D/j       ( 2257): [0;32;31m[main][net.sunniwell.ui.d][a][-1]:launcher:immediate=false isChanged=false [m
02-26 00:06:43.040 D/j       ( 2257): [0;32;31m[main][com.huawei.mh2.launcher.j][a][-1]:launcher:changed=false [m
02-26 00:06:43.415 E/VPP_DLNA_LOG( 2814): [VPPDLNA]:SSDP recvd bad msg code = 1
02-26 00:06:43.417 E/VPP_DLNA_LOG( 2814): [VPPDLNA]:SSDP recvd bad msg code = 1
02-26 00:06:43.419 E/VPP_DLNA_LOG( 2814): [VPPDLNA]:SSDP recvd bad msg code = 1
02-26 00:06:43.443 E/VPP_DLNA_LOG( 2814): [VPPDLNA]:SSDP recvd bad msg code = 1
02-26 00:06:43.445 E/VPP_DLNA_LOG( 2814): [VPPDLNA]:SSDP recvd bad msg code = 1
02-26 00:06:43.447 E/VPP_DLNA_LOG( 2814): [VPPDLNA]:SSDP recvd bad msg code = 1
02-26 00:06:43.692 D/ImageLoader( 2257): Load image from memory cache [http://pic3.ptqy.gitv.tv/image/20150215/41/2c/a_100010524_m_601_260_360.jpg_333x461]
02-26 00:06:43.695 D/p       ( 2257): [0;32;31m[main][com.huawei.mh2.launcher.p][getView][-1]:launcher:position=12 convertView=null [m
02-26 00:06:43.712 D/j       ( 2257): [0;32;31m[main][net.sunniwell.ui.g][a][-1]:launcher:anchorView=com.huawei.mh2.launcher.a.s{2d4a63e8 VFE..... .FS...ID 840,75-1181,544} [m
02-26 00:06:43.791 D/j       ( 2257): [0;32;31m[main][net.sunniwell.ui.g][b][-1]:launcher:offsetWidth=0 offsetHeight=0 resizeImmediate=false [m
02-26 00:06:43.792 D/j       ( 2257): [0;32;31m[main][net.sunniwell.ui.g][a][-1]:launcher:offsetLeft=0 offsetTop=0 moveImmediate=false [m
02-26 00:06:43.793 D/j       ( 2257): [0;32;31m[main][net.sunniwell.ui.d][a][-1]:launcher:immediate=false isChanged=false [m
02-26 00:06:43.794 D/j       ( 2257): [0;32;31m[main][com.huawei.mh2.launcher.j][a][-1]:launcher:changed=false [m
02-26 00:06:45.540 D/AndroidRuntime(18926): 
02-26 00:06:45.540 D/AndroidRuntime(18926): >>>>>> AndroidRuntime START com.android.internal.os.RuntimeInit <<<<<<
02-26 00:06:45.542 D/AndroidRuntime(18926): CheckJNI is OFF
02-26 00:06:45.552 I/dalvikvm(18926): DexOpt: mismatch dep signature for '/system/framework/android.policy.odex'
02-26 00:06:45.552 E/dalvikvm(18926): /system/framework/services.jar odex has stale dependencies
02-26 00:06:45.553 I/dalvikvm(18926): DexOpt: mismatch dep name: '/data/dalvik-cache/system@framework@services.jar@classes.dex' vs. '/system/framework/services.odex'
02-26 00:06:45.553 E/dalvikvm(18926): /system/framework/apache-xml.jar odex has stale dependencies
02-26 00:06:45.554 I/dalvikvm(18926): DexOpt: mismatch dep name: '/data/dalvik-cache/system@framework@services.jar@classes.dex' vs. '/system/framework/services.odex'
02-26 00:06:45.554 E/dalvikvm(18926): /system/framework/webviewchromium.jar odex has stale dependencies
02-26 00:06:45.562 D/dalvikvm(18926): Trying to load lib libjavacore.so 0x0
02-26 00:06:45.566 D/dalvikvm(18926): Added shared lib libjavacore.so 0x0
02-26 00:06:45.572 D/dalvikvm(18926): Trying to load lib libnativehelper.so 0x0
02-26 00:06:45.572 D/dalvikvm(18926): Added shared lib libnativehelper.so 0x0
02-26 00:06:45.572 D/dalvikvm(18926): No JNI_OnLoad found in libnativehelper.so 0x0, skipping init
02-26 00:06:45.592 I/dalvikvm(18926): DexOpt: mismatch dep name: '/data/dalvik-cache/system@framework@services.jar@classes.dex' vs. '/system/framework/services.odex'
02-26 00:06:45.592 E/dalvikvm(18926): /system/framework/input.jar odex has stale dependencies
02-26 00:06:45.596 E/cutils-trace(18926): Error opening trace file: No such file or directory (2)
02-26 00:06:45.620 D/dalvikvm(18926): Note: class Landroid/app/ActivityManagerNative; has 179 unimplemented (abstract) methods
02-26 00:06:45.823 E/memtrack(18926): Couldn't load memtrack module (No such file or directory)
02-26 00:06:45.823 E/android.os.Debug(18926): failed to load memtrack module: -2
02-26 00:06:45.826 I/EthernetJNI(18926): Loading ethernet jni class
02-26 00:06:45.916 D/AndroidRuntime(18926): Calling main entry com.android.commands.input.Input
02-26 00:06:45.918 I/Input   (18926): injectKeyEvent: KeyEvent { action=ACTION_DOWN, keyCode=KEYCODE_ENTER, scanCode=0, metaState=0, flags=0x0, repeatCount=0, eventTime=24016092, downTime=24016092, deviceId=-1, source=0x101 }
02-26 00:06:45.923 D/WindowManager( 1948): keyCode =66
02-26 00:06:45.923 D/WindowManager( 1948): isLockedAllKeys =0
02-26 00:06:45.924 D/WindowManager( 1948): isHandleHomeKey = 1
02-26 00:06:45.924 D/WindowManager( 1948): isHandlePowerKey ==1
02-26 00:06:45.924 D/WindowManager( 1948): isHandleSettingKey=1
02-26 00:06:45.924 D/WindowManager( 1948): handleSystemKey==1
02-26 00:06:45.925 D/WindowManager( 1948): send broadcast key press down
02-26 00:06:45.925 W/ContextImpl( 1948): Calling a method in the system process without a qualified user: android.app.ContextImpl.sendBroadcast:1168 com.android.internal.policy.impl.PhoneWindowManager.interceptKeyBeforeQueueing:4109 com.android.server.wm.InputMonitor.interceptKeyBeforeQueueing:357 com.android.server.input.InputManagerService.interceptKeyBeforeQueueing:1352 com.android.server.input.InputManagerService.nativeInjectInputEvent:-2 
02-26 00:06:45.929 D/MainActivity( 2257): [0;32;31m[main][com.huawei.mh2.launcher.MainActivity][dispatchKeyEvent][-1]:launcher:keycode=66 [m
02-26 00:06:45.929 I/Input   (18926): injectKeyEvent: KeyEvent { action=ACTION_UP, keyCode=KEYCODE_ENTER, scanCode=0, metaState=0, flags=0x0, repeatCount=0, eventTime=24016092, downTime=24016092, deviceId=-1, source=0x101 }
02-26 00:06:45.929 D/WindowManager( 1948): keyCode =66
02-26 00:06:45.930 D/WindowManager( 1948): isLockedAllKeys =0
02-26 00:06:45.930 D/WindowManager( 1948): isHandleHomeKey = 1
02-26 00:06:45.930 D/WindowManager( 1948): isHandlePowerKey ==1
02-26 00:06:45.930 D/WindowManager( 1948): isHandleSettingKey=1
02-26 00:06:45.930 D/WindowManager( 1948): handleSystemKey==1
02-26 00:06:45.934 D/MainActivity( 2257): [0;32;31m[main][com.huawei.mh2.launcher.MainActivity][dispatchKeyEvent][-1]:launcher:keycode=66 [m
02-26 00:06:45.934 I/EthernetService( 1948): getWifiDisguiseState: STATE UNKNOWN
02-26 00:06:45.934 I/EthernetManager( 1948): getWifiDisguiseState2
02-26 00:06:45.934 I/EthernetService( 1948): getWifiDisguiseState: STATE UNKNOWN
02-26 00:06:45.935 I/EthernetService( 1948): getWifiDisguiseState: STATE UNKNOWN
02-26 00:06:45.935 I/EthernetManager( 1948): getWifiDisguiseState2
02-26 00:06:45.935 D/AudioPolicyManagerBase( 1406): startOutput() output 2, stream 1, session 376
02-26 00:06:45.935 D/AudioPolicyManagerBase( 1406): startoutput ->setOutputDevice
02-26 00:06:45.935 I/EthernetService( 1948): getWifiDisguiseState: STATE UNKNOWN
02-26 00:06:45.935 D/AudioPolicyManagerBase( 1406): AudioPolicyManagerBase::checkAndSetVolume 13,0.377113
02-26 00:06:45.937 D/g       ( 2257): [0;32;31m[main][com.huawei.mh2.launcher.b.g][a][-1]:launcher:dataInfo = id=0232ebdd3b18d801e3f158650792156f,type=0,title=ä¸­å›½æ¢¦æƒ³ç§€ä¹‹æŠ˜çº¸ç‹‚äººç›¼åœ†å¦»å­ç¾Šé©¼ä¹‹æ¢¦,classTag=null,sort=null,filterTag=null,obj=com.qiyi.tv.client.data.Video@2d4cfb18 [m
02-26 00:06:45.939 D/g       ( 2257): [0;32;31m[main][com.huawei.mh2.launcher.b.g][a][-1]:launcher:type = 0 [m
02-26 00:06:45.941 D/g       ( 2257): [0;32;31m[main][com.huawei.mh2.launcher.b.g][i][-1]:launcher:isNetworkReachable [m
02-26 00:06:45.949 D/ClientHelper( 2257): isConnected() ClientHelper@2c9af570{mCurrentState=2, mTargetState=2, mAuthSuccess=true, mListener=com.qiyi.tv.client.project.BaseClient$ProxyListener@2c9ef300, mService=com.qiyi.tv.client.IQiyiService$Stub$Proxy@2ef93858}
02-26 00:06:45.950 D/ClientHelper( 2257): isAuthSuccess() ClientHelper@2c9af570{mCurrentState=2, mTargetState=2, mAuthSuccess=true, mListener=com.qiyi.tv.client.project.BaseClient$ProxyListener@2c9ef300, mService=com.qiyi.tv.client.IQiyiService$Stub$Proxy@2ef93858}
02-26 00:06:45.950 D/Utils   ( 2257): dumpBundle() copyBundle() target=: bundle size=3
02-26 00:06:45.950 D/Utils   ( 2257): dumpBundle() copyBundle() target=: key[com.qiyi.tv.sdk.extra.EXTRA_OPERATION_TYPE]=20001
02-26 00:06:45.950 D/Utils   ( 2257): dumpBundle() copyBundle() target=: key[com.qiyi.tv.sdk.extra.EXTRA_OPERATION_DATA_TYPE]=30000
02-26 00:06:45.950 D/Utils   ( 2257): dumpBundle() copyBundle() target=: key[com.qiyi.tv.sdk.extra.EXTRA_OPERATION_TARGET]=10201
02-26 00:06:45.950 D/Utils   ( 2257): dumpBundle() copyBundle() source=: bundle size=2
02-26 00:06:45.950 D/Utils   ( 2257): dumpBundle() copyBundle() source=: key[com.qiyi.tv.sdk.extra.EXTRA_INTENT_FLAG]=335577088
02-26 00:06:45.950 D/Utils   ( 2257): dumpBundle() copyBundle() source=: key[com.qiyi.tv.sdk.extra.EXTRA_VIDEO]=com.qiyi.tv.client.data.Video@2d4cfb18
02-26 00:06:45.950 D/Utils   ( 2257): dumpBundle() copyBundle() final=: bundle size=5
02-26 00:06:45.950 D/Utils   ( 2257): dumpBundle() copyBundle() final=: key[com.qiyi.tv.sdk.extra.EXTRA_OPERATION_TYPE]=20001
02-26 00:06:45.950 D/Utils   ( 2257): dumpBundle() copyBundle() final=: key[com.qiyi.tv.sdk.extra.EXTRA_INTENT_FLAG]=335577088
02-26 00:06:45.950 D/Utils   ( 2257): dumpBundle() copyBundle() final=: key[com.qiyi.tv.sdk.extra.EXTRA_OPERATION_DATA_TYPE]=30000
02-26 00:06:45.950 D/Utils   ( 2257): dumpBundle() copyBundle() final=: key[com.qiyi.tv.sdk.extra.EXTRA_VIDEO]=com.qiyi.tv.client.data.Video@2d4cfb18
02-26 00:06:45.950 D/Utils   ( 2257): dumpBundle() copyBundle() final=: key[com.qiyi.tv.sdk.extra.EXTRA_OPERATION_TARGET]=10201
02-26 00:06:45.951 D/ClientHelper( 2257): isConnected() ClientHelper@2c9af570{mCurrentState=2, mTargetState=2, mAuthSuccess=true, mListener=com.qiyi.tv.client.project.BaseClient$ProxyListener@2c9ef300, mService=com.qiyi.tv.client.IQiyiService$Stub$Proxy@2ef93858}
02-26 00:06:45.951 D/ClientHelper( 2257): isAuthSuccess() ClientHelper@2c9af570{mCurrentState=2, mTargetState=2, mAuthSuccess=true, mListener=com.qiyi.tv.client.project.BaseClient$ProxyListener@2c9ef300, mService=com.qiyi.tv.client.IQiyiService$Stub$Proxy@2ef93858}
02-26 00:06:45.952 D/OpenApiBinder( 2323): invoke() begin. bundle size=5
02-26 00:06:45.952 D/OpenApiBinder( 2323): invoke() begin. key[com.qiyi.tv.sdk.extra.EXTRA_OPERATION_TYPE]=20001
02-26 00:06:45.952 D/OpenApiBinder( 2323): invoke() begin. key[com.qiyi.tv.sdk.extra.EXTRA_INTENT_FLAG]=335577088
02-26 00:06:45.952 D/OpenApiBinder( 2323): invoke() begin. key[com.qiyi.tv.sdk.extra.EXTRA_OPERATION_DATA_TYPE]=30000
02-26 00:06:45.952 D/OpenApiBinder( 2323): invoke() begin. key[com.qiyi.tv.sdk.extra.EXTRA_VIDEO]=com.qiyi.tv.client.data.Video@2dac9f98
02-26 00:06:45.952 D/OpenApiBinder( 2323): invoke() begin. key[com.qiyi.tv.sdk.extra.EXTRA_OPERATION_TARGET]=10201
02-26 00:06:45.953 D/OpenApiManager( 2323): isAllowedClient() pid=2257, holder=Holder(code=0, client=ClientInfo(vn=2.0, vc=24956, pk=com.huawei.mh2.launcher)) return true
02-26 00:06:45.953 D/OpenApiBinder( 2323): invoke() find command=com.qiyi.video.openplay.service.feature.open.OpenMediaCommand@2c923c50
02-26 00:06:45.953 D/ProcessWatcher( 2323): getToken() 2257 return AccessToken@{count=19, time=1424937979996, duration=3600000, maxCount=3600000, interval=0)
02-26 00:06:45.953 D/g       ( 2257): [0;32;31m[main][com.huawei.mh2.launcher.b.g][i][-1]:launcher:isNetworkReachable return true [m
02-26 00:06:45.953 D/AccessToken( 2323): isAllowedAccess() now = 1424938005953, mMaxCount = 3600000
02-26 00:06:45.953 D/AccessToken( 2323): isAllowedAccess() count=19, time=1424937979996, return true
02-26 00:06:45.954 D/LocalVideo( 2323): LocalVideo(com.qiyi.tv.client.data.Video@2dac9f98) LocalVideo(mType=1, mId=349989700, mName=ä¸­å›½æ¢¦æƒ³ç§€ä¹‹æŠ˜çº¸ç‹‚äººç›¼åœ†å¦»å­ç¾Šé©¼ä¹‹æ¢¦, mChannelId=6, mAlbumId=202509101, mIsSeries=true, mStartTime=0, mCornerHint=3, mPicUrl=http://pic8.ptqy.gitv.tv/image/20150225/54/4c/v_108966887_m_601_m1_354_490.jpg, mUserTags=Bundle@[size=2,com.qiyi.tv.internal.extra.EXTRA_TYPE=0],com.qiyi.tv.internal.extra.EXTRA_SOURCE_CODE=202509101])
02-26 00:06:45.954 D/OpenApiUtils( 2323): createChannelLabel(LocalVideo(mType=1, mId=349989700, mName=ä¸­å›½æ¢¦æƒ³ç§€ä¹‹æŠ˜çº¸ç‹‚äººç›¼åœ†å¦»å­ç¾Šé©¼ä¹‹æ¢¦, mChannelId=6, mAlbumId=202509101, mIsSeries=true, mStartTime=0, mCornerHint=3, mPicUrl=http://pic8.ptqy.gitv.tv/image/20150225/54/4c/v_108966887_m_601_m1_354_490.jpg, mUserTags=Bundle@[size=2,com.qiyi.tv.internal.extra.EXTRA_TYPE=0],com.qiyi.tv.internal.extra.EXTRA_SOURCE_CODE=202509101]))
02-26 00:06:45.954 D/OpenApiUtils( 2323): createChannelLabel() return null
02-26 00:06:45.954 D/OpenApiUtils( 2323): createAlbum(LocalVideo(mType=1, mId=349989700, mName=ä¸­å›½æ¢¦æƒ³ç§€ä¹‹æŠ˜çº¸ç‹‚äººç›¼åœ†å¦»å­ç¾Šé©¼ä¹‹æ¢¦, mChannelId=6, mAlbumId=202509101, mIsSeries=true, mStartTime=0, mCornerHint=3, mPicUrl=http://pic8.ptqy.gitv.tv/image/20150225/54/4c/v_108966887_m_601_m1_354_490.jpg, mUserTags=Bundle@[size=2,com.qiyi.tv.internal.extra.EXTRA_TYPE=0],com.qiyi.tv.internal.extra.EXTRA_SOURCE_CODE=202509101]))
02-26 00:06:45.954 D/OpenApiUtils( 2323): createAlbum() return qpId=202509101 name=ä¸­å›½æ¢¦æƒ³ç§€ä¹‹æŠ˜çº¸ç‹‚äººç›¼åœ†å¦»å­ç¾Šé©¼ä¹‹æ¢¦ type=VIDEO focus= pic=http://pic8.ptqy.gitv.tv/image/20150225/54/4c/v_108966887_m_601_m1_354_490.jpg tvPic= score= pCount= desc= key= isSeries=true chnName= chnId=6 tag= exclusive=0 isDownload=false is3D=0 tvsets=0 order=1 time= tvCount=0 stream= isPurchase=0 tvQid=349989700 vid=null len= sourceCode=202509101 vType=0 playUrl=null
02-26 00:06:45.955 D/OpenApiUtils( 2323): createAlbum() return Album@2dc75d88{qpId=202509101, tvQid=349989700, vid=null, getType()=VIDEO, albumName=ä¸­å›½æ¢¦æƒ³ç§€ä¹‹æŠ˜çº¸ç‹‚äººç›¼åœ†å¦»å­ç¾Šé©¼ä¹‹æ¢¦, tvName=, sourceCode=202509101, isPurchase()=false, isExclusive()=false, isSeries()=true, playOrder=1, tvPic=, issueTime=, playCount=, playLength=, tvCount=0, tag=, cornerMark=CORNERMARK_NO, is3D()=false, definition list=, chnId=6, chnName=, startTime=0, endTime=0, playTime=-1, canDownload=false, bkt=, area=}
