--------- beginning of /dev/log/main
02-26 00:05:25.000 D/Player/PlayerView/LoadingView( 2323): update speed: bitsPerSec=0
02-26 00:05:25.705 D/AndroidRuntime(18087): 
02-26 00:05:25.705 D/AndroidRuntime(18087): >>>>>> AndroidRuntime START com.android.internal.os.RuntimeInit <<<<<<
02-26 00:05:25.707 D/AndroidRuntime(18087): CheckJNI is OFF
02-26 00:05:25.715 I/dalvikvm(18087): DexOpt: mismatch dep signature for '/system/framework/android.policy.odex'
02-26 00:05:25.715 E/dalvikvm(18087): /system/framework/services.jar odex has stale dependencies
02-26 00:05:25.716 I/dalvikvm(18087): DexOpt: mismatch dep name: '/data/dalvik-cache/system@framework@services.jar@classes.dex' vs. '/system/framework/services.odex'
02-26 00:05:25.716 E/dalvikvm(18087): /system/framework/apache-xml.jar odex has stale dependencies
02-26 00:05:25.717 I/dalvikvm(18087): DexOpt: mismatch dep name: '/data/dalvik-cache/system@framework@services.jar@classes.dex' vs. '/system/framework/services.odex'
02-26 00:05:25.717 E/dalvikvm(18087): /system/framework/webviewchromium.jar odex has stale dependencies
02-26 00:05:25.724 D/dalvikvm(18087): Trying to load lib libjavacore.so 0x0
02-26 00:05:25.727 D/dalvikvm(18087): Added shared lib libjavacore.so 0x0
02-26 00:05:25.732 D/dalvikvm(18087): Trying to load lib libnativehelper.so 0x0
02-26 00:05:25.732 D/dalvikvm(18087): Added shared lib libnativehelper.so 0x0
02-26 00:05:25.732 D/dalvikvm(18087): No JNI_OnLoad found in libnativehelper.so 0x0, skipping init
02-26 00:05:25.750 I/dalvikvm(18087): DexOpt: mismatch dep name: '/data/dalvik-cache/system@framework@services.jar@classes.dex' vs. '/system/framework/services.odex'
02-26 00:05:25.750 E/dalvikvm(18087): /system/framework/input.jar odex has stale dependencies
02-26 00:05:25.753 E/cutils-trace(18087): Error opening trace file: No such file or directory (2)
02-26 00:05:25.774 D/dalvikvm(18087): Note: class Landroid/app/ActivityManagerNative; has 179 unimplemented (abstract) methods
02-26 00:05:25.963 E/memtrack(18087): Couldn't load memtrack module (No such file or directory)
02-26 00:05:25.963 E/android.os.Debug(18087): failed to load memtrack module: -2
02-26 00:05:25.965 I/EthernetJNI(18087): Loading ethernet jni class
02-26 00:05:26.000 D/Player/PlayerView/LoadingView( 2323): update speed: bitsPerSec=0
02-26 00:05:26.035 D/AndroidRuntime(18087): Calling main entry com.android.commands.input.Input
02-26 00:05:26.036 I/Input   (18087): injectKeyEvent: KeyEvent { action=ACTION_DOWN, keyCode=KEYCODE_DPAD_DOWN, scanCode=0, metaState=0, flags=0x0, repeatCount=0, eventTime=23936211, downTime=23936211, deviceId=-1, source=0x101 }
02-26 00:05:26.041 D/WindowManager( 1948): keyCode =20
02-26 00:05:26.041 D/WindowManager( 1948): isLockedAllKeys =0
02-26 00:05:26.041 D/WindowManager( 1948): isHandleHomeKey = 1
02-26 00:05:26.041 D/WindowManager( 1948): isHandlePowerKey ==1
02-26 00:05:26.041 D/WindowManager( 1948): isHandleSettingKey=1
02-26 00:05:26.041 D/WindowManager( 1948): handleSystemKey==1
--------- beginning of /dev/log/system
02-26 00:05:26.042 W/ContextImpl( 1948): Calling a method in the system process without a qualified user: android.app.ContextImpl.sendBroadcast:1168 com.android.internal.policy.impl.PhoneWindowManager.interceptKeyBeforeQueueing:4109 com.android.server.wm.InputMonitor.interceptKeyBeforeQueueing:357 com.android.server.input.InputManagerService.interceptKeyBeforeQueueing:1352 com.android.server.input.InputManagerService.nativeInjectInputEvent:-2 
02-26 00:05:26.043 D/WindowManager( 1948): send broadcast key press down
02-26 00:05:26.046 D/MainActivity( 2257): [0;32;31m[main][com.huawei.mh2.launcher.MainActivity][dispatchKeyEvent][-1]:launcher:keycode=20 [m
02-26 00:05:26.048 D/j       ( 2257): [0;32;31m[main][com.huawei.mh2.launcher.l][onGlobalFocusChanged][-1]:launcher:newFocus=com.huawei.mh2.launcher.a.s{2d4a63e8 VFE..... .FS..... 840,75-1181,544} [m
02-26 00:05:26.050 D/j       ( 2257): [0;32;31m[main][net.sunniwell.ui.e][onGlobalFocusChanged][-1]:launcher:smoothMove [m
02-26 00:05:26.051 D/AudioPolicyManagerBase( 1406): startOutput() output 2, stream 1, session 355
02-26 00:05:26.051 I/Input   (18087): injectKeyEvent: KeyEvent { action=ACTION_UP, keyCode=KEYCODE_DPAD_DOWN, scanCode=0, metaState=0, flags=0x0, repeatCount=0, eventTime=23936211, downTime=23936211, deviceId=-1, source=0x101 }
02-26 00:05:26.051 D/AudioPolicyManagerBase( 1406): startoutput ->setOutputDevice
02-26 00:05:26.051 D/AudioPolicyManagerBase( 1406): AudioPolicyManagerBase::checkAndSetVolume 13,0.377113
02-26 00:05:26.052 D/WindowManager( 1948): keyCode =20
02-26 00:05:26.052 D/WindowManager( 1948): isLockedAllKeys =0
02-26 00:05:26.052 D/j       ( 2257): [0;32;31m[main][net.sunniwell.ui.g][a][-1]:launcher:anchorView=com.huawei.mh2.launcher.a.s{2d4a63e8 VFE..... .FS..... 840,75-1181,544} [m
02-26 00:05:26.052 D/WindowManager( 1948): isHandleHomeKey = 1
02-26 00:05:26.052 D/WindowManager( 1948): isHandlePowerKey ==1
02-26 00:05:26.052 D/WindowManager( 1948): isHandleSettingKey=1
02-26 00:05:26.052 D/WindowManager( 1948): handleSystemKey==1
02-26 00:05:26.054 D/PosterPage( 2257): [0;32;31m[main][com.huawei.mh2.launcher.page.o][onFocusChange][-1]:launcher:hasFocus=true [m
02-26 00:05:26.055 D/AndroidRuntime(18087): Shutting down VM
02-26 00:05:26.056 D/MainActivity( 2257): [0;32;31m[main][com.huawei.mh2.launcher.MainActivity][dispatchKeyEvent][-1]:launcher:keycode=20 [m
02-26 00:05:26.059 D/ImageLoader( 2257): Load image from memory cache [http://pic3.ptqy.gitv.tv/image/20150215/41/2c/a_100010524_m_601_260_360.jpg_333x461]
02-26 00:05:26.060 D/dalvikvm(18087): GC_CONCURRENT freed 98K, 16% free 566K/668K, paused 1ms+0ms, total 4ms
02-26 00:05:26.061 D/p       ( 2257): [0;32;31m[main][com.huawei.mh2.launcher.p][getView][-1]:launcher:position=12 convertView=null [m
02-26 00:05:26.085 D/j       ( 2257): [0;32;31m[main][net.sunniwell.ui.g][b][-1]:launcher:offsetWidth=146 offsetHeight=278 resizeImmediate=false [m
02-26 00:05:26.085 D/j       ( 2257): [0;32;31m[main][net.sunniwell.ui.g][a][-1]:launcher:offsetLeft=317 offsetTop=124 moveImmediate=false [m
02-26 00:05:26.086 D/j       ( 2257): [0;32;31m[main][net.sunniwell.ui.d][a][-1]:launcher:immediate=false isChanged=true [m
02-26 00:05:26.087 D/j       ( 2257): [0;32;31m[main][com.huawei.mh2.launcher.j][a][-1]:launcher:changed=true [m
02-26 00:05:26.098 D/j       ( 2257): [0;32;31m[main][net.sunniwell.ui.g][b][-1]:launcher:offsetWidth=51 offsetHeight=97 resizeImmediate=false [m
02-26 00:05:26.099 D/j       ( 2257): [0;32;31m[main][net.sunniwell.ui.g][a][-1]:launcher:offsetLeft=111 offsetTop=44 moveImmediate=false [m
02-26 00:05:26.100 D/j       ( 2257): [0;32;31m[main][net.sunniwell.ui.d][a][-1]:launcher:immediate=false isChanged=true [m
02-26 00:05:26.101 D/j       ( 2257): [0;32;31m[main][com.huawei.mh2.launcher.j][a][-1]:launcher:changed=true [m
02-26 00:05:26.108 D/j       ( 2257): [0;32;31m[main][net.sunniwell.ui.g][b][-1]:launcher:offsetWidth=18 offsetHeight=34 resizeImmediate=false [m
02-26 00:05:26.109 D/j       ( 2257): [0;32;31m[main][net.sunniwell.ui.g][a][-1]:launcher:offsetLeft=39 offsetTop=15 moveImmediate=false [m
02-26 00:05:26.109 D/j       ( 2257): [0;32;31m[main][net.sunniwell.ui.d][a][-1]:launcher:immediate=false isChanged=true [m
02-26 00:05:26.110 D/j       ( 2257): [0;32;31m[main][com.huawei.mh2.launcher.j][a][-1]:launcher:changed=true [m
02-26 00:05:26.129 D/j       ( 2257): [0;32;31m[main][net.sunniwell.ui.g][b][-1]:launcher:offsetWidth=6 offsetHeight=12 resizeImmediate=false [m
02-26 00:05:26.130 D/j       ( 2257): [0;32;31m[main][net.sunniwell.ui.g][a][-1]:launcher:offsetLeft=13 offsetTop=5 moveImmediate=false [m
02-26 00:05:26.131 D/j       ( 2257): [0;32;31m[main][net.sunniwell.ui.d][a][-1]:launcher:immediate=false isChanged=true [m
02-26 00:05:26.132 D/j       ( 2257): [0;32;31m[main][com.huawei.mh2.launcher.j][a][-1]:launcher:changed=true [m
02-26 00:05:26.142 E/VPP_DLNA_LOG( 2814): [VPPDLNA]:SSDP recvd bad msg code = 1
02-26 00:05:26.143 E/VPP_DLNA_LOG( 2814): [VPPDLNA]:SSDP recvd bad msg code = 1
02-26 00:05:26.146 E/VPP_DLNA_LOG( 2814): [VPPDLNA]:SSDP recvd bad msg code = 1
02-26 00:05:26.154 D/j       ( 2257): [0;32;31m[main][net.sunniwell.ui.g][b][-1]:launcher:offsetWidth=4 offsetHeight=7 resizeImmediate=false [m
02-26 00:05:26.155 D/j       ( 2257): [0;32;31m[main][net.sunniwell.ui.g][a][-1]:launcher:offsetLeft=8 offsetTop=4 moveImmediate=false [m
02-26 00:05:26.156 D/j       ( 2257): [0;32;31m[main][net.sunniwell.ui.d][a][-1]:launcher:immediate=false isChanged=true [m
02-26 00:05:26.156 D/j       ( 2257): [0;32;31m[main][com.huawei.mh2.launcher.j][a][-1]:launcher:changed=true [m
02-26 00:05:26.174 D/j       ( 2257): [0;32;31m[main][net.sunniwell.ui.g][b][-1]:launcher:offsetWidth=0 offsetHeight=0 resizeImmediate=false [m
02-26 00:05:26.175 D/j       ( 2257): [0;32;31m[main][net.sunniwell.ui.g][a][-1]:launcher:offsetLeft=-6 offsetTop=-11 moveImmediate=false [m
02-26 00:05:26.176 D/j       ( 2257): [0;32;31m[main][net.sunniwell.ui.d][a][-1]:launcher:immediate=false isChanged=true [m
02-26 00:05:26.176 D/j       ( 2257): [0;32;31m[main][com.huawei.mh2.launcher.j][a][-1]:launcher:changed=true [m
02-26 00:05:26.195 D/j       ( 2257): [0;32;31m[main][net.sunniwell.ui.g][b][-1]:launcher:offsetWidth=0 offsetHeight=0 resizeImmediate=false [m
02-26 00:05:26.195 D/j       ( 2257): [0;32;31m[main][net.sunniwell.ui.g][a][-1]:launcher:offsetLeft=-3 offsetTop=-5 moveImmediate=false [m
02-26 00:05:26.196 D/j       ( 2257): [0;32;31m[main][net.sunniwell.ui.d][a][-1]:launcher:immediate=false isChanged=true [m
02-26 00:05:26.197 D/j       ( 2257): [0;32;31m[main][com.huawei.mh2.launcher.j][a][-1]:launcher:changed=true [m
02-26 00:05:26.216 D/j       ( 2257): [0;32;31m[main][net.sunniwell.ui.g][b][-1]:launcher:offsetWidth=0 offsetHeight=0 resizeImmediate=false [m
02-26 00:05:26.217 D/j       ( 2257): [0;32;31m[main][net.sunniwell.ui.g][a][-1]:launcher:offsetLeft=0 offsetTop=0 moveImmediate=false [m
02-26 00:05:26.217 D/j       ( 2257): [0;32;31m[main][net.sunniwell.ui.d][a][-1]:launcher:immediate=false isChanged=false [m
02-26 00:05:26.218 D/j       ( 2257): [0;32;31m[main][com.huawei.mh2.launcher.j][a][-1]:launcher:changed=false [m
02-26 00:05:26.247 E/VPP_DLNA_LOG( 2814): [VPPDLNA]:SSDP recvd bad msg code = 1
02-26 00:05:26.248 E/VPP_DLNA_LOG( 2814): [VPPDLNA]:SSDP recvd bad msg code = 1
02-26 00:05:26.249 E/VPP_DLNA_LOG( 2814): [VPPDLNA]:SSDP recvd bad msg code = 1
02-26 00:05:26.280 I/HiRMService( 2269):  ***** changeStats = 0
02-26 00:05:26.892 D/ImageLoader( 2257): Load image from memory cache [http://pic3.ptqy.gitv.tv/image/20150215/41/2c/a_100010524_m_601_260_360.jpg_333x461]
02-26 00:05:26.895 D/p       ( 2257): [0;32;31m[main][com.huawei.mh2.launcher.p][getView][-1]:launcher:position=12 convertView=null [m
02-26 00:05:26.911 D/j       ( 2257): [0;32;31m[main][net.sunniwell.ui.g][a][-1]:launcher:anchorView=com.huawei.mh2.launcher.a.s{2d4a63e8 VFE..... .FS...ID 840,75-1181,544} [m
02-26 00:05:26.991 D/j       ( 2257): [0;32;31m[main][net.sunniwell.ui.g][b][-1]:launcher:offsetWidth=0 offsetHeight=0 resizeImmediate=false [m
02-26 00:05:26.992 D/j       ( 2257): [0;32;31m[main][net.sunniwell.ui.g][a][-1]:launcher:offsetLeft=0 offsetTop=0 moveImmediate=false [m
02-26 00:05:26.993 D/j       ( 2257): [0;32;31m[main][net.sunniwell.ui.d][a][-1]:launcher:immediate=false isChanged=false [m
02-26 00:05:26.994 D/j       ( 2257): [0;32;31m[main][com.huawei.mh2.launcher.j][a][-1]:launcher:changed=false [m
02-26 00:05:27.001 D/Player/PlayerView/LoadingView( 2323): update speed: bitsPerSec=0
02-26 00:05:27.583 I/kernel  ( 2323): Connect: 70: host: 211.151.156.169, port: 443
02-26 00:05:27.583 I/kernel  ( 2323): Check: 123: try to get cmd
02-26 00:05:27.707 D/AndroidRuntime(18101): 
02-26 00:05:27.707 D/AndroidRuntime(18101): >>>>>> AndroidRuntime START com.android.internal.os.RuntimeInit <<<<<<
02-26 00:05:27.710 D/AndroidRuntime(18101): CheckJNI is OFF
02-26 00:05:27.722 I/dalvikvm(18101): DexOpt: mismatch dep signature for '/system/framework/android.policy.odex'
02-26 00:05:27.722 E/dalvikvm(18101): /system/framework/services.jar odex has stale dependencies
02-26 00:05:27.723 I/dalvikvm(18101): DexOpt: mismatch dep name: '/data/dalvik-cache/system@framework@services.jar@classes.dex' vs. '/system/framework/services.odex'
02-26 00:05:27.723 E/dalvikvm(18101): /system/framework/apache-xml.jar odex has stale dependencies
02-26 00:05:27.724 I/dalvikvm(18101): DexOpt: mismatch dep name: '/data/dalvik-cache/system@framework@services.jar@classes.dex' vs. '/system/framework/services.odex'
02-26 00:05:27.724 E/dalvikvm(18101): /system/framework/webviewchromium.jar odex has stale dependencies
02-26 00:05:27.735 D/dalvikvm(18101): Trying to load lib libjavacore.so 0x0
02-26 00:05:27.740 D/dalvikvm(18101): Added shared lib libjavacore.so 0x0
02-26 00:05:27.748 D/dalvikvm(18101): Trying to load lib libnativehelper.so 0x0
02-26 00:05:27.749 D/dalvikvm(18101): Added shared lib libnativehelper.so 0x0
02-26 00:05:27.749 D/dalvikvm(18101): No JNI_OnLoad found in libnativehelper.so 0x0, skipping init
02-26 00:05:27.777 I/dalvikvm(18101): DexOpt: mismatch dep name: '/data/dalvik-cache/system@framework@services.jar@classes.dex' vs. '/system/framework/services.odex'
02-26 00:05:27.777 E/dalvikvm(18101): /system/framework/input.jar odex has stale dependencies
02-26 00:05:27.803 D/dalvikvm(18101): Note: class Landroid/app/ActivityManagerNative; has 179 unimplemented (abstract) methods
02-26 00:05:27.851 I/kernel  ( 2323): Request: 205: 
02-26 00:05:27.976 I/kernel  ( 2323): OnGetCmd: 157: Success
02-26 00:05:27.996 E/memtrack(18101): Couldn't load memtrack module (No such file or directory)
02-26 00:05:27.996 E/android.os.Debug(18101): failed to load memtrack module: -2
02-26 00:05:27.999 I/EthernetJNI(18101): Loading ethernet jni class
02-26 00:05:28.001 D/Player/PlayerView/LoadingView( 2323): update speed: bitsPerSec=17176
02-26 00:05:28.069 D/AndroidRuntime(18101): Calling main entry com.android.commands.input.Input
02-26 00:05:28.070 I/Input   (18101): injectKeyEvent: KeyEvent { action=ACTION_DOWN, keyCode=KEYCODE_DPAD_UP, scanCode=0, metaState=0, flags=0x0, repeatCount=0, eventTime=23938245, downTime=23938245, deviceId=-1, source=0x101 }
02-26 00:05:28.075 D/WindowManager( 1948): keyCode =19
02-26 00:05:28.075 D/WindowManager( 1948): isLockedAllKeys =0
02-26 00:05:28.075 D/WindowManager( 1948): isHandleHomeKey = 1
02-26 00:05:28.075 D/WindowManager( 1948): isHandlePowerKey ==1
02-26 00:05:28.075 D/WindowManager( 1948): isHandleSettingKey=1
02-26 00:05:28.075 D/WindowManager( 1948): handleSystemKey==1
02-26 00:05:28.076 D/WindowManager( 1948): send broadcast key press down
02-26 00:05:28.076 W/ContextImpl( 1948): Calling a method in the system process without a qualified user: android.app.ContextImpl.sendBroadcast:1168 com.android.internal.policy.impl.PhoneWindowManager.interceptKeyBeforeQueueing:4109 com.android.server.wm.InputMonitor.interceptKeyBeforeQueueing:357 com.android.server.input.InputManagerService.interceptKeyBeforeQueueing:1352 com.android.server.input.InputManagerService.nativeInjectInputEvent:-2 
02-26 00:05:28.079 D/MainActivity( 2257): [0;32;31m[main][com.huawei.mh2.launcher.MainActivity][dispatchKeyEvent][-1]:launcher:keycode=19 [m
02-26 00:05:28.082 D/PosterPage( 2257): [0;32;31m[main][com.huawei.mh2.launcher.page.o][onFocusChange][-1]:launcher:hasFocus=false [m
02-26 00:05:28.082 I/Input   (18101): injectKeyEvent: KeyEvent { action=ACTION_UP, keyCode=KEYCODE_DPAD_UP, scanCode=0, metaState=0, flags=0x0, repeatCount=0, eventTime=23938245, downTime=23938245, deviceId=-1, source=0x101 }
02-26 00:05:28.082 D/WindowManager( 1948): keyCode =19
02-26 00:05:28.082 D/WindowManager( 1948): isLockedAllKeys =0
02-26 00:05:28.082 D/WindowManager( 1948): isHandleHomeKey = 1
02-26 00:05:28.082 D/WindowManager( 1948): isHandlePowerKey ==1
02-26 00:05:28.082 D/WindowManager( 1948): isHandleSettingKey=1
02-26 00:05:28.083 D/WindowManager( 1948): handleSystemKey==1
02-26 00:05:28.083 D/j       ( 2257): [0;32;31m[main][com.huawei.mh2.launcher.l][onGlobalFocusChanged][-1]:launcher:newFocus=com.huawei.mh2.launcher.a.n{2c944210 VFE...C. .FS..... 0,0-120,57 #7f0a0006 app:id/menu_title_home} [m
02-26 00:05:28.084 D/AudioPolicyManagerBase( 1406): startOutput() output 2, stream 1, session 356
02-26 00:05:28.084 D/AudioPolicyManagerBase( 1406): startoutput ->setOutputDevice
02-26 00:05:28.084 D/AudioPolicyManagerBase( 1406): AudioPolicyManagerBase::checkAndSetVolume 13,0.377113
02-26 00:05:28.085 D/j       ( 2257): [0;32;31m[main][net.sunniwell.ui.e][onGlobalFocusChanged][-1]:launcher:smoothMove [m
02-26 00:05:28.085 D/AndroidRuntime(18101): Shutting down VM
02-26 00:05:28.086 D/j       ( 2257): [0;32;31m[main][net.sunniwell.ui.g][a][-1]:launcher:anchorView=com.huawei.mh2.launcher.a.n{2c944210 VFE...C. .FS..... 0,0-120,57 #7f0a0006 app:id/menu_title_home} [m
02-26 00:05:28.086 E/cutils-trace(18101): Error opening trace file: No such file or directory (2)
02-26 00:05:28.088 D/FrameworkPage( 2257): [0;32;31m[main][com.huawei.mh2.launcher.page.FrameworkPage][onFocusChange][-1]:launcher:v=com.huawei.mh2.launcher.a.n{2c944210 VFE...C. .FS...ID 0,0-120,57 #7f0a0006 app:id/menu_title_home} [m
02-26 00:05:28.089 D/MainActivity( 2257): [0;32;31m[main][com.huawei.mh2.launcher.MainActivity][dispatchKeyEvent][-1]:launcher:keycode=19 [m
02-26 00:05:28.090 D/dalvikvm(18101): GC_CONCURRENT freed 98K, 16% free 566K/668K, paused 1ms+0ms, total 4ms
02-26 00:05:28.092 D/ImageLoader( 2257): Load image from memory cache [http://pic3.ptqy.gitv.tv/image/20150215/41/2c/a_100010524_m_601_260_360.jpg_333x461]
02-26 00:05:28.093 D/p       ( 2257): [0;32;31m[main][com.huawei.mh2.launcher.p][getView][-1]:launcher:position=12 convertView=null [m
02-26 00:05:28.109 D/j       ( 2257): [0;32;31m[main][net.sunniwell.ui.g][b][-1]:launcher:offsetWidth=-147 offsetHeight=-279 resizeImmediate=false [m
02-26 00:05:28.110 D/j       ( 2257): [0;32;31m[main][net.sunniwell.ui.g][a][-1]:launcher:offsetLeft=-312 offsetTop=-115 moveImmediate=false [m
02-26 00:05:28.112 D/j       ( 2257): [0;32;31m[main][net.sunniwell.ui.d][a][-1]:launcher:immediate=false isChanged=true [m
02-26 00:05:28.113 D/j       ( 2257): [0;32;31m[main][com.huawei.mh2.launcher.j][a][-1]:launcher:changed=true [m
02-26 00:05:28.118 D/j       ( 2257): [0;32;31m[main][net.sunniwell.ui.g][b][-1]:launcher:offsetWidth=-51 offsetHeight=-97 resizeImmediate=false [m
02-26 00:05:28.119 D/j       ( 2257): [0;32;31m[main][net.sunniwell.ui.g][a][-1]:launcher:offsetLeft=-109 offsetTop=-40 moveImmediate=false [m
02-26 00:05:28.120 D/j       ( 2257): [0;32;31m[main][net.sunniwell.ui.d][a][-1]:launcher:immediate=false isChanged=true [m
02-26 00:05:28.120 D/j       ( 2257): [0;32;31m[main][com.huawei.mh2.launcher.j][a][-1]:launcher:changed=true [m
02-26 00:05:28.134 D/j       ( 2257): [0;32;31m[main][net.sunniwell.ui.g][b][-1]:launcher:offsetWidth=-18 offsetHeight=-34 resizeImmediate=false [m
02-26 00:05:28.134 D/j       ( 2257): [0;32;31m[main][net.sunniwell.ui.g][a][-1]:launcher:offsetLeft=-38 offsetTop=-14 moveImmediate=false [m
02-26 00:05:28.135 D/j       ( 2257): [0;32;31m[main][net.sunniwell.ui.d][a][-1]:launcher:immediate=false isChanged=true [m
02-26 00:05:28.136 D/j       ( 2257): [0;32;31m[main][com.huawei.mh2.launcher.j][a][-1]:launcher:changed=true [m
02-26 00:05:28.155 D/j       ( 2257): [0;32;31m[main][net.sunniwell.ui.g][b][-1]:launcher:offsetWidth=-6 offsetHeight=-12 resizeImmediate=false [m
02-26 00:05:28.156 D/j       ( 2257): [0;32;31m[main][net.sunniwell.ui.g][a][-1]:launcher:offsetLeft=-13 offsetTop=-7 moveImmediate=false [m
02-26 00:05:28.157 D/j       ( 2257): [0;32;31m[main][net.sunniwell.ui.d][a][-1]:launcher:immediate=false isChanged=true [m
02-26 00:05:28.159 D/j       ( 2257): [0;32;31m[main][com.huawei.mh2.launcher.j][a][-1]:launcher:changed=true [m
02-26 00:05:28.179 D/j       ( 2257): [0;32;31m[main][net.sunniwell.ui.g][b][-1]:launcher:offsetWidth=-3 offsetHeight=-6 resizeImmediate=false [m
02-26 00:05:28.180 D/j       ( 2257): [0;32;31m[main][net.sunniwell.ui.g][a][-1]:launcher:offsetLeft=-7 offsetTop=0 moveImmediate=false [m
02-26 00:05:28.181 D/j       ( 2257): [0;32;31m[main][net.sunniwell.ui.d][a][-1]:launcher:immediate=false isChanged=true [m
02-26 00:05:28.182 D/j       ( 2257): [0;32;31m[main][com.huawei.mh2.launcher.j][a][-1]:launcher:changed=true [m
02-26 00:05:28.201 D/j       ( 2257): [0;32;31m[main][net.sunniwell.ui.g][b][-1]:launcher:offsetWidth=0 offsetHeight=0 resizeImmediate=false [m
02-26 00:05:28.201 D/j       ( 2257): [0;32;31m[main][net.sunniwell.ui.g][a][-1]:launcher:offsetLeft=0 offsetTop=0 moveImmediate=false [m
02-26 00:05:28.202 D/j       ( 2257): [0;32;31m[main][net.sunniwell.ui.d][a][-1]:launcher:immediate=false isChanged=false [m
02-26 00:05:28.203 D/j       ( 2257): [0;32;31m[main][com.huawei.mh2.launcher.j][a][-1]:launcher:changed=false [m
02-26 00:05:29.001 D/Player/PlayerView/LoadingView( 2323): update speed: bitsPerSec=0
02-26 00:05:29.752 D/AndroidRuntime(18113): 
02-26 00:05:29.752 D/AndroidRuntime(18113): >>>>>> AndroidRuntime START com.android.internal.os.RuntimeInit <<<<<<
02-26 00:05:29.756 D/AndroidRuntime(18113): CheckJNI is OFF
02-26 00:05:29.770 I/dalvikvm(18113): DexOpt: mismatch dep signature for '/system/framework/android.policy.odex'
02-26 00:05:29.770 E/dalvikvm(18113): /system/framework/services.jar odex has stale dependencies
02-26 00:05:29.771 I/dalvikvm(18113): DexOpt: mismatch dep name: '/data/dalvik-cache/system@framework@services.jar@classes.dex' vs. '/system/framework/services.odex'
02-26 00:05:29.771 E/dalvikvm(18113): /system/framework/apache-xml.jar odex has stale dependencies
02-26 00:05:29.773 I/dalvikvm(18113): DexOpt: mismatch dep name: '/data/dalvik-cache/system@framework@services.jar@classes.dex' vs. '/system/framework/services.odex'
02-26 00:05:29.773 E/dalvikvm(18113): /system/framework/webviewchromium.jar odex has stale dependencies
02-26 00:05:29.781 D/dalvikvm(18113): Trying to load lib libjavacore.so 0x0
02-26 00:05:29.785 D/dalvikvm(18113): Added shared lib libjavacore.so 0x0
02-26 00:05:29.790 D/dalvikvm(18113): Trying to load lib libnativehelper.so 0x0
02-26 00:05:29.790 D/dalvikvm(18113): Added shared lib libnativehelper.so 0x0
02-26 00:05:29.790 D/dalvikvm(18113): No JNI_OnLoad found in libnativehelper.so 0x0, skipping init
02-26 00:05:29.809 I/dalvikvm(18113): DexOpt: mismatch dep name: '/data/dalvik-cache/system@framework@services.jar@classes.dex' vs. '/system/framework/services.odex'
02-26 00:05:29.809 E/dalvikvm(18113): /system/framework/input.jar odex has stale dependencies
02-26 00:05:29.813 E/cutils-trace(18113): Error opening trace file: No such file or directory (2)
02-26 00:05:29.835 D/dalvikvm(18113): Note: class Landroid/app/ActivityManagerNative; has 179 unimplemented (abstract) methods
02-26 00:05:30.001 D/Player/PlayerView/LoadingView( 2323): update speed: bitsPerSec=0
02-26 00:05:30.028 E/memtrack(18113): Couldn't load memtrack module (No such file or directory)
02-26 00:05:30.028 E/android.os.Debug(18113): failed to load memtrack module: -2
02-26 00:05:30.031 I/EthernetJNI(18113): Loading ethernet jni class
02-26 00:05:30.103 D/AndroidRuntime(18113): Calling main entry com.android.commands.input.Input
02-26 00:05:30.104 I/Input   (18113): injectKeyEvent: KeyEvent { action=ACTION_DOWN, keyCode=KEYCODE_DPAD_DOWN, scanCode=0, metaState=0, flags=0x0, repeatCount=0, eventTime=23940279, downTime=23940279, deviceId=-1, source=0x101 }
02-26 00:05:30.109 D/WindowManager( 1948): keyCode =20
02-26 00:05:30.110 D/WindowManager( 1948): isLockedAllKeys =0
02-26 00:05:30.110 D/WindowManager( 1948): isHandleHomeKey = 1
02-26 00:05:30.110 D/WindowManager( 1948): isHandlePowerKey ==1
02-26 00:05:30.110 D/WindowManager( 1948): isHandleSettingKey=1
02-26 00:05:30.110 D/WindowManager( 1948): handleSystemKey==1
02-26 00:05:30.111 D/WindowManager( 1948): send broadcast key press down
02-26 00:05:30.111 W/ContextImpl( 1948): Calling a method in the system process without a qualified user: android.app.ContextImpl.sendBroadcast:1168 com.android.internal.policy.impl.PhoneWindowManager.interceptKeyBeforeQueueing:4109 com.android.server.wm.InputMonitor.interceptKeyBeforeQueueing:357 com.android.server.input.InputManagerService.interceptKeyBeforeQueueing:1352 com.android.server.input.InputManagerService.nativeInjectInputEvent:-2 
02-26 00:05:30.114 D/MainActivity( 2257): [0;32;31m[main][com.huawei.mh2.launcher.MainActivity][dispatchKeyEvent][-1]:launcher:keycode=20 [m
02-26 00:05:30.116 I/Input   (18113): injectKeyEvent: KeyEvent { action=ACTION_UP, keyCode=KEYCODE_DPAD_DOWN, scanCode=0, metaState=0, flags=0x0, repeatCount=0, eventTime=23940279, downTime=23940279, deviceId=-1, source=0x101 }
02-26 00:05:30.116 D/j       ( 2257): [0;32;31m[main][com.huawei.mh2.launcher.l][onGlobalFocusChanged][-1]:launcher:newFocus=com.huawei.mh2.launcher.a.s{2d4a63e8 VFE..... .FS..... 840,75-1181,544} [m
02-26 00:05:30.116 D/WindowManager( 1948): keyCode =20
02-26 00:05:30.116 D/WindowManager( 1948): isLockedAllKeys =0
02-26 00:05:30.116 D/WindowManager( 1948): isHandleHomeKey = 1
02-26 00:05:30.116 D/WindowManager( 1948): isHandlePowerKey ==1
02-26 00:05:30.116 D/WindowManager( 1948): isHandleSettingKey=1
02-26 00:05:30.117 D/WindowManager( 1948): handleSystemKey==1
02-26 00:05:30.117 D/AudioPolicyManagerBase( 1406): startOutput() output 2, stream 1, session 357
02-26 00:05:30.117 D/AudioPolicyManagerBase( 1406): startoutput ->setOutputDevice
02-26 00:05:30.117 D/AudioPolicyManagerBase( 1406): AudioPolicyManagerBase::checkAndSetVolume 13,0.377113
02-26 00:05:30.119 D/AndroidRuntime(18113): Shutting down VM
02-26 00:05:30.119 D/j       ( 2257): [0;32;31m[main][net.sunniwell.ui.e][onGlobalFocusChanged][-1]:launcher:smoothMove [m
02-26 00:05:30.121 D/j       ( 2257): [0;32;31m[main][net.sunniwell.ui.g][a][-1]:launcher:anchorView=com.huawei.mh2.launcher.a.s{2d4a63e8 VFE..... .FS..... 840,75-1181,544} [m
02-26 00:05:30.122 D/PosterPage( 2257): [0;32;31m[main][com.huawei.mh2.launcher.page.o][onFocusChange][-1]:launcher:hasFocus=true [m
02-26 00:05:30.123 D/dalvikvm(18113): GC_CONCURRENT freed 98K, 16% free 566K/668K, paused 0ms+1ms, total 3ms
02-26 00:05:30.124 D/MainActivity( 2257): [0;32;31m[main][com.huawei.mh2.launcher.MainActivity][dispatchKeyEvent][-1]:launcher:keycode=20 [m
02-26 00:05:30.126 D/ImageLoader( 2257): Load image from memory cache [http://pic3.ptqy.gitv.tv/image/20150215/41/2c/a_100010524_m_601_260_360.jpg_333x461]
02-26 00:05:30.127 D/p       ( 2257): [0;32;31m[main][com.huawei.mh2.launcher.p][getView][-1]:launcher:position=12 convertView=null [m
02-26 00:05:30.149 D/j       ( 2257): [0;32;31m[main][net.sunniwell.ui.g][b][-1]:launcher:offsetWidth=146 offsetHeight=278 resizeImmediate=false [m
02-26 00:05:30.150 D/j       ( 2257): [0;32;31m[main][net.sunniwell.ui.g][a][-1]:launcher:offsetLeft=317 offsetTop=124 moveImmediate=false [m
02-26 00:05:30.151 D/j       ( 2257): [0;32;31m[main][net.sunniwell.ui.d][a][-1]:launcher:immediate=false isChanged=true [m
02-26 00:05:30.152 D/j       ( 2257): [0;32;31m[main][com.huawei.mh2.launcher.j][a][-1]:launcher:changed=true [m
02-26 00:05:30.159 D/j       ( 2257): [0;32;31m[main][net.sunniwell.ui.g][b][-1]:launcher:offsetWidth=51 offsetHeight=97 resizeImmediate=false [m
02-26 00:05:30.160 D/j       ( 2257): [0;32;31m[main][net.sunniwell.ui.g][a][-1]:launcher:offsetLeft=111 offsetTop=44 moveImmediate=false [m
02-26 00:05:30.161 D/j       ( 2257): [0;32;31m[main][net.sunniwell.ui.d][a][-1]:launcher:immediate=false isChanged=true [m
02-26 00:05:30.162 D/j       ( 2257): [0;32;31m[main][com.huawei.mh2.launcher.j][a][-1]:launcher:changed=true [m
02-26 00:05:30.171 D/j       ( 2257): [0;32;31m[main][net.sunniwell.ui.g][b][-1]:launcher:offsetWidth=18 offsetHeight=34 resizeImmediate=false [m
02-26 00:05:30.172 D/j       ( 2257): [0;32;31m[main][net.sunniwell.ui.g][a][-1]:launcher:offsetLeft=39 offsetTop=15 moveImmediate=false [m
02-26 00:05:30.174 D/j       ( 2257): [0;32;31m[main][net.sunniwell.ui.d][a][-1]:launcher:immediate=false isChanged=true [m
02-26 00:05:30.176 D/j       ( 2257): [0;32;31m[main][com.huawei.mh2.launcher.j][a][-1]:launcher:changed=true [m
02-26 00:05:30.197 D/j       ( 2257): [0;32;31m[main][net.sunniwell.ui.g][b][-1]:launcher:offsetWidth=6 offsetHeight=12 resizeImmediate=false [m
02-26 00:05:30.198 D/j       ( 2257): [0;32;31m[main][net.sunniwell.ui.g][a][-1]:launcher:offsetLeft=13 offsetTop=5 moveImmediate=false [m
02-26 00:05:30.200 D/j       ( 2257): [0;32;31m[main][net.sunniwell.ui.d][a][-1]:launcher:immediate=false isChanged=true [m
02-26 00:05:30.201 D/j       ( 2257): [0;32;31m[main][com.huawei.mh2.launcher.j][a][-1]:launcher:changed=true [m
02-26 00:05:30.242 D/j       ( 2257): [0;32;31m[main][net.sunniwell.ui.g][b][-1]:launcher:offsetWidth=4 offsetHeight=7 resizeImmediate=false [m
02-26 00:05:30.251 D/dalvikvm( 2257): GC_CONCURRENT freed 8058K, 39% free 52240K/85332K, paused 3ms+11ms, total 82ms
02-26 00:05:30.251 D/j       ( 2257): [0;32;31m[main][net.sunniwell.ui.g][a][-1]:launcher:offsetLeft=8 offsetTop=4 moveImmediate=false [m
02-26 00:05:30.252 D/j       ( 2257): [0;32;31m[main][net.sunniwell.ui.d][a][-1]:launcher:immediate=false isChanged=true [m
02-26 00:05:30.254 D/j       ( 2257): [0;32;31m[main][com.huawei.mh2.launcher.j][a][-1]:launcher:changed=true [m
02-26 00:05:30.255 D/j       ( 2257): [0;32;31m[main][net.sunniwell.ui.g][b][-1]:launcher:offsetWidth=0 offsetHeight=0 resizeImmediate=false [m
02-26 00:05:30.257 D/j       ( 2257): [0;32;31m[main][net.sunniwell.ui.g][a][-1]:launcher:offsetLeft=-6 offsetTop=-11 moveImmediate=false [m
02-26 00:05:30.258 D/j       ( 2257): [0;32;31m[main][net.sunniwell.ui.d][a][-1]:launcher:immediate=false isChanged=true [m
02-26 00:05:30.259 D/j       ( 2257): [0;32;31m[main][com.huawei.mh2.launcher.j][a][-1]:launcher:changed=true [m
02-26 00:05:30.264 D/j       ( 2257): [0;32;31m[main][net.sunniwell.ui.g][b][-1]:launcher:offsetWidth=0 offsetHeight=0 resizeImmediate=false [m
02-26 00:05:30.266 D/j       ( 2257): [0;32;31m[main][net.sunniwell.ui.g][a][-1]:launcher:offsetLeft=-3 offsetTop=-5 moveImmediate=false [m
02-26 00:05:30.267 D/j       ( 2257): [0;32;31m[main][net.sunniwell.ui.d][a][-1]:launcher:immediate=false isChanged=true [m
02-26 00:05:30.268 D/j       ( 2257): [0;32;31m[main][com.huawei.mh2.launcher.j][a][-1]:launcher:changed=true [m
02-26 00:05:30.283 D/j       ( 2257): [0;32;31m[main][net.sunniwell.ui.g][b][-1]:launcher:offsetWidth=0 offsetHeight=0 resizeImmediate=false [m
02-26 00:05:30.284 D/j       ( 2257): [0;32;31m[main][net.sunniwell.ui.g][a][-1]:launcher:offsetLeft=0 offsetTop=0 moveImmediate=false [m
02-26 00:05:30.285 D/j       ( 2257): [0;32;31m[main][net.sunniwell.ui.d][a][-1]:launcher:immediate=false isChanged=false [m
02-26 00:05:30.286 D/j       ( 2257): [0;32;31m[main][com.huawei.mh2.launcher.j][a][-1]:launcher:changed=false [m
02-26 00:05:30.942 D/ImageLoader( 2257): Load image from memory cache [http://pic3.ptqy.gitv.tv/image/20150215/41/2c/a_100010524_m_601_260_360.jpg_333x461]
02-26 00:05:30.945 D/p       ( 2257): [0;32;31m[main][com.huawei.mh2.launcher.p][getView][-1]:launcher:position=12 convertView=null [m
02-26 00:05:30.961 D/j       ( 2257): [0;32;31m[main][net.sunniwell.ui.g][a][-1]:launcher:anchorView=com.huawei.mh2.launcher.a.s{2d4a63e8 VFE..... .FS...ID 840,75-1181,544} [m
02-26 00:05:31.001 D/Player/PlayerView/LoadingView( 2323): update speed: bitsPerSec=0
02-26 00:05:31.040 D/j       ( 2257): [0;32;31m[main][net.sunniwell.ui.g][b][-1]:launcher:offsetWidth=0 offsetHeight=0 resizeImmediate=false [m
02-26 00:05:31.042 D/j       ( 2257): [0;32;31m[main][net.sunniwell.ui.g][a][-1]:launcher:offsetLeft=0 offsetTop=0 moveImmediate=false [m
02-26 00:05:31.043 D/j       ( 2257): [0;32;31m[main][net.sunniwell.ui.d][a][-1]:launcher:immediate=false isChanged=false [m
02-26 00:05:31.043 D/j       ( 2257): [0;32;31m[main][com.huawei.mh2.launcher.j][a][-1]:launcher:changed=false [m
02-26 00:05:32.001 D/Player/PlayerView/LoadingView( 2323): update speed: bitsPerSec=0
02-26 00:05:32.858 D/AndroidRuntime(18125): 
02-26 00:05:32.858 D/AndroidRuntime(18125): >>>>>> AndroidRuntime START com.android.internal.os.RuntimeInit <<<<<<
02-26 00:05:32.860 D/AndroidRuntime(18125): CheckJNI is OFF
02-26 00:05:32.870 I/dalvikvm(18125): DexOpt: mismatch dep signature for '/system/framework/android.policy.odex'
02-26 00:05:32.870 E/dalvikvm(18125): /system/framework/services.jar odex has stale dependencies
02-26 00:05:32.871 I/dalvikvm(18125): DexOpt: mismatch dep name: '/data/dalvik-cache/system@framework@services.jar@classes.dex' vs. '/system/framework/services.odex'
02-26 00:05:32.871 E/dalvikvm(18125): /system/framework/apache-xml.jar odex has stale dependencies
02-26 00:05:32.871 I/dalvikvm(18125): DexOpt: mismatch dep name: '/data/dalvik-cache/system@framework@services.jar@classes.dex' vs. '/system/framework/services.odex'
02-26 00:05:32.871 E/dalvikvm(18125): /system/framework/webviewchromium.jar odex has stale dependencies
02-26 00:05:32.880 D/dalvikvm(18125): Trying to load lib libjavacore.so 0x0
02-26 00:05:32.884 D/dalvikvm(18125): Added shared lib libjavacore.so 0x0
02-26 00:05:32.889 D/dalvikvm(18125): Trying to load lib libnativehelper.so 0x0
02-26 00:05:32.889 D/dalvikvm(18125): Added shared lib libnativehelper.so 0x0
02-26 00:05:32.890 D/dalvikvm(18125): No JNI_OnLoad found in libnativehelper.so 0x0, skipping init
02-26 00:05:32.908 I/dalvikvm(18125): DexOpt: mismatch dep name: '/data/dalvik-cache/system@framework@services.jar@classes.dex' vs. '/system/framework/services.odex'
02-26 00:05:32.908 E/dalvikvm(18125): /system/framework/input.jar odex has stale dependencies
02-26 00:05:32.935 D/dalvikvm(18125): Note: class Landroid/app/ActivityManagerNative; has 179 unimplemented (abstract) methods
02-26 00:05:33.001 D/Player/PlayerView/LoadingView( 2323): update speed: bitsPerSec=0
02-26 00:05:33.121 E/VPP_DLNA_LOG( 2814): [VPPDLNA]:SSDP recvd bad msg code = 1
02-26 00:05:33.123 E/VPP_DLNA_LOG( 2814): [VPPDLNA]:SSDP recvd bad msg code = 1
02-26 00:05:33.125 E/VPP_DLNA_LOG( 2814): [VPPDLNA]:SSDP recvd bad msg code = 1
02-26 00:05:33.143 E/memtrack(18125): Couldn't load memtrack module (No such file or directory)
02-26 00:05:33.143 E/android.os.Debug(18125): failed to load memtrack module: -2
02-26 00:05:33.145 I/EthernetJNI(18125): Loading ethernet jni class
02-26 00:05:33.174 E/VPP_DLNA_LOG( 2814): [VPPDLNA]:SSDP recvd bad msg code = 1
02-26 00:05:33.176 E/VPP_DLNA_LOG( 2814): [VPPDLNA]:SSDP recvd bad msg code = 1
02-26 00:05:33.178 E/VPP_DLNA_LOG( 2814): [VPPDLNA]:SSDP recvd bad msg code = 1
02-26 00:05:33.225 D/AndroidRuntime(18125): Calling main entry com.android.commands.input.Input
02-26 00:05:33.226 I/Input   (18125): injectKeyEvent: KeyEvent { action=ACTION_DOWN, keyCode=KEYCODE_ENTER, scanCode=0, metaState=0, flags=0x0, repeatCount=0, eventTime=23943401, downTime=23943401, deviceId=-1, source=0x101 }
02-26 00:05:33.232 D/WindowManager( 1948): keyCode =66
02-26 00:05:33.232 D/WindowManager( 1948): isLockedAllKeys =0
02-26 00:05:33.232 D/WindowManager( 1948): isHandleHomeKey = 1
02-26 00:05:33.232 D/WindowManager( 1948): isHandlePowerKey ==1
02-26 00:05:33.232 D/WindowManager( 1948): isHandleSettingKey=1
02-26 00:05:33.232 D/WindowManager( 1948): handleSystemKey==1
02-26 00:05:33.233 D/WindowManager( 1948): send broadcast key press down
02-26 00:05:33.233 W/ContextImpl( 1948): Calling a method in the system process without a qualified user: android.app.ContextImpl.sendBroadcast:1168 com.android.internal.policy.impl.PhoneWindowManager.interceptKeyBeforeQueueing:4109 com.android.server.wm.InputMonitor.interceptKeyBeforeQueueing:357 com.android.server.input.InputManagerService.interceptKeyBeforeQueueing:1352 com.android.server.input.InputManagerService.nativeInjectInputEvent:-2 
02-26 00:05:33.237 D/MainActivity( 2257): [0;32;31m[main][com.huawei.mh2.launcher.MainActivity][dispatchKeyEvent][-1]:launcher:keycode=66 [m
02-26 00:05:33.238 I/Input   (18125): injectKeyEvent: KeyEvent { action=ACTION_UP, keyCode=KEYCODE_ENTER, scanCode=0, metaState=0, flags=0x0, repeatCount=0, eventTime=23943401, downTime=23943401, deviceId=-1, source=0x101 }
02-26 00:05:33.238 D/WindowManager( 1948): keyCode =66
02-26 00:05:33.238 D/WindowManager( 1948): isLockedAllKeys =0
02-26 00:05:33.238 D/WindowManager( 1948): isHandleHomeKey = 1
02-26 00:05:33.238 D/WindowManager( 1948): isHandlePowerKey ==1
02-26 00:05:33.238 D/WindowManager( 1948): isHandleSettingKey=1
02-26 00:05:33.238 D/WindowManager( 1948): handleSystemKey==1
02-26 00:05:33.241 D/MainActivity( 2257): [0;32;31m[main][com.huawei.mh2.launcher.MainActivity][dispatchKeyEvent][-1]:launcher:keycode=66 [m
02-26 00:05:33.244 D/AudioPolicyManagerBase( 1406): startOutput() output 2, stream 1, session 358
02-26 00:05:33.244 D/AudioPolicyManagerBase( 1406): startoutput ->setOutputDevice
02-26 00:05:33.244 D/AudioPolicyManagerBase( 1406): AudioPolicyManagerBase::checkAndSetVolume 13,0.377113
02-26 00:05:33.246 D/g       ( 2257): [0;32;31m[main][com.huawei.mh2.launcher.b.g][a][-1]:launcher:dataInfo = id=0232ebdd3b18d801e3f158650792156f,type=0,title=ä¸­å›½æ¢¦æƒ³ç§€ä¹‹æŠ˜çº¸ç‹‚äººç›¼åœ†å¦»å­ç¾Šé©¼ä¹‹æ¢¦,classTag=null,sort=null,filterTag=null,obj=com.qiyi.tv.client.data.Video@2d4cfb18 [m
02-26 00:05:33.247 I/EthernetService( 1948): getWifiDisguiseState: STATE UNKNOWN
02-26 00:05:33.247 I/EthernetManager( 1948): getWifiDisguiseState2
02-26 00:05:33.247 I/EthernetService( 1948): getWifiDisguiseState: STATE UNKNOWN
02-26 00:05:33.247 I/EthernetService( 1948): getWifiDisguiseState: STATE UNKNOWN
02-26 00:05:33.248 I/EthernetManager( 1948): getWifiDisguiseState2
02-26 00:05:33.248 D/g       ( 2257): [0;32;31m[main][com.huawei.mh2.launcher.b.g][a][-1]:launcher:type = 0 [m
02-26 00:05:33.248 I/EthernetService( 1948): getWifiDisguiseState: STATE UNKNOWN
02-26 00:05:33.250 D/g       ( 2257): [0;32;31m[main][com.huawei.mh2.launcher.b.g][i][-1]:launcher:isNetworkReachable [m
02-26 00:05:33.264 D/ClientHelper( 2257): isConnected() ClientHelper@2c9af570{mCurrentState=2, mTargetState=2, mAuthSuccess=true, mListener=com.qiyi.tv.client.project.BaseClient$ProxyListener@2c9ef300, mService=com.qiyi.tv.client.IQiyiService$Stub$Proxy@2ef93858}
02-26 00:05:33.264 D/ClientHelper( 2257): isAuthSuccess() ClientHelper@2c9af570{mCurrentState=2, mTargetState=2, mAuthSuccess=true, mListener=com.qiyi.tv.client.project.BaseClient$ProxyListener@2c9ef300, mService=com.qiyi.tv.client.IQiyiService$Stub$Proxy@2ef93858}
02-26 00:05:33.264 D/Utils   ( 2257): dumpBundle() copyBundle() target=: bundle size=3
02-26 00:05:33.264 D/Utils   ( 2257): dumpBundle() copyBundle() target=: key[com.qiyi.tv.sdk.extra.EXTRA_OPERATION_TYPE]=20001
02-26 00:05:33.265 D/Utils   ( 2257): dumpBundle() copyBundle() target=: key[com.qiyi.tv.sdk.extra.EXTRA_OPERATION_DATA_TYPE]=30000
02-26 00:05:33.265 D/Utils   ( 2257): dumpBundle() copyBundle() target=: key[com.qiyi.tv.sdk.extra.EXTRA_OPERATION_TARGET]=10201
02-26 00:05:33.265 D/Utils   ( 2257): dumpBundle() copyBundle() source=: bundle size=2
02-26 00:05:33.265 D/Utils   ( 2257): dumpBundle() copyBundle() source=: key[com.qiyi.tv.sdk.extra.EXTRA_INTENT_FLAG]=335577088
02-26 00:05:33.265 D/Utils   ( 2257): dumpBundle() copyBundle() source=: key[com.qiyi.tv.sdk.extra.EXTRA_VIDEO]=com.qiyi.tv.client.data.Video@2d4cfb18
02-26 00:05:33.265 D/Utils   ( 2257): dumpBundle() copyBundle() final=: bundle size=5
02-26 00:05:33.265 D/Utils   ( 2257): dumpBundle() copyBundle() final=: key[com.qiyi.tv.sdk.extra.EXTRA_OPERATION_TYPE]=20001
02-26 00:05:33.265 D/Utils   ( 2257): dumpBundle() copyBundle() final=: key[com.qiyi.tv.sdk.extra.EXTRA_INTENT_FLAG]=335577088
02-26 00:05:33.265 D/Utils   ( 2257): dumpBundle() copyBundle() final=: key[com.qiyi.tv.sdk.extra.EXTRA_OPERATION_DATA_TYPE]=30000
02-26 00:05:33.265 D/Utils   ( 2257): dumpBundle() copyBundle() final=: key[com.qiyi.tv.sdk.extra.EXTRA_VIDEO]=com.qiyi.tv.client.data.Video@2d4cfb18
02-26 00:05:33.265 D/Utils   ( 2257): dumpBundle() copyBundle() final=: key[com.qiyi.tv.sdk.extra.EXTRA_OPERATION_TARGET]=10201
02-26 00:05:33.265 D/ClientHelper( 2257): isConnected() ClientHelper@2c9af570{mCurrentState=2, mTargetState=2, mAuthSuccess=true, mListener=com.qiyi.tv.client.project.BaseClient$ProxyListener@2c9ef300, mService=com.qiyi.tv.client.IQiyiService$Stub$Proxy@2ef93858}
02-26 00:05:33.265 D/g       ( 2257): [0;32;31m[main][com.huawei.mh2.launcher.b.g][i][-1]:launcher:isNetworkReachable return true [m
02-26 00:05:33.265 D/ClientHelper( 2257): isAuthSuccess() ClientHelper@2c9af570{mCurrentState=2, mTargetState=2, mAuthSuccess=true, mListener=com.qiyi.tv.client.project.BaseClient$ProxyListener@2c9ef300, mService=com.qiyi.tv.client.IQiyiService$Stub$Proxy@2ef93858}
02-26 00:05:33.267 D/OpenApiBinder( 2323): invoke() begin. bundle size=5
02-26 00:05:33.267 D/OpenApiBinder( 2323): invoke() begin. key[com.qiyi.tv.sdk.extra.EXTRA_OPERATION_TYPE]=20001
02-26 00:05:33.267 D/OpenApiBinder( 2323): invoke() begin. key[com.qiyi.tv.sdk.extra.EXTRA_INTENT_FLAG]=335577088
02-26 00:05:33.267 D/OpenApiBinder( 2323): invoke() begin. key[com.qiyi.tv.sdk.extra.EXTRA_OPERATION_DATA_TYPE]=30000
02-26 00:05:33.267 D/OpenApiBinder( 2323): invoke() begin. key[com.qiyi.tv.sdk.extra.EXTRA_VIDEO]=com.qiyi.tv.client.data.Video@2f294088
02-26 00:05:33.267 D/OpenApiBinder( 2323): invoke() begin. key[com.qiyi.tv.sdk.extra.EXTRA_OPERATION_TARGET]=10201
02-26 00:05:33.267 D/OpenApiManager( 2323): isAllowedClient() pid=2257, holder=Holder(code=0, client=ClientInfo(vn=2.0, vc=24956, pk=com.huawei.mh2.launcher)) return true
02-26 00:05:33.267 D/OpenApiBinder( 2323): invoke() find command=com.qiyi.video.openplay.service.feature.open.OpenMediaCommand@2c923c50
02-26 00:05:33.267 D/ProcessWatcher( 2323): getToken() 2257 return AccessToken@{count=16, time=1424937735803, duration=3600000, maxCount=3600000, interval=0)
02-26 00:05:33.267 D/AccessToken( 2323): isAllowedAccess() now = 1424937933268, mMaxCount = 3600000
02-26 00:05:33.268 D/AccessToken( 2323): isAllowedAccess() count=16, time=1424937735803, return true
02-26 00:05:33.268 D/LocalVideo( 2323): LocalVideo(com.qiyi.tv.client.data.Video@2f294088) LocalVideo(mType=1, mId=349989700, mName=ä¸­å›½æ¢¦æƒ³ç§€ä¹‹æŠ˜çº¸ç‹‚äººç›¼åœ†å¦»å­ç¾Šé©¼ä¹‹æ¢¦, mChannelId=6, mAlbumId=202509101, mIsSeries=true, mStartTime=0, mCornerHint=3, mPicUrl=http://pic8.ptqy.gitv.tv/image/20150225/54/4c/v_108966887_m_601_m1_354_490.jpg, mUserTags=Bundle@[size=2,com.qiyi.tv.internal.extra.EXTRA_TYPE=0],com.qiyi.tv.internal.extra.EXTRA_SOURCE_CODE=202509101])
02-26 00:05:33.269 D/OpenApiUtils( 2323): createChannelLabel(LocalVideo(mType=1, mId=349989700, mName=ä¸­å›½æ¢¦æƒ³ç§€ä¹‹æŠ˜çº¸ç‹‚äººç›¼åœ†å¦»å­ç¾Šé©¼ä¹‹æ¢¦, mChannelId=6, mAlbumId=202509101, mIsSeries=true, mStartTime=0, mCornerHint=3, mPicUrl=http://pic8.ptqy.gitv.tv/image/20150225/54/4c/v_108966887_m_601_m1_354_490.jpg, mUserTags=Bundle@[size=2,com.qiyi.tv.internal.extra.EXTRA_TYPE=0],com.qiyi.tv.internal.extra.EXTRA_SOURCE_CODE=202509101]))
02-26 00:05:33.269 D/OpenApiUtils( 2323): createChannelLabel() return null
02-26 00:05:33.269 D/OpenApiUtils( 2323): createAlbum(LocalVideo(mType=1, mId=349989700, mName=ä¸­å›½æ¢¦æƒ³ç§€ä¹‹æŠ˜çº¸ç‹‚äººç›¼åœ†å¦»å­ç¾Šé©¼ä¹‹æ¢¦, mChannelId=6, mAlbumId=202509101, mIsSeries=true, mStartTime=0, mCornerHint=3, mPicUrl=http://pic8.ptqy.gitv.tv/image/20150225/54/4c/v_108966887_m_601_m1_354_490.jpg, mUserTags=Bundle@[size=2,com.qiyi.tv.internal.extra.EXTRA_TYPE=0],com.qiyi.tv.internal.extra.EXTRA_SOURCE_CODE=202509101]))
02-26 00:05:33.269 D/OpenApiUtils( 2323): createAlbum() return qpId=202509101 name=ä¸­å›½æ¢¦æƒ³ç§€ä¹‹æŠ˜çº¸ç‹‚äººç›¼åœ†å¦»å­ç¾Šé©¼ä¹‹æ¢¦ type=VIDEO focus= pic=http://pic8.ptqy.gitv.tv/image/20150225/54/4c/v_108966887_m_601_m1_354_490.jpg tvPic= score= pCount= desc= key= isSeries=true chnName= chnId=6 tag= exclusive=0 isDownload=false is3D=0 tvsets=0 order=1 time= tvCount=0 stream= isPurchase=0 tvQid=349989700 vid=null len= sourceCode=202509101 vType=0 playUrl=null
02-26 00:05:33.269 D/OpenApiUtils( 2323): createAlbum() return Album@2dd34db0{qpId=202509101, tvQid=349989700, vid=null, getType()=VIDEO, albumName=ä¸­å›½æ¢¦æƒ³ç§€ä¹‹æŠ˜çº¸ç‹‚äººç›¼åœ†å¦»å­ç¾Šé©¼ä¹‹æ¢¦, tvName=, sourceCode=202509101, isPurchase()=false, isExclusive()=false, isSeries()=true, playOrder=1, tvPic=, issueTime=, playCount=, playLength=, tvCount=0, tag=, cornerMark=CORNERMARK_NO, is3D()=false, definition list=, chnId=6, chnName=, startTime=0, endTime=0, playTime=-1, canDownload=false, bkt=, area=}
02-26 00:05:33.270 D/PlayerUtils( 2323): >> startPlayerWithPlayList: albumInfo=Album@2dd34db0{qpId=202509101, tvQid=349989700, vid=null, getType()=VIDEO, albumName=ä¸­å›½æ¢¦æƒ³ç§€ä¹‹æŠ˜çº¸ç‹‚äººç›¼åœ†å¦»å­ç¾Šé©¼ä¹‹æ¢¦, tvName=, sourceCode=202509101, isPurchase()=false, isExclusive()=false, isSeries()=true, playOrder=1, tvPic=, issueTime=, playCount=, playLength=, tvCount=0, tag=, cornerMark=CORNERMARK_NO, is3D()=false, definition list=, chnId=6, chnName=, startTime=0, endTime=0, playTime=-1, canDownload=false, bkt=, area=}, playOrder=1, from=out, playParams=PlayParams@2f295980{sourceType=OUTSIDE, playindex=0, playlist id=null, playlist name=null, is recommend=false, channel id=null, channel name=null, is picture vertical=false, from=out, playlist=[EMPTY]}
02-26 00:05:33.270 D/PlayerUtils( 2323): add clear task flag
02-26 00:05:33.270 D/PlayerUtils( 2323): fillOutsideInfoIfNeed() fill out album info!
02-26 00:05:33.289 I/ActivityManager( 1948): START u0 {flg=0x14008000 cmp=com.qiyi.tvplayer.huawei/com.qiyi.video.player.PlayerActivity (has extras)} from pid 2323
02-26 00:05:33.328 D/dalvikvm( 1948): GC_FOR_ALLOC freed 721K, 17% free 7620K/9080K, paused 39ms, total 39ms
02-26 00:05:33.332 I/QBaseActivity( 2323): onDestroy this = com.qiyi.video.player.PlayerActivity@2cbd0410
02-26 00:05:33.332 I/QBaseActivity( 2323): onDestroy refCount = 1
02-26 00:05:33.332 D/BasePlayActivity( 2323): onDestroy()
02-26 00:05:33.332 D/com.qiyi.video.player.QiyiVideoPlayer@2dbf4f78( 2323): onActivityEvent:ACTIVITY_DESTROYED
02-26 00:05:33.332 D/com.qiyi.video.player.QiyiVideoPlayer@2dbf4f78( 2323): releasePlayer mIsReleasePlayer = false
02-26 00:05:33.332 D/PlayerController[2cb09d60]( 2323): stop(true) dump[749772128](mFirstStart=true, mTarget=3, mTargetPosition=-1, mFullscreenHintShown=false, mContinuePlaybackByUser=false, mPlayedAd=false, mPlayer=null)
02-26 00:05:33.332 D/VideoProvider( 2323): stopLoad()
02-26 00:05:33.332 D/VideoLoader( 2323): cancelLoad() mFullLoading=false, mPreLoading=false
02-26 00:05:33.332 D/VideoProvider( 2323): releaseNextLoader() mNextLoader=null
02-26 00:05:33.332 D/Playlist( 2323): clearForReload()
02-26 00:05:33.332 D/PlayerOverlay( 2323): hide()
02-26 00:05:33.332 I/AbsMenuPanel( 2323): hide
02-26 00:05:33.332 D/AbsMenuPanel( 2323): notifyVisibilityChange(false)
02-26 00:05:33.332 D/AbsPlayerOverlay( 2323): notifyMenuPanelVisibilityChange(false)
02-26 00:05:33.332 D/DispatcherCenter( 2323): onVisibilityChange(isVisible:false)
02-26 00:05:33.332 D/VideoProvider( 2323): getCurrent()
02-26 00:05:33.334 D/Playlist( 2323): getCurrent() return VideoHolder@2eefb4c0{episodeReady=false, historyReady=false, mListReady=true, mSourceStub=false, position=Position(albumIndex=-1, episodeIndex=-1), video=VideoItem@2cc0ede8{qpId=202509101, tvQid=349989700, vid=256c33c045d36a7126ce1db2c37c0167, getType()=VIDEO, albumName=ä¸­å›½æ¢¦æƒ³ç§€ç¬¬9å­£, tvName=æŠ˜çº¸ç‹‚äººç›¼åœ†å¦»å­ç¾Šé©¼ä¹‹æ¢¦ å•äº²é†’ç‹®å›¢å®šä½äººç”Ÿ, isSeries()=true, sourceCode=202509101, playOrder=1, getAlbumSubName()=ä¸­å›½æ¢¦æƒ³ç§€ç¬¬9å­£, mIsVipAlbum=false, isPurchase()=false, isPreview=false, isExclusive()=false, isVertical=false, canDownload()=true, isDownload=1, tvPic=, issueTime=20150225, playCount=41499, playLength=1445, tag=å›½è¯­,å†…åœ°,çœŸäººç§€, cornerMark=CORNERMARK_1080P, definition list=2,4,5, default definition=256c33c045d36a7126ce1db2c37c0167, channelId=6, channelName=ç»¼è‰º, mIChannelId=null, startTime=0, endTime=0, headerTime=0, tailTime=0, tvCount=1, tvSets=0, playTime=-1, episodes=0, url=, m3u8Url = http://cache.m.iqiyi.com/dc/dt/text/616194ax2394b278x777a6173/20150225/b8/2e/f7ebb753e03f749c2bf2f25f657e066a.m3u8?src=76f90cbd92f94a2e925d83e8ccd22cb7, mRecommendationsFilled=false, mEndRecommendationsFilled=false, mVarietyName=null}}
