02-26 00:06:01.907 D/OpenApiUtils( 2323): createSdkMedia(qpId=202509101 name=ä¸­å›½æ¢¦æƒ³ç§€ç¬¬9å­£ type=VIDEO focus=ä¸­å›½æ¢¦æƒ³ç§€ç¬¬9å­£ pic=http://pic8.ptqy.gitv.tv/image/20150225/54/4c/v_108966887_m_601_m1.jpg tvPic= score=10.0 pCount=41499 desc=ä¸­å›½æ¢¦æƒ³ç§€20150225ï¼ŒæŠ˜çº¸äººäººéƒ½ä¼šï¼Œè¿‘å¹´æ¥çº¸æ¨¡ä¹Ÿè¶Šå‘æµè¡Œï¼Œä½†æ˜¯ä»…ç”¨ä¸€å¼ çº¸å°±èƒ½å¤ŸæŠ˜å‡ºä¸€ä¸ªå¤§åƒä¸–ç•Œçš„äººå´å¹¶ä¸å¸¸è§ã€‚ç¬¬ä¹å­£ã€Šä¸­å›½æ¢¦æƒ³ç§€ã€‹ç¬¬ä¸€æœŸçš„è¿½æ¢¦äººåˆ˜é€šå°±è®©è§‚ä¼—ä»¬è§è¯†åˆ°äº†ä»–çš„ä¸€çº¸ä¹¾å¤ã€‚å¤§è±¡ã€çŠ€ç‰›ã€æˆ˜é©¬ã€ç©¿å±±ç”²â€¦â€¦å¦‚æœä¸æ˜¯äº²çœ¼è§åˆ°ï¼Œå¾ˆéš¾æƒ³è±¡è¿™äº›åŠ¨ç‰©èƒ½å¤Ÿä»…ç”¨ä¸€å¼ æ­£æ–¹å½¢çš„çº¸åœ¨ä¸å‰ªä¸è£çš„æƒ…å†µä¸‹å°±è¢«æŠ˜å‡ºæ¥ï¼Œå¹¶ä¸”è¿˜éƒ½æ ©æ ©å¦‚ç”Ÿã€‚è¿½æ¢¦äººåˆ˜é€šæ˜¯ä¸€ä½æŠ˜çº¸çˆ±å¥½è€…ï¼Œç†ç§‘å‡ºèº«çš„ä»–ï¼Œå°†æŠ˜çº¸ä¸æ•°å­¦è¿ç®—ç›¸ç»“åˆï¼Œè¿ç”¨æ•°å­¦åŸç†è¿ç®—ï¼Œå°†ä¸€å¼ çº¸è¿›è¡Œäº†åˆç†çš„åˆ†é…ï¼Œä»è€ŒæŠ˜å‡ºå„ç§åƒå˜ä¸‡åŒ–çš„å®ç‰©ã€‚åˆ˜é€šçš„æŠ˜çº¸ä½œå“åœ¨ä¸–ç•Œå„åœ°åšç‰©é¦†éƒ½æœ‰æ”¶è—ï¼Œ2015å¹´åœ¨ç±³å…°ä¸¾è¡Œçš„ä¸–åšä¼šä¸Šï¼Œä»–è¿˜è¢«é‚€è¯·ä½œä¸ºç‰¹é‚€è®¾è®¡å¸ˆã€‚
02-26 00:06:01.907 D/OpenApiUtils( 2323): ã€‚ key= isSeries=true chnName=ç»¼è‰º chnId=6 tag=å›½è¯­,å†…åœ°,çœŸäººç§€ exclusive=0 isDownload=true is3D=0 tvsets=0 order=1 time=20150225 tvCount=1 stream=2,4,5 isPurchase=0 tvQid=349989700 vid=256c33c045d36a7126ce1db2c37c0167 len=1445 sourceCode=202509101 vType=0 playUrl=null, -1)Album@2ef0c8d0{qpId=202509101, tvQid=349989700, vid=256c33c045d36a7126ce1db2c37c0167, getType()=VIDEO, albumName=ä¸­å›½æ¢¦æƒ³ç§€ç¬¬9å­£, tvName=æŠ˜çº¸ç‹‚äººç›¼åœ†å¦»å­ç¾Šé©¼ä¹‹æ¢¦ å•äº²é†’ç‹®å›¢å®šä½äººç”Ÿ, sourceCode=202509101, isPurchase()=false, isExclusive()=false, isSeries()=true, playOrder=1, tvPic=, issueTime=20150225, playCount=41499, playLength=1445, tvCount=1, tag=å›½è¯­,å†…åœ°,çœŸäººç§€, cornerMark=CORNERMARK_1080P, is3D()=false, definition list=2,4,5, chnId=6, chnName=ç»¼è‰º, startTime=0, endTime=0, playTime=-1, canDownload=true, bkt=, area=}
02-26 00:06:01.908 D/OpenApiUtils( 2323): createSdkMedia() return LocalVideo(mType=1, mId=349989700, mName=ä¸­å›½æ¢¦æƒ³ç§€ç¬¬9å­£, mChannelId=6, mAlbumId=202509101, mIsSeries=true, mStartTime=0, mCornerHint=3, mPicUrl=http://pic8.ptqy.gitv.tv/image/20150225/54/4c/v_108966887_m_601_m1_260_360.jpg, mUserTags=Bundle@[size=2,com.qiyi.tv.internal.extra.EXTRA_TYPE=0],com.qiyi.tv.internal.extra.EXTRA_SOURCE_CODE=202509101])
02-26 00:06:01.908 D/ProjectEventReporter( 2323): reportVideoState(), state = 4, media = LocalVideo(mType=1, mId=349989700, mName=ä¸­å›½æ¢¦æƒ³ç§€ç¬¬9å­£, mChannelId=6, mAlbumId=202509101, mIsSeries=true, mStartTime=0, mCornerHint=3, mPicUrl=http://pic8.ptqy.gitv.tv/image/20150225/54/4c/v_108966887_m_601_m1_260_360.jpg, mUserTags=Bundle@[size=2,com.qiyi.tv.internal.extra.EXTRA_TYPE=0],com.qiyi.tv.internal.extra.EXTRA_SOURCE_CODE=202509101])
02-26 00:06:01.908 D/VideoPlayStateReporter( 2323): reportVideoState(4, LocalVideo(mType=1, mId=349989700, mName=ä¸­å›½æ¢¦æƒ³ç§€ç¬¬9å­£, mChannelId=6, mAlbumId=202509101, mIsSeries=true, mStartTime=0, mCornerHint=3, mPicUrl=http://pic8.ptqy.gitv.tv/image/20150225/54/4c/v_108966887_m_601_m1_260_360.jpg, mUserTags=Bundle@[size=2,com.qiyi.tv.internal.extra.EXTRA_TYPE=0],com.qiyi.tv.internal.extra.EXTRA_SOURCE_CODE=202509101]))
02-26 00:06:01.908 D/OpenApiManager( 2323): isAuthSuccess() return true
02-26 00:06:01.912 I/CLog    ( 2323): 2015-02-26 00:06:01.912 T:18340 WARNING: [108]BaseDataProvider::Active DataProvider 108 Actived!
02-26 00:06:01.941 D/CLog    ( 2323): 2015-02-26 00:06:01.942 T:18370   DEBUG: receive header response: 204
02-26 00:06:01.942 I/CLog    ( 2323): 2015-02-26 00:06:01.942 T:18370    INFO: http exit: 0, still_running: 0
02-26 00:06:01.942 I/CLog    ( 2323): 2015-02-26 00:06:01.943 T:18370    INFO: success to send request: http://msga.ptqy.gitv.tv/scp2.gif
02-26 00:06:01.943 D/CLog    ( 2323): 2015-02-26 00:06:01.943 T:18370   DEBUG: [CUPID]sync send request: http://msga.ptqy.gitv.tv/scp2.gif, method: 1, rtn code: 0, retry times: 1
02-26 00:06:01.943 D/CLog    ( 2323): 2015-02-26 00:06:01.943 T:18370   DEBUG: [CUPID]pingback sent:
02-26 00:06:01.943 D/CLog    ( 2323): 2015-02-26 00:06:01.944 T:18370   DEBUG: [CUPID]AsyncSender getting task
02-26 00:06:01.943 D/CLog    ( 2323): 2015-02-26 00:06:01.944 T:18370   DEBUG: [CUPID]AsyncSender getting task finished
02-26 00:06:01.945 D/dalvikvm( 1948): GC_FOR_ALLOC freed 968K, 20% free 7647K/9452K, paused 41ms, total 41ms
02-26 00:06:01.961 D/AndroidRuntime(18329): Shutting down VM
02-26 00:06:01.965 D/ScreenSaverObserver( 2323): disableScreenSaver
02-26 00:06:01.966 D/Player/Pingback/PingbackSender( 2323): >> onPrepared(player:MoviePlayer@2ef837b0, player type=3)
02-26 00:06:01.967 D/AbsHybridPlayer[2ef837b0]( 2323): getVideo() return VideoHolder@2ef838a8{video=VideoItem@2ef0c8d0{qpId=202509101, tvQid=349989700, vid=256c33c045d36a7126ce1db2c37c0167, getType()=VIDEO, albumName=ä¸­å›½æ¢¦æƒ³ç§€ç¬¬9å­£, tvName=æŠ˜çº¸ç‹‚äººç›¼åœ†å¦»å­ç¾Šé©¼ä¹‹æ¢¦ å•äº²é†’ç‹®å›¢å®šä½äººç”Ÿ, isSeries()=true, sourceCode=202509101, playOrder=1, getAlbumSubName()=ä¸­å›½æ¢¦æƒ³ç§€ç¬¬9å­£, mIsVipAlbum=false, isPurchase()=false, isPreview=false, isExclusive()=false, isVertical=false, canDownload()=true, isDownload=1, tvPic=, issueTime=20150225, playCount=41499, playLength=1445, tag=å›½è¯­,å†…åœ°,çœŸäººç§€, cornerMark=CORNERMARK_1080P, definition list=2,4,5, default definition=256c33c045d36a7126ce1db2c37c0167, channelId=6, channelName=ç»¼è‰º, mIChannelId=null, startTime=0, endTime=0, headerTime=0, tailTime=0, tvCount=1, tvSets=0, playTime=-1, episodes=0, url=, m3u8Url = http://cache.m.iqiyi.com/dc/dt/text/616194ax2394b298x777a6173/20150225/b8/2e/f7ebb753e03f749c2bf2f25f657e066a.m3u8?src=76f90cbd92f94a2e925d83e8ccd22cb7, mRecommendationsFilled=false, mEndRecommendationsFilled=false, mVarietyName=null}, from=-1, to=-1}
02-26 00:06:01.967 D/VideoItem@2ef0c8d0( 2323): isTvSeries(): isSeries=true, sourceCode()=202509101, return=false
02-26 00:06:01.967 D/VideoItem@2ef0c8d0( 2323): isTvSeries(): isSeries=true, sourceCode()=202509101, return=false
02-26 00:06:01.967 D/VideoItem@2ef0c8d0( 2323): getPlayOrder() return -1, series=false
02-26 00:06:01.967 D/VideoItem@2ef0c8d0( 2323): getCurDefinition() return Definition[value:4, 720P, weight:3]
02-26 00:06:01.971 D/dalvikvm(18329): GC_CONCURRENT freed 98K, 16% free 566K/668K, paused 1ms+0ms, total 7ms
02-26 00:06:01.984 I/QBaseActivity( 2323): HomeMonitor home key pressed
02-26 00:06:01.985 I/QBaseActivity( 2323): setHomePressed mHomePressed = true, mStackCount = 2
02-26 00:06:01.985 D/VoiceManager( 2323): onActivityPause(com.qiyi.video.player.PlayerActivity@2ef56af0) mCurDialog=null
02-26 00:06:01.985 D/BasePlayActivity( 2323): onPause()
02-26 00:06:01.985 D/com.qiyi.video.player.QiyiVideoPlayer@2dae1c50( 2323): onActivityEvent:ACTIVITY_PAUSED
02-26 00:06:01.985 D/PlayerController[2dae1e30]( 2323): pause dump[766385712](mFirstStart=true, mTarget=1, mTargetPosition=-1, mFullscreenHintShown=false, mContinuePlaybackByUser=false, mPlayedAd=false, mPlayer=MoviePlayer@2ef837b0, player type=3)
02-26 00:06:01.987 D/MoviePlayer[2ef837b0]( 2323): pause() MoviePlayer[2ef837b0](mCurrentState=3, mTargetState=6, mNextVideoFilled=true, mSeekWhenInited=-1, mCurDefinition=4, mSwitchingBitStream=false, mSwitchPlayerForDifBitStream=false, mSurfaceHolder=android.view.SurfaceView$4@2db4bea8, mPlayer=com.qiyi.video.player.player.qiyi.NativePlayerAdapter@2ca66650, mVideo=VideoHolder@2ef838a8{video=VideoItem@2ef0c8d0{qpId=202509101, tvQid=349989700, vid=256c33c045d36a7126ce1db2c37c0167, getType()=VIDEO, albumName=ä¸­å›½æ¢¦æƒ³ç§€ç¬¬9å­£, tvName=æŠ˜çº¸ç‹‚äººç›¼åœ†å¦»å­ç¾Šé©¼ä¹‹æ¢¦ å•äº²é†’ç‹®å›¢å®šä½äººç”Ÿ, isSeries()=true, sourceCode=202509101, playOrder=1, getAlbumSubName()=ä¸­å›½æ¢¦æƒ³ç§€ç¬¬9å­£, mIsVipAlbum=false, isPurchase()=false, isPreview=false, isExclusive()=false, isVertical=false, canDownload()=true, isDownload=1, tvPic=, issueTime=20150225, playCount=41499, playLength=1445, tag=å›½è¯­,å†…åœ°,çœŸäººç§€, cornerMark=CORNERMARK_1080P, definition list=2,4,5, default definition=256c33c045d36a7126ce1db2c37c0167, channelId=6, channelName=ç»¼è‰º, mIChannelId=null, startTime=0, endTime=0, headerTime=0, tailTime=0, tvCount=1, tvSets=0, playTime=-1, episodes=0, url=, m3u8Url = http://cache.m.iqiyi.com/dc/dt/text/616194ax2394b298x777a6173/20150225/b8/2e/f7ebb753e03f749c2bf2f25f657e066a.m3u8?src=76f90cbd92f94a2e925d83e8ccd22cb7, mRecommendationsFilled=false, mEndRecommendationsFilled=false, mVarietyName=null}, from=-1, to=-1}, mNextVideo=VideoHolder@2ef838c0{video=null, from=-1, to=-1})
02-26 00:06:01.987 D/NativePlayerAdapter[2ca66650]( 2323): pause() NativePlayerAdapter[2ca66650](mCurrentState=3, mTargetState=6, mPlayer=com.qiyi.video.player.player.qiyi.NativePlayer@2ca70370, mInitialized=true, mInForeground=true, mSeekWhenPrepared=-1, mNextFilled=true, mSurfaceWidth=1920, mSurfaceHeight=1080, mScreenLocationLeft=0, mScreenLocationTop=0, mSurfaceHolder=com.qiyi.video.player.player.MovieVideoView$MySHProxy@2db3d938, mPreloadingMode=false, mPreloadPreparing=false, mPreloadPrepared=false, mNext=VideoHolder@2db23d00{video=null, from=-1, to=-1})
02-26 00:06:01.987 D/NativePlayerAdapter[2ca66650]( 2323): isInPlaybackState() currentState=3, return true
02-26 00:06:01.987 D/PlayerController[2dae1e30]( 2323): onActivityEvent(ACTIVITY_PAUSED)
02-26 00:06:01.988 D/PlayerOverlay( 2323): onActivityEvent: ACTIVITY_PAUSED
02-26 00:06:01.988 D/Player/Pingback/PingbackSender( 2323): >> onActivityEvent(event:ACTIVITY_PAUSED): now=23972163
02-26 00:06:01.988 D/Player/Pingback/PingbackSender( 2323): onActivityEvent: isFinishing=false
02-26 00:06:01.988 D/PlayerStatusRecorder( 2323): getRecord =onPreparing 788019120,player type=3, 
02-26 00:06:01.988 D/PlayerStatusRecorder( 2323): video=[787531792, video name=ä¸­å›½æ¢¦æƒ³ç§€ç¬¬9å­£, playorder=-1, albumId=202509101, tvId=349989700, vid=256c33c045d36a7126ce1db2c37c0167, all definitions=VideoDefinition{Definition[value:2, null, weight:2], Definition[value:4, 720P, weight:3], Definition[value:5, null, weight:4], }, current definition=Definition[value:4, 720P, weight:3]] 
02-26 00:06:01.988 D/PlayerStatusRecorder( 2323): onPreprocessBegin 788019120,player type=3, 
02-26 00:06:01.988 D/PlayerStatusRecorder( 2323): video=[787531792, video name=ä¸­å›½æ¢¦æƒ³ç§€ç¬¬9å­£, playorder=-1, albumId=202509101, tvId=349989700, vid=256c33c045d36a7126ce1db2c37c0167, all definitions=VideoDefinition{Definition[value:2, null, weight:2], Definition[value:4, 720P, weight:3], Definition[value:5, null, weight:4], }, current definition=Definition[value:4, 720P, weight:3]] 
02-26 00:06:01.988 D/PlayerStatusRecorder( 2323): onPreprocessEnd [787531792, video name=ä¸­å›½æ¢¦æƒ³ç§€ç¬¬9å­£, playorder=-1, albumId=202509101, tvId=349989700, vid=256c33c045d36a7126ce1db2c37c0167, all definitions=VideoDefinition{Definition[value:2, null, weight:2], Definition[value:4, 720P, weight:3], Definition[value:5, null, weight:4], }, current definition=Definition[value:4, 720P, weight:3]] psc_success null 
02-26 00:06:01.988 D/PlayerStatusRecorder( 2323): onBufferStart 788019120,player type=3, 
02-26 00:06:01.988 D/PlayerStatusRecorder( 2323): video=[787531792, video name=ä¸­å›½æ¢¦æƒ³ç§€ç¬¬9å­£, playorder=-1, albumId=202509101, tvId=349989700, vid=256c33c045d36a7126ce1db2c37c0167, all definitions=VideoDefinition{Definition[value:2, null, weight:2], Definition[value:4, 720P, weight:3], Definition[value:5, null, weight:4], }, current definition=Definition[value:4, 720P, weight:3]] 
02-26 00:06:01.988 D/PlayerStatusRecorder( 2323): onPrepared 788019120,player type=3, 
02-26 00:06:01.988 D/PlayerStatusRecorder( 2323): video=[787531792, video name=ä¸­å›½æ¢¦æƒ³ç§€ç¬¬9å­£, playorder=-1, albumId=202509101, tvId=349989700, vid=256c33c045d36a7126ce1db2c37c0167, all definitions=VideoDefinition{Definition[value:2, null, weight:2], Definition[value:4, 720P, weight:3], Definition[value:5, null, weight:4], }, current definition=Definition[value:4, 720P, weight:3]] 
02-26 00:06:01.988 D/PlayerStatusRecorder( 2323): onActivityEvent ACTIVITY_PAUSED 
02-26 00:06:01.988 D/NativePlayerAdapter[2ca66650]( 2323): isInPlaybackState() currentState=3, return true
02-26 00:06:01.988 D/NativePlayerAdapter[2ca66650]( 2323): getCurrentPosition() mSeekTargetPos=-1, mSeekWhenPrepared=-1, return 0
02-26 00:06:01.988 D/PlayerController[2dae1e30]( 2323): getPosition() return 0 dump[766385712](mFirstStart=true, mTarget=2, mTargetPosition=-1, mFullscreenHintShown=false, mContinuePlaybackByUser=false, mPlayedAd=false, mPlayer=MoviePlayer@2ef837b0, player type=3)
02-26 00:06:01.989 I/MediaFocusControl( 1948):  AudioFocus  abandonAudioFocus() from android.media.AudioManager@2f1fbe78com.qiyi.video.player.BasePlayActivity$2@2da9d710
02-26 00:06:01.990 V/Avrcp   ( 2030): New genId = 43, clearing = 1
02-26 00:06:02.016 D/dalvikvm( 2017): GC_CONCURRENT freed 8125K, 51% free 29761K/59820K, paused 2ms+5ms, total 50ms
02-26 00:06:02.016 D/dalvikvm( 2017): WAIT_FOR_CONCURRENT_GC blocked 33ms
02-26 00:06:02.081 D/PosterPage( 2257): [0;32;31m[main][com.huawei.mh2.launcher.page.o][onFocusChange][-1]:launcher:hasFocus=false [m
02-26 00:06:02.084 D/j       ( 2257): [0;32;31m[main][com.huawei.mh2.launcher.l][onGlobalFocusChanged][-1]:launcher:newFocus=com.huawei.mh2.launcher.a.n{2c944210 VFE...C. .FS..... 0,0-120,57 #7f0a0006 app:id/menu_title_home} [m
02-26 00:06:02.087 D/FrameworkPage( 2257): [0;32;31m[main][com.huawei.mh2.launcher.page.FrameworkPage][onFocusChange][-1]:launcher:v=com.huawei.mh2.launcher.a.n{2c944210 VFE...C. .FS...ID 0,0-120,57 #7f0a0006 app:id/menu_title_home} [m
02-26 00:06:02.090 D/j       ( 2257): [0;32;31m[main][net.sunniwell.ui.d][a][-1]:launcher:setDefaultFocus com.huawei.mh2.launcher.a.n{2c944210 VFE...C. .F....ID 0,0-120,57 #7f0a0006 app:id/menu_title_home} [m
02-26 00:06:02.094 D/j       ( 2257): [0;32;31m[main][net.sunniwell.ui.g][b][-1]:launcher:anchorView=com.huawei.mh2.launcher.a.n{2c944210 VFE...C. .F....ID 0,0-120,57 #7f0a0006 app:id/menu_title_home} [m
02-26 00:06:02.098 W/ContextImpl( 2257): Calling a method in the system process without a qualified user: android.app.ContextImpl.sendBroadcast:1168 android.content.ContextWrapper.sendBroadcast:365 android.app.ActivityThread.performResumeActivity:2785 android.app.ActivityThread.handleResumeActivity:2823 android.app.ActivityThread$H.handleMessage:1238 
02-26 00:06:02.099 I/j       ( 2257): [0;32;31m[main][net.sunniwell.ui.d][d][-1]:launcher:resume [m
02-26 00:06:02.100 D/j       ( 2257): [0;32;31m[main][net.sunniwell.ui.d][a][-1]:launcher:setDefaultFocus com.huawei.mh2.launcher.a.n{2c944210 VFE...C. .F....ID 0,0-120,57 #7f0a0006 app:id/menu_title_home} [m
02-26 00:06:02.108 D/j       ( 2257): [0;32;31m[main][net.sunniwell.ui.g][b][-1]:launcher:anchorView=com.huawei.mh2.launcher.a.n{2c944210 VFE...C. .F....ID 0,0-120,57 #7f0a0006 app:id/menu_title_home} [m
02-26 00:06:02.114 D/SettingsPage( 2257): [0;32;31m[main][com.huawei.mh2.launcher.page.SettingsPage][a][-1]:launcher:isLogin=false [m
02-26 00:06:02.118 W/InputMethodManagerService( 1948): Starting input on non-focused client com.android.internal.view.IInputMethodClient$Stub$Proxy@2cae9e10 (uid=10037 pid=2323)
02-26 00:06:02.122 D/p       ( 2257): [0;32;31m[main][com.huawei.mh2.launcher.p][getView][-1]:launcher:position=12 convertView=null [m
02-26 00:06:02.128 D/ImageLoader( 2257): Start display image task [http://pic3.ptqy.gitv.tv/image/20150215/41/2c/a_100010524_m_601_260_360.jpg_333x461]
02-26 00:06:02.129 D/ImageLoader( 2257): Load image from disc cache [http://pic3.ptqy.gitv.tv/image/20150215/41/2c/a_100010524_m_601_260_360.jpg_333x461]
02-26 00:06:02.190 D/ImageLoader( 2257): PreProcess image before caching in memory [http://pic3.ptqy.gitv.tv/image/20150215/41/2c/a_100010524_m_601_260_360.jpg_333x461]
02-26 00:06:02.190 D/ImageLoader( 2257): Cache image in memory [http://pic3.ptqy.gitv.tv/image/20150215/41/2c/a_100010524_m_601_260_360.jpg_333x461]
02-26 00:06:02.190 D/j       ( 2257): [0;32;31m[main][net.sunniwell.ui.g][b][-1]:launcher:offsetWidth=-225 offsetHeight=-428 resizeImmediate=true [m
02-26 00:06:02.192 D/j       ( 2257): [0;32;31m[main][net.sunniwell.ui.g][a][-1]:launcher:offsetLeft=-479 offsetTop=-176 moveImmediate=true [m
02-26 00:06:02.194 D/j       ( 2257): [0;32;31m[main][net.sunniwell.ui.d][a][-1]:launcher:immediate=true isChanged=true [m
02-26 00:06:02.197 D/com.qiyi.video.player.QiyiVideoPlayer@2dae1c50( 2323): onActivityEvent:WINDOW_FOCUSED
02-26 00:06:02.197 D/PlayerController[2dae1e30]( 2323): onActivityEvent(WINDOW_FOCUSED)
02-26 00:06:02.197 D/PlayerOverlay( 2323): onActivityEvent: WINDOW_FOCUSED
02-26 00:06:02.198 D/Player/Pingback/PingbackSender( 2323): >> onActivityEvent(event:WINDOW_FOCUSED): now=23972372
02-26 00:06:02.199 D/j       ( 2257): [0;32;31m[main][com.huawei.mh2.launcher.j][a][-1]:launcher:changed=true [m
02-26 00:06:02.220 D/MovieVideoView( 2323): surfaceDestroyed(android.view.SurfaceView$4@2db4bea8)
02-26 00:06:02.221 D/NativePlayerAdapter[2ca66650]( 2323): setDisplay(null) NativePlayerAdapter[2ca66650](mCurrentState=3, mTargetState=7, mPlayer=com.qiyi.video.player.player.qiyi.NativePlayer@2ca70370, mInitialized=true, mInForeground=true, mSeekWhenPrepared=-1, mNextFilled=true, mSurfaceWidth=1920, mSurfaceHeight=1080, mScreenLocationLeft=0, mScreenLocationTop=0, mSurfaceHolder=com.qiyi.video.player.player.MovieVideoView$MySHProxy@2db3d938, mPreloadingMode=false, mPreloadPreparing=false, mPreloadPrepared=false, mNext=VideoHolder@2db23d00{video=null, from=-1, to=-1})
02-26 00:06:02.221 D/AbsHybridPlayer[2ca66650]( 2323): setDisplay(null)
02-26 00:06:02.221 D/NativePlayer[2ca70370]( 2323): setDisplay(null)
02-26 00:06:02.221 D/NativePlayer[2ca70370]( 2323): setWindow(null) mPlayer=com.iqiyi.player.nativemediaplayer.NativeMediaPlayer@2ef2ec58, window=com.qiyi.video.player.player.MovieVideoView$MySHProxy@2db3d938
02-26 00:06:02.221 V/native_media_player( 2323): codec_type:ACC_By_MediaCodec
02-26 00:06:02.221 D/MediaCodecPlayer( 2323): setSurface Close s=null
02-26 00:06:02.221 D/MediaCodecPlayer( 2323): Close
02-26 00:06:02.221 D/MediaCodecPlayer( 2323): Close error
02-26 00:06:02.221 D/CLog    ( 2323): 2015-02-26 00:06:02.221 T:2323   DEBUG: CQiyimediaplery Java->SetWindow: 0
02-26 00:06:02.221 I/CLog    ( 2323): 2015-02-26 00:06:02.222 T:2323    INFO: BaseMediaPlayer::SetWindow_Impl: 0
02-26 00:06:02.221 D/CLog    ( 2323): 2015-02-26 00:06:02.222 T:2323   DEBUG: virtual bool PlayerRenderManager::SetWindow(void*)-- hard_render
02-26 00:06:02.221 D/CLog    ( 2323): 2015-02-26 00:06:02.222 T:2323   DEBUG: 4b5ddef8 setwindow 0
02-26 00:06:02.222 D/NativePlayer[2ca70370]( 2323): getProfileCodecType() 4 return ACC_By_MediaCodec
02-26 00:06:02.222 D/NativePlayer[2ca70370]( 2323): getProfileCodecType() 4 return ACC_By_MediaCodec
02-26 00:06:02.222 D/NativePlayer[2ca70370]( 2323): isNeedAdjustSurface() return true
02-26 00:06:02.222 D/NativePlayer[2ca70370]( 2323): adjustSurfaceSize(0, 0) mSurfaceHolder=null
02-26 00:06:02.225 D/j       ( 2257): [0;32;31m[main][net.sunniwell.ui.g][b][-1]:launcher:offsetWidth=0 offsetHeight=0 resizeImmediate=true [m
02-26 00:06:02.227 D/j       ( 2257): [0;32;31m[main][net.sunniwell.ui.g][a][-1]:launcher:offsetLeft=0 offsetTop=0 moveImmediate=true [m
02-26 00:06:02.228 D/j       ( 2257): [0;32;31m[main][net.sunniwell.ui.d][a][-1]:launcher:immediate=true isChanged=false [m
02-26 00:06:02.229 D/j       ( 2257): [0;32;31m[main][com.huawei.mh2.launcher.j][a][-1]:launcher:changed=false [m
02-26 00:06:02.229 D/ImageLoader( 2257): Display image in ImageAware (loaded from DISC_CACHE) [http://pic3.ptqy.gitv.tv/image/20150215/41/2c/a_100010524_m_601_260_360.jpg_333x461]
