--------- beginning of /dev/log/system
02-26 00:06:10.913 D/ConnectivityService( 1948): Sampling interval elapsed, updating statistics ..
02-26 00:06:10.916 D/ConnectivityService( 1948): Done.
02-26 00:06:10.916 D/ConnectivityService( 1948): Setting timer for 30seconds
--------- beginning of /dev/log/main
02-26 00:06:11.300 D/CLog    ( 2323): 2015-02-26 00:06:11.301 T:18369   DEBUG: receive header response: 200
02-26 00:06:11.301 D/CLog    ( 2323): 2015-02-26 00:06:11.301 T:18369   DEBUG: receive content-length: 377
02-26 00:06:11.301 I/CLog    ( 2323): 2015-02-26 00:06:11.301 T:18369    INFO: http exit: 0, still_running: 0
02-26 00:06:11.301 I/CLog    ( 2323): 2015-02-26 00:06:11.301 T:18369    INFO: success to send request: http://pdata.video.ptqy.gitv.tv/975f2a6ca150b4e579aa25966d45e21a/videos/v0/20150225/b8/2e/32c54499d462163a28ebc0c69f6fb18e.f4v?su=12241EA786A88814F07A67B9A623AD0D&mi=tv_202509101_349989700_256c33c045d36a7126ce1db2c37c0167&retry=0&e=-1&client=113.108.120.59&tn=597003
02-26 00:06:11.302 I/CLog    ( 2323): 2015-02-26 00:06:11.303 T:18369    INFO: [108]IQiyiCdnDataProvider::StartLoad parser_->Reset(true)
02-26 00:06:11.303 I/CLog    ( 2323): 2015-02-26 00:06:11.303 T:18369    INFO: send request: http://183.61.167.25/videos/v0/20150225/b8/2e/32c54499d462163a28ebc0c69f6fb18e.f4v?key=9514a3d3c15e0702&src=iqiyi.com&su=12241EA786A88814F07A67B9A623AD0D&mi=tv_202509101_349989700_256c33c045d36a7126ce1db2c37c0167&retry=0&e=-1&client=113.108.120.59&tn=597003&uuid=716c783b-54eed3f3-31, set timeout: 0
02-26 00:06:11.303 I/CLog    ( 2323): 2015-02-26 00:06:11.303 T:18369    INFO: Range: 0-15728640
02-26 00:06:11.321 D/CLog    ( 2323): 2015-02-26 00:06:11.321 T:18369   DEBUG: receive header response: 206
02-26 00:06:11.321 D/CLog    ( 2323): 2015-02-26 00:06:11.322 T:18369   DEBUG: receive content-length: 15728641
02-26 00:06:11.326 I/CLog    ( 2323): 2015-02-26 00:06:11.327 T:18369    INFO: [108]BaseDataProvider::OnMetaData!
02-26 00:06:11.327 D/CLog    ( 2323): 2015-02-26 00:06:11.327 T:18369   DEBUG: [AVCDataWriter::DemuxHeader] video header.
02-26 00:06:11.327 I/CLog    ( 2323): 2015-02-26 00:06:11.327 T:18369    INFO: [FLVTag2Packet::GetPacket] sequence header
02-26 00:06:11.327 D/CLog    ( 2323): 2015-02-26 00:06:11.327 T:18369   DEBUG: [AACDataWriter::DemuxHeader] audio header.
02-26 00:06:11.327 I/CLog    ( 2323): 2015-02-26 00:06:11.327 T:18369    INFO: [FLVTag2Packet::GetPacket] sequence header
02-26 00:06:11.327 I/CLog    ( 2323): 2015-02-26 00:06:11.328 T:18369    INFO: [FLVTag2Packet::GetPacket] reset codec
02-26 00:06:11.327 I/CLog    ( 2323): 2015-02-26 00:06:11.328 T:18369    INFO: [108]BaseDataProvider::OnPacket Reset Codec Packet Found,Continue For 'Not Load Header Alone' Mode
02-26 00:06:11.367 I/CLog    ( 2323): 2015-02-26 00:06:11.367 T:18369    INFO: [108]BaseDataProvider::OnPacket OnSeeked ,Packet Arrive [pts 0,dts 80]
02-26 00:06:11.367 I/CLog    ( 2323): 2015-02-26 00:06:11.367 T:18369    INFO: [108]DataProviderManager::OnSeek: 0
02-26 00:06:11.891 D/AndroidRuntime(18562): 
02-26 00:06:11.891 D/AndroidRuntime(18562): >>>>>> AndroidRuntime START com.android.internal.os.RuntimeInit <<<<<<
02-26 00:06:11.894 D/AndroidRuntime(18562): CheckJNI is OFF
02-26 00:06:11.902 I/dalvikvm(18562): DexOpt: mismatch dep signature for '/system/framework/android.policy.odex'
02-26 00:06:11.902 E/dalvikvm(18562): /system/framework/services.jar odex has stale dependencies
02-26 00:06:11.903 I/dalvikvm(18562): DexOpt: mismatch dep name: '/data/dalvik-cache/system@framework@services.jar@classes.dex' vs. '/system/framework/services.odex'
02-26 00:06:11.903 E/dalvikvm(18562): /system/framework/apache-xml.jar odex has stale dependencies
02-26 00:06:11.903 I/dalvikvm(18562): DexOpt: mismatch dep name: '/data/dalvik-cache/system@framework@services.jar@classes.dex' vs. '/system/framework/services.odex'
02-26 00:06:11.903 E/dalvikvm(18562): /system/framework/webviewchromium.jar odex has stale dependencies
02-26 00:06:11.910 D/dalvikvm(18562): Trying to load lib libjavacore.so 0x0
02-26 00:06:11.914 D/dalvikvm(18562): Added shared lib libjavacore.so 0x0
02-26 00:06:11.919 D/dalvikvm(18562): Trying to load lib libnativehelper.so 0x0
02-26 00:06:11.919 D/dalvikvm(18562): Added shared lib libnativehelper.so 0x0
02-26 00:06:11.919 D/dalvikvm(18562): No JNI_OnLoad found in libnativehelper.so 0x0, skipping init
02-26 00:06:11.936 I/dalvikvm(18562): DexOpt: mismatch dep name: '/data/dalvik-cache/system@framework@services.jar@classes.dex' vs. '/system/framework/services.odex'
02-26 00:06:11.936 E/dalvikvm(18562): /system/framework/input.jar odex has stale dependencies
02-26 00:06:11.940 E/cutils-trace(18562): Error opening trace file: No such file or directory (2)
02-26 00:06:11.960 D/dalvikvm(18562): Note: class Landroid/app/ActivityManagerNative; has 179 unimplemented (abstract) methods
02-26 00:06:12.153 E/memtrack(18562): Couldn't load memtrack module (No such file or directory)
02-26 00:06:12.153 E/android.os.Debug(18562): failed to load memtrack module: -2
02-26 00:06:12.155 I/EthernetJNI(18562): Loading ethernet jni class
02-26 00:06:12.225 D/AndroidRuntime(18562): Calling main entry com.android.commands.input.Input
02-26 00:06:12.226 I/Input   (18562): injectKeyEvent: KeyEvent { action=ACTION_DOWN, keyCode=KEYCODE_DPAD_DOWN, scanCode=0, metaState=0, flags=0x0, repeatCount=0, eventTime=23982401, downTime=23982401, deviceId=-1, source=0x101 }
02-26 00:06:12.231 D/WindowManager( 1948): keyCode =20
02-26 00:06:12.232 D/WindowManager( 1948): isLockedAllKeys =0
02-26 00:06:12.232 D/WindowManager( 1948): isHandleHomeKey = 1
02-26 00:06:12.232 D/WindowManager( 1948): isHandlePowerKey ==1
02-26 00:06:12.232 D/WindowManager( 1948): isHandleSettingKey=1
02-26 00:06:12.232 D/WindowManager( 1948): handleSystemKey==1
02-26 00:06:12.233 W/ContextImpl( 1948): Calling a method in the system process without a qualified user: android.app.ContextImpl.sendBroadcast:1168 com.android.internal.policy.impl.PhoneWindowManager.interceptKeyBeforeQueueing:4109 com.android.server.wm.InputMonitor.interceptKeyBeforeQueueing:357 com.android.server.input.InputManagerService.interceptKeyBeforeQueueing:1352 com.android.server.input.InputManagerService.nativeInjectInputEvent:-2 
02-26 00:06:12.234 D/WindowManager( 1948): send broadcast key press down
02-26 00:06:12.237 D/MainActivity( 2257): [0;32;31m[main][com.huawei.mh2.launcher.MainActivity][dispatchKeyEvent][-1]:launcher:keycode=20 [m
02-26 00:06:12.238 D/j       ( 2257): [0;32;31m[main][com.huawei.mh2.launcher.l][onGlobalFocusChanged][-1]:launcher:newFocus=com.huawei.mh2.launcher.a.s{2d4a63e8 VFE..... .FS..... 840,75-1181,544} [m
02-26 00:06:12.238 I/Input   (18562): injectKeyEvent: KeyEvent { action=ACTION_UP, keyCode=KEYCODE_DPAD_DOWN, scanCode=0, metaState=0, flags=0x0, repeatCount=0, eventTime=23982401, downTime=23982401, deviceId=-1, source=0x101 }
02-26 00:06:12.239 D/WindowManager( 1948): keyCode =20
02-26 00:06:12.239 D/WindowManager( 1948): isLockedAllKeys =0
02-26 00:06:12.239 D/WindowManager( 1948): isHandleHomeKey = 1
02-26 00:06:12.239 D/WindowManager( 1948): isHandlePowerKey ==1
02-26 00:06:12.239 D/WindowManager( 1948): isHandleSettingKey=1
02-26 00:06:12.239 D/WindowManager( 1948): handleSystemKey==1
02-26 00:06:12.240 D/j       ( 2257): [0;32;31m[main][net.sunniwell.ui.e][onGlobalFocusChanged][-1]:launcher:smoothMove [m
02-26 00:06:12.241 D/AudioPolicyManagerBase( 1406): startOutput() output 2, stream 1, session 366
02-26 00:06:12.241 D/AudioPolicyManagerBase( 1406): startoutput ->setOutputDevice
02-26 00:06:12.241 D/AudioPolicyManagerBase( 1406): AudioPolicyManagerBase::checkAndSetVolume 13,0.377113
02-26 00:06:12.241 D/AndroidRuntime(18562): Shutting down VM
02-26 00:06:12.243 D/j       ( 2257): [0;32;31m[main][net.sunniwell.ui.g][a][-1]:launcher:anchorView=com.huawei.mh2.launcher.a.s{2d4a63e8 VFE..... .FS..... 840,75-1181,544} [m
02-26 00:06:12.245 D/PosterPage( 2257): [0;32;31m[main][com.huawei.mh2.launcher.page.o][onFocusChange][-1]:launcher:hasFocus=true [m
02-26 00:06:12.245 D/ImageLoader( 2257): Load image from memory cache [http://pic3.ptqy.gitv.tv/image/20150215/41/2c/a_100010524_m_601_260_360.jpg_333x461]
02-26 00:06:12.246 D/MainActivity( 2257): [0;32;31m[main][com.huawei.mh2.launcher.MainActivity][dispatchKeyEvent][-1]:launcher:keycode=20 [m
02-26 00:06:12.247 D/dalvikvm(18562): GC_CONCURRENT freed 98K, 16% free 566K/668K, paused 1ms+0ms, total 4ms
02-26 00:06:12.248 D/p       ( 2257): [0;32;31m[main][com.huawei.mh2.launcher.p][getView][-1]:launcher:position=12 convertView=null [m
02-26 00:06:12.268 D/j       ( 2257): [0;32;31m[main][net.sunniwell.ui.g][b][-1]:launcher:offsetWidth=146 offsetHeight=278 resizeImmediate=false [m
02-26 00:06:12.269 D/j       ( 2257): [0;32;31m[main][net.sunniwell.ui.g][a][-1]:launcher:offsetLeft=317 offsetTop=124 moveImmediate=false [m
02-26 00:06:12.270 D/j       ( 2257): [0;32;31m[main][net.sunniwell.ui.d][a][-1]:launcher:immediate=false isChanged=true [m
02-26 00:06:12.271 D/j       ( 2257): [0;32;31m[main][com.huawei.mh2.launcher.j][a][-1]:launcher:changed=true [m
02-26 00:06:12.284 D/j       ( 2257): [0;32;31m[main][net.sunniwell.ui.g][b][-1]:launcher:offsetWidth=51 offsetHeight=97 resizeImmediate=false [m
02-26 00:06:12.285 D/j       ( 2257): [0;32;31m[main][net.sunniwell.ui.g][a][-1]:launcher:offsetLeft=111 offsetTop=44 moveImmediate=false [m
02-26 00:06:12.286 D/j       ( 2257): [0;32;31m[main][net.sunniwell.ui.d][a][-1]:launcher:immediate=false isChanged=true [m
02-26 00:06:12.287 D/j       ( 2257): [0;32;31m[main][com.huawei.mh2.launcher.j][a][-1]:launcher:changed=true [m
02-26 00:06:12.295 D/j       ( 2257): [0;32;31m[main][net.sunniwell.ui.g][b][-1]:launcher:offsetWidth=18 offsetHeight=34 resizeImmediate=false [m
02-26 00:06:12.295 D/j       ( 2257): [0;32;31m[main][net.sunniwell.ui.g][a][-1]:launcher:offsetLeft=39 offsetTop=15 moveImmediate=false [m
02-26 00:06:12.296 D/j       ( 2257): [0;32;31m[main][net.sunniwell.ui.d][a][-1]:launcher:immediate=false isChanged=true [m
02-26 00:06:12.297 D/j       ( 2257): [0;32;31m[main][com.huawei.mh2.launcher.j][a][-1]:launcher:changed=true [m
02-26 00:06:12.314 D/j       ( 2257): [0;32;31m[main][net.sunniwell.ui.g][b][-1]:launcher:offsetWidth=6 offsetHeight=12 resizeImmediate=false [m
02-26 00:06:12.315 D/j       ( 2257): [0;32;31m[main][net.sunniwell.ui.g][a][-1]:launcher:offsetLeft=13 offsetTop=5 moveImmediate=false [m
02-26 00:06:12.316 D/j       ( 2257): [0;32;31m[main][net.sunniwell.ui.d][a][-1]:launcher:immediate=false isChanged=true [m
02-26 00:06:12.316 D/j       ( 2257): [0;32;31m[main][com.huawei.mh2.launcher.j][a][-1]:launcher:changed=true [m
02-26 00:06:12.338 D/j       ( 2257): [0;32;31m[main][net.sunniwell.ui.g][b][-1]:launcher:offsetWidth=4 offsetHeight=7 resizeImmediate=false [m
02-26 00:06:12.339 D/j       ( 2257): [0;32;31m[main][net.sunniwell.ui.g][a][-1]:launcher:offsetLeft=-1 offsetTop=-8 moveImmediate=false [m
02-26 00:06:12.340 D/j       ( 2257): [0;32;31m[main][net.sunniwell.ui.d][a][-1]:launcher:immediate=false isChanged=true [m
02-26 00:06:12.340 D/j       ( 2257): [0;32;31m[main][com.huawei.mh2.launcher.j][a][-1]:launcher:changed=true [m
02-26 00:06:12.361 D/j       ( 2257): [0;32;31m[main][net.sunniwell.ui.g][b][-1]:launcher:offsetWidth=0 offsetHeight=0 resizeImmediate=false [m
02-26 00:06:12.362 D/j       ( 2257): [0;32;31m[main][net.sunniwell.ui.g][a][-1]:launcher:offsetLeft=0 offsetTop=-4 moveImmediate=false [m
02-26 00:06:12.363 D/j       ( 2257): [0;32;31m[main][net.sunniwell.ui.d][a][-1]:launcher:immediate=false isChanged=true [m
02-26 00:06:12.364 D/j       ( 2257): [0;32;31m[main][com.huawei.mh2.launcher.j][a][-1]:launcher:changed=true [m
02-26 00:06:12.380 D/j       ( 2257): [0;32;31m[main][net.sunniwell.ui.g][b][-1]:launcher:offsetWidth=0 offsetHeight=0 resizeImmediate=false [m
02-26 00:06:12.380 D/j       ( 2257): [0;32;31m[main][net.sunniwell.ui.g][a][-1]:launcher:offsetLeft=0 offsetTop=0 moveImmediate=false [m
02-26 00:06:12.381 D/j       ( 2257): [0;32;31m[main][net.sunniwell.ui.d][a][-1]:launcher:immediate=false isChanged=false [m
02-26 00:06:12.383 D/j       ( 2257): [0;32;31m[main][com.huawei.mh2.launcher.j][a][-1]:launcher:changed=false [m
02-26 00:06:12.976 E/VPP_DLNA_LOG( 2814): [VPPDLNA]:SSDP recvd bad msg code = 1
02-26 00:06:12.978 E/VPP_DLNA_LOG( 2814): [VPPDLNA]:SSDP recvd bad msg code = 1
02-26 00:06:12.980 E/VPP_DLNA_LOG( 2814): [VPPDLNA]:SSDP recvd bad msg code = 1
02-26 00:06:13.015 E/VPP_DLNA_LOG( 2814): [VPPDLNA]:SSDP recvd bad msg code = 1
02-26 00:06:13.017 E/VPP_DLNA_LOG( 2814): [VPPDLNA]:SSDP recvd bad msg code = 1
02-26 00:06:13.019 E/VPP_DLNA_LOG( 2814): [VPPDLNA]:SSDP recvd bad msg code = 1
02-26 00:06:13.076 D/ImageLoader( 2257): Load image from memory cache [http://pic3.ptqy.gitv.tv/image/20150215/41/2c/a_100010524_m_601_260_360.jpg_333x461]
02-26 00:06:13.078 D/p       ( 2257): [0;32;31m[main][com.huawei.mh2.launcher.p][getView][-1]:launcher:position=12 convertView=null [m
02-26 00:06:13.097 D/j       ( 2257): [0;32;31m[main][net.sunniwell.ui.g][a][-1]:launcher:anchorView=com.huawei.mh2.launcher.a.s{2d4a63e8 VFE..... .FS...ID 840,75-1181,544} [m
02-26 00:06:13.177 D/j       ( 2257): [0;32;31m[main][net.sunniwell.ui.g][b][-1]:launcher:offsetWidth=0 offsetHeight=0 resizeImmediate=false [m
02-26 00:06:13.178 D/j       ( 2257): [0;32;31m[main][net.sunniwell.ui.g][a][-1]:launcher:offsetLeft=0 offsetTop=0 moveImmediate=false [m
02-26 00:06:13.179 D/j       ( 2257): [0;32;31m[main][net.sunniwell.ui.d][a][-1]:launcher:immediate=false isChanged=false [m
02-26 00:06:13.181 D/j       ( 2257): [0;32;31m[main][com.huawei.mh2.launcher.j][a][-1]:launcher:changed=false [m
02-26 00:06:13.915 D/AndroidRuntime(18576): 
02-26 00:06:13.915 D/AndroidRuntime(18576): >>>>>> AndroidRuntime START com.android.internal.os.RuntimeInit <<<<<<
02-26 00:06:13.918 D/AndroidRuntime(18576): CheckJNI is OFF
02-26 00:06:13.926 I/dalvikvm(18576): DexOpt: mismatch dep signature for '/system/framework/android.policy.odex'
02-26 00:06:13.926 E/dalvikvm(18576): /system/framework/services.jar odex has stale dependencies
02-26 00:06:13.927 I/dalvikvm(18576): DexOpt: mismatch dep name: '/data/dalvik-cache/system@framework@services.jar@classes.dex' vs. '/system/framework/services.odex'
02-26 00:06:13.927 E/dalvikvm(18576): /system/framework/apache-xml.jar odex has stale dependencies
02-26 00:06:13.928 I/dalvikvm(18576): DexOpt: mismatch dep name: '/data/dalvik-cache/system@framework@services.jar@classes.dex' vs. '/system/framework/services.odex'
02-26 00:06:13.928 E/dalvikvm(18576): /system/framework/webviewchromium.jar odex has stale dependencies
02-26 00:06:13.935 D/dalvikvm(18576): Trying to load lib libjavacore.so 0x0
02-26 00:06:13.938 D/dalvikvm(18576): Added shared lib libjavacore.so 0x0
02-26 00:06:13.943 D/dalvikvm(18576): Trying to load lib libnativehelper.so 0x0
02-26 00:06:13.943 D/dalvikvm(18576): Added shared lib libnativehelper.so 0x0
02-26 00:06:13.943 D/dalvikvm(18576): No JNI_OnLoad found in libnativehelper.so 0x0, skipping init
02-26 00:06:13.961 I/dalvikvm(18576): DexOpt: mismatch dep name: '/data/dalvik-cache/system@framework@services.jar@classes.dex' vs. '/system/framework/services.odex'
02-26 00:06:13.961 E/dalvikvm(18576): /system/framework/input.jar odex has stale dependencies
02-26 00:06:13.965 E/cutils-trace(18576): Error opening trace file: No such file or directory (2)
02-26 00:06:13.985 D/dalvikvm(18576): Note: class Landroid/app/ActivityManagerNative; has 179 unimplemented (abstract) methods
02-26 00:06:14.175 E/memtrack(18576): Couldn't load memtrack module (No such file or directory)
02-26 00:06:14.175 E/android.os.Debug(18576): failed to load memtrack module: -2
02-26 00:06:14.178 I/EthernetJNI(18576): Loading ethernet jni class
02-26 00:06:14.249 D/AndroidRuntime(18576): Calling main entry com.android.commands.input.Input
02-26 00:06:14.250 I/Input   (18576): injectKeyEvent: KeyEvent { action=ACTION_DOWN, keyCode=KEYCODE_DPAD_UP, scanCode=0, metaState=0, flags=0x0, repeatCount=0, eventTime=23984425, downTime=23984425, deviceId=-1, source=0x101 }
02-26 00:06:14.255 D/WindowManager( 1948): keyCode =19
02-26 00:06:14.255 D/WindowManager( 1948): isLockedAllKeys =0
02-26 00:06:14.255 D/WindowManager( 1948): isHandleHomeKey = 1
02-26 00:06:14.255 D/WindowManager( 1948): isHandlePowerKey ==1
02-26 00:06:14.255 D/WindowManager( 1948): isHandleSettingKey=1
02-26 00:06:14.255 D/WindowManager( 1948): handleSystemKey==1
02-26 00:06:14.256 D/WindowManager( 1948): send broadcast key press down
02-26 00:06:14.256 W/ContextImpl( 1948): Calling a method in the system process without a qualified user: android.app.ContextImpl.sendBroadcast:1168 com.android.internal.policy.impl.PhoneWindowManager.interceptKeyBeforeQueueing:4109 com.android.server.wm.InputMonitor.interceptKeyBeforeQueueing:357 com.android.server.input.InputManagerService.interceptKeyBeforeQueueing:1352 com.android.server.input.InputManagerService.nativeInjectInputEvent:-2 
02-26 00:06:14.259 D/MainActivity( 2257): [0;32;31m[main][com.huawei.mh2.launcher.MainActivity][dispatchKeyEvent][-1]:launcher:keycode=19 [m
02-26 00:06:14.261 D/PosterPage( 2257): [0;32;31m[main][com.huawei.mh2.launcher.page.o][onFocusChange][-1]:launcher:hasFocus=false [m
02-26 00:06:14.262 I/Input   (18576): injectKeyEvent: KeyEvent { action=ACTION_UP, keyCode=KEYCODE_DPAD_UP, scanCode=0, metaState=0, flags=0x0, repeatCount=0, eventTime=23984425, downTime=23984425, deviceId=-1, source=0x101 }
02-26 00:06:14.263 D/WindowManager( 1948): keyCode =19
02-26 00:06:14.263 D/WindowManager( 1948): isLockedAllKeys =0
02-26 00:06:14.263 D/WindowManager( 1948): isHandleHomeKey = 1
02-26 00:06:14.263 D/AudioPolicyManagerBase( 1406): startOutput() output 2, stream 1, session 367
02-26 00:06:14.263 D/AudioPolicyManagerBase( 1406): startoutput ->setOutputDevice
02-26 00:06:14.263 D/WindowManager( 1948): isHandlePowerKey ==1
02-26 00:06:14.263 D/WindowManager( 1948): isHandleSettingKey=1
02-26 00:06:14.263 D/AudioPolicyManagerBase( 1406): AudioPolicyManagerBase::checkAndSetVolume 13,0.377113
02-26 00:06:14.263 D/WindowManager( 1948): handleSystemKey==1
02-26 00:06:14.265 D/j       ( 2257): [0;32;31m[main][com.huawei.mh2.launcher.l][onGlobalFocusChanged][-1]:launcher:newFocus=com.huawei.mh2.launcher.a.n{2c944210 VFE...C. .FS..... 0,0-120,57 #7f0a0006 app:id/menu_title_home} [m
02-26 00:06:14.265 D/AndroidRuntime(18576): Shutting down VM
02-26 00:06:14.266 D/j       ( 2257): [0;32;31m[main][net.sunniwell.ui.e][onGlobalFocusChanged][-1]:launcher:smoothMove [m
02-26 00:06:14.268 D/j       ( 2257): [0;32;31m[main][net.sunniwell.ui.g][a][-1]:launcher:anchorView=com.huawei.mh2.launcher.a.n{2c944210 VFE...C. .FS..... 0,0-120,57 #7f0a0006 app:id/menu_title_home} [m
02-26 00:06:14.269 D/FrameworkPage( 2257): [0;32;31m[main][com.huawei.mh2.launcher.page.FrameworkPage][onFocusChange][-1]:launcher:v=com.huawei.mh2.launcher.a.n{2c944210 VFE...C. .FS...ID 0,0-120,57 #7f0a0006 app:id/menu_title_home} [m
02-26 00:06:14.270 D/dalvikvm(18576): GC_CONCURRENT freed 98K, 16% free 566K/668K, paused 1ms+0ms, total 4ms
02-26 00:06:14.271 D/MainActivity( 2257): [0;32;31m[main][com.huawei.mh2.launcher.MainActivity][dispatchKeyEvent][-1]:launcher:keycode=19 [m
02-26 00:06:14.275 D/ImageLoader( 2257): Load image from memory cache [http://pic3.ptqy.gitv.tv/image/20150215/41/2c/a_100010524_m_601_260_360.jpg_333x461]
02-26 00:06:14.277 D/p       ( 2257): [0;32;31m[main][com.huawei.mh2.launcher.p][getView][-1]:launcher:position=12 convertView=null [m
02-26 00:06:14.294 D/j       ( 2257): [0;32;31m[main][net.sunniwell.ui.g][b][-1]:launcher:offsetWidth=-147 offsetHeight=-279 resizeImmediate=false [m
02-26 00:06:14.295 D/j       ( 2257): [0;32;31m[main][net.sunniwell.ui.g][a][-1]:launcher:offsetLeft=-312 offsetTop=-115 moveImmediate=false [m
02-26 00:06:14.297 D/j       ( 2257): [0;32;31m[main][net.sunniwell.ui.d][a][-1]:launcher:immediate=false isChanged=true [m
02-26 00:06:14.298 D/j       ( 2257): [0;32;31m[main][com.huawei.mh2.launcher.j][a][-1]:launcher:changed=true [m
02-26 00:06:14.304 D/j       ( 2257): [0;32;31m[main][net.sunniwell.ui.g][b][-1]:launcher:offsetWidth=-51 offsetHeight=-97 resizeImmediate=false [m
02-26 00:06:14.305 D/j       ( 2257): [0;32;31m[main][net.sunniwell.ui.g][a][-1]:launcher:offsetLeft=-109 offsetTop=-40 moveImmediate=false [m
02-26 00:06:14.306 D/j       ( 2257): [0;32;31m[main][net.sunniwell.ui.d][a][-1]:launcher:immediate=false isChanged=true [m
02-26 00:06:14.306 D/j       ( 2257): [0;32;31m[main][com.huawei.mh2.launcher.j][a][-1]:launcher:changed=true [m
02-26 00:06:14.323 D/j       ( 2257): [0;32;31m[main][net.sunniwell.ui.g][b][-1]:launcher:offsetWidth=-18 offsetHeight=-34 resizeImmediate=false [m
02-26 00:06:14.324 D/j       ( 2257): [0;32;31m[main][net.sunniwell.ui.g][a][-1]:launcher:offsetLeft=-38 offsetTop=-14 moveImmediate=false [m
02-26 00:06:14.325 D/j       ( 2257): [0;32;31m[main][net.sunniwell.ui.d][a][-1]:launcher:immediate=false isChanged=true [m
02-26 00:06:14.327 D/j       ( 2257): [0;32;31m[main][com.huawei.mh2.launcher.j][a][-1]:launcher:changed=true [m
02-26 00:06:14.364 D/j       ( 2257): [0;32;31m[main][net.sunniwell.ui.g][b][-1]:launcher:offsetWidth=-6 offsetHeight=-12 resizeImmediate=false [m
02-26 00:06:14.364 D/j       ( 2257): [0;32;31m[main][net.sunniwell.ui.g][a][-1]:launcher:offsetLeft=-13 offsetTop=-7 moveImmediate=false [m
02-26 00:06:14.366 D/j       ( 2257): [0;32;31m[main][net.sunniwell.ui.d][a][-1]:launcher:immediate=false isChanged=true [m
02-26 00:06:14.367 D/j       ( 2257): [0;32;31m[main][com.huawei.mh2.launcher.j][a][-1]:launcher:changed=true [m
02-26 00:06:14.391 D/j       ( 2257): [0;32;31m[main][net.sunniwell.ui.g][b][-1]:launcher:offsetWidth=-3 offsetHeight=-6 resizeImmediate=false [m
02-26 00:06:14.393 D/j       ( 2257): [0;32;31m[main][net.sunniwell.ui.g][a][-1]:launcher:offsetLeft=-7 offsetTop=0 moveImmediate=false [m
02-26 00:06:14.393 D/j       ( 2257): [0;32;31m[main][net.sunniwell.ui.d][a][-1]:launcher:immediate=false isChanged=true [m
02-26 00:06:14.394 D/j       ( 2257): [0;32;31m[main][com.huawei.mh2.launcher.j][a][-1]:launcher:changed=true [m
02-26 00:06:14.416 D/j       ( 2257): [0;32;31m[main][net.sunniwell.ui.g][b][-1]:launcher:offsetWidth=0 offsetHeight=0 resizeImmediate=false [m
02-26 00:06:14.417 D/j       ( 2257): [0;32;31m[main][net.sunniwell.ui.g][a][-1]:launcher:offsetLeft=0 offsetTop=0 moveImmediate=false [m
02-26 00:06:14.418 D/j       ( 2257): [0;32;31m[main][net.sunniwell.ui.d][a][-1]:launcher:immediate=false isChanged=false [m
02-26 00:06:14.418 D/j       ( 2257): [0;32;31m[main][com.huawei.mh2.launcher.j][a][-1]:launcher:changed=false [m
02-26 00:06:16.040 D/AndroidRuntime(18588): 
02-26 00:06:16.040 D/AndroidRuntime(18588): >>>>>> AndroidRuntime START com.android.internal.os.RuntimeInit <<<<<<
02-26 00:06:16.044 D/AndroidRuntime(18588): CheckJNI is OFF
02-26 00:06:16.057 I/dalvikvm(18588): DexOpt: mismatch dep signature for '/system/framework/android.policy.odex'
02-26 00:06:16.057 E/dalvikvm(18588): /system/framework/services.jar odex has stale dependencies
02-26 00:06:16.058 I/dalvikvm(18588): DexOpt: mismatch dep name: '/data/dalvik-cache/system@framework@services.jar@classes.dex' vs. '/system/framework/services.odex'
02-26 00:06:16.058 E/dalvikvm(18588): /system/framework/apache-xml.jar odex has stale dependencies
02-26 00:06:16.060 I/dalvikvm(18588): DexOpt: mismatch dep name: '/data/dalvik-cache/system@framework@services.jar@classes.dex' vs. '/system/framework/services.odex'
02-26 00:06:16.060 E/dalvikvm(18588): /system/framework/webviewchromium.jar odex has stale dependencies
02-26 00:06:16.071 D/dalvikvm(18588): Trying to load lib libjavacore.so 0x0
02-26 00:06:16.076 D/dalvikvm(18588): Added shared lib libjavacore.so 0x0
02-26 00:06:16.085 D/dalvikvm(18588): Trying to load lib libnativehelper.so 0x0
02-26 00:06:16.085 D/dalvikvm(18588): Added shared lib libnativehelper.so 0x0
02-26 00:06:16.086 D/dalvikvm(18588): No JNI_OnLoad found in libnativehelper.so 0x0, skipping init
02-26 00:06:16.107 I/dalvikvm(18588): DexOpt: mismatch dep name: '/data/dalvik-cache/system@framework@services.jar@classes.dex' vs. '/system/framework/services.odex'
02-26 00:06:16.107 E/dalvikvm(18588): /system/framework/input.jar odex has stale dependencies
02-26 00:06:16.111 E/cutils-trace(18588): Error opening trace file: No such file or directory (2)
02-26 00:06:16.132 D/dalvikvm(18588): Note: class Landroid/app/ActivityManagerNative; has 179 unimplemented (abstract) methods
02-26 00:06:16.335 E/memtrack(18588): Couldn't load memtrack module (No such file or directory)
02-26 00:06:16.335 E/android.os.Debug(18588): failed to load memtrack module: -2
02-26 00:06:16.338 I/EthernetJNI(18588): Loading ethernet jni class
02-26 00:06:16.411 D/AndroidRuntime(18588): Calling main entry com.android.commands.input.Input
02-26 00:06:16.413 I/Input   (18588): injectKeyEvent: KeyEvent { action=ACTION_DOWN, keyCode=KEYCODE_DPAD_DOWN, scanCode=0, metaState=0, flags=0x0, repeatCount=0, eventTime=23986587, downTime=23986587, deviceId=-1, source=0x101 }
02-26 00:06:16.418 D/WindowManager( 1948): keyCode =20
02-26 00:06:16.418 D/WindowManager( 1948): isLockedAllKeys =0
02-26 00:06:16.418 D/WindowManager( 1948): isHandleHomeKey = 1
02-26 00:06:16.418 D/WindowManager( 1948): isHandlePowerKey ==1
02-26 00:06:16.418 D/WindowManager( 1948): isHandleSettingKey=1
02-26 00:06:16.418 D/WindowManager( 1948): handleSystemKey==1
02-26 00:06:16.419 D/WindowManager( 1948): send broadcast key press down
02-26 00:06:16.419 W/ContextImpl( 1948): Calling a method in the system process without a qualified user: android.app.ContextImpl.sendBroadcast:1168 com.android.internal.policy.impl.PhoneWindowManager.interceptKeyBeforeQueueing:4109 com.android.server.wm.InputMonitor.interceptKeyBeforeQueueing:357 com.android.server.input.InputManagerService.interceptKeyBeforeQueueing:1352 com.android.server.input.InputManagerService.nativeInjectInputEvent:-2 
02-26 00:06:16.422 D/MainActivity( 2257): [0;32;31m[main][com.huawei.mh2.launcher.MainActivity][dispatchKeyEvent][-1]:launcher:keycode=20 [m
02-26 00:06:16.424 D/j       ( 2257): [0;32;31m[main][com.huawei.mh2.launcher.l][onGlobalFocusChanged][-1]:launcher:newFocus=com.huawei.mh2.launcher.a.s{2d4a63e8 VFE..... .FS..... 840,75-1181,544} [m
02-26 00:06:16.425 I/Input   (18588): injectKeyEvent: KeyEvent { action=ACTION_UP, keyCode=KEYCODE_DPAD_DOWN, scanCode=0, metaState=0, flags=0x0, repeatCount=0, eventTime=23986587, downTime=23986587, deviceId=-1, source=0x101 }
02-26 00:06:16.425 D/WindowManager( 1948): keyCode =20
02-26 00:06:16.425 D/WindowManager( 1948): isLockedAllKeys =0
02-26 00:06:16.425 D/WindowManager( 1948): isHandleHomeKey = 1
02-26 00:06:16.425 D/WindowManager( 1948): isHandlePowerKey ==1
02-26 00:06:16.425 D/WindowManager( 1948): isHandleSettingKey=1
02-26 00:06:16.425 D/WindowManager( 1948): handleSystemKey==1
02-26 00:06:16.426 D/AudioPolicyManagerBase( 1406): startOutput() output 2, stream 1, session 368
02-26 00:06:16.426 D/AudioPolicyManagerBase( 1406): startoutput ->setOutputDevice
02-26 00:06:16.426 D/AudioPolicyManagerBase( 1406): AudioPolicyManagerBase::checkAndSetVolume 13,0.377113
02-26 00:06:16.427 D/j       ( 2257): [0;32;31m[main][net.sunniwell.ui.e][onGlobalFocusChanged][-1]:launcher:smoothMove [m
02-26 00:06:16.427 D/ImageLoader( 2257): Load image from memory cache [http://pic3.ptqy.gitv.tv/image/20150215/41/2c/a_100010524_m_601_260_360.jpg_333x461]
02-26 00:06:16.428 D/j       ( 2257): [0;32;31m[main][net.sunniwell.ui.g][a][-1]:launcher:anchorView=com.huawei.mh2.launcher.a.s{2d4a63e8 VFE..... .FS..... 840,75-1181,544} [m
02-26 00:06:16.430 D/PosterPage( 2257): [0;32;31m[main][com.huawei.mh2.launcher.page.o][onFocusChange][-1]:launcher:hasFocus=true [m
02-26 00:06:16.436 D/p       ( 2257): [0;32;31m[main][com.huawei.mh2.launcher.p][getView][-1]:launcher:position=12 convertView=null [m
02-26 00:06:16.461 D/AndroidRuntime(18588): Shutting down VM
02-26 00:06:16.466 D/MainActivity( 2257): [0;32;31m[main][com.huawei.mh2.launcher.MainActivity][dispatchKeyEvent][-1]:launcher:keycode=20 [m
02-26 00:06:16.467 D/j       ( 2257): [0;32;31m[main][net.sunniwell.ui.g][b][-1]:launcher:offsetWidth=146 offsetHeight=278 resizeImmediate=false [m
02-26 00:06:16.469 D/dalvikvm(18588): GC_CONCURRENT freed 98K, 16% free 566K/668K, paused 0ms+0ms, total 5ms
02-26 00:06:16.469 D/j       ( 2257): [0;32;31m[main][net.sunniwell.ui.g][a][-1]:launcher:offsetLeft=317 offsetTop=124 moveImmediate=false [m
02-26 00:06:16.472 I/HiRMService( 2269):  ***** changeStats = 0
02-26 00:06:16.496 D/j       ( 2257): [0;32;31m[main][net.sunniwell.ui.d][a][-1]:launcher:immediate=false isChanged=true [m
02-26 00:06:16.506 D/j       ( 2257): [0;32;31m[main][com.huawei.mh2.launcher.j][a][-1]:launcher:changed=true [m
02-26 00:06:16.510 D/j       ( 2257): [0;32;31m[main][net.sunniwell.ui.g][b][-1]:launcher:offsetWidth=51 offsetHeight=97 resizeImmediate=false [m
02-26 00:06:16.515 D/j       ( 2257): [0;32;31m[main][net.sunniwell.ui.g][a][-1]:launcher:offsetLeft=111 offsetTop=44 moveImmediate=false [m
02-26 00:06:16.518 D/dalvikvm( 2257): GC_CONCURRENT freed 8094K, 39% free 52270K/85332K, paused 4ms+11ms, total 87ms
02-26 00:06:16.519 D/j       ( 2257): [0;32;31m[main][net.sunniwell.ui.d][a][-1]:launcher:immediate=false isChanged=true [m
02-26 00:06:16.521 D/j       ( 2257): [0;32;31m[main][com.huawei.mh2.launcher.j][a][-1]:launcher:changed=true [m
02-26 00:06:16.524 D/j       ( 2257): [0;32;31m[main][net.sunniwell.ui.g][b][-1]:launcher:offsetWidth=18 offsetHeight=34 resizeImmediate=false [m
02-26 00:06:16.526 D/j       ( 2257): [0;32;31m[main][net.sunniwell.ui.g][a][-1]:launcher:offsetLeft=39 offsetTop=15 moveImmediate=false [m
02-26 00:06:16.527 D/j       ( 2257): [0;32;31m[main][net.sunniwell.ui.d][a][-1]:launcher:immediate=false isChanged=true [m
02-26 00:06:16.529 D/j       ( 2257): [0;32;31m[main][com.huawei.mh2.launcher.j][a][-1]:launcher:changed=true [m
02-26 00:06:16.531 D/j       ( 2257): [0;32;31m[main][net.sunniwell.ui.g][b][-1]:launcher:offsetWidth=6 offsetHeight=12 resizeImmediate=false [m
02-26 00:06:16.533 D/j       ( 2257): [0;32;31m[main][net.sunniwell.ui.g][a][-1]:launcher:offsetLeft=7 offsetTop=-7 moveImmediate=false [m
02-26 00:06:16.535 D/j       ( 2257): [0;32;31m[main][net.sunniwell.ui.d][a][-1]:launcher:immediate=false isChanged=true [m
02-26 00:06:16.536 D/j       ( 2257): [0;32;31m[main][com.huawei.mh2.launcher.j][a][-1]:launcher:changed=true [m
02-26 00:06:16.539 D/j       ( 2257): [0;32;31m[main][net.sunniwell.ui.g][b][-1]:launcher:offsetWidth=4 offsetHeight=7 resizeImmediate=false [m
02-26 00:06:16.542 D/j       ( 2257): [0;32;31m[main][net.sunniwell.ui.g][a][-1]:launcher:offsetLeft=5 offsetTop=0 moveImmediate=false [m
02-26 00:06:16.544 D/j       ( 2257): [0;32;31m[main][net.sunniwell.ui.d][a][-1]:launcher:immediate=false isChanged=true [m
02-26 00:06:16.545 D/j       ( 2257): [0;32;31m[main][com.huawei.mh2.launcher.j][a][-1]:launcher:changed=true [m
02-26 00:06:16.555 D/j       ( 2257): [0;32;31m[main][net.sunniwell.ui.g][b][-1]:launcher:offsetWidth=0 offsetHeight=0 resizeImmediate=false [m
02-26 00:06:16.556 D/j       ( 2257): [0;32;31m[main][net.sunniwell.ui.g][a][-1]:launcher:offsetLeft=0 offsetTop=0 moveImmediate=false [m
02-26 00:06:16.557 D/j       ( 2257): [0;32;31m[main][net.sunniwell.ui.d][a][-1]:launcher:immediate=false isChanged=false [m
02-26 00:06:16.558 D/j       ( 2257): [0;32;31m[main][com.huawei.mh2.launcher.j][a][-1]:launcher:changed=false [m
02-26 00:06:17.259 D/ImageLoader( 2257): Load image from memory cache [http://pic3.ptqy.gitv.tv/image/20150215/41/2c/a_100010524_m_601_260_360.jpg_333x461]
02-26 00:06:17.263 D/p       ( 2257): [0;32;31m[main][com.huawei.mh2.launcher.p][getView][-1]:launcher:position=12 convertView=null [m
02-26 00:06:17.280 D/j       ( 2257): [0;32;31m[main][net.sunniwell.ui.g][a][-1]:launcher:anchorView=com.huawei.mh2.launcher.a.s{2d4a63e8 VFE..... .FS...ID 840,75-1181,544} [m
02-26 00:06:17.361 D/j       ( 2257): [0;32;31m[main][net.sunniwell.ui.g][b][-1]:launcher:offsetWidth=0 offsetHeight=0 resizeImmediate=false [m
02-26 00:06:17.363 D/j       ( 2257): [0;32;31m[main][net.sunniwell.ui.g][a][-1]:launcher:offsetLeft=0 offsetTop=0 moveImmediate=false [m
02-26 00:06:17.364 D/j       ( 2257): [0;32;31m[main][net.sunniwell.ui.d][a][-1]:launcher:immediate=false isChanged=false [m
02-26 00:06:17.365 D/j       ( 2257): [0;32;31m[main][com.huawei.mh2.launcher.j][a][-1]:launcher:changed=false [m
02-26 00:06:18.885 E/VPP_DLNA_LOG( 2814): [VPPDLNA]:SSDP recvd bad msg code = 1
02-26 00:06:18.887 E/VPP_DLNA_LOG( 2814): [VPPDLNA]:SSDP recvd bad msg code = 1
02-26 00:06:18.889 E/VPP_DLNA_LOG( 2814): [VPPDLNA]:SSDP recvd bad msg code = 1
02-26 00:06:18.918 E/VPP_DLNA_LOG( 2814): [VPPDLNA]:SSDP recvd bad msg code = 1
02-26 00:06:18.919 E/VPP_DLNA_LOG( 2814): [VPPDLNA]:SSDP recvd bad msg code = 1
02-26 00:06:18.920 E/VPP_DLNA_LOG( 2814): [VPPDLNA]:SSDP recvd bad msg code = 1
02-26 00:06:19.213 D/SambaClientService( 2610): sendMsg2AutoScan success 10
02-26 00:06:19.213 D/SambaAutoScanHandler( 2610): AutoScanHandler MSG_AUTOSCAN_REQUEST_MOUNT
02-26 00:06:19.223 D/SambaAutoScanHandler( 2610): urlShare = smb://C191005968CD43E/M330/
02-26 00:06:19.223 D/SambaClientService( 2610): sendMsg2AutoScan success 11
02-26 00:06:19.223 D/SambaAutoScanHandler( 2610): AutoScanHandler MSG_AUTOSCAN_REQUEST_MOUNT_AUTH_FRDB
02-26 00:06:19.238 D/SambaAutoScanHandler( 2610): urlServer = smb://C191005968CD43E/M330/
02-26 00:06:19.263 D/SambaAutoScanHandler( 2610): server: C191005968CD43Eip = 10.10.5.21
02-26 00:06:19.263 D/SambaClientService( 2610): [0].svn/
02-26 00:06:19.264 D/SambaClientService( 2610): [1]交付件/
02-26 00:06:19.264 D/SambaClientService( 2610): [2]硬件规格/
02-26 00:06:19.265 D/SambaClientService( 2610): [3]硬件计划/
02-26 00:06:19.265 D/SambaClientService( 2610): [4]软件规格/
02-26 00:06:19.266 D/SambaClientService( 2610): [5]软件计划/
02-26 00:06:19.266 D/SambaClientService( 2610): [6]项目需求/
02-26 00:06:19.266 D/SambaClientService( 2610): smb://C191005968CD43E/M330/ LastModified = 1422587165062 lastCreated = 1407150551765 share_num = 7
02-26 00:06:19.267 D/SambaClientService( 2610): sendMsg2Interactive success 11
02-26 00:06:19.267 D/SambaManagerHandler( 2610): ManagerHandler MSG_AUTHED_MOUNT_SHARE
02-26 00:06:19.267 D/SambaManagerHandler( 2610): MutiProcessState start[0]=1
02-26 00:06:19.268 D/sendMsg2MutiProcess( 2610): sendMsg2MutiProcess success [0]11
02-26 00:06:19.268 D/SambaInteractiveHandler( 2610): InteractiveHandler MSG_AUTHED_MOUNT_SHARE
02-26 00:06:19.305 D/SambaClientService( 2610): //10.10.5.21/M330 already mount
02-26 00:06:19.309 D/SambaClientService( 2610): getLocalIpAddress fe80::3af8:89ff:fe5d:87b6%eth0
02-26 00:06:19.309 D/SambaClientService( 2610): getLocalIpAddress 10.10.5.169
02-26 00:06:19.310 D/SambaClientService( 2610): getLocalIpAddress 1: localAddr = 10.10.5.169
02-26 00:06:19.310 D/SambaInteractiveHandler( 2610): [localHost]=10.10.5.169[ip]=10.10.5.21
02-26 00:06:19.310 D/SambaInteractiveHandler( 2610): doRealMount already mounted
02-26 00:06:19.347 D/SambaInteractiveHandler( 2610): MutiProcessState close[0]=0
02-26 00:06:19.352 D/AndroidRuntime(18600): 
02-26 00:06:19.352 D/AndroidRuntime(18600): >>>>>> AndroidRuntime START com.android.internal.os.RuntimeInit <<<<<<
02-26 00:06:19.356 D/AndroidRuntime(18600): CheckJNI is OFF
02-26 00:06:19.370 I/dalvikvm(18600): DexOpt: mismatch dep signature for '/system/framework/android.policy.odex'
02-26 00:06:19.370 E/dalvikvm(18600): /system/framework/services.jar odex has stale dependencies
02-26 00:06:19.371 I/dalvikvm(18600): DexOpt: mismatch dep name: '/data/dalvik-cache/system@framework@services.jar@classes.dex' vs. '/system/framework/services.odex'
02-26 00:06:19.371 E/dalvikvm(18600): /system/framework/apache-xml.jar odex has stale dependencies
02-26 00:06:19.372 I/dalvikvm(18600): DexOpt: mismatch dep name: '/data/dalvik-cache/system@framework@services.jar@classes.dex' vs. '/system/framework/services.odex'
02-26 00:06:19.372 E/dalvikvm(18600): /system/framework/webviewchromium.jar odex has stale dependencies
02-26 00:06:19.385 D/dalvikvm(18600): Trying to load lib libjavacore.so 0x0
02-26 00:06:19.391 D/dalvikvm(18600): Added shared lib libjavacore.so 0x0
02-26 00:06:19.400 D/dalvikvm(18600): Trying to load lib libnativehelper.so 0x0
02-26 00:06:19.400 D/dalvikvm(18600): Added shared lib libnativehelper.so 0x0
02-26 00:06:19.400 D/dalvikvm(18600): No JNI_OnLoad found in libnativehelper.so 0x0, skipping init
02-26 00:06:19.432 I/dalvikvm(18600): DexOpt: mismatch dep name: '/data/dalvik-cache/system@framework@services.jar@classes.dex' vs. '/system/framework/services.odex'
02-26 00:06:19.432 E/dalvikvm(18600): /system/framework/input.jar odex has stale dependencies
02-26 00:06:19.438 E/cutils-trace(18600): Error opening trace file: No such file or directory (2)
02-26 00:06:19.473 D/dalvikvm(18600): Note: class Landroid/app/ActivityManagerNative; has 179 unimplemented (abstract) methods
02-26 00:06:19.791 E/memtrack(18600): Couldn't load memtrack module (No such file or directory)
02-26 00:06:19.792 E/android.os.Debug(18600): failed to load memtrack module: -2
02-26 00:06:19.795 I/EthernetJNI(18600): Loading ethernet jni class
02-26 00:06:19.885 D/AndroidRuntime(18600): Calling main entry com.android.commands.input.Input
02-26 00:06:19.886 I/Input   (18600): injectKeyEvent: KeyEvent { action=ACTION_DOWN, keyCode=KEYCODE_ENTER, scanCode=0, metaState=0, flags=0x0, repeatCount=0, eventTime=23990061, downTime=23990061, deviceId=-1, source=0x101 }
02-26 00:06:19.893 D/WindowManager( 1948): keyCode =66
02-26 00:06:19.893 D/WindowManager( 1948): isLockedAllKeys =0
02-26 00:06:19.893 D/WindowManager( 1948): isHandleHomeKey = 1
02-26 00:06:19.893 D/WindowManager( 1948): isHandlePowerKey ==1
02-26 00:06:19.893 D/WindowManager( 1948): isHandleSettingKey=1
02-26 00:06:19.893 D/WindowManager( 1948): handleSystemKey==1
02-26 00:06:19.894 W/ContextImpl( 1948): Calling a method in the system process without a qualified user: android.app.ContextImpl.sendBroadcast:1168 com.android.internal.policy.impl.PhoneWindowManager.interceptKeyBeforeQueueing:4109 com.android.server.wm.InputMonitor.interceptKeyBeforeQueueing:357 com.android.server.input.InputManagerService.interceptKeyBeforeQueueing:1352 com.android.server.input.InputManagerService.nativeInjectInputEvent:-2 
02-26 00:06:19.895 D/WindowManager( 1948): send broadcast key press down
02-26 00:06:19.898 I/Input   (18600): injectKeyEvent: KeyEvent { action=ACTION_UP, keyCode=KEYCODE_ENTER, scanCode=0, metaState=0, flags=0x0, repeatCount=0, eventTime=23990061, downTime=23990061, deviceId=-1, source=0x101 }
02-26 00:06:19.899 D/WindowManager( 1948): keyCode =66
02-26 00:06:19.899 D/WindowManager( 1948): isLockedAllKeys =0
02-26 00:06:19.899 D/MainActivity( 2257): [0;32;31m[main][com.huawei.mh2.launcher.MainActivity][dispatchKeyEvent][-1]:launcher:keycode=66 [m
02-26 00:06:19.899 D/WindowManager( 1948): isHandleHomeKey = 1
02-26 00:06:19.899 D/WindowManager( 1948): isHandlePowerKey ==1
02-26 00:06:19.899 D/WindowManager( 1948): isHandleSettingKey=1
02-26 00:06:19.899 D/WindowManager( 1948): handleSystemKey==1
02-26 00:06:19.903 D/MainActivity( 2257): [0;32;31m[main][com.huawei.mh2.launcher.MainActivity][dispatchKeyEvent][-1]:launcher:keycode=66 [m
02-26 00:06:19.904 I/EthernetService( 1948): getWifiDisguiseState: STATE UNKNOWN
02-26 00:06:19.904 I/EthernetManager( 1948): getWifiDisguiseState2
02-26 00:06:19.904 I/EthernetService( 1948): getWifiDisguiseState: STATE UNKNOWN
02-26 00:06:19.904 D/AudioPolicyManagerBase( 1406): startOutput() output 2, stream 1, session 369
02-26 00:06:19.904 D/AudioPolicyManagerBase( 1406): startoutput ->setOutputDevice
02-26 00:06:19.904 D/AudioPolicyManagerBase( 1406): AudioPolicyManagerBase::checkAndSetVolume 13,0.377113
02-26 00:06:19.904 I/EthernetService( 1948): getWifiDisguiseState: STATE UNKNOWN
02-26 00:06:19.905 I/EthernetManager( 1948): getWifiDisguiseState2
02-26 00:06:19.905 I/EthernetService( 1948): getWifiDisguiseState: STATE UNKNOWN
02-26 00:06:19.906 D/g       ( 2257): [0;32;31m[main][com.huawei.mh2.launcher.b.g][a][-1]:launcher:dataInfo = id=0232ebdd3b18d801e3f158650792156f,type=0,title=中国梦想秀之折纸狂人盼圆妻子羊驼之梦,classTag=null,sort=null,filterTag=null,obj=com.qiyi.tv.client.data.Video@2d4cfb18 [m
02-26 00:06:19.908 D/g       ( 2257): [0;32;31m[main][com.huawei.mh2.launcher.b.g][a][-1]:launcher:type = 0 [m
02-26 00:06:19.910 D/g       ( 2257): [0;32;31m[main][com.huawei.mh2.launcher.b.g][i][-1]:launcher:isNetworkReachable [m
02-26 00:06:19.925 D/ClientHelper( 2257): isConnected() ClientHelper@2c9af570{mCurrentState=2, mTargetState=2, mAuthSuccess=true, mListener=com.qiyi.tv.client.project.BaseClient$ProxyListener@2c9ef300, mService=com.qiyi.tv.client.IQiyiService$Stub$Proxy@2ef93858}
02-26 00:06:19.925 D/ClientHelper( 2257): isAuthSuccess() ClientHelper@2c9af570{mCurrentState=2, mTargetState=2, mAuthSuccess=true, mListener=com.qiyi.tv.client.project.BaseClient$ProxyListener@2c9ef300, mService=com.qiyi.tv.client.IQiyiService$Stub$Proxy@2ef93858}
02-26 00:06:19.925 D/Utils   ( 2257): dumpBundle() copyBundle() target=: bundle size=3
02-26 00:06:19.926 D/Utils   ( 2257): dumpBundle() copyBundle() target=: key[com.qiyi.tv.sdk.extra.EXTRA_OPERATION_TYPE]=20001
02-26 00:06:19.926 D/g       ( 2257): [0;32;31m[main][com.huawei.mh2.launcher.b.g][i][-1]:launcher:isNetworkReachable return true [m
02-26 00:06:19.926 D/Utils   ( 2257): dumpBundle() copyBundle() target=: key[com.qiyi.tv.sdk.extra.EXTRA_OPERATION_DATA_TYPE]=30000
02-26 00:06:19.926 D/Utils   ( 2257): dumpBundle() copyBundle() target=: key[com.qiyi.tv.sdk.extra.EXTRA_OPERATION_TARGET]=10201
02-26 00:06:19.926 D/Utils   ( 2257): dumpBundle() copyBundle() source=: bundle size=2
02-26 00:06:19.927 D/Utils   ( 2257): dumpBundle() copyBundle() source=: key[com.qiyi.tv.sdk.extra.EXTRA_INTENT_FLAG]=335577088
02-26 00:06:19.927 D/Utils   ( 2257): dumpBundle() copyBundle() source=: key[com.qiyi.tv.sdk.extra.EXTRA_VIDEO]=com.qiyi.tv.client.data.Video@2d4cfb18
02-26 00:06:19.927 D/Utils   ( 2257): dumpBundle() copyBundle() final=: bundle size=5
02-26 00:06:19.927 D/Utils   ( 2257): dumpBundle() copyBundle() final=: key[com.qiyi.tv.sdk.extra.EXTRA_OPERATION_TYPE]=20001
02-26 00:06:19.927 D/Utils   ( 2257): dumpBundle() copyBundle() final=: key[com.qiyi.tv.sdk.extra.EXTRA_INTENT_FLAG]=335577088
02-26 00:06:19.927 D/Utils   ( 2257): dumpBundle() copyBundle() final=: key[com.qiyi.tv.sdk.extra.EXTRA_OPERATION_DATA_TYPE]=30000
02-26 00:06:19.928 D/Utils   ( 2257): dumpBundle() copyBundle() final=: key[com.qiyi.tv.sdk.extra.EXTRA_VIDEO]=com.qiyi.tv.client.data.Video@2d4cfb18
02-26 00:06:19.928 D/Utils   ( 2257): dumpBundle() copyBundle() final=: key[com.qiyi.tv.sdk.extra.EXTRA_OPERATION_TARGET]=10201
02-26 00:06:19.928 D/ClientHelper( 2257): isConnected() ClientHelper@2c9af570{mCurrentState=2, mTargetState=2, mAuthSuccess=true, mListener=com.qiyi.tv.client.project.BaseClient$ProxyListener@2c9ef300, mService=com.qiyi.tv.client.IQiyiService$Stub$Proxy@2ef93858}
02-26 00:06:19.929 D/ClientHelper( 2257): isAuthSuccess() ClientHelper@2c9af570{mCurrentState=2, mTargetState=2, mAuthSuccess=true, mListener=com.qiyi.tv.client.project.BaseClient$ProxyListener@2c9ef300, mService=com.qiyi.tv.client.IQiyiService$Stub$Proxy@2ef93858}
02-26 00:06:19.930 D/OpenApiBinder( 2323): invoke() begin. bundle size=5
02-26 00:06:19.930 D/OpenApiBinder( 2323): invoke() begin. key[com.qiyi.tv.sdk.extra.EXTRA_OPERATION_TYPE]=20001
02-26 00:06:19.930 D/OpenApiBinder( 2323): invoke() begin. key[com.qiyi.tv.sdk.extra.EXTRA_INTENT_FLAG]=335577088
02-26 00:06:19.931 D/OpenApiBinder( 2323): invoke() begin. key[com.qiyi.tv.sdk.extra.EXTRA_OPERATION_DATA_TYPE]=30000
02-26 00:06:19.931 D/OpenApiBinder( 2323): invoke() begin. key[com.qiyi.tv.sdk.extra.EXTRA_VIDEO]=com.qiyi.tv.client.data.Video@2db6bac8
02-26 00:06:19.931 D/OpenApiBinder( 2323): invoke() begin. key[com.qiyi.tv.sdk.extra.EXTRA_OPERATION_TARGET]=10201
02-26 00:06:19.931 D/OpenApiManager( 2323): isAllowedClient() pid=2257, holder=Holder(code=0, client=ClientInfo(vn=2.0, vc=24956, pk=com.huawei.mh2.launcher)) return true
02-26 00:06:19.931 D/OpenApiBinder( 2323): invoke() find command=com.qiyi.video.openplay.service.feature.open.OpenMediaCommand@2c923c50
02-26 00:06:19.931 D/ProcessWatcher( 2323): getToken() 2257 return AccessToken@{count=18, time=1424937959588, duration=3600000, maxCount=3600000, interval=0)
02-26 00:06:19.931 D/AccessToken( 2323): isAllowedAccess() now = 1424937979932, mMaxCount = 3600000
02-26 00:06:19.931 D/AccessToken( 2323): isAllowedAccess() count=18, time=1424937959588, return true
02-26 00:06:19.932 D/LocalVideo( 2323): LocalVideo(com.qiyi.tv.client.data.Video@2db6bac8) LocalVideo(mType=1, mId=349989700, mName=中国梦想秀之折纸狂人盼圆妻子羊驼之梦, mChannelId=6, mAlbumId=202509101, mIsSeries=true, mStartTime=0, mCornerHint=3, mPicUrl=http://pic8.ptqy.gitv.tv/image/20150225/54/4c/v_108966887_m_601_m1_354_490.jpg, mUserTags=Bundle@[size=2,com.qiyi.tv.internal.extra.EXTRA_TYPE=0],com.qiyi.tv.internal.extra.EXTRA_SOURCE_CODE=202509101])
02-26 00:06:19.932 D/OpenApiUtils( 2323): createChannelLabel(LocalVideo(mType=1, mId=349989700, mName=中国梦想秀之折纸狂人盼圆妻子羊驼之梦, mChannelId=6, mAlbumId=202509101, mIsSeries=true, mStartTime=0, mCornerHint=3, mPicUrl=http://pic8.ptqy.gitv.tv/image/20150225/54/4c/v_108966887_m_601_m1_354_490.jpg, mUserTags=Bundle@[size=2,com.qiyi.tv.internal.extra.EXTRA_TYPE=0],com.qiyi.tv.internal.extra.EXTRA_SOURCE_CODE=202509101]))
02-26 00:06:19.932 D/OpenApiUtils( 2323): createChannelLabel() return null
02-26 00:06:19.932 D/OpenApiUtils( 2323): createAlbum(LocalVideo(mType=1, mId=349989700, mName=中国梦想秀之折纸狂人盼圆妻子羊驼之梦, mChannelId=6, mAlbumId=202509101, mIsSeries=true, mStartTime=0, mCornerHint=3, mPicUrl=http://pic8.ptqy.gitv.tv/image/20150225/54/4c/v_108966887_m_601_m1_354_490.jpg, mUserTags=Bundle@[size=2,com.qiyi.tv.internal.extra.EXTRA_TYPE=0],com.qiyi.tv.internal.extra.EXTRA_SOURCE_CODE=202509101]))
02-26 00:06:19.933 D/OpenApiUtils( 2323): createAlbum() return qpId=202509101 name=中国梦想秀之折纸狂人盼圆妻子羊驼之梦 type=VIDEO focus= pic=http://pic8.ptqy.gitv.tv/image/20150225/54/4c/v_108966887_m_601_m1_354_490.jpg tvPic= score= pCount= desc= key= isSeries=true chnName= chnId=6 tag= exclusive=0 isDownload=false is3D=0 tvsets=0 order=1 time= tvCount=0 stream= isPurchase=0 tvQid=349989700 vid=null len= sourceCode=202509101 vType=0 playUrl=null
02-26 00:06:19.933 D/OpenApiUtils( 2323): createAlbum() return Album@2ef11110{qpId=202509101, tvQid=349989700, vid=null, getType()=VIDEO, albumName=中国梦想秀之折纸狂人盼圆妻子羊驼之梦, tvName=, sourceCode=202509101, isPurchase()=false, isExclusive()=false, isSeries()=true, playOrder=1, tvPic=, issueTime=, playCount=, playLength=, tvCount=0, tag=, cornerMark=CORNERMARK_NO, is3D()=false, definition list=, chnId=6, chnName=, startTime=0, endTime=0, playTime=-1, canDownload=false, bkt=, area=}
02-26 00:06:19.934 D/PlayerUtils( 2323): >> startPlayerWithPlayList: albumInfo=Album@2ef11110{qpId=202509101, tvQid=349989700, vid=null, getType()=VIDEO, albumName=中国梦想秀之折纸狂人盼圆妻子羊驼之梦, tvName=, sourceCode=202509101, isPurchase()=false, isExclusive()=false, isSeries()=true, playOrder=1, tvPic=, issueTime=, playCount=, playLength=, tvCount=0, tag=, cornerMark=CORNERMARK_NO, is3D()=false, definition list=, chnId=6, chnName=, startTime=0, endTime=0, playTime=-1, canDownload=false, bkt=, area=}, playOrder=1, from=out, playParams=PlayParams@2ef10140{sourceType=OUTSIDE, playindex=0, playlist id=null, playlist name=null, is recommend=false, channel id=null, channel name=null, is picture vertical=false, from=out, playlist=[EMPTY]}
02-26 00:06:19.934 D/PlayerUtils( 2323): add clear task flag
02-26 00:06:19.934 D/PlayerUtils( 2323): fillOutsideInfoIfNeed() fill out album info!
02-26 00:06:19.952 I/ActivityManager( 1948): START u0 {flg=0x14008000 cmp=com.qiyi.tvplayer.huawei/com.qiyi.video.player.PlayerActivity (has extras)} from pid 2323
02-26 00:06:19.991 D/dalvikvm( 1948): GC_FOR_ALLOC freed 916K, 20% free 7613K/9452K, paused 38ms, total 39ms
02-26 00:06:19.994 I/QBaseActivity( 2323): onDestroy this = com.qiyi.video.player.PlayerActivity@2ef56af0
02-26 00:06:19.994 I/QBaseActivity( 2323): onDestroy refCount = 1
02-26 00:06:19.994 D/BasePlayActivity( 2323): onDestroy()
02-26 00:06:19.994 D/com.qiyi.video.player.QiyiVideoPlayer@2dae1c50( 2323): onActivityEvent:ACTIVITY_DESTROYED
02-26 00:06:19.994 D/com.qiyi.video.player.QiyiVideoPlayer@2dae1c50( 2323): releasePlayer mIsReleasePlayer = false
02-26 00:06:19.994 D/PlayerController[2dae1e30]( 2323): stop(true) dump[766385712](mFirstStart=true, mTarget=3, mTargetPosition=-1, mFullscreenHintShown=false, mContinuePlaybackByUser=false, mPlayedAd=false, mPlayer=null)
02-26 00:06:19.994 D/VideoProvider( 2323): stopLoad()
02-26 00:06:19.994 D/VideoLoader( 2323): cancelLoad() mFullLoading=false, mPreLoading=false
02-26 00:06:19.994 D/VideoProvider( 2323): releaseNextLoader() mNextLoader=null
02-26 00:06:19.994 D/Playlist( 2323): clearForReload()
02-26 00:06:19.994 D/PlayerOverlay( 2323): hide()
02-26 00:06:19.994 I/AbsMenuPanel( 2323): hide
