02-25 23:50:27.146 W/ContextImpl( 1948): Calling a method in the system process without a qualified user: android.app.ContextImpl.sendBroadcast:1168 com.android.internal.policy.impl.PhoneWindowManager.interceptKeyBeforeQueueing:4109 com.android.server.wm.InputMonitor.interceptKeyBeforeQueueing:357 com.android.server.input.InputManagerService.interceptKeyBeforeQueueing:1352 com.android.server.input.InputManagerService.nativeInjectInputEvent:-2 
02-25 23:50:27.149 D/MainActivity( 2257): [0;32;31m[main][com.huawei.mh2.launcher.MainActivity][dispatchKeyEvent][-1]:launcher:keycode=22 [m
02-25 23:50:27.151 D/j       ( 2257): [0;32;31m[main][com.huawei.mh2.launcher.l][onGlobalFocusChanged][-1]:launcher:newFocus=com.huawei.mh2.launcher.a.n{2c9effc0 VFE...C. .F...... 320,0-380,57 #7f0a0008 app:id/menu_title_tv} [m
02-25 23:50:27.152 I/Input   (14339): injectKeyEvent: KeyEvent { action=ACTION_UP, keyCode=KEYCODE_DPAD_RIGHT, scanCode=0, metaState=0, flags=0x0, repeatCount=0, eventTime=23037314, downTime=23037314, deviceId=-1, source=0x101 }
02-25 23:50:27.152 D/AudioPolicyManagerBase( 1406): startOutput() output 2, stream 1, session 270
02-25 23:50:27.152 D/AudioPolicyManagerBase( 1406): startoutput ->setOutputDevice
02-25 23:50:27.152 D/AudioPolicyManagerBase( 1406): AudioPolicyManagerBase::checkAndSetVolume 13,0.377113
02-25 23:50:27.152 D/WindowManager( 1948): keyCode =22
02-25 23:50:27.152 D/WindowManager( 1948): isLockedAllKeys =0
02-25 23:50:27.152 D/WindowManager( 1948): isHandleHomeKey = 1
02-25 23:50:27.152 D/WindowManager( 1948): isHandlePowerKey ==1
02-25 23:50:27.152 D/WindowManager( 1948): isHandleSettingKey=1
02-25 23:50:27.152 D/WindowManager( 1948): handleSystemKey==1
02-25 23:50:27.154 D/j       ( 2257): [0;32;31m[main][net.sunniwell.ui.e][onGlobalFocusChanged][-1]:launcher:smoothMove [m
02-25 23:50:27.155 D/AndroidRuntime(14339): Shutting down VM
02-25 23:50:27.155 D/j       ( 2257): [0;32;31m[main][net.sunniwell.ui.g][a][-1]:launcher:anchorView=com.huawei.mh2.launcher.a.n{2c9effc0 VFE...C. .F...... 320,0-380,57 #7f0a0008 app:id/menu_title_tv} [m
02-25 23:50:27.157 D/FrameworkPage( 2257): [0;32;31m[main][com.huawei.mh2.launcher.page.FrameworkPage][onFocusChange][-1]:launcher:v=com.huawei.mh2.launcher.a.n{2c9effc0 VFE...C. .F....ID 320,0-380,57 #7f0a0008 app:id/menu_title_tv} [m
02-25 23:50:27.158 D/MainActivity( 2257): [0;32;31m[main][com.huawei.mh2.launcher.MainActivity][dispatchKeyEvent][-1]:launcher:keycode=22 [m
02-25 23:50:27.160 D/dalvikvm(14339): GC_CONCURRENT freed 98K, 16% free 566K/668K, paused 1ms+0ms, total 4ms
02-25 23:50:27.171 D/FrameworkPage( 2257): [0;32;31m[main][com.huawei.mh2.launcher.page.FrameworkPage][b][-1]:launcher:currentIndex=1 nextIndex=2 [m
02-25 23:50:27.171 I/MyGallery( 2257): setMode 2
02-25 23:50:27.172 D/j       ( 2257): [0;32;31m[main][net.sunniwell.ui.g][b][-1]:launcher:offsetWidth=-43 offsetHeight=0 resizeImmediate=false [m
02-25 23:50:27.173 D/j       ( 2257): [0;32;31m[main][net.sunniwell.ui.g][a][-1]:launcher:offsetLeft=104 offsetTop=0 moveImmediate=false [m
02-25 23:50:27.174 D/j       ( 2257): [0;32;31m[main][net.sunniwell.ui.d][a][-1]:launcher:immediate=false isChanged=true [m
02-25 23:50:27.175 D/j       ( 2257): [0;32;31m[main][com.huawei.mh2.launcher.j][a][-1]:launcher:changed=true [m
02-25 23:50:27.185 D/j       ( 2257): [0;32;31m[main][net.sunniwell.ui.g][b][-1]:launcher:offsetWidth=-15 offsetHeight=0 resizeImmediate=false [m
02-25 23:50:27.186 D/j       ( 2257): [0;32;31m[main][net.sunniwell.ui.g][a][-1]:launcher:offsetLeft=36 offsetTop=0 moveImmediate=false [m
02-25 23:50:27.187 D/j       ( 2257): [0;32;31m[main][net.sunniwell.ui.d][a][-1]:launcher:immediate=false isChanged=true [m
02-25 23:50:27.188 D/j       ( 2257): [0;32;31m[main][com.huawei.mh2.launcher.j][a][-1]:launcher:changed=true [m
02-25 23:50:27.200 D/j       ( 2257): [0;32;31m[main][net.sunniwell.ui.g][b][-1]:launcher:offsetWidth=-7 offsetHeight=0 resizeImmediate=false [m
02-25 23:50:27.201 D/j       ( 2257): [0;32;31m[main][net.sunniwell.ui.g][a][-1]:launcher:offsetLeft=13 offsetTop=0 moveImmediate=false [m
02-25 23:50:27.202 D/j       ( 2257): [0;32;31m[main][net.sunniwell.ui.d][a][-1]:launcher:immediate=false isChanged=true [m
02-25 23:50:27.203 D/j       ( 2257): [0;32;31m[main][com.huawei.mh2.launcher.j][a][-1]:launcher:changed=true [m
02-25 23:50:27.216 D/j       ( 2257): [0;32;31m[main][net.sunniwell.ui.g][b][-1]:launcher:offsetWidth=0 offsetHeight=0 resizeImmediate=false [m
02-25 23:50:27.217 D/j       ( 2257): [0;32;31m[main][net.sunniwell.ui.g][a][-1]:launcher:offsetLeft=7 offsetTop=0 moveImmediate=false [m
02-25 23:50:27.218 D/j       ( 2257): [0;32;31m[main][net.sunniwell.ui.d][a][-1]:launcher:immediate=false isChanged=true [m
02-25 23:50:27.219 D/j       ( 2257): [0;32;31m[main][com.huawei.mh2.launcher.j][a][-1]:launcher:changed=true [m
02-25 23:50:27.237 I/MyGallery( 2257): setMode 5
02-25 23:50:27.237 D/j       ( 2257): [0;32;31m[main][net.sunniwell.ui.g][b][-1]:launcher:offsetWidth=0 offsetHeight=0 resizeImmediate=false [m
02-25 23:50:27.238 D/j       ( 2257): [0;32;31m[main][net.sunniwell.ui.g][a][-1]:launcher:offsetLeft=0 offsetTop=0 moveImmediate=false [m
02-25 23:50:27.239 D/j       ( 2257): [0;32;31m[main][net.sunniwell.ui.d][a][-1]:launcher:immediate=false isChanged=false [m
02-25 23:50:27.240 D/j       ( 2257): [0;32;31m[main][com.huawei.mh2.launcher.j][a][-1]:launcher:changed=false [m
02-25 23:50:27.240 D/FrameworkPage( 2257): [0;32;31m[main][com.huawei.mh2.launcher.page.FrameworkPage][a][-1]:launcher:currentIndex=1 nextIndex=2 [m
02-25 23:50:27.246 D/j       ( 2257): [0;32;31m[main][net.sunniwell.ui.g][a][-1]:launcher:anchorView=com.huawei.mh2.launcher.a.n{2c9effc0 VFE...C. .F...... 320,0-380,57 #7f0a0008 app:id/menu_title_tv} [m
02-25 23:50:27.335 D/j       ( 2257): [0;32;31m[main][net.sunniwell.ui.g][b][-1]:launcher:offsetWidth=0 offsetHeight=0 resizeImmediate=false [m
02-25 23:50:27.336 D/j       ( 2257): [0;32;31m[main][net.sunniwell.ui.g][a][-1]:launcher:offsetLeft=0 offsetTop=0 moveImmediate=false [m
02-25 23:50:27.337 D/j       ( 2257): [0;32;31m[main][net.sunniwell.ui.d][a][-1]:launcher:immediate=false isChanged=false [m
02-25 23:50:27.338 D/j       ( 2257): [0;32;31m[main][com.huawei.mh2.launcher.j][a][-1]:launcher:changed=false [m
02-25 23:50:27.343 I/MyGallery( 2257): setMode 0
02-25 23:50:27.556 I/kernel  ( 2323): Connect: 70: host: 211.151.156.169, port: 443
02-25 23:50:27.556 I/kernel  ( 2323): Check: 123: try to get cmd
02-25 23:50:27.843 I/kernel  ( 2323): Request: 205: 
02-25 23:50:27.965 I/kernel  ( 2323): OnGetCmd: 157: Success
02-25 23:50:28.314 V/VPP_DLNA_LOG( 2814): [VPPDLNA][WorkerThread][:727]-:Before delete threadIdQ size =12 
02-25 23:50:28.314 V/VPP_DLNA_LOG( 2814): [VPPDLNA][WorkerThread][:730]-:Exiting & deleting threadId=1281285440& threadIdQ size =11 
02-25 23:50:28.315 V/VPP_DLNA_LOG( 2814): [VPPDLNA][WorkerThread][:727]-:Before delete threadIdQ size =11 
02-25 23:50:28.315 V/VPP_DLNA_LOG( 2814): [VPPDLNA][WorkerThread][:730]-:Exiting & deleting threadId=1264107088& threadIdQ size =10 
02-25 23:50:28.316 V/VPP_DLNA_LOG( 2814): [VPPDLNA][WorkerThread][:727]-:Before delete threadIdQ size =10 
02-25 23:50:28.316 V/VPP_DLNA_LOG( 2814): [VPPDLNA][WorkerThread][:730]-:Exiting & deleting threadId=1271666264& threadIdQ size =9 
02-25 23:50:28.401 V/VPP_DLNA_LOG( 2814): [VPPDLNA][WorkerThread][:727]-:Before delete threadIdQ size =9 
02-25 23:50:28.401 V/VPP_DLNA_LOG( 2814): [VPPDLNA][WorkerThread][:730]-:Exiting & deleting threadId=1284533192& threadIdQ size =8 
02-25 23:50:28.402 V/VPP_DLNA_LOG( 2814): [VPPDLNA][WorkerThread][:727]-:Before delete threadIdQ size =8 
02-25 23:50:28.402 V/VPP_DLNA_LOG( 2814): [VPPDLNA][WorkerThread][:730]-:Exiting & deleting threadId=1284634016& threadIdQ size =7 
02-25 23:50:28.404 V/VPP_DLNA_LOG( 2814): [VPPDLNA][WorkerThread][:727]-:Before delete threadIdQ size =7 
02-25 23:50:28.404 V/VPP_DLNA_LOG( 2814): [VPPDLNA][WorkerThread][:730]-:Exiting & deleting threadId=1277083000& threadIdQ size =6 
02-25 23:50:28.807 D/AndroidRuntime(14352): 
02-25 23:50:28.807 D/AndroidRuntime(14352): >>>>>> AndroidRuntime START com.android.internal.os.RuntimeInit <<<<<<
02-25 23:50:28.810 D/AndroidRuntime(14352): CheckJNI is OFF
02-25 23:50:28.819 I/dalvikvm(14352): DexOpt: mismatch dep signature for '/system/framework/android.policy.odex'
02-25 23:50:28.819 E/dalvikvm(14352): /system/framework/services.jar odex has stale dependencies
02-25 23:50:28.820 I/dalvikvm(14352): DexOpt: mismatch dep name: '/data/dalvik-cache/system@framework@services.jar@classes.dex' vs. '/system/framework/services.odex'
02-25 23:50:28.820 E/dalvikvm(14352): /system/framework/apache-xml.jar odex has stale dependencies
02-25 23:50:28.821 I/dalvikvm(14352): DexOpt: mismatch dep name: '/data/dalvik-cache/system@framework@services.jar@classes.dex' vs. '/system/framework/services.odex'
02-25 23:50:28.821 E/dalvikvm(14352): /system/framework/webviewchromium.jar odex has stale dependencies
02-25 23:50:28.828 D/dalvikvm(14352): Trying to load lib libjavacore.so 0x0
02-25 23:50:28.831 D/dalvikvm(14352): Added shared lib libjavacore.so 0x0
02-25 23:50:28.836 D/dalvikvm(14352): Trying to load lib libnativehelper.so 0x0
02-25 23:50:28.837 D/dalvikvm(14352): Added shared lib libnativehelper.so 0x0
02-25 23:50:28.837 D/dalvikvm(14352): No JNI_OnLoad found in libnativehelper.so 0x0, skipping init
02-25 23:50:28.855 I/dalvikvm(14352): DexOpt: mismatch dep name: '/data/dalvik-cache/system@framework@services.jar@classes.dex' vs. '/system/framework/services.odex'
02-25 23:50:28.855 E/dalvikvm(14352): /system/framework/input.jar odex has stale dependencies
02-25 23:50:28.859 E/cutils-trace(14352): Error opening trace file: No such file or directory (2)
02-25 23:50:28.879 D/dalvikvm(14352): Note: class Landroid/app/ActivityManagerNative; has 179 unimplemented (abstract) methods
02-25 23:50:29.070 E/memtrack(14352): Couldn't load memtrack module (No such file or directory)
02-25 23:50:29.070 E/android.os.Debug(14352): failed to load memtrack module: -2
02-25 23:50:29.072 I/EthernetJNI(14352): Loading ethernet jni class
02-25 23:50:29.142 D/AndroidRuntime(14352): Calling main entry com.android.commands.input.Input
02-25 23:50:29.143 I/Input   (14352): injectKeyEvent: KeyEvent { action=ACTION_DOWN, keyCode=KEYCODE_DPAD_RIGHT, scanCode=0, metaState=0, flags=0x0, repeatCount=0, eventTime=23039317, downTime=23039317, deviceId=-1, source=0x101 }
02-25 23:50:29.148 D/WindowManager( 1948): keyCode =22
02-25 23:50:29.148 D/WindowManager( 1948): isLockedAllKeys =0
02-25 23:50:29.148 D/WindowManager( 1948): isHandleHomeKey = 1
02-25 23:50:29.148 D/WindowManager( 1948): isHandlePowerKey ==1
02-25 23:50:29.148 D/WindowManager( 1948): isHandleSettingKey=1
02-25 23:50:29.148 D/WindowManager( 1948): handleSystemKey==1
02-25 23:50:29.149 D/WindowManager( 1948): send broadcast key press down
02-25 23:50:29.149 W/ContextImpl( 1948): Calling a method in the system process without a qualified user: android.app.ContextImpl.sendBroadcast:1168 com.android.internal.policy.impl.PhoneWindowManager.interceptKeyBeforeQueueing:4109 com.android.server.wm.InputMonitor.interceptKeyBeforeQueueing:357 com.android.server.input.InputManagerService.interceptKeyBeforeQueueing:1352 com.android.server.input.InputManagerService.nativeInjectInputEvent:-2 
02-25 23:50:29.152 D/MainActivity( 2257): [0;32;31m[main][com.huawei.mh2.launcher.MainActivity][dispatchKeyEvent][-1]:launcher:keycode=22 [m
02-25 23:50:29.154 I/Input   (14352): injectKeyEvent: KeyEvent { action=ACTION_UP, keyCode=KEYCODE_DPAD_RIGHT, scanCode=0, metaState=0, flags=0x0, repeatCount=0, eventTime=23039317, downTime=23039317, deviceId=-1, source=0x101 }
02-25 23:50:29.155 D/WindowManager( 1948): keyCode =22
02-25 23:50:29.155 D/WindowManager( 1948): isLockedAllKeys =0
02-25 23:50:29.155 D/WindowManager( 1948): isHandleHomeKey = 1
02-25 23:50:29.155 D/WindowManager( 1948): isHandlePowerKey ==1
02-25 23:50:29.155 D/WindowManager( 1948): isHandleSettingKey=1
02-25 23:50:29.155 D/WindowManager( 1948): handleSystemKey==1
02-25 23:50:29.156 D/AudioPolicyManagerBase( 1406): startOutput() output 2, stream 1, session 271
02-25 23:50:29.156 D/AudioPolicyManagerBase( 1406): startoutput ->setOutputDevice
02-25 23:50:29.156 D/AudioPolicyManagerBase( 1406): AudioPolicyManagerBase::checkAndSetVolume 13,0.377113
02-25 23:50:29.156 D/j       ( 2257): [0;32;31m[main][com.huawei.mh2.launcher.l][onGlobalFocusChanged][-1]:launcher:newFocus=com.huawei.mh2.launcher.a.n{2c959178 VFE...C. .F...... 414,0-584,57 #7f0a0009 app:id/menu_title_cartoon} [m
02-25 23:50:29.157 D/j       ( 2257): [0;32;31m[main][net.sunniwell.ui.e][onGlobalFocusChanged][-1]:launcher:smoothMove [m
02-25 23:50:29.157 D/AndroidRuntime(14352): Shutting down VM
02-25 23:50:29.158 D/j       ( 2257): [0;32;31m[main][net.sunniwell.ui.g][a][-1]:launcher:anchorView=com.huawei.mh2.launcher.a.n{2c959178 VFE...C. .F...... 414,0-584,57 #7f0a0009 app:id/menu_title_cartoon} [m
02-25 23:50:29.160 D/FrameworkPage( 2257): [0;32;31m[main][com.huawei.mh2.launcher.page.FrameworkPage][onFocusChange][-1]:launcher:v=com.huawei.mh2.launcher.a.n{2c959178 VFE...C. .F....ID 414,0-584,57 #7f0a0009 app:id/menu_title_cartoon} [m
02-25 23:50:29.161 D/MainActivity( 2257): [0;32;31m[main][com.huawei.mh2.launcher.MainActivity][dispatchKeyEvent][-1]:launcher:keycode=22 [m
02-25 23:50:29.162 D/dalvikvm(14352): GC_CONCURRENT freed 98K, 16% free 566K/668K, paused 0ms+0ms, total 3ms
02-25 23:50:29.171 I/MyGallery( 2257): setMode 2
02-25 23:50:29.171 D/FrameworkPage( 2257): [0;32;31m[main][com.huawei.mh2.launcher.page.FrameworkPage][b][-1]:launcher:currentIndex=2 nextIndex=3 [m
02-25 23:50:29.172 D/j       ( 2257): [0;32;31m[main][net.sunniwell.ui.g][b][-1]:launcher:offsetWidth=71 offsetHeight=0 resizeImmediate=false [m
02-25 23:50:29.173 D/j       ( 2257): [0;32;31m[main][net.sunniwell.ui.g][a][-1]:launcher:offsetLeft=61 offsetTop=0 moveImmediate=false [m
02-25 23:50:29.173 D/j       ( 2257): [0;32;31m[main][net.sunniwell.ui.d][a][-1]:launcher:immediate=false isChanged=true [m
02-25 23:50:29.174 D/j       ( 2257): [0;32;31m[main][com.huawei.mh2.launcher.j][a][-1]:launcher:changed=true [m
02-25 23:50:29.185 D/j       ( 2257): [0;32;31m[main][net.sunniwell.ui.g][b][-1]:launcher:offsetWidth=25 offsetHeight=0 resizeImmediate=false [m
02-25 23:50:29.186 D/j       ( 2257): [0;32;31m[main][net.sunniwell.ui.g][a][-1]:launcher:offsetLeft=21 offsetTop=0 moveImmediate=false [m
02-25 23:50:29.187 D/j       ( 2257): [0;32;31m[main][net.sunniwell.ui.d][a][-1]:launcher:immediate=false isChanged=true [m
02-25 23:50:29.188 D/j       ( 2257): [0;32;31m[main][com.huawei.mh2.launcher.j][a][-1]:launcher:changed=true [m
02-25 23:50:29.199 D/j       ( 2257): [0;32;31m[main][net.sunniwell.ui.g][b][-1]:launcher:offsetWidth=9 offsetHeight=0 resizeImmediate=false [m
02-25 23:50:29.200 D/j       ( 2257): [0;32;31m[main][net.sunniwell.ui.g][a][-1]:launcher:offsetLeft=7 offsetTop=0 moveImmediate=false [m
02-25 23:50:29.201 D/j       ( 2257): [0;32;31m[main][net.sunniwell.ui.d][a][-1]:launcher:immediate=false isChanged=true [m
02-25 23:50:29.202 D/j       ( 2257): [0;32;31m[main][com.huawei.mh2.launcher.j][a][-1]:launcher:changed=true [m
02-25 23:50:29.216 D/j       ( 2257): [0;32;31m[main][net.sunniwell.ui.g][b][-1]:launcher:offsetWidth=5 offsetHeight=0 resizeImmediate=false [m
02-25 23:50:29.217 D/j       ( 2257): [0;32;31m[main][net.sunniwell.ui.g][a][-1]:launcher:offsetLeft=5 offsetTop=0 moveImmediate=false [m
02-25 23:50:29.218 D/j       ( 2257): [0;32;31m[main][net.sunniwell.ui.d][a][-1]:launcher:immediate=false isChanged=true [m
02-25 23:50:29.219 D/j       ( 2257): [0;32;31m[main][com.huawei.mh2.launcher.j][a][-1]:launcher:changed=true [m
02-25 23:50:29.236 I/MyGallery( 2257): setMode 5
02-25 23:50:29.237 I/MyGallery( 2257): setMode 5
02-25 23:50:29.237 D/j       ( 2257): [0;32;31m[main][net.sunniwell.ui.g][b][-1]:launcher:offsetWidth=0 offsetHeight=0 resizeImmediate=false [m
02-25 23:50:29.242 D/j       ( 2257): [0;32;31m[main][net.sunniwell.ui.g][a][-1]:launcher:offsetLeft=0 offsetTop=0 moveImmediate=false [m
02-25 23:50:29.244 D/j       ( 2257): [0;32;31m[main][net.sunniwell.ui.d][a][-1]:launcher:immediate=false isChanged=false [m
02-25 23:50:29.245 D/j       ( 2257): [0;32;31m[main][com.huawei.mh2.launcher.j][a][-1]:launcher:changed=false [m
02-25 23:50:29.246 D/FrameworkPage( 2257): [0;32;31m[main][com.huawei.mh2.launcher.page.FrameworkPage][a][-1]:launcher:currentIndex=2 nextIndex=3 [m
02-25 23:50:29.292 D/TwoPosterPage( 2257): [0;32;31m[main][com.huawei.mh2.launcher.page.TwoPosterPage][setBottomBackgroundVisiable][-1]:launcher:visiable=true [m
02-25 23:50:29.296 D/j       ( 2257): [0;32;31m[main][net.sunniwell.ui.g][a][-1]:launcher:anchorView=com.huawei.mh2.launcher.a.n{2c959178 VFE...C. .F...... 414,0-584,57 #7f0a0009 app:id/menu_title_cartoon} [m
02-25 23:50:29.358 I/MyGallery( 2257): setMode 0
02-25 23:50:29.360 I/MyGallery( 2257): setMode 0
02-25 23:50:29.389 D/j       ( 2257): [0;32;31m[main][net.sunniwell.ui.g][b][-1]:launcher:offsetWidth=0 offsetHeight=0 resizeImmediate=false [m
02-25 23:50:29.390 D/j       ( 2257): [0;32;31m[main][net.sunniwell.ui.g][a][-1]:launcher:offsetLeft=0 offsetTop=0 moveImmediate=false [m
02-25 23:50:29.392 D/j       ( 2257): [0;32;31m[main][net.sunniwell.ui.d][a][-1]:launcher:immediate=false isChanged=false [m
02-25 23:50:29.393 D/j       ( 2257): [0;32;31m[main][com.huawei.mh2.launcher.j][a][-1]:launcher:changed=false [m
02-25 23:50:31.163 D/ConnectivityService( 1948): Sampling interval elapsed, updating statistics ..
02-25 23:50:31.166 D/ConnectivityService( 1948): Done.
02-25 23:50:31.166 D/ConnectivityService( 1948): Setting timer for 30seconds
02-25 23:50:31.312 V/VPP_DLNA_LOG( 2814): [VPPDLNA][WorkerThread][:727]-:Before delete threadIdQ size =6 
02-25 23:50:31.312 V/VPP_DLNA_LOG( 2814): [VPPDLNA][WorkerThread][:730]-:Exiting & deleting threadId=1288090464& threadIdQ size =5 
02-25 23:50:31.314 V/VPP_DLNA_LOG( 2814): [VPPDLNA][WorkerThread][:727]-:Before delete threadIdQ size =5 
02-25 23:50:31.314 V/VPP_DLNA_LOG( 2814): [VPPDLNA][WorkerThread][:730]-:Exiting & deleting threadId=1264341016& threadIdQ size =4 
02-25 23:50:31.316 V/VPP_DLNA_LOG( 2814): [VPPDLNA][WorkerThread][:727]-:Before delete threadIdQ size =4 
02-25 23:50:31.316 V/VPP_DLNA_LOG( 2814): [VPPDLNA][WorkerThread][:730]-:Exiting & deleting threadId=1281283216& threadIdQ size =3 
02-25 23:50:31.373 V/VPP_DLNA_LOG( 2814): [VPPDLNA][WorkerThread][:727]-:Before delete threadIdQ size =3 
02-25 23:50:31.373 V/VPP_DLNA_LOG( 2814): [VPPDLNA][WorkerThread][:730]-:Exiting & deleting threadId=1274974216& threadIdQ size =2 
02-25 23:50:31.922 D/AndroidRuntime(14364): 
02-25 23:50:31.922 D/AndroidRuntime(14364): >>>>>> AndroidRuntime START com.android.internal.os.RuntimeInit <<<<<<
02-25 23:50:31.926 D/AndroidRuntime(14364): CheckJNI is OFF
02-25 23:50:31.939 I/dalvikvm(14364): DexOpt: mismatch dep signature for '/system/framework/android.policy.odex'
02-25 23:50:31.939 E/dalvikvm(14364): /system/framework/services.jar odex has stale dependencies
02-25 23:50:31.941 I/dalvikvm(14364): DexOpt: mismatch dep name: '/data/dalvik-cache/system@framework@services.jar@classes.dex' vs. '/system/framework/services.odex'
02-25 23:50:31.941 E/dalvikvm(14364): /system/framework/apache-xml.jar odex has stale dependencies
02-25 23:50:31.943 I/dalvikvm(14364): DexOpt: mismatch dep name: '/data/dalvik-cache/system@framework@services.jar@classes.dex' vs. '/system/framework/services.odex'
02-25 23:50:31.943 E/dalvikvm(14364): /system/framework/webviewchromium.jar odex has stale dependencies
02-25 23:50:31.953 D/dalvikvm(14364): Trying to load lib libjavacore.so 0x0
02-25 23:50:31.956 D/dalvikvm(14364): Added shared lib libjavacore.so 0x0
02-25 23:50:31.962 D/dalvikvm(14364): Trying to load lib libnativehelper.so 0x0
02-25 23:50:31.962 D/dalvikvm(14364): Added shared lib libnativehelper.so 0x0
02-25 23:50:31.962 D/dalvikvm(14364): No JNI_OnLoad found in libnativehelper.so 0x0, skipping init
02-25 23:50:31.980 I/dalvikvm(14364): DexOpt: mismatch dep name: '/data/dalvik-cache/system@framework@services.jar@classes.dex' vs. '/system/framework/services.odex'
02-25 23:50:31.980 E/dalvikvm(14364): /system/framework/input.jar odex has stale dependencies
02-25 23:50:31.984 E/cutils-trace(14364): Error opening trace file: No such file or directory (2)
02-25 23:50:32.005 D/dalvikvm(14364): Note: class Landroid/app/ActivityManagerNative; has 179 unimplemented (abstract) methods
02-25 23:50:32.195 E/memtrack(14364): Couldn't load memtrack module (No such file or directory)
02-25 23:50:32.195 E/android.os.Debug(14364): failed to load memtrack module: -2
02-25 23:50:32.197 I/EthernetJNI(14364): Loading ethernet jni class
02-25 23:50:32.267 D/AndroidRuntime(14364): Calling main entry com.android.commands.input.Input
02-25 23:50:32.268 I/Input   (14364): injectKeyEvent: KeyEvent { action=ACTION_DOWN, keyCode=KEYCODE_BACK, scanCode=0, metaState=0, flags=0x0, repeatCount=0, eventTime=23042443, downTime=23042443, deviceId=-1, source=0x101 }
02-25 23:50:32.273 D/WindowManager( 1948): keyCode =4
02-25 23:50:32.273 D/WindowManager( 1948): isLockedAllKeys =0
02-25 23:50:32.273 D/WindowManager( 1948): isHandleHomeKey = 1
02-25 23:50:32.273 D/WindowManager( 1948): isHandlePowerKey ==1
02-25 23:50:32.273 D/WindowManager( 1948): isHandleSettingKey=1
02-25 23:50:32.273 D/WindowManager( 1948): handleSystemKey==1
02-25 23:50:32.274 W/ContextImpl( 1948): Calling a method in the system process without a qualified user: android.app.ContextImpl.sendBroadcast:1168 com.android.internal.policy.impl.PhoneWindowManager.interceptKeyBeforeQueueing:4109 com.android.server.wm.InputMonitor.interceptKeyBeforeQueueing:357 com.android.server.input.InputManagerService.interceptKeyBeforeQueueing:1352 com.android.server.input.InputManagerService.nativeInjectInputEvent:-2 
02-25 23:50:32.275 D/WindowManager( 1948): send broadcast key press down
02-25 23:50:32.278 D/MainActivity( 2257): [0;32;31m[main][com.huawei.mh2.launcher.MainActivity][dispatchKeyEvent][-1]:launcher:keycode=4 [m
02-25 23:50:32.279 D/MainActivity( 2257): [0;32;31m[main][com.huawei.mh2.launcher.MainActivity][dispatchKeyEvent][-1]:launcher:request Default Focus [m
02-25 23:50:32.280 D/j       ( 2257): [0;32;31m[main][com.huawei.mh2.launcher.l][onGlobalFocusChanged][-1]:launcher:newFocus=com.huawei.mh2.launcher.a.x{2f069d08 VFE..... .F....I. -257,67-6,428} [m
02-25 23:50:32.282 D/j       ( 2257): [0;32;31m[main][net.sunniwell.ui.e][onGlobalFocusChanged][-1]:launcher:smoothMove [m
02-25 23:50:32.283 I/Input   (14364): injectKeyEvent: KeyEvent { action=ACTION_UP, keyCode=KEYCODE_BACK, scanCode=0, metaState=0, flags=0x0, repeatCount=0, eventTime=23042443, downTime=23042443, deviceId=-1, source=0x101 }
02-25 23:50:32.283 D/WindowManager( 1948): keyCode =4
02-25 23:50:32.283 D/WindowManager( 1948): isLockedAllKeys =0
02-25 23:50:32.283 D/WindowManager( 1948): isHandleHomeKey = 1
02-25 23:50:32.283 D/WindowManager( 1948): isHandlePowerKey ==1
02-25 23:50:32.283 D/WindowManager( 1948): isHandleSettingKey=1
02-25 23:50:32.283 D/WindowManager( 1948): handleSystemKey==1
02-25 23:50:32.284 D/j       ( 2257): [0;32;31m[main][net.sunniwell.ui.g][a][-1]:launcher:anchorView=com.huawei.mh2.launcher.a.x{2f069d08 VFE..... .F....I. -257,67-6,428} [m
02-25 23:50:32.285 D/AndroidRuntime(14364): Shutting down VM
02-25 23:50:32.286 D/j       ( 2257): [0;32;31m[main][com.huawei.mh2.launcher.l][onGlobalFocusChanged][-1]:launcher:newFocus=com.huawei.mh2.launcher.a.q{2c9855a0 VFE..... .F.....D 0,0-2021,428 #7f0a0021 app:id/gallery} [m
02-25 23:50:32.287 D/TwoPosterPage( 2257): [0;32;31m[main][com.huawei.mh2.launcher.page.s][onFocusChange][-1]:launcher:hasFocus=true [m
02-25 23:50:32.288 D/TwoPosterPage( 2257): [0;32;31m[main][com.huawei.mh2.launcher.page.TwoPosterPage][setBottomBackgroundVisiable][-1]:launcher:visiable=true [m
02-25 23:50:32.290 D/TwoPosterPage( 2257): [0;32;31m[main][com.huawei.mh2.launcher.page.s][onFocusChange][-1]:launcher:hasFocus=false [m
02-25 23:50:32.292 D/j       ( 2257): [0;32;31m[main][com.huawei.mh2.launcher.l][onGlobalFocusChanged][-1]:launcher:newFocus=com.huawei.mh2.launcher.a.x{2c94c058 VFE..... .FS..... 879,67-1142,428} [m
02-25 23:50:32.292 D/dalvikvm(14364): GC_CONCURRENT freed 98K, 16% free 566K/668K, paused 0ms+0ms, total 3ms
02-25 23:50:32.294 D/j       ( 2257): [0;32;31m[main][net.sunniwell.ui.e][onGlobalFocusChanged][-1]:launcher:smoothMove [m
02-25 23:50:32.296 D/ImageLoader( 2257): Start display image task [http://pic0.ptqy.gitv.tv/image/20150204/0f/2e/42/a_50150907_m_600_m5_354_490.jpg_255x354]
02-25 23:50:32.296 D/j       ( 2257): [0;32;31m[main][net.sunniwell.ui.g][a][-1]:launcher:anchorView=com.huawei.mh2.launcher.a.x{2c94c058 VFE..... .FS..... 879,67-1142,428} [m
02-25 23:50:32.296 D/ImageLoader( 2257): Load image from disc cache [http://pic0.ptqy.gitv.tv/image/20150204/0f/2e/42/a_50150907_m_600_m5_354_490.jpg_255x354]
02-25 23:50:32.298 D/TwoPosterPage( 2257): [0;32;31m[main][com.huawei.mh2.launcher.page.s][onFocusChange][-1]:launcher:hasFocus=true [m
02-25 23:50:32.300 D/TwoPosterPage( 2257): [0;32;31m[main][com.huawei.mh2.launcher.page.TwoPosterPage][setBottomBackgroundVisiable][-1]:launcher:visiable=true [m
02-25 23:50:32.303 D/TwoPosterPage( 2257): [0;32;31m[main][com.huawei.mh2.launcher.page.s][onFocusChange][-1]:launcher:hasFocus=false [m
02-25 23:50:32.304 D/j       ( 2257): [0;32;31m[main][com.huawei.mh2.launcher.l][onGlobalFocusChanged][-1]:launcher:newFocus=com.huawei.mh2.launcher.a.n{2c944210 VFE...C. .F...... 0,0-120,57 #7f0a0006 app:id/menu_title_home} [m
02-25 23:50:32.306 D/j       ( 2257): [0;32;31m[main][net.sunniwell.ui.e][onGlobalFocusChanged][-1]:launcher:smoothMove [m
02-25 23:50:32.308 D/j       ( 2257): [0;32;31m[main][net.sunniwell.ui.g][a][-1]:launcher:anchorView=com.huawei.mh2.launcher.a.n{2c944210 VFE...C. .F...... 0,0-120,57 #7f0a0006 app:id/menu_title_home} [m
02-25 23:50:32.310 D/FrameworkPage( 2257): [0;32;31m[main][com.huawei.mh2.launcher.page.FrameworkPage][onFocusChange][-1]:launcher:v=com.huawei.mh2.launcher.a.n{2c944210 VFE...C. .F....ID 0,0-120,57 #7f0a0006 app:id/menu_title_home} [m
02-25 23:50:32.311 D/j       ( 2257): [0;32;31m[main][net.sunniwell.ui.d][a][-1]:launcher:setDefaultFocus com.huawei.mh2.launcher.a.n{2c944210 VFE...C. .F....ID 0,0-120,57 #7f0a0006 app:id/menu_title_home} [m
02-25 23:50:32.312 D/j       ( 2257): [0;32;31m[main][net.sunniwell.ui.g][b][-1]:launcher:anchorView=com.huawei.mh2.launcher.a.n{2c944210 VFE...C. .F....ID 0,0-120,57 #7f0a0006 app:id/menu_title_home} [m
02-25 23:50:32.313 D/MainActivity( 2257): [0;32;31m[main][com.huawei.mh2.launcher.MainActivity][dispatchKeyEvent][-1]:launcher:keycode=4 [m
02-25 23:50:32.316 D/u       ( 2257): [0;32;31m[main][com.huawei.mh2.launcher.p][getView][-1]:launcher:position=5 convertView=null [m
02-25 23:50:32.319 D/ImageLoader( 2257): PreProcess image before caching in memory [http://pic0.ptqy.gitv.tv/image/20150204/0f/2e/42/a_50150907_m_600_m5_354_490.jpg_255x354]
02-25 23:50:32.319 D/ImageLoader( 2257): Cache image in memory [http://pic0.ptqy.gitv.tv/image/20150204/0f/2e/42/a_50150907_m_600_m5_354_490.jpg_255x354]
02-25 23:50:32.338 D/j       ( 2257): [0;32;31m[main][net.sunniwell.ui.g][b][-1]:launcher:offsetWidth=-50 offsetHeight=0 resizeImmediate=true [m
02-25 23:50:32.339 D/j       ( 2257): [0;32;31m[main][net.sunniwell.ui.g][a][-1]:launcher:offsetLeft=-414 offsetTop=0 moveImmediate=true [m
02-25 23:50:32.340 D/j       ( 2257): [0;32;31m[main][net.sunniwell.ui.d][a][-1]:launcher:immediate=true isChanged=true [m
02-25 23:50:32.341 D/j       ( 2257): [0;32;31m[main][com.huawei.mh2.launcher.j][a][-1]:launcher:changed=true [m
02-25 23:50:32.342 D/FrameworkPage( 2257): [0;32;31m[main][com.huawei.mh2.launcher.page.FrameworkPage][b][-1]:launcher:currentIndex=3 nextIndex=0 [m
02-25 23:50:32.353 D/ImageLoader( 2257): Display image in ImageAware (loaded from DISC_CACHE) [http://pic0.ptqy.gitv.tv/image/20150204/0f/2e/42/a_50150907_m_600_m5_354_490.jpg_255x354]
02-25 23:50:32.354 I/MyGallery( 2257): setMode 3
02-25 23:50:32.355 D/j       ( 2257): [0;32;31m[main][net.sunniwell.ui.g][b][-1]:launcher:offsetWidth=0 offsetHeight=0 resizeImmediate=true [m
02-25 23:50:32.355 I/MyGallery( 2257): setMode 3
02-25 23:50:32.355 D/j       ( 2257): [0;32;31m[main][net.sunniwell.ui.g][a][-1]:launcher:offsetLeft=0 offsetTop=0 moveImmediate=true [m
02-25 23:50:32.356 D/j       ( 2257): [0;32;31m[main][net.sunniwell.ui.d][a][-1]:launcher:immediate=true isChanged=false [m
02-25 23:50:32.357 D/j       ( 2257): [0;32;31m[main][com.huawei.mh2.launcher.j][a][-1]:launcher:changed=false [m
02-25 23:50:32.413 D/FrameworkPage( 2257): [0;32;31m[main][com.huawei.mh2.launcher.page.FrameworkPage][a][-1]:launcher:currentIndex=3 nextIndex=0 [m
02-25 23:50:32.413 I/MyGallery( 2257): setMode 4
02-25 23:50:32.421 D/j       ( 2257): [0;32;31m[main][net.sunniwell.ui.g][a][-1]:launcher:anchorView=com.huawei.mh2.launcher.a.n{2c944210 VFE...C. .F...... 0,0-120,57 #7f0a0006 app:id/menu_title_home} [m
02-25 23:50:32.520 E/VPP_DLNA_LOG( 2814): [VPPDLNA]:SSDP recvd bad msg code = 1
02-25 23:50:32.523 E/VPP_DLNA_LOG( 2814): [VPPDLNA]:SSDP recvd bad msg code = 1
02-25 23:50:32.526 D/j       ( 2257): [0;32;31m[main][net.sunniwell.ui.g][b][-1]:launcher:offsetWidth=0 offsetHeight=0 resizeImmediate=false [m
02-25 23:50:32.528 D/j       ( 2257): [0;32;31m[main][net.sunniwell.ui.g][a][-1]:launcher:offsetLeft=0 offsetTop=0 moveImmediate=false [m
02-25 23:50:32.528 I/MyGallery( 2257): setMode 0
02-25 23:50:32.529 D/j       ( 2257): [0;32;31m[main][net.sunniwell.ui.d][a][-1]:launcher:immediate=false isChanged=false [m
02-25 23:50:32.531 D/j       ( 2257): [0;32;31m[main][com.huawei.mh2.launcher.j][a][-1]:launcher:changed=false [m
02-25 23:50:32.534 E/VPP_DLNA_LOG( 2814): [VPPDLNA]:SSDP recvd bad msg code = 1
02-25 23:50:32.616 D/dalvikvm( 2323): GC_CONCURRENT freed 8064K, 19% free 38325K/47192K, paused 4ms+11ms, total 90ms
02-25 23:50:32.636 E/VPP_DLNA_LOG( 2814): [VPPDLNA]:SSDP recvd bad msg code = 1
02-25 23:50:32.639 E/VPP_DLNA_LOG( 2814): [VPPDLNA]:SSDP recvd bad msg code = 1
02-25 23:50:32.640 E/VPP_DLNA_LOG( 2814): [VPPDLNA]:SSDP recvd bad msg code = 1
