02-25 23:40:13.963 I/System.out( 2323): D/(TVApi:4/4, id=155,专辑详情,t=5156ms): response is {"data":{"qpId":202509101,"name":"中国梦想秀第9季","type":0,"focus":"中国梦想秀第9季","tvFocus":"折纸狂人盼圆妻子羊驼之梦 单亲醒狮团定位人生","pic":"http://pic8.ptqy.gitv.tv/image/20150225/54/4c/v_108966887_m_601_m1.jpg","tvPic":"","score":"10.0","isSeries":1,"tag":"国语,内地,真人秀","exclusive":0,"sourceCode":"202509101","is3D":0,"tvsets":0,"order":0,"time":"20150225","tvCount":1,"stream":"600,300,jisu,1080p,720p","isPurchase":0,"tvQId":349989700,"vid":"256c33c045d36a7126ce1db2c37c0167","len":1445,"tvName":"折纸狂人盼圆妻子羊驼之梦 单亲醒狮团定位人生","chnId":6,"chnName":"综艺","initIssueTime":"2015-02-25 22:10:46","cast":{"composer":"","host":"周立波","dubber":"","maker":"","songWriter":"","producer":"","star":"余枫,刘雨欣","guest":"余枫,刘雨欣","mainActor":"周立波","actor":"余枫,刘雨欣","director":"","writer":""},"vidl":[{"vd":"720P","vid":"256c33c045d36a7126ce1db2c37c0167"},{"vd":"jisu","vid":"4ed18e53b9ac4bac048fe75a16849942"},{"vd":"600","vid":"560816fee0812e9d2c414f0a0e95bf70"},{"vd":"300","vid":"949ee728ae9cb1c711abd02a35d1a27e"},{"vd":"1080P","vid":"f546b6a3c5c4fd9cde04cc35c235e919"}],"pCount":"41499","desc":"中国梦想秀20150225，折纸人人都会，近年来纸模也越发流行，但是仅用一张纸就能够折出一个大千世界的人却并不常见。第九季《中国梦想秀》第一期的追梦人刘通就让观众们见识到了他的一纸乾坤。大象、犀牛、战马、穿山甲……如果不是亲眼见到，很难想象这些动物能够仅用一张正方形的纸在不剪不裁的情况下就被折出来，并且还都栩栩如生。追梦人刘通是一位折纸爱好者，理科出身的他，将折纸与数学运算相结合，运用数学原理运算，将一张纸进行了合理的分配，从而折出各种千变万化的实物。刘通的折纸作品在世界各地博物馆都有收藏，2015年在米兰举行的世博会上，他还被邀请作为特邀设计师。\r\n。","key":"中国梦想秀第9季","isDownload":1,"effective":1,"contentType":1},"code":"N000000","msg":""}
02-25 23:40:13.971 D/FetchAlbumInfoJob( 2323): onSuccess(com.qiyi.tvapi.tv2.result.ApiResultAlbum@2ee8e908)VideoItem@2f077cf8{qpId=202509101, tvQid=349989700, vid=null, getType()=VIDEO, albumName=中国梦想秀之折纸狂人盼圆妻子羊驼之梦, tvName=, isSeries()=true, sourceCode=202509101, playOrder=1, getAlbumSubName()=中国梦想秀之折纸狂人盼圆妻子羊驼之梦, mIsVipAlbum=false, isPurchase()=false, isPreview=false, isExclusive()=false, isVertical=false, canDownload()=false, isDownload=0, tvPic=, issueTime=, playCount=, playLength=, tag=, cornerMark=CORNERMARK_NO, definition list=, default definition=null, channelId=6, channelName=, mIChannelId=null, startTime=0, endTime=0, headerTime=0, tailTime=0, tvCount=0, tvSets=0, playTime=-1, episodes=0, url=, m3u8Url = null, mRecommendationsFilled=false, mEndRecommendationsFilled=false, mVarietyName=null}
02-25 23:40:13.972 D/FetchAlbumInfoJob( 2323): onSuccess() fetch album=Album@2ee8e970{qpId=202509101, tvQid=349989700, vid=256c33c045d36a7126ce1db2c37c0167, getType()=VIDEO, albumName=中国梦想秀第9季, tvName=折纸狂人盼圆妻子羊驼之梦 单亲醒狮团定位人生, sourceCode=202509101, isPurchase()=false, isExclusive()=false, isSeries()=true, playOrder=0, tvPic=, issueTime=20150225, playCount=41499, playLength=1445, tvCount=1, tag=国语,内地,真人秀, cornerMark=CORNERMARK_1080P, is3D()=false, definition list=600,300,jisu,1080p,720p, chnId=6, chnName=综艺, startTime=0, endTime=0, playTime=-1, canDownload=true, bkt=, area=}
02-25 23:40:13.972 D/VideoItem@2f077cf8( 2323): copyFrom: canUpdateTvName=true, nameUpdateable=true
02-25 23:40:13.972 W/Player/Utils( 2323): parse() error!
02-25 23:40:13.972 D/VideoItem@2f077cf8( 2323): isTvSeries(): isSeries=true, sourceCode()=202509101, return=false
02-25 23:40:13.973 D/VideoItem@2f077cf8( 2323): updatePictureUrl: isVertical=false, mPictureUrl=http://pic8.ptqy.gitv.tv/image/20150225/54/4c/v_108966887_m_601_m1.jpg
02-25 23:40:13.976 D/Job     ( 2323): notifyJobSuccess() Job(mState=1, mData=VideoItem@2f077cf8{qpId=202509101, tvQid=349989700, vid=256c33c045d36a7126ce1db2c37c0167, getType()=VIDEO, albumName=中国梦想秀第9季, tvName=折纸狂人盼圆妻子羊驼之梦 单亲醒狮团定位人生, isSeries()=true, sourceCode=202509101, playOrder=1, getAlbumSubName()=中国梦想秀第9季, mIsVipAlbum=false, isPurchase()=false, isPreview=false, isExclusive()=false, isVertical=false, canDownload()=true, isDownload=1, tvPic=, issueTime=20150225, playCount=41499, playLength=1445, tag=国语,内地,真人秀, cornerMark=CORNERMARK_1080P, definition list=600,300,jisu,1080p,720p, default definition=256c33c045d36a7126ce1db2c37c0167, channelId=6, channelName=综艺, mIChannelId=null, startTime=0, endTime=0, headerTime=0, tailTime=0, tvCount=1, tvSets=0, playTime=-1, episodes=0, url=, m3u8Url = null, mRecommendationsFilled=false, mEndRecommendationsFilled=false, mVarietyName=null}, mError=null)[com.qiyi.video.player.data.job.FetchAlbumInfoJob@2cb5c248]
02-25 23:40:13.978 D/Job     ( 2323): notifyDone() mListener=com.qiyi.video.player.data.loader.VideoLoader$1@2cdb2e60, Job(mState=2, mData=VideoItem@2f077cf8{qpId=202509101, tvQid=349989700, vid=256c33c045d36a7126ce1db2c37c0167, getType()=VIDEO, albumName=中国梦想秀第9季, tvName=折纸狂人盼圆妻子羊驼之梦 单亲醒狮团定位人生, isSeries()=true, sourceCode=202509101, playOrder=1, getAlbumSubName()=中国梦想秀第9季, mIsVipAlbum=false, isPurchase()=false, isPreview=false, isExclusive()=false, isVertical=false, canDownload()=true, isDownload=1, tvPic=, issueTime=20150225, playCount=41499, playLength=1445, tag=国语,内地,真人秀, cornerMark=CORNERMARK_1080P, definition list=600,300,jisu,1080p,720p, default definition=256c33c045d36a7126ce1db2c37c0167, channelId=6, channelName=综艺, mIChannelId=null, startTime=0, endTime=0, headerTime=0, tailTime=0, tvCount=1, tvSets=0, playTime=-1, episodes=0, url=, m3u8Url = null, mRecommendationsFilled=false, mEndRecommendationsFilled=false, mVarietyName=null}, mError=null)[com.qiyi.video.player.data.job.FetchAlbumInfoJob@2cb5c248]
02-25 23:40:13.981 D/VideoLoader( 2323): mBasicProxy.onJobDone(Job(mState=2, mData=VideoItem@2f077cf8{qpId=202509101, tvQid=349989700, vid=256c33c045d36a7126ce1db2c37c0167, getType()=VIDEO, albumName=中国梦想秀第9季, tvName=折纸狂人盼圆妻子羊驼之梦 单亲醒狮团定位人生, isSeries()=true, sourceCode=202509101, playOrder=1, getAlbumSubName()=中国梦想秀第9季, mIsVipAlbum=false, isPurchase()=false, isPreview=false, isExclusive()=false, isVertical=false, canDownload()=true, isDownload=1, tvPic=, issueTime=20150225, playCount=41499, playLength=1445, tag=国语,内地,真人秀, cornerMark=CORNERMARK_1080P, definition list=600,300,jisu,1080p,720p, default definition=256c33c045d36a7126ce1db2c37c0167, channelId=6, channelName=综艺, mIChannelId=null, startTime=0, endTime=0, headerTime=0, tailTime=0, tvCount=1, tvSets=0, playTime=-1, episodes=0, url=, m3u8Url = null, mRecommendationsFilled=false, mEndRecommendationsFilled=false, mVarietyName=null}, mError=null)[com.qiyi.video.player.data.job.FetchAlbumInfoJob@2cb5c248])
02-25 23:40:13.983 D/VideoLoader( 2323): notifyBasicReady(VideoItem@2f077cf8{qpId=202509101, tvQid=349989700, vid=256c33c045d36a7126ce1db2c37c0167, getType()=VIDEO, albumName=中国梦想秀第9季, tvName=折纸狂人盼圆妻子羊驼之梦 单亲醒狮团定位人生, isSeries()=true, sourceCode=202509101, playOrder=1, getAlbumSubName()=中国梦想秀第9季, mIsVipAlbum=false, isPurchase()=false, isPreview=false, isExclusive()=false, isVertical=false, canDownload()=true, isDownload=1, tvPic=, issueTime=20150225, playCount=41499, playLength=1445, tag=国语,内地,真人秀, cornerMark=CORNERMARK_1080P, definition list=600,300,jisu,1080p,720p, default definition=256c33c045d36a7126ce1db2c37c0167, channelId=6, channelName=综艺, mIChannelId=null, startTime=0, endTime=0, headerTime=0, tailTime=0, tvCount=1, tvSets=0, playTime=-1, episodes=0, url=, m3u8Url = null, mRecommendationsFilled=false, mEndRecommendationsFilled=false, mVarietyName=null})
02-25 23:40:13.986 D/VideoLoader( 2323): MyEventListener.handleMessage({ when=-1ms what=1 obj=VideoItem@2f077cf8{qpId=202509101, tvQid=349989700, vid=256c33c045d36a7126ce1db2c37c0167, getType()=VIDEO, albumName=中国梦想秀第9季, tvName=折纸狂人盼圆妻子羊驼之梦 单亲醒狮团定位人生, isSeries()=true, sourceCode=202509101, playOrder=1, getAlbumSubName()=中国梦想秀第9季, mIsVipAlbum=false, isPurchase()=false, isPreview=false, isExclusive()=false, isVertical=false, canDownload()=true, isDownload=1, tvPic=, issueTime=20150225, playCount=41499, playLength=1445, tag=国语,内地,真人秀, cornerMark=CORNERMARK_1080P, definition list=600,300,jisu,1080p,720p, default definition=256c33c045d36a7126ce1db2c37c0167, channelId=6, channelName=综艺, mIChannelId=null, startTime=0, endTime=0, headerTime=0, tailTime=0, tvCount=1, tvSets=0, playTime=-1, episodes=0, url=, m3u8Url = null, mRecommendationsFilled=false, mEndRecommendationsFilled=false, mVarietyName=null} target=com.qiyi.video.player.data.loader.VideoLoader$MyEventListener })
02-25 23:40:13.987 D/Job     ( 2323): runNextJobs() Job(mState=2, mData=VideoItem@2f077cf8{qpId=202509101, tvQid=349989700, vid=256c33c045d36a7126ce1db2c37c0167, getType()=VIDEO, albumName=中国梦想秀第9季, tvName=折纸狂人盼圆妻子羊驼之梦 单亲醒狮团定位人生, isSeries()=true, sourceCode=202509101, playOrder=1, getAlbumSubName()=中国梦想秀第9季, mIsVipAlbum=false, isPurchase()=false, isPreview=false, isExclusive()=false, isVertical=false, canDownload()=true, isDownload=1, tvPic=, issueTime=20150225, playCount=41499, playLength=1445, tag=国语,内地,真人秀, cornerMark=CORNERMARK_1080P, definition list=600,300,jisu,1080p,720p, default definition=256c33c045d36a7126ce1db2c37c0167, channelId=6, channelName=综艺, mIChannelId=null, startTime=0, endTime=0, headerTime=0, tailTime=0, tvCount=1, tvSets=0, playTime=-1, episodes=0, url=, m3u8Url = null, mRecommendationsFilled=false, mEndRecommendationsFilled=false, mVarietyName=null}, mError=null)[com.qiyi.video.player.data.job.FetchAlbumInfoJob@2cb5c248]
02-25 23:40:13.990 D/Job     ( 2323): running() Job(mState=0, mData=VideoItem@2f077cf8{qpId=202509101, tvQid=349989700, vid=256c33c045d36a7126ce1db2c37c0167, getType()=VIDEO, albumName=中国梦想秀第9季, tvName=折纸狂人盼圆妻子羊驼之梦 单亲醒狮团定位人生, isSeries()=true, sourceCode=202509101, playOrder=1, getAlbumSubName()=中国梦想秀第9季, mIsVipAlbum=false, isPurchase()=false, isPreview=false, isExclusive()=false, isVertical=false, canDownload()=true, isDownload=1, tvPic=, issueTime=20150225, playCount=41499, playLength=1445, tag=国语,内地,真人秀, cornerMark=CORNERMARK_1080P, definition list=600,300,jisu,1080p,720p, default definition=256c33c045d36a7126ce1db2c37c0167, channelId=6, channelName=综艺, mIChannelId=null, startTime=0, endTime=0, headerTime=0, tailTime=0, tvCount=1, tvSets=0, playTime=-1, episodes=0, url=, m3u8Url = null, mRecommendationsFilled=false, mEndRecommendationsFilled=false, mVarietyName=null}, mError=null)[com.qiyi.video.player.data.job.VideoJobSwitcher@2cb5ada0]
02-25 23:40:13.993 D/Job     ( 2323): isCancelled() Job(mState=0, mData=VideoItem@2f077cf8{qpId=202509101, tvQid=349989700, vid=256c33c045d36a7126ce1db2c37c0167, getType()=VIDEO, albumName=中国梦想秀第9季, tvName=折纸狂人盼圆妻子羊驼之梦 单亲醒狮团定位人生, isSeries()=true, sourceCode=202509101, playOrder=1, getAlbumSubName()=中国梦想秀第9季, mIsVipAlbum=false, isPurchase()=false, isPreview=false, isExclusive()=false, isVertical=false, canDownload()=true, isDownload=1, tvPic=, issueTime=20150225, playCount=41499, playLength=1445, tag=国语,内地,真人秀, cornerMark=CORNERMARK_1080P, definition list=600,300,jisu,1080p,720p, default definition=256c33c045d36a7126ce1db2c37c0167, channelId=6, channelName=综艺, mIChannelId=null, startTime=0, endTime=0, headerTime=0, tailTime=0, tvCount=1, tvSets=0, playTime=-1, episodes=0, url=, m3u8Url = null, mRecommendationsFilled=false, mEndRecommendationsFilled=false, mVarietyName=null}, mError=null)[com.qiyi.video.player.data.job.VideoJobSwitcher@2cb5ada0] return true
02-25 23:40:13.996 D/Job     ( 2323): notifyDone() mListener=null, Job(mState=4, mData=VideoItem@2f077cf8{qpId=202509101, tvQid=349989700, vid=256c33c045d36a7126ce1db2c37c0167, getType()=VIDEO, albumName=中国梦想秀第9季, tvName=折纸狂人盼圆妻子羊驼之梦 单亲醒狮团定位人生, isSeries()=true, sourceCode=202509101, playOrder=1, getAlbumSubName()=中国梦想秀第9季, mIsVipAlbum=false, isPurchase()=false, isPreview=false, isExclusive()=false, isVertical=false, canDownload()=true, isDownload=1, tvPic=, issueTime=20150225, playCount=41499, playLength=1445, tag=国语,内地,真人秀, cornerMark=CORNERMARK_1080P, definition list=600,300,jisu,1080p,720p, default definition=256c33c045d36a7126ce1db2c37c0167, channelId=6, channelName=综艺, mIChannelId=null, startTime=0, endTime=0, headerTime=0, tailTime=0, tvCount=1, tvSets=0, playTime=-1, episodes=0, url=, m3u8Url = null, mRecommendationsFilled=false, mEndRecommendationsFilled=false, mVarietyName=null}, mError=null)[com.qiyi.video.player.data.job.VideoJobSwitcher@2cb5ada0]
02-25 23:40:13.998 D/Job     ( 2323): runNextJobs() Job(mState=4, mData=VideoItem@2f077cf8{qpId=202509101, tvQid=349989700, vid=256c33c045d36a7126ce1db2c37c0167, getType()=VIDEO, albumName=中国梦想秀第9季, tvName=折纸狂人盼圆妻子羊驼之梦 单亲醒狮团定位人生, isSeries()=true, sourceCode=202509101, playOrder=1, getAlbumSubName()=中国梦想秀第9季, mIsVipAlbum=false, isPurchase()=false, isPreview=false, isExclusive()=false, isVertical=false, canDownload()=true, isDownload=1, tvPic=, issueTime=20150225, playCount=41499, playLength=1445, tag=国语,内地,真人秀, cornerMark=CORNERMARK_1080P, definition list=600,300,jisu,1080p,720p, default definition=256c33c045d36a7126ce1db2c37c0167, channelId=6, channelName=综艺, mIChannelId=null, startTime=0, endTime=0, headerTime=0, tailTime=0, tvCount=1, tvSets=0, playTime=-1, episodes=0, url=, m3u8Url = null, mRecommendationsFilled=false, mEndRecommendationsFilled=false, mVarietyName=null}, mError=null)[com.qiyi.video.player.data.job.VideoJobSwitcher@2cb5ada0]
02-25 23:40:14.373 D/AndroidRuntime(13795): 
02-25 23:40:14.373 D/AndroidRuntime(13795): >>>>>> AndroidRuntime START com.android.internal.os.RuntimeInit <<<<<<
02-25 23:40:14.375 D/AndroidRuntime(13795): CheckJNI is OFF
02-25 23:40:14.384 I/dalvikvm(13795): DexOpt: mismatch dep signature for '/system/framework/android.policy.odex'
02-25 23:40:14.384 E/dalvikvm(13795): /system/framework/services.jar odex has stale dependencies
02-25 23:40:14.385 I/dalvikvm(13795): DexOpt: mismatch dep name: '/data/dalvik-cache/system@framework@services.jar@classes.dex' vs. '/system/framework/services.odex'
02-25 23:40:14.385 E/dalvikvm(13795): /system/framework/apache-xml.jar odex has stale dependencies
02-25 23:40:14.385 I/dalvikvm(13795): DexOpt: mismatch dep name: '/data/dalvik-cache/system@framework@services.jar@classes.dex' vs. '/system/framework/services.odex'
02-25 23:40:14.385 E/dalvikvm(13795): /system/framework/webviewchromium.jar odex has stale dependencies
02-25 23:40:14.392 D/dalvikvm(13795): Trying to load lib libjavacore.so 0x0
02-25 23:40:14.396 D/dalvikvm(13795): Added shared lib libjavacore.so 0x0
02-25 23:40:14.401 D/dalvikvm(13795): Trying to load lib libnativehelper.so 0x0
02-25 23:40:14.401 D/dalvikvm(13795): Added shared lib libnativehelper.so 0x0
02-25 23:40:14.401 D/dalvikvm(13795): No JNI_OnLoad found in libnativehelper.so 0x0, skipping init
02-25 23:40:14.419 I/dalvikvm(13795): DexOpt: mismatch dep name: '/data/dalvik-cache/system@framework@services.jar@classes.dex' vs. '/system/framework/services.odex'
02-25 23:40:14.419 E/dalvikvm(13795): /system/framework/input.jar odex has stale dependencies
02-25 23:40:14.422 E/cutils-trace(13795): Error opening trace file: No such file or directory (2)
02-25 23:40:14.442 D/dalvikvm(13795): Note: class Landroid/app/ActivityManagerNative; has 179 unimplemented (abstract) methods
02-25 23:40:14.653 E/memtrack(13795): Couldn't load memtrack module (No such file or directory)
02-25 23:40:14.653 E/android.os.Debug(13795): failed to load memtrack module: -2
02-25 23:40:14.655 I/EthernetJNI(13795): Loading ethernet jni class
02-25 23:40:14.725 D/AndroidRuntime(13795): Calling main entry com.android.commands.input.Input
02-25 23:40:14.726 I/Input   (13795): injectKeyEvent: KeyEvent { action=ACTION_DOWN, keyCode=KEYCODE_DPAD_RIGHT, scanCode=0, metaState=0, flags=0x0, repeatCount=0, eventTime=22424901, downTime=22424901, deviceId=-1, source=0x101 }
02-25 23:40:14.731 D/WindowManager( 1948): keyCode =22
02-25 23:40:14.731 D/WindowManager( 1948): isLockedAllKeys =0
02-25 23:40:14.731 D/WindowManager( 1948): isHandleHomeKey = 1
02-25 23:40:14.731 D/WindowManager( 1948): isHandlePowerKey ==1
02-25 23:40:14.731 D/WindowManager( 1948): isHandleSettingKey=1
02-25 23:40:14.731 D/WindowManager( 1948): handleSystemKey==1
02-25 23:40:14.732 D/WindowManager( 1948): send broadcast key press down
02-25 23:40:14.732 W/ContextImpl( 1948): Calling a method in the system process without a qualified user: android.app.ContextImpl.sendBroadcast:1168 com.android.internal.policy.impl.PhoneWindowManager.interceptKeyBeforeQueueing:4109 com.android.server.wm.InputMonitor.interceptKeyBeforeQueueing:357 com.android.server.input.InputManagerService.interceptKeyBeforeQueueing:1352 com.android.server.input.InputManagerService.nativeInjectInputEvent:-2 
02-25 23:40:14.736 D/MainActivity( 2257): [0;32;31m[main][com.huawei.mh2.launcher.MainActivity][dispatchKeyEvent][-1]:launcher:keycode=22 [m
02-25 23:40:14.738 D/j       ( 2257): [0;32;31m[main][com.huawei.mh2.launcher.l][onGlobalFocusChanged][-1]:launcher:newFocus=com.huawei.mh2.launcher.a.n{2c9effc0 VFE...C. .F...... 320,0-380,57 #7f0a0008 app:id/menu_title_tv} [m
02-25 23:40:14.738 I/Input   (13795): injectKeyEvent: KeyEvent { action=ACTION_UP, keyCode=KEYCODE_DPAD_RIGHT, scanCode=0, metaState=0, flags=0x0, repeatCount=0, eventTime=22424901, downTime=22424901, deviceId=-1, source=0x101 }
02-25 23:40:14.738 D/WindowManager( 1948): keyCode =22
02-25 23:40:14.738 D/WindowManager( 1948): isLockedAllKeys =0
02-25 23:40:14.738 D/WindowManager( 1948): isHandleHomeKey = 1
02-25 23:40:14.738 D/WindowManager( 1948): isHandlePowerKey ==1
02-25 23:40:14.739 D/WindowManager( 1948): isHandleSettingKey=1
02-25 23:40:14.739 D/WindowManager( 1948): handleSystemKey==1
02-25 23:40:14.739 D/j       ( 2257): [0;32;31m[main][net.sunniwell.ui.e][onGlobalFocusChanged][-1]:launcher:smoothMove [m
02-25 23:40:14.739 D/AudioPolicyManagerBase( 1406): startOutput() output 2, stream 1, session 256
02-25 23:40:14.739 D/AudioPolicyManagerBase( 1406): startoutput ->setOutputDevice
02-25 23:40:14.740 D/AudioPolicyManagerBase( 1406): AudioPolicyManagerBase::checkAndSetVolume 13,0.377113
02-25 23:40:14.741 D/AndroidRuntime(13795): Shutting down VM
02-25 23:40:14.742 D/j       ( 2257): [0;32;31m[main][net.sunniwell.ui.g][a][-1]:launcher:anchorView=com.huawei.mh2.launcher.a.n{2c9effc0 VFE...C. .F...... 320,0-380,57 #7f0a0008 app:id/menu_title_tv} [m
02-25 23:40:14.743 D/FrameworkPage( 2257): [0;32;31m[main][com.huawei.mh2.launcher.page.FrameworkPage][onFocusChange][-1]:launcher:v=com.huawei.mh2.launcher.a.n{2c9effc0 VFE...C. .F....ID 320,0-380,57 #7f0a0008 app:id/menu_title_tv} [m
02-25 23:40:14.744 D/MainActivity( 2257): [0;32;31m[main][com.huawei.mh2.launcher.MainActivity][dispatchKeyEvent][-1]:launcher:keycode=22 [m
02-25 23:40:14.747 D/dalvikvm(13795): GC_CONCURRENT freed 98K, 16% free 566K/668K, paused 0ms+1ms, total 3ms
02-25 23:40:14.755 D/FrameworkPage( 2257): [0;32;31m[main][com.huawei.mh2.launcher.page.FrameworkPage][b][-1]:launcher:currentIndex=1 nextIndex=2 [m
02-25 23:40:14.756 I/MyGallery( 2257): setMode 2
02-25 23:40:14.757 D/j       ( 2257): [0;32;31m[main][net.sunniwell.ui.g][b][-1]:launcher:offsetWidth=-43 offsetHeight=0 resizeImmediate=false [m
02-25 23:40:14.758 D/j       ( 2257): [0;32;31m[main][net.sunniwell.ui.g][a][-1]:launcher:offsetLeft=104 offsetTop=0 moveImmediate=false [m
02-25 23:40:14.759 D/j       ( 2257): [0;32;31m[main][net.sunniwell.ui.d][a][-1]:launcher:immediate=false isChanged=true [m
02-25 23:40:14.759 D/j       ( 2257): [0;32;31m[main][com.huawei.mh2.launcher.j][a][-1]:launcher:changed=true [m
02-25 23:40:14.770 D/j       ( 2257): [0;32;31m[main][net.sunniwell.ui.g][b][-1]:launcher:offsetWidth=-15 offsetHeight=0 resizeImmediate=false [m
02-25 23:40:14.771 D/j       ( 2257): [0;32;31m[main][net.sunniwell.ui.g][a][-1]:launcher:offsetLeft=36 offsetTop=0 moveImmediate=false [m
02-25 23:40:14.771 D/j       ( 2257): [0;32;31m[main][net.sunniwell.ui.d][a][-1]:launcher:immediate=false isChanged=true [m
02-25 23:40:14.772 D/j       ( 2257): [0;32;31m[main][com.huawei.mh2.launcher.j][a][-1]:launcher:changed=true [m
02-25 23:40:14.783 D/j       ( 2257): [0;32;31m[main][net.sunniwell.ui.g][b][-1]:launcher:offsetWidth=-7 offsetHeight=0 resizeImmediate=false [m
02-25 23:40:14.784 D/j       ( 2257): [0;32;31m[main][net.sunniwell.ui.g][a][-1]:launcher:offsetLeft=13 offsetTop=0 moveImmediate=false [m
02-25 23:40:14.784 D/j       ( 2257): [0;32;31m[main][net.sunniwell.ui.d][a][-1]:launcher:immediate=false isChanged=true [m
02-25 23:40:14.785 D/j       ( 2257): [0;32;31m[main][com.huawei.mh2.launcher.j][a][-1]:launcher:changed=true [m
02-25 23:40:14.800 D/j       ( 2257): [0;32;31m[main][net.sunniwell.ui.g][b][-1]:launcher:offsetWidth=0 offsetHeight=0 resizeImmediate=false [m
02-25 23:40:14.801 D/j       ( 2257): [0;32;31m[main][net.sunniwell.ui.g][a][-1]:launcher:offsetLeft=7 offsetTop=0 moveImmediate=false [m
02-25 23:40:14.801 D/j       ( 2257): [0;32;31m[main][net.sunniwell.ui.d][a][-1]:launcher:immediate=false isChanged=true [m
02-25 23:40:14.802 D/j       ( 2257): [0;32;31m[main][com.huawei.mh2.launcher.j][a][-1]:launcher:changed=true [m
02-25 23:40:14.822 I/MyGallery( 2257): setMode 5
02-25 23:40:14.822 D/j       ( 2257): [0;32;31m[main][net.sunniwell.ui.g][b][-1]:launcher:offsetWidth=0 offsetHeight=0 resizeImmediate=false [m
02-25 23:40:14.823 D/j       ( 2257): [0;32;31m[main][net.sunniwell.ui.g][a][-1]:launcher:offsetLeft=0 offsetTop=0 moveImmediate=false [m
02-25 23:40:14.824 D/j       ( 2257): [0;32;31m[main][net.sunniwell.ui.d][a][-1]:launcher:immediate=false isChanged=false [m
02-25 23:40:14.824 D/j       ( 2257): [0;32;31m[main][com.huawei.mh2.launcher.j][a][-1]:launcher:changed=false [m
02-25 23:40:14.825 D/FrameworkPage( 2257): [0;32;31m[main][com.huawei.mh2.launcher.page.FrameworkPage][a][-1]:launcher:currentIndex=1 nextIndex=2 [m
02-25 23:40:14.830 D/j       ( 2257): [0;32;31m[main][net.sunniwell.ui.g][a][-1]:launcher:anchorView=com.huawei.mh2.launcher.a.n{2c9effc0 VFE...C. .F...... 320,0-380,57 #7f0a0008 app:id/menu_title_tv} [m
02-25 23:40:14.918 D/j       ( 2257): [0;32;31m[main][net.sunniwell.ui.g][b][-1]:launcher:offsetWidth=0 offsetHeight=0 resizeImmediate=false [m
02-25 23:40:14.919 D/j       ( 2257): [0;32;31m[main][net.sunniwell.ui.g][a][-1]:launcher:offsetLeft=0 offsetTop=0 moveImmediate=false [m
02-25 23:40:14.920 D/j       ( 2257): [0;32;31m[main][net.sunniwell.ui.d][a][-1]:launcher:immediate=false isChanged=false [m
02-25 23:40:14.920 D/j       ( 2257): [0;32;31m[main][com.huawei.mh2.launcher.j][a][-1]:launcher:changed=false [m
02-25 23:40:14.928 I/MyGallery( 2257): setMode 0
02-25 23:40:16.395 D/AndroidRuntime(13807): 
02-25 23:40:16.395 D/AndroidRuntime(13807): >>>>>> AndroidRuntime START com.android.internal.os.RuntimeInit <<<<<<
02-25 23:40:16.398 D/AndroidRuntime(13807): CheckJNI is OFF
02-25 23:40:16.406 I/dalvikvm(13807): DexOpt: mismatch dep signature for '/system/framework/android.policy.odex'
02-25 23:40:16.406 E/dalvikvm(13807): /system/framework/services.jar odex has stale dependencies
02-25 23:40:16.407 I/dalvikvm(13807): DexOpt: mismatch dep name: '/data/dalvik-cache/system@framework@services.jar@classes.dex' vs. '/system/framework/services.odex'
02-25 23:40:16.407 E/dalvikvm(13807): /system/framework/apache-xml.jar odex has stale dependencies
02-25 23:40:16.408 I/dalvikvm(13807): DexOpt: mismatch dep name: '/data/dalvik-cache/system@framework@services.jar@classes.dex' vs. '/system/framework/services.odex'
02-25 23:40:16.408 E/dalvikvm(13807): /system/framework/webviewchromium.jar odex has stale dependencies
02-25 23:40:16.414 D/dalvikvm(13807): Trying to load lib libjavacore.so 0x0
02-25 23:40:16.418 D/dalvikvm(13807): Added shared lib libjavacore.so 0x0
02-25 23:40:16.423 D/dalvikvm(13807): Trying to load lib libnativehelper.so 0x0
02-25 23:40:16.423 D/dalvikvm(13807): Added shared lib libnativehelper.so 0x0
02-25 23:40:16.423 D/dalvikvm(13807): No JNI_OnLoad found in libnativehelper.so 0x0, skipping init
02-25 23:40:16.441 I/dalvikvm(13807): DexOpt: mismatch dep name: '/data/dalvik-cache/system@framework@services.jar@classes.dex' vs. '/system/framework/services.odex'
02-25 23:40:16.441 E/dalvikvm(13807): /system/framework/input.jar odex has stale dependencies
02-25 23:40:16.444 E/cutils-trace(13807): Error opening trace file: No such file or directory (2)
02-25 23:40:16.464 D/dalvikvm(13807): Note: class Landroid/app/ActivityManagerNative; has 179 unimplemented (abstract) methods
02-25 23:40:16.652 E/memtrack(13807): Couldn't load memtrack module (No such file or directory)
02-25 23:40:16.652 E/android.os.Debug(13807): failed to load memtrack module: -2
02-25 23:40:16.655 I/EthernetJNI(13807): Loading ethernet jni class
02-25 23:40:16.723 D/AndroidRuntime(13807): Calling main entry com.android.commands.input.Input
02-25 23:40:16.724 I/Input   (13807): injectKeyEvent: KeyEvent { action=ACTION_DOWN, keyCode=KEYCODE_DPAD_RIGHT, scanCode=0, metaState=0, flags=0x0, repeatCount=0, eventTime=22426899, downTime=22426899, deviceId=-1, source=0x101 }
02-25 23:40:16.729 D/WindowManager( 1948): keyCode =22
02-25 23:40:16.729 D/WindowManager( 1948): isLockedAllKeys =0
02-25 23:40:16.729 D/WindowManager( 1948): isHandleHomeKey = 1
02-25 23:40:16.729 D/WindowManager( 1948): isHandlePowerKey ==1
02-25 23:40:16.729 D/WindowManager( 1948): isHandleSettingKey=1
02-25 23:40:16.729 D/WindowManager( 1948): handleSystemKey==1
02-25 23:40:16.730 W/ContextImpl( 1948): Calling a method in the system process without a qualified user: android.app.ContextImpl.sendBroadcast:1168 com.android.internal.policy.impl.PhoneWindowManager.interceptKeyBeforeQueueing:4109 com.android.server.wm.InputMonitor.interceptKeyBeforeQueueing:357 com.android.server.input.InputManagerService.interceptKeyBeforeQueueing:1352 com.android.server.input.InputManagerService.nativeInjectInputEvent:-2 
02-25 23:40:16.731 D/WindowManager( 1948): send broadcast key press down
02-25 23:40:16.734 D/MainActivity( 2257): [0;32;31m[main][com.huawei.mh2.launcher.MainActivity][dispatchKeyEvent][-1]:launcher:keycode=22 [m
02-25 23:40:16.735 D/j       ( 2257): [0;32;31m[main][com.huawei.mh2.launcher.l][onGlobalFocusChanged][-1]:launcher:newFocus=com.huawei.mh2.launcher.a.n{2c959178 VFE...C. .F...... 414,0-584,57 #7f0a0009 app:id/menu_title_cartoon} [m
02-25 23:40:16.737 D/AudioPolicyManagerBase( 1406): startOutput() output 2, stream 1, session 257
02-25 23:40:16.737 D/AudioPolicyManagerBase( 1406): startoutput ->setOutputDevice
02-25 23:40:16.737 I/Input   (13807): injectKeyEvent: KeyEvent { action=ACTION_UP, keyCode=KEYCODE_DPAD_RIGHT, scanCode=0, metaState=0, flags=0x0, repeatCount=0, eventTime=22426899, downTime=22426899, deviceId=-1, source=0x101 }
02-25 23:40:16.737 D/AudioPolicyManagerBase( 1406): AudioPolicyManagerBase::checkAndSetVolume 13,0.377113
02-25 23:40:16.737 D/WindowManager( 1948): keyCode =22
02-25 23:40:16.737 D/j       ( 2257): [0;32;31m[main][net.sunniwell.ui.e][onGlobalFocusChanged][-1]:launcher:smoothMove [m
02-25 23:40:16.737 D/WindowManager( 1948): isLockedAllKeys =0
02-25 23:40:16.737 D/WindowManager( 1948): isHandleHomeKey = 1
02-25 23:40:16.737 D/WindowManager( 1948): isHandlePowerKey ==1
02-25 23:40:16.737 D/WindowManager( 1948): isHandleSettingKey=1
02-25 23:40:16.737 D/WindowManager( 1948): handleSystemKey==1
02-25 23:40:16.739 D/j       ( 2257): [0;32;31m[main][net.sunniwell.ui.g][a][-1]:launcher:anchorView=com.huawei.mh2.launcher.a.n{2c959178 VFE...C. .F...... 414,0-584,57 #7f0a0009 app:id/menu_title_cartoon} [m
02-25 23:40:16.739 D/AndroidRuntime(13807): Shutting down VM
02-25 23:40:16.740 D/FrameworkPage( 2257): [0;32;31m[main][com.huawei.mh2.launcher.page.FrameworkPage][onFocusChange][-1]:launcher:v=com.huawei.mh2.launcher.a.n{2c959178 VFE...C. .F....ID 414,0-584,57 #7f0a0009 app:id/menu_title_cartoon} [m
02-25 23:40:16.741 D/MainActivity( 2257): [0;32;31m[main][com.huawei.mh2.launcher.MainActivity][dispatchKeyEvent][-1]:launcher:keycode=22 [m
02-25 23:40:16.746 D/dalvikvm(13807): GC_CONCURRENT freed 98K, 16% free 566K/668K, paused 0ms+0ms, total 3ms
02-25 23:40:16.755 I/MyGallery( 2257): setMode 2
02-25 23:40:16.755 D/FrameworkPage( 2257): [0;32;31m[main][com.huawei.mh2.launcher.page.FrameworkPage][b][-1]:launcher:currentIndex=2 nextIndex=3 [m
02-25 23:40:16.756 D/j       ( 2257): [0;32;31m[main][net.sunniwell.ui.g][b][-1]:launcher:offsetWidth=71 offsetHeight=0 resizeImmediate=false [m
02-25 23:40:16.757 D/j       ( 2257): [0;32;31m[main][net.sunniwell.ui.g][a][-1]:launcher:offsetLeft=61 offsetTop=0 moveImmediate=false [m
02-25 23:40:16.758 D/j       ( 2257): [0;32;31m[main][net.sunniwell.ui.d][a][-1]:launcher:immediate=false isChanged=true [m
02-25 23:40:16.760 D/j       ( 2257): [0;32;31m[main][com.huawei.mh2.launcher.j][a][-1]:launcher:changed=true [m
02-25 23:40:16.769 D/j       ( 2257): [0;32;31m[main][net.sunniwell.ui.g][b][-1]:launcher:offsetWidth=25 offsetHeight=0 resizeImmediate=false [m
02-25 23:40:16.770 D/j       ( 2257): [0;32;31m[main][net.sunniwell.ui.g][a][-1]:launcher:offsetLeft=21 offsetTop=0 moveImmediate=false [m
02-25 23:40:16.770 D/j       ( 2257): [0;32;31m[main][net.sunniwell.ui.d][a][-1]:launcher:immediate=false isChanged=true [m
02-25 23:40:16.771 D/j       ( 2257): [0;32;31m[main][com.huawei.mh2.launcher.j][a][-1]:launcher:changed=true [m
02-25 23:40:16.783 D/j       ( 2257): [0;32;31m[main][net.sunniwell.ui.g][b][-1]:launcher:offsetWidth=9 offsetHeight=0 resizeImmediate=false [m
02-25 23:40:16.783 D/j       ( 2257): [0;32;31m[main][net.sunniwell.ui.g][a][-1]:launcher:offsetLeft=7 offsetTop=0 moveImmediate=false [m
02-25 23:40:16.784 D/j       ( 2257): [0;32;31m[main][net.sunniwell.ui.d][a][-1]:launcher:immediate=false isChanged=true [m
02-25 23:40:16.785 D/j       ( 2257): [0;32;31m[main][com.huawei.mh2.launcher.j][a][-1]:launcher:changed=true [m
02-25 23:40:16.800 D/j       ( 2257): [0;32;31m[main][net.sunniwell.ui.g][b][-1]:launcher:offsetWidth=5 offsetHeight=0 resizeImmediate=false [m
02-25 23:40:16.800 D/j       ( 2257): [0;32;31m[main][net.sunniwell.ui.g][a][-1]:launcher:offsetLeft=5 offsetTop=0 moveImmediate=false [m
02-25 23:40:16.801 D/j       ( 2257): [0;32;31m[main][net.sunniwell.ui.d][a][-1]:launcher:immediate=false isChanged=true [m
02-25 23:40:16.802 D/j       ( 2257): [0;32;31m[main][com.huawei.mh2.launcher.j][a][-1]:launcher:changed=true [m
02-25 23:40:16.820 I/MyGallery( 2257): setMode 5
02-25 23:40:16.820 I/MyGallery( 2257): setMode 5
02-25 23:40:16.821 D/j       ( 2257): [0;32;31m[main][net.sunniwell.ui.g][b][-1]:launcher:offsetWidth=0 offsetHeight=0 resizeImmediate=false [m
02-25 23:40:16.827 D/j       ( 2257): [0;32;31m[main][net.sunniwell.ui.g][a][-1]:launcher:offsetLeft=0 offsetTop=0 moveImmediate=false [m
02-25 23:40:16.829 D/j       ( 2257): [0;32;31m[main][net.sunniwell.ui.d][a][-1]:launcher:immediate=false isChanged=false [m
02-25 23:40:16.831 D/j       ( 2257): [0;32;31m[main][com.huawei.mh2.launcher.j][a][-1]:launcher:changed=false [m
02-25 23:40:16.833 D/FrameworkPage( 2257): [0;32;31m[main][com.huawei.mh2.launcher.page.FrameworkPage][a][-1]:launcher:currentIndex=2 nextIndex=3 [m
02-25 23:40:16.878 D/TwoPosterPage( 2257): [0;32;31m[main][com.huawei.mh2.launcher.page.TwoPosterPage][setBottomBackgroundVisiable][-1]:launcher:visiable=true [m
02-25 23:40:16.882 D/j       ( 2257): [0;32;31m[main][net.sunniwell.ui.g][a][-1]:launcher:anchorView=com.huawei.mh2.launcher.a.n{2c959178 VFE...C. .F...... 414,0-584,57 #7f0a0009 app:id/menu_title_cartoon} [m
02-25 23:40:16.941 I/MyGallery( 2257): setMode 0
02-25 23:40:16.944 I/MyGallery( 2257): setMode 0
02-25 23:40:16.969 D/j       ( 2257): [0;32;31m[main][net.sunniwell.ui.g][b][-1]:launcher:offsetWidth=0 offsetHeight=0 resizeImmediate=false [m
02-25 23:40:16.970 D/j       ( 2257): [0;32;31m[main][net.sunniwell.ui.g][a][-1]:launcher:offsetLeft=0 offsetTop=0 moveImmediate=false [m
02-25 23:40:16.971 D/j       ( 2257): [0;32;31m[main][net.sunniwell.ui.d][a][-1]:launcher:immediate=false isChanged=false [m
02-25 23:40:16.971 D/j       ( 2257): [0;32;31m[main][com.huawei.mh2.launcher.j][a][-1]:launcher:changed=false [m
02-25 23:40:18.559 E/NetWorkManager( 2323): NetWorkManager retryOther   time  = 5005
02-25 23:40:18.560 I/EthernetService( 1948): getWifiDisguiseState: STATE UNKNOWN
02-25 23:40:18.560 I/EthernetManager( 1948): getWifiDisguiseState2
02-25 23:40:18.560 I/EthernetService( 1948): getWifiDisguiseState: STATE UNKNOWN
02-25 23:40:18.560 D/ConnectivityService( 1948): mActiveDefaultNetwork = 9
02-25 23:40:18.562 D/com.qiyi.video.player.QiyiVideoPlayer@2cbe12b0( 2323): network.onStateChanged: 2 -> 4
02-25 23:40:18.562 D/com.qiyi.video.player.QiyiVideoPlayer@2cbe12b0( 2323): onNetWorkDisconnected(网络不通，
02-25 23:40:18.562 D/com.qiyi.video.player.QiyiVideoPlayer@2cbe12b0( 2323): 请检查网络连接状况)
02-25 23:40:18.562 D/PlayerController[2ca9db70]( 2323): onActivityEvent(NETWORK_STATE_CHANGED)
02-25 23:40:18.562 D/VideoProvider( 2323): setNetworkAvaliable(false) mNetworkAvaliable=false
02-25 23:40:18.562 D/ToastHelper( 2323): showToast: 网络已断开，请检查网络连接状况
02-25 23:40:18.578 D/PlayerOverlay( 2323): onActivityEvent: NETWORK_STATE_CHANGED
02-25 23:40:18.578 D/PlayerOverlay( 2323): onActivityEvent: network connected=false
02-25 23:40:18.578 I/AbsMenuPanel( 2323): hide
02-25 23:40:18.578 D/AbsMenuPanel( 2323): notifyVisibilityChange(false)
02-25 23:40:18.578 D/AbsPlayerOverlay( 2323): notifyMenuPanelVisibilityChange(false)
02-25 23:40:18.578 D/DispatcherCenter( 2323): onVisibilityChange(isVisible:false)
02-25 23:40:18.578 D/VideoProvider( 2323): getCurrent()
02-25 23:40:18.580 D/Playlist( 2323): getCurrent() return VideoHolder@2f12c328{episodeReady=false, historyReady=false, mListReady=false, mSourceStub=false, position=Position(albumIndex=-1, episodeIndex=-1), video=VideoItem@2f077cf8{qpId=202509101, tvQid=349989700, vid=256c33c045d36a7126ce1db2c37c0167, getType()=VIDEO, albumName=中国梦想秀第9季, tvName=折纸狂人盼圆妻子羊驼之梦 单亲醒狮团定位人生, isSeries()=true, sourceCode=202509101, playOrder=1, getAlbumSubName()=中国梦想秀第9季, mIsVipAlbum=false, isPurchase()=false, isPreview=false, isExclusive()=false, isVertical=false, canDownload()=true, isDownload=1, tvPic=, issueTime=20150225, playCount=41499, playLength=1445, tag=国语,内地,真人秀, cornerMark=CORNERMARK_1080P, definition list=600,300,jisu,1080p,720p, default definition=256c33c045d36a7126ce1db2c37c0167, channelId=6, channelName=综艺, mIChannelId=null, startTime=0, endTime=0, headerTime=0, tailTime=0, tvCount=1, tvSets=0, playTime=-1, episodes=0, url=, m3u8Url = null, mRecommendationsFilled=false, mEndRecommendationsFilled=false, mVarietyName=null}}
02-25 23:40:18.582 D/PlayerController[2ca9db70]( 2323): MenuPanel.onVisibilityChange(false): video=VideoItem@2f077cf8{qpId=202509101, tvQid=349989700, vid=256c33c045d36a7126ce1db2c37c0167, getType()=VIDEO, albumName=中国梦想秀第9季, tvName=折纸狂人盼圆妻子羊驼之梦 单亲醒狮团定位人生, isSeries()=true, sourceCode=202509101, playOrder=1, getAlbumSubName()=中国梦想秀第9季, mIsVipAlbum=false, isPurchase()=false, isPreview=false, isExclusive()=false, isVertical=false, canDownload()=true, isDownload=1, tvPic=, issueTime=20150225, playCount=41499, playLength=1445, tag=国语,内地,真人秀, cornerMark=CORNERMARK_1080P, definition list=600,300,jisu,1080p,720p, default definition=256c33c045d36a7126ce1db2c37c0167, channelId=6, channelName=综艺, mIChannelId=null, startTime=0, endTime=0, headerTime=0, tailTime=0, tvCount=1, tvSets=0, playTime=-1, episodes=0, url=, m3u8Url = null, mRecommendationsFilled=false, mEndRecommendationsFilled=false, mVarietyName=null}, sourceType=OUTSIDE, isPlaylistReady=false
02-25 23:40:18.583 D/MediaControllerContainer( 2323): hideHeader()
02-25 23:40:18.583 D/MediaControllerOverlay( 2323): hideHeader() mShowHeader=false
02-25 23:40:18.583 D/MediaControllerOverlay( 2323): doHide() com.qiyi.video.project.configs.huawei.layout.HuaweiMediaControllerOverlay{2cbec238 G.E..... ......I. 0,0-0,0}[mState=0, mShowHeader=false, mBuffering=false, mTipShown=false, mSeeking=false, mIsFullScreen=true]
02-25 23:40:18.583 D/MediaControllerOverlay( 2323): clearHideViewMessageQueue()
02-25 23:40:18.583 D/TimedSeekBar( 2323): stopTipMode() mIsTipMode=false
02-25 23:40:18.583 D/TimedSeekBar( 2323): hide()
02-25 23:40:18.583 D/MediaControllerOverlay( 2323): hideView() Views[Adtime,VideoName,Systime,Pause,Seekbar,]
02-25 23:40:18.583 D/MediaControllerOverlay( 2323): tip view id:2131100038
02-25 23:40:18.583 D/CountDownView( 2323): hide()
02-25 23:40:18.584 D/Player/Pingback/PingbackSender( 2323): >> onActivityEvent(event:NETWORK_STATE_CHANGED): now=22428759
02-25 23:40:18.766 E/NetWorkManager( 2323): NetWorkManager connect internet success !!  http://www.qq.com
02-25 23:40:18.859 E/NetWorkManager( 2323): NetWorkManager connect internet success !!  http://www.taobao.com
02-25 23:40:18.876 E/NetWorkManager( 2323): NetWorkManager connect internet success !!  http://www.sina.com.cn
02-25 23:40:18.966 E/NetWorkManager( 2323): NetWorkManager connect internet success !!  http://www.163.com
02-25 23:40:19.118 E/VPP_DLNA_LOG( 2814): [VPPDLNA]:SSDP recvd bad msg code = 1
02-25 23:40:19.120 E/VPP_DLNA_LOG( 2814): [VPPDLNA]:SSDP recvd bad msg code = 1
02-25 23:40:19.122 E/VPP_DLNA_LOG( 2814): [VPPDLNA]:SSDP recvd bad msg code = 1
02-25 23:40:19.192 E/VPP_DLNA_LOG( 2814): [VPPDLNA]:SSDP recvd bad msg code = 1
02-25 23:40:19.193 E/VPP_DLNA_LOG( 2814): [VPPDLNA]:SSDP recvd bad msg code = 1
02-25 23:40:19.195 E/VPP_DLNA_LOG( 2814): [VPPDLNA]:SSDP recvd bad msg code = 1
02-25 23:40:19.486 D/AndroidRuntime(13821): 
02-25 23:40:19.486 D/AndroidRuntime(13821): >>>>>> AndroidRuntime START com.android.internal.os.RuntimeInit <<<<<<
02-25 23:40:19.488 D/AndroidRuntime(13821): CheckJNI is OFF
02-25 23:40:19.497 I/dalvikvm(13821): DexOpt: mismatch dep signature for '/system/framework/android.policy.odex'
02-25 23:40:19.497 E/dalvikvm(13821): /system/framework/services.jar odex has stale dependencies
02-25 23:40:19.498 I/dalvikvm(13821): DexOpt: mismatch dep name: '/data/dalvik-cache/system@framework@services.jar@classes.dex' vs. '/system/framework/services.odex'
02-25 23:40:19.498 E/dalvikvm(13821): /system/framework/apache-xml.jar odex has stale dependencies
02-25 23:40:19.499 I/dalvikvm(13821): DexOpt: mismatch dep name: '/data/dalvik-cache/system@framework@services.jar@classes.dex' vs. '/system/framework/services.odex'
02-25 23:40:19.499 E/dalvikvm(13821): /system/framework/webviewchromium.jar odex has stale dependencies
02-25 23:40:19.507 D/dalvikvm(13821): Trying to load lib libjavacore.so 0x0
02-25 23:40:19.510 D/dalvikvm(13821): Added shared lib libjavacore.so 0x0
02-25 23:40:19.516 D/dalvikvm(13821): Trying to load lib libnativehelper.so 0x0
02-25 23:40:19.516 D/dalvikvm(13821): Added shared lib libnativehelper.so 0x0
02-25 23:40:19.516 D/dalvikvm(13821): No JNI_OnLoad found in libnativehelper.so 0x0, skipping init
02-25 23:40:19.535 I/dalvikvm(13821): DexOpt: mismatch dep name: '/data/dalvik-cache/system@framework@services.jar@classes.dex' vs. '/system/framework/services.odex'
02-25 23:40:19.535 E/dalvikvm(13821): /system/framework/input.jar odex has stale dependencies
02-25 23:40:19.539 E/cutils-trace(13821): Error opening trace file: No such file or directory (2)
02-25 23:40:19.559 D/dalvikvm(13821): Note: class Landroid/app/ActivityManagerNative; has 179 unimplemented (abstract) methods
02-25 23:40:19.747 E/memtrack(13821): Couldn't load memtrack module (No such file or directory)
02-25 23:40:19.747 E/android.os.Debug(13821): failed to load memtrack module: -2
02-25 23:40:19.749 I/EthernetJNI(13821): Loading ethernet jni class
02-25 23:40:19.818 D/AndroidRuntime(13821): Calling main entry com.android.commands.input.Input
02-25 23:40:19.819 I/Input   (13821): injectKeyEvent: KeyEvent { action=ACTION_DOWN, keyCode=KEYCODE_BACK, scanCode=0, metaState=0, flags=0x0, repeatCount=0, eventTime=22429994, downTime=22429994, deviceId=-1, source=0x101 }
02-25 23:40:19.824 D/WindowManager( 1948): keyCode =4
02-25 23:40:19.824 D/WindowManager( 1948): isLockedAllKeys =0
02-25 23:40:19.824 D/WindowManager( 1948): isHandleHomeKey = 1
02-25 23:40:19.824 D/WindowManager( 1948): isHandlePowerKey ==1
02-25 23:40:19.824 D/WindowManager( 1948): isHandleSettingKey=1
02-25 23:40:19.824 D/WindowManager( 1948): handleSystemKey==1
02-25 23:40:19.825 D/WindowManager( 1948): send broadcast key press down
02-25 23:40:19.825 W/ContextImpl( 1948): Calling a method in the system process without a qualified user: android.app.ContextImpl.sendBroadcast:1168 com.android.internal.policy.impl.PhoneWindowManager.interceptKeyBeforeQueueing:4109 com.android.server.wm.InputMonitor.interceptKeyBeforeQueueing:357 com.android.server.input.InputManagerService.interceptKeyBeforeQueueing:1352 com.android.server.input.InputManagerService.nativeInjectInputEvent:-2 
02-25 23:40:19.828 D/MainActivity( 2257): [0;32;31m[main][com.huawei.mh2.launcher.MainActivity][dispatchKeyEvent][-1]:launcher:keycode=4 [m
02-25 23:40:19.830 D/MainActivity( 2257): [0;32;31m[main][com.huawei.mh2.launcher.MainActivity][dispatchKeyEvent][-1]:launcher:request Default Focus [m
02-25 23:40:19.831 D/j       ( 2257): [0;32;31m[main][com.huawei.mh2.launcher.l][onGlobalFocusChanged][-1]:launcher:newFocus=com.huawei.mh2.launcher.a.x{2f069d08 VFE..... .F...... -257,67-6,428} [m
02-25 23:40:19.833 D/j       ( 2257): [0;32;31m[main][net.sunniwell.ui.e][onGlobalFocusChanged][-1]:launcher:smoothMove [m
02-25 23:40:19.833 I/Input   (13821): injectKeyEvent: KeyEvent { action=ACTION_UP, keyCode=KEYCODE_BACK, scanCode=0, metaState=0, flags=0x0, repeatCount=0, eventTime=22429994, downTime=22429994, deviceId=-1, source=0x101 }
02-25 23:40:19.834 D/WindowManager( 1948): keyCode =4
02-25 23:40:19.834 D/WindowManager( 1948): isLockedAllKeys =0
02-25 23:40:19.834 D/WindowManager( 1948): isHandleHomeKey = 1
02-25 23:40:19.834 D/WindowManager( 1948): isHandlePowerKey ==1
02-25 23:40:19.834 D/WindowManager( 1948): isHandleSettingKey=1
02-25 23:40:19.834 D/WindowManager( 1948): handleSystemKey==1
02-25 23:40:19.835 D/j       ( 2257): [0;32;31m[main][net.sunniwell.ui.g][a][-1]:launcher:anchorView=com.huawei.mh2.launcher.a.x{2f069d08 VFE..... .F...... -257,67-6,428} [m
02-25 23:40:19.836 D/AndroidRuntime(13821): Shutting down VM
02-25 23:40:19.836 D/j       ( 2257): [0;32;31m[main][com.huawei.mh2.launcher.l][onGlobalFocusChanged][-1]:launcher:newFocus=com.huawei.mh2.launcher.a.q{2c9855a0 VFE..... .F.....D 0,0-2021,428 #7f0a0021 app:id/gallery} [m
02-25 23:40:19.839 D/TwoPosterPage( 2257): [0;32;31m[main][com.huawei.mh2.launcher.page.s][onFocusChange][-1]:launcher:hasFocus=true [m
02-25 23:40:19.841 D/TwoPosterPage( 2257): [0;32;31m[main][com.huawei.mh2.launcher.page.TwoPosterPage][setBottomBackgroundVisiable][-1]:launcher:visiable=true [m
02-25 23:40:19.841 D/dalvikvm(13821): GC_CONCURRENT freed 98K, 16% free 566K/668K, paused 1ms+0ms, total 4ms
02-25 23:40:19.842 D/TwoPosterPage( 2257): [0;32;31m[main][com.huawei.mh2.launcher.page.s][onFocusChange][-1]:launcher:hasFocus=false [m
02-25 23:40:19.844 D/ImageLoader( 2257): Start display image task [http://pic0.ptqy.gitv.tv/image/20150204/0f/2e/42/a_50150907_m_600_m5_354_490.jpg_255x354]
02-25 23:40:19.845 D/ImageLoader( 2257): Load image from disc cache [http://pic0.ptqy.gitv.tv/image/20150204/0f/2e/42/a_50150907_m_600_m5_354_490.jpg_255x354]
02-25 23:40:19.845 D/j       ( 2257): [0;32;31m[main][com.huawei.mh2.launcher.l][onGlobalFocusChanged][-1]:launcher:newFocus=com.huawei.mh2.launcher.a.x{2c94c058 VFE..... .FS..... 879,67-1142,428} [m
02-25 23:40:19.847 D/j       ( 2257): [0;32;31m[main][net.sunniwell.ui.e][onGlobalFocusChanged][-1]:launcher:smoothMove [m
02-25 23:40:19.850 D/j       ( 2257): [0;32;31m[main][net.sunniwell.ui.g][a][-1]:launcher:anchorView=com.huawei.mh2.launcher.a.x{2c94c058 VFE..... .FS..... 879,67-1142,428} [m
02-25 23:40:19.851 D/TwoPosterPage( 2257): [0;32;31m[main][com.huawei.mh2.launcher.page.s][onFocusChange][-1]:launcher:hasFocus=true [m
02-25 23:40:19.854 D/TwoPosterPage( 2257): [0;32;31m[main][com.huawei.mh2.launcher.page.TwoPosterPage][setBottomBackgroundVisiable][-1]:launcher:visiable=true [m
02-25 23:40:19.855 D/TwoPosterPage( 2257): [0;32;31m[main][com.huawei.mh2.launcher.page.s][onFocusChange][-1]:launcher:hasFocus=false [m
02-25 23:40:19.857 D/j       ( 2257): [0;32;31m[main][com.huawei.mh2.launcher.l][onGlobalFocusChanged][-1]:launcher:newFocus=com.huawei.mh2.launcher.a.n{2c944210 VFE...C. .F...... 0,0-120,57 #7f0a0006 app:id/menu_title_home} [m
02-25 23:40:19.858 D/j       ( 2257): [0;32;31m[main][net.sunniwell.ui.e][onGlobalFocusChanged][-1]:launcher:smoothMove [m
02-25 23:40:19.859 D/j       ( 2257): [0;32;31m[main][net.sunniwell.ui.g][a][-1]:launcher:anchorView=com.huawei.mh2.launcher.a.n{2c944210 VFE...C. .F...... 0,0-120,57 #7f0a0006 app:id/menu_title_home} [m
02-25 23:40:19.861 D/FrameworkPage( 2257): [0;32;31m[main][com.huawei.mh2.launcher.page.FrameworkPage][onFocusChange][-1]:launcher:v=com.huawei.mh2.launcher.a.n{2c944210 VFE...C. .F....ID 0,0-120,57 #7f0a0006 app:id/menu_title_home} [m
02-25 23:40:19.862 D/j       ( 2257): [0;32;31m[main][net.sunniwell.ui.d][a][-1]:launcher:setDefaultFocus com.huawei.mh2.launcher.a.n{2c944210 VFE...C. .F....ID 0,0-120,57 #7f0a0006 app:id/menu_title_home} [m
02-25 23:40:19.863 D/j       ( 2257): [0;32;31m[main][net.sunniwell.ui.g][b][-1]:launcher:anchorView=com.huawei.mh2.launcher.a.n{2c944210 VFE...C. .F....ID 0,0-120,57 #7f0a0006 app:id/menu_title_home} [m
02-25 23:40:19.864 D/MainActivity( 2257): [0;32;31m[main][com.huawei.mh2.launcher.MainActivity][dispatchKeyEvent][-1]:launcher:keycode=4 [m
02-25 23:40:19.866 D/u       ( 2257): [0;32;31m[main][com.huawei.mh2.launcher.p][getView][-1]:launcher:position=5 convertView=null [m
02-25 23:40:19.866 D/ImageLoader( 2257): PreProcess image before caching in memory [http://pic0.ptqy.gitv.tv/image/20150204/0f/2e/42/a_50150907_m_600_m5_354_490.jpg_255x354]
02-25 23:40:19.867 D/ImageLoader( 2257): Cache image in memory [http://pic0.ptqy.gitv.tv/image/20150204/0f/2e/42/a_50150907_m_600_m5_354_490.jpg_255x354]
02-25 23:40:19.886 D/j       ( 2257): [0;32;31m[main][net.sunniwell.ui.g][b][-1]:launcher:offsetWidth=-50 offsetHeight=0 resizeImmediate=true [m
02-25 23:40:19.887 D/j       ( 2257): [0;32;31m[main][net.sunniwell.ui.g][a][-1]:launcher:offsetLeft=-414 offsetTop=0 moveImmediate=true [m
02-25 23:40:19.888 D/j       ( 2257): [0;32;31m[main][net.sunniwell.ui.d][a][-1]:launcher:immediate=true isChanged=true [m
02-25 23:40:19.889 D/j       ( 2257): [0;32;31m[main][com.huawei.mh2.launcher.j][a][-1]:launcher:changed=true [m
02-25 23:40:19.890 D/FrameworkPage( 2257): [0;32;31m[main][com.huawei.mh2.launcher.page.FrameworkPage][b][-1]:launcher:currentIndex=3 nextIndex=0 [m
02-25 23:40:19.901 D/ImageLoader( 2257): Display image in ImageAware (loaded from DISC_CACHE) [http://pic0.ptqy.gitv.tv/image/20150204/0f/2e/42/a_50150907_m_600_m5_354_490.jpg_255x354]
02-25 23:40:19.903 I/MyGallery( 2257): setMode 3
02-25 23:40:19.904 I/MyGallery( 2257): setMode 3
02-25 23:40:19.904 D/j       ( 2257): [0;32;31m[main][net.sunniwell.ui.g][b][-1]:launcher:offsetWidth=0 offsetHeight=0 resizeImmediate=true [m
02-25 23:40:19.904 D/j       ( 2257): [0;32;31m[main][net.sunniwell.ui.g][a][-1]:launcher:offsetLeft=0 offsetTop=0 moveImmediate=true [m
02-25 23:40:19.905 D/j       ( 2257): [0;32;31m[main][net.sunniwell.ui.d][a][-1]:launcher:immediate=true isChanged=false [m
02-25 23:40:19.906 D/j       ( 2257): [0;32;31m[main][com.huawei.mh2.launcher.j][a][-1]:launcher:changed=false [m
02-25 23:40:19.957 I/MyGallery( 2257): setMode 4
02-25 23:40:19.958 D/FrameworkPage( 2257): [0;32;31m[main][com.huawei.mh2.launcher.page.FrameworkPage][a][-1]:launcher:currentIndex=3 nextIndex=0 [m
02-25 23:40:19.963 D/j       ( 2257): [0;32;31m[main][net.sunniwell.ui.g][a][-1]:launcher:anchorView=com.huawei.mh2.launcher.a.n{2c944210 VFE...C. .F...... 0,0-120,57 #7f0a0006 app:id/menu_title_home} [m
02-25 23:40:20.058 I/MyGallery( 2257): setMode 0
02-25 23:40:20.071 D/j       ( 2257): [0;32;31m[main][net.sunniwell.ui.g][b][-1]:launcher:offsetWidth=0 offsetHeight=0 resizeImmediate=false [m
02-25 23:40:20.072 D/j       ( 2257): [0;32;31m[main][net.sunniwell.ui.g][a][-1]:launcher:offsetLeft=0 offsetTop=0 moveImmediate=false [m
02-25 23:40:20.072 D/j       ( 2257): [0;32;31m[main][net.sunniwell.ui.d][a][-1]:launcher:immediate=false isChanged=false [m
02-25 23:40:20.073 D/j       ( 2257): [0;32;31m[main][com.huawei.mh2.launcher.j][a][-1]:launcher:changed=false [m
