02-25 23:48:42.446 D/Playlist( 2323): clear()
02-25 23:48:42.446 D/ProgressUpdater( 2323): release()
02-25 23:48:42.447 D/PlayerController[2ca9db70]( 2323): onActivityEvent(ACTIVITY_DESTROYED)
02-25 23:48:42.447 D/ProcessWatcher( 2323): getToken() 2257 return AccessToken@{count=2, time=1424936408284, duration=3600000, maxCount=3600000, interval=0)
02-25 23:48:42.447 D/PlayerOverlay( 2323): onActivityEvent: ACTIVITY_DESTROYED
02-25 23:48:42.447 D/AccessToken( 2323): increaseAccessCount() count=3
02-25 23:48:42.447 D/OpenApiBinder( 2323): invoke() end. bundle size=2
02-25 23:48:42.447 D/OpenApiBinder( 2323): invoke() end. key[com.qiyi.tv.sdk.extra.EXTRA_RESULT_CODE]=0
02-25 23:48:42.447 D/Player/PlayerView/FullScreenHint( 2323): clearBackgroundBitmap: content view={android.widget.ImageView{2cebba00 VFED..C. ......I. 0,0-0,0 #7f060351 app:id/fullscreen_hint_content}}
02-25 23:48:42.447 D/OpenApiBinder( 2323): invoke() end. key[com.qiyi.tv.sdk.extra.EXTRA_COMMAND_CONTINUE]=false
02-25 23:48:42.447 D/Player/Pingback/PingbackSender( 2323): >> onActivityEvent(event:ACTIVITY_DESTROYED): now=22932622
02-25 23:48:42.448 D/Utils   ( 2257): dumpBundle() parseResultCode(): bundle size=2
02-25 23:48:42.448 D/Utils   ( 2257): dumpBundle() parseResultCode(): key[com.qiyi.tv.sdk.extra.EXTRA_RESULT_CODE]=0
02-25 23:48:42.448 D/Utils   ( 2257): dumpBundle() parseResultCode(): key[com.qiyi.tv.sdk.extra.EXTRA_COMMAND_CONTINUE]=false
02-25 23:48:42.448 D/ParamsHelper( 2257): parseResultCode() return 0
02-25 23:48:42.448 W/CommandRunner( 2257): executeCommand() [0] break for code=0, serverContinue=false
02-25 23:48:42.448 D/Utils   ( 2257): dumpBundle() executeCommand(): bundle size=2
02-25 23:48:42.449 D/Utils   ( 2257): dumpBundle() executeCommand(): key[com.qiyi.tv.sdk.extra.EXTRA_RESULT_CODE]=0
02-25 23:48:42.449 D/Utils   ( 2257): dumpBundle() executeCommand(): key[com.qiyi.tv.sdk.extra.EXTRA_COMMAND_CONTINUE]=false
02-25 23:48:42.449 D/ParamsHelper( 2257): setResultCode(0)
02-25 23:48:42.449 D/Utils   ( 2257): dumpBundle() parseResultCode(): bundle size=2
02-25 23:48:42.449 D/Utils   ( 2257): dumpBundle() parseResultCode(): key[com.qiyi.tv.sdk.extra.EXTRA_RESULT_CODE]=0
02-25 23:48:42.449 D/Utils   ( 2257): dumpBundle() parseResultCode(): key[com.qiyi.tv.sdk.extra.EXTRA_COMMAND_CONTINUE]=false
02-25 23:48:42.449 D/ParamsHelper( 2257): parseResultCode() return 0
02-25 23:48:42.450 D/AndroidRuntime(14122): Shutting down VM
02-25 23:48:42.455 D/dalvikvm(14122): GC_CONCURRENT freed 98K, 16% free 566K/668K, paused 1ms+0ms, total 4ms
02-25 23:48:42.457 D/DispatcherCenter( 2323): unregisterPlayer(null) mPlayer=null
02-25 23:48:42.463 I/j       ( 2257): [0;32;31m[main][net.sunniwell.ui.d][c][-1]:launcher:pause [m
02-25 23:48:42.464 W/ContextImpl( 2257): Calling a method in the system process without a qualified user: android.app.ContextImpl.sendBroadcast:1168 android.content.ContextWrapper.sendBroadcast:365 android.app.ActivityThread.performPauseActivity:3061 android.app.ActivityThread.performPauseActivity:3023 android.app.ActivityThread.handlePauseActivity:3001 
02-25 23:48:42.469 I/QBaseActivity( 2323): onCreate mRefCount = 2
02-25 23:48:42.469 I/QBaseActivity( 2323): onCreate this = com.qiyi.video.player.PlayerActivity@2cd5eeb0
02-25 23:48:42.474 D/MovieVideoView( 2323): addCallback(com.qiyi.video.player.player.MovieVideoView$1@2c961868)
02-25 23:48:42.474 D/Player/Utils( 2323): assertTrue() pass! msg=should initliaze MovieManager first!!
02-25 23:48:42.474 D/MovieVideoView( 2323): init() format=0
02-25 23:48:42.481 D/BasePlayActivity( 2323): init: get bundle=Bundle[mParcelledData.dataSize=2148]
02-25 23:48:42.512 D/Player/Pingback/PingbackSender( 2323): initialize: s1=1, s2=out, seId=null, context=com.qiyi.video.player.PlayerActivity@2cd5eeb0
02-25 23:48:42.512 D/Player/Pingback/PingbackSender( 2323): getS2FromScreenMode(mode:com.qiyi.video.player.QiyiVideoPlayer$ScreenMode$1@2c9c0f00, s2:out)
02-25 23:48:42.512 D/Player/Pingback/PingbackSender( 2323): getS2FromScreenMode: result=out
02-25 23:48:42.512 D/Player/Pingback/MyPingback( 2323): >> initialize(s1:1, s2:out,seId:null)
02-25 23:48:42.513 D/PlayerController[2efb4890]( 2323): setupVideo(Bundle[{album_name=ä¸­å›½æ¢¦æƒ³ç§€ä¹‹æŠ˜çº¸ç‹‚äººç›¼åœ†å¦»å­ç¾Šé©¼ä¹‹æ¢¦, vrsVid=null, from=out, fromWhere=out, albumInfo=qpId=202509101 name=ä¸­å›½æ¢¦æƒ³ç§€ä¹‹æŠ˜çº¸ç‹‚äººç›¼åœ†å¦»å­ç¾Šé©¼ä¹‹æ¢¦ type=VIDEO focus= pic=http://pic8.ptqy.gitv.tv/image/20150225/54/4c/v_108966887_m_601_m1_354_490.jpg tvPic= score= pCount= desc= key= isSeries=true chnName= chnId=6 tag= exclusive=0 isDownload=false is3D=0 tvsets=0 order=1 time= tvCount=0 stream= isPurchase=0 tvQid=349989700 vid=null len= sourceCode=202509101 vType=0 playUrl=null, play_list_info=PlayParams@2efb1b00{sourceType=OUTSIDE, playindex=0, playlist id=null, playlist name=null, is recommend=false, channel id=null, channel name=null, is picture vertical=false, from=out, playlist=[EMPTY]}, vrsTvId=349989700, history=-1, videoType=2, vrsAlbumId=202509101}])
02-25 23:48:42.513 D/Player/Utils( 2323): isNetworkAvaliable() state=2, return true
02-25 23:48:42.514 D/VideoProvider( 2323): createSourceLoader(Bundle[{album_name=ä¸­å›½æ¢¦æƒ³ç§€ä¹‹æŠ˜çº¸ç‹‚äººç›¼åœ†å¦»å­ç¾Šé©¼ä¹‹æ¢¦, vrsVid=null, from=out, fromWhere=out, albumInfo=qpId=202509101 name=ä¸­å›½æ¢¦æƒ³ç§€ä¹‹æŠ˜çº¸ç‹‚äººç›¼åœ†å¦»å­ç¾Šé©¼ä¹‹æ¢¦ type=VIDEO focus= pic=http://pic8.ptqy.gitv.tv/image/20150225/54/4c/v_108966887_m_601_m1_354_490.jpg tvPic= score= pCount= desc= key= isSeries=true chnName= chnId=6 tag= exclusive=0 isDownload=false is3D=0 tvsets=0 order=1 time= tvCount=0 stream= isPurchase=0 tvQid=349989700 vid=null len= sourceCode=202509101 vType=0 playUrl=null, play_list_info=PlayParams@2efb1b00{sourceType=OUTSIDE, playindex=0, playlist id=null, playlist name=null, is recommend=false, channel id=null, channel name=null, is picture vertical=false, from=out, playlist=[EMPTY]}, vrsTvId=349989700, history=-1, videoType=2, vrsAlbumId=202509101}])
02-25 23:48:42.514 D/VideoProvider( 2323): createSourceLoader() sourceTypeObj=2
02-25 23:48:42.514 D/VideoProvider( 2323): createSourceLoader() playtype=OUTSIDE
02-25 23:48:42.514 D/VideoProvider( 2323): createSourceLoader() intent AlbumInfo=Album@2ef35f90{qpId=202509101, tvQid=349989700, vid=null, getType()=VIDEO, albumName=ä¸­å›½æ¢¦æƒ³ç§€ä¹‹æŠ˜çº¸ç‹‚äººç›¼åœ†å¦»å­ç¾Šé©¼ä¹‹æ¢¦, tvName=, sourceCode=202509101, isPurchase()=false, isExclusive()=false, isSeries()=true, playOrder=1, tvPic=, issueTime=, playCount=, playLength=, tvCount=0, tag=, cornerMark=CORNERMARK_NO, is3D()=false, definition list=, chnId=6, chnName=, startTime=0, endTime=0, playTime=-1, canDownload=false, bkt=, area=}
02-25 23:48:42.514 D/VideoProvider( 2323): createSourceLoader() params=PlayParams@2efb1b00{sourceType=OUTSIDE, playindex=0, playlist id=null, playlist name=null, is recommend=false, channel id=null, channel name=null, is picture vertical=false, from=out, playlist=[EMPTY]}
02-25 23:48:42.515 D/VideoItem@2eec4180( 2323): VideoItem(com.qiyi.video.player.data.provider.VideoProvider@2efb7670, Album@2ef35f90{qpId=202509101, tvQid=349989700, vid=null, getType()=VIDEO, albumName=ä¸­å›½æ¢¦æƒ³ç§€ä¹‹æŠ˜çº¸ç‹‚äººç›¼åœ†å¦»å­ç¾Šé©¼ä¹‹æ¢¦, tvName=, sourceCode=202509101, isPurchase()=false, isExclusive()=false, isSeries()=true, playOrder=1, tvPic=, issueTime=, playCount=, playLength=, tvCount=0, tag=, cornerMark=CORNERMARK_NO, is3D()=false, definition list=, chnId=6, chnName=, startTime=0, endTime=0, playTime=-1, canDownload=false, bkt=, area=})
02-25 23:48:42.515 D/VideoItem@2eec4180( 2323): isTvSeries(): isSeries=true, sourceCode()=202509101, return=false
02-25 23:48:42.515 D/VideoItem@2eec4180( 2323): updatePictureUrl: isVertical=false, mPictureUrl=http://pic8.ptqy.gitv.tv/image/20150225/54/4c/v_108966887_m_601_m1_354_490.jpg
02-25 23:48:42.515 D/VideoItem@2eec4180( 2323): updateDefinitions(Album@2ef35f90, stream=)
02-25 23:48:42.515 D/Player/Data/VideoDefinition( 2323): VideoDefinition.<init>: def list=VideoDefinition{Definition[value:2, null, weight:2], }
02-25 23:48:42.515 D/Player/Data/VideoDefinition( 2323): setAutoDefinition(true)
02-25 23:48:42.516 D/Player/Data/Definition( 2323): get(4)
02-25 23:48:42.516 D/Player/Data/Definition( 2323): isDefinitionSupported(4) return true
02-25 23:48:42.516 D/Player/Data/VideoDefinition( 2323): >> getMostSuitableDefinition: all=VideoDefinition{Definition[value:2, null, weight:2], }, setting=3
02-25 23:48:42.517 D/Player/Data/VideoDefinition( 2323): closestNormal = Definition[value:2, null, weight:2],closestDolby=null,closestH265=null,setting=Definition[value:4, null, weight:3],ret=Definition[value:2, null, weight:2]
02-25 23:48:42.517 D/Player/Data/VideoDefinition( 2323): << getMostSuitableDefinition: mostSuitable=Definition[value:2, null, weight:2]
02-25 23:48:42.517 D/VideoItem@2eec4180( 2323): setCurDefinition(Definition[value:2, null, weight:2]) mVrsVidMap=null, vrsVid=null
02-25 23:48:42.517 D/VideoItem@2eec4180( 2323): setCurDefinition() mIsDolby=false, vrsVid=null, getVrsVid()=null, device support dolby=true
02-25 23:48:42.517 W/Bundle  ( 2323): Key history expected String but value was a java.lang.Integer.  The default value <null> was returned.
02-25 23:48:42.520 W/Bundle  ( 2323): Attempt to cast generated internal exception:
02-25 23:48:42.520 W/Bundle  ( 2323): java.lang.ClassCastException: java.lang.Integer cannot be cast to java.lang.String
02-25 23:48:42.520 W/Bundle  ( 2323): 	at android.os.Bundle.getString(Bundle.java:1121)
02-25 23:48:42.520 W/Bundle  ( 2323): 	at com.qiyi.video.player.data.provider.VideoProvider.fillOutInfo(VideoProvider.java:578)
02-25 23:48:42.520 W/Bundle  ( 2323): 	at com.qiyi.video.player.data.provider.VideoProvider.createSourceLoader(VideoProvider.java:510)
02-25 23:48:42.520 W/Bundle  ( 2323): 	at com.qiyi.video.player.data.provider.VideoProvider.<init>(VideoProvider.java:69)
02-25 23:48:42.520 W/Bundle  ( 2323): 	at com.qiyi.video.player.app.PlayerController.setupVideo(PlayerController.java:158)
02-25 23:48:42.520 W/Bundle  ( 2323): 	at com.qiyi.video.player.app.PlayerController.<init>(PlayerController.java:140)
02-25 23:48:42.520 W/Bundle  ( 2323): 	at com.qiyi.video.player.QiyiVideoPlayer.<init>(QiyiVideoPlayer.java:85)
02-25 23:48:42.520 W/Bundle  ( 2323): 	at com.qiyi.video.player.QiyiVideoPlayer.createVideoPlayer(QiyiVideoPlayer.java:435)
02-25 23:48:42.520 W/Bundle  ( 2323): 	at com.qiyi.video.player.BasePlayActivity.init(BasePlayActivity.java:114)
02-25 23:48:42.520 W/Bundle  ( 2323): 	at com.qiyi.video.player.BasePlayActivity.onCreate(BasePlayActivity.java:59)
02-25 23:48:42.520 W/Bundle  ( 2323): 	at android.app.Activity.performCreate(Activity.java:5231)
02-25 23:48:42.520 W/Bundle  ( 2323): 	at android.app.Instrumentation.callActivityOnCreate(Instrumentation.java:1087)
02-25 23:48:42.520 W/Bundle  ( 2323): 	at android.app.ActivityThread.performLaunchActivity(ActivityThread.java:2159)
02-25 23:48:42.520 W/Bundle  ( 2323): 	at android.app.ActivityThread.handleLaunchActivity(ActivityThread.java:2245)
02-25 23:48:42.520 W/Bundle  ( 2323): 	at android.app.ActivityThread.access$800(ActivityThread.java:135)
02-25 23:48:42.520 W/Bundle  ( 2323): 	at android.app.ActivityThread$H.handleMessage(ActivityThread.java:1196)
02-25 23:48:42.520 W/Bundle  ( 2323): 	at android.os.Handler.dispatchMessage(Handler.java:102)
02-25 23:48:42.520 W/Bundle  ( 2323): 	at android.os.Looper.loop(Looper.java:136)
02-25 23:48:42.520 W/Bundle  ( 2323): 	at android.app.ActivityThread.main(ActivityThread.java:5030)
02-25 23:48:42.520 W/Bundle  ( 2323): 	at java.lang.reflect.Method.invokeNative(Native Method)
02-25 23:48:42.520 W/Bundle  ( 2323): 	at java.lang.reflect.Method.invoke(Method.java:515)
02-25 23:48:42.520 W/Bundle  ( 2323): 	at com.android.internal.os.ZygoteInit$MethodAndArgsCaller.run(ZygoteInit.java:785)
02-25 23:48:42.520 W/Bundle  ( 2323): 	at com.android.internal.os.ZygoteInit.main(ZygoteInit.java:601)
02-25 23:48:42.520 W/Bundle  ( 2323): 	at dalvik.system.NativeStart.main(Native Method)
02-25 23:48:42.520 W/Player/Utils( 2323): parse(null) error!
02-25 23:48:42.520 D/VideoItem@2eec4180( 2323): setVideoPlayTime(-1)
02-25 23:48:42.520 D/VideoProvider( 2323): fillOutInfo() vrsAlbumId=202509101, vrsTvId=349989700, videoProgress=null, vrsVid=null, albumName=ä¸­å›½æ¢¦æƒ³ç§€ä¹‹æŠ˜çº¸ç‹‚äººç›¼åœ†å¦»å­ç¾Šé©¼ä¹‹æ¢¦
02-25 23:48:42.521 D/VideoProvider( 2323): createSourceLoader() return com.qiyi.video.player.data.loader.OutsideLoader@2f157908, video=VideoItem@2eec4180{qpId=202509101, tvQid=349989700, vid=null, getType()=VIDEO, albumName=ä¸­å›½æ¢¦æƒ³ç§€ä¹‹æŠ˜çº¸ç‹‚äººç›¼åœ†å¦»å­ç¾Šé©¼ä¹‹æ¢¦, tvName=, isSeries()=true, sourceCode=202509101, playOrder=1, getAlbumSubName()=ä¸­å›½æ¢¦æƒ³ç§€ä¹‹æŠ˜çº¸ç‹‚äººç›¼åœ†å¦»å­ç¾Šé©¼ä¹‹æ¢¦, mIsVipAlbum=false, isPurchase()=false, isPreview=false, isExclusive()=false, isVertical=false, canDownload()=false, isDownload=0, tvPic=, issueTime=, playCount=, playLength=, tag=, cornerMark=CORNERMARK_NO, definition list=, default definition=null, channelId=6, channelName=, mIChannelId=null, startTime=0, endTime=0, headerTime=0, tailTime=0, tvCount=0, tvSets=0, playTime=-1, episodes=0, url=, m3u8Url = null, mRecommendationsFilled=false, mEndRecommendationsFilled=false, mVarietyName=null}
02-25 23:48:42.521 D/Playlist( 2323): Position(-1, -1)
02-25 23:48:42.521 D/Playlist( 2323): Position(-1, -1)
02-25 23:48:42.521 D/Player/Utils( 2323): assertTrue() pass! msg=should keep mCurrent is not NULL!
02-25 23:48:42.521 D/VideoProvider( 2323): addListener(com.qiyi.video.player.app.PlayerController$1@2ca29868)
02-25 23:48:42.521 D/Observable<T>( 2323): addListener(com.qiyi.video.player.app.PlayerController$1@2ca29868) return true
02-25 23:48:42.521 D/PlayerOverlay( 2323):  PlayerOverlay.<init>: mSourceType=OUTSIDE, initByWindowMode=false
02-25 23:48:42.522 D/MediaControllerContainer( 2323): setWindowMode(true)
02-25 23:48:42.522 D/MediaControllerContainer( 2323): setOnUserPlayPauseListener(com.qiyi.video.player.ui.layout.PlayerOverlay$8@2c9c9120) size=0
02-25 23:48:42.522 D/MediaControllerContainer( 2323): setOnUserSeekListener(com.qiyi.video.player.ui.layout.PlayerOverlay$5@2c9caf00) size=0
02-25 23:48:42.522 D/MediaControllerContainer( 2323): updateView(false, OUTSIDE) 1, config show 3d = true
02-25 23:48:42.522 D/MediaControllerContainer( 2323): clear()
02-25 23:48:42.536 I/HaloSeekBar( 2323): mThumb padding = Rect(2, 5 - 2, 6)
02-25 23:48:42.554 D/VolumeView( 2323): showVolume() mCurVolume=0, mMaxVolume=0
02-25 23:48:42.554 E/VPP_DLNA_LOG( 2814): [VPPDLNA]:SSDP recvd bad msg code = 1
02-25 23:48:42.555 E/VPP_DLNA_LOG( 2814): [VPPDLNA]:SSDP recvd bad msg code = 1
02-25 23:48:42.557 E/VPP_DLNA_LOG( 2814): [VPPDLNA]:SSDP recvd bad msg code = 1
02-25 23:48:42.569 I/HaloSeekBar( 2323): mThumb padding = Rect(2, 5 - 2, 6)
02-25 23:48:42.585 D/VolumeView( 2323): showVolume() mCurVolume=0, mMaxVolume=0
02-25 23:48:42.589 D/AbsMediaController( 2323): setOnUserPlayPauseListener(com.qiyi.video.player.ui.layout.MediaControllerContainer$1@2c95a5f0)
02-25 23:48:42.589 D/AbsMediaController( 2323): setOnUserSeekListener(com.qiyi.video.player.ui.layout.MediaControllerContainer$2@2c959940)
02-25 23:48:42.589 D/MediaControllerOverlay( 2323): setThreeDimensional(false)
02-25 23:48:42.589 D/EnhancedTextView( 2323): setThreeDimensional(false)
02-25 23:48:42.589 D/EnhancedTextView( 2323): setThreeDimensional(false)
02-25 23:48:42.589 D/EnhancedTextView( 2323): setThreeDimensional(false)
02-25 23:48:42.589 D/EnhancedTextView( 2323): setThreeDimensional(false)
02-25 23:48:42.589 D/EnhancedImageView( 2323): setThreeDimensional(false)
02-25 23:48:42.590 D/EnhancedImageView( 2323): setThreeDimensional mWidth = 203
02-25 23:48:42.590 D/EnhancedImageView( 2323): setThreeDimensional lp.width = 203
02-25 23:48:42.590 D/EnhancedImageView( 2323): setThreeDimensional(false)
02-25 23:48:42.590 D/EnhancedImageView( 2323): setThreeDimensional mWidth = 195
02-25 23:48:42.590 D/EnhancedImageView( 2323): setThreeDimensional lp.width = 195
02-25 23:48:42.590 D/EnhancedImageView( 2323): setThreeDimensional(false)
02-25 23:48:42.590 D/EnhancedImageView( 2323): setThreeDimensional mWidth = 56
02-25 23:48:42.590 D/EnhancedImageView( 2323): setThreeDimensional lp.width = 56
02-25 23:48:42.590 D/MediaControllerOverlay( 2323): setMaxVolume(0)
02-25 23:48:42.590 D/VolumeView( 2323): setMaxVolume(0)
02-25 23:48:42.590 D/MediaControllerOverlay( 2323): setVideoInfo(null, 0, 0)
02-25 23:48:42.591 I/AbsMenuPanel( 2323): hide
02-25 23:48:42.591 D/AbsMenuPanel( 2323): notifyVisibilityChange(false)
02-25 23:48:42.591 D/AbsPlayerOverlay( 2323): notifyMenuPanelVisibilityChange(false)
02-25 23:48:42.591 D/MediaControllerContainer( 2323): hideHeader()
02-25 23:48:42.591 D/MediaControllerOverlay( 2323): hideHeader() mShowHeader=false
02-25 23:48:42.591 D/MediaControllerOverlay( 2323): doHide() com.qiyi.video.project.configs.huawei.layout.HuaweiMediaControllerOverlay{2f07b1f0 G.E..... ......I. 0,0-0,0}[mState=0, mShowHeader=false, mBuffering=false, mTipShown=false, mSeeking=false, mIsFullScreen=true]
02-25 23:48:42.591 D/MediaControllerOverlay( 2323): clearHideViewMessageQueue()
02-25 23:48:42.591 D/TimedSeekBar( 2323): stopTipMode() mIsTipMode=false
02-25 23:48:42.591 D/TimedSeekBar( 2323): hide()
02-25 23:48:42.591 D/MediaControllerOverlay( 2323): hideView() Views[Adtime,VideoName,Systime,Pause,Seekbar,]
02-25 23:48:42.591 D/MediaControllerOverlay( 2323): tip view id:2131100038
02-25 23:48:42.591 D/CountDownView( 2323): hide()
02-25 23:48:42.592 D/AbsPlayerOverlay( 2323): setOnUserDefinitionChangeListener(com.qiyi.video.player.app.PlayerController$7@2ca04a78)
02-25 23:48:42.592 D/AbsPlayerOverlay( 2323): setOnUserPlayPauseListener(com.qiyi.video.player.app.PlayerController$3@2ca18808)
02-25 23:48:42.592 D/DownloadViewManager( 2323): >> setDownloadView: old={null}, new={null}
02-25 23:48:42.592 D/BufferUpdater( 2323): addListener(com.qiyi.video.player.app.PlayerController$9@2c9f8e70)
02-25 23:48:42.592 D/BufferUpdater( 2323): startAutomatically() mPlayer=null, mListener=[com.qiyi.video.player.app.PlayerController$9@2c9f8e70]
02-25 23:48:42.593 D/MediaControllerContainer( 2323): setMaxVolume(15)
02-25 23:48:42.593 D/MediaControllerOverlay( 2323): setMaxVolume(15)
02-25 23:48:42.593 D/VolumeView( 2323): setMaxVolume(15)
02-25 23:48:42.593 D/ProgressUpdater( 2323): addOverlay(com.qiyi.video.player.ui.layout.PlayerOverlay@2f15bcd8)
02-25 23:48:42.593 D/ProgressUpdater( 2323): addOverlay(com.qiyi.video.player.app.EventInput@2f000b48)
02-25 23:48:42.593 D/Observable<T>( 2323): addListener(com.qiyi.video.player.app.PlayerController$15@2c9defa8) return true
02-25 23:48:42.593 D/Observable<T>( 2323): addListener(com.qiyi.video.player.app.PlayerController$16@2efb4bc0) return true
02-25 23:48:42.593 D/Observable<T>( 2323): addListener(com.qiyi.video.player.app.HistoryRecorder@2f0009a0) return true
02-25 23:48:42.593 D/Observable<T>( 2323): addListener(com.qiyi.video.player.app.ProjectEventReporter@2f000950) return true
02-25 23:48:42.593 D/Observable<T>( 2323): addListener(com.qiyi.video.player.app.ScreenSaverStarter@2f000b30) return true
02-25 23:48:42.594 D/Observable<T>( 2323): addListener(com.qiyi.video.player.app.ErrorHelper@2f000968) return true
02-25 23:48:42.594 D/Observable<T>( 2323): addListener(com.qiyi.video.player.app.ProgressUpdater@2f000f28) return true
02-25 23:48:42.594 D/Observable<T>( 2323): addListener(com.qiyi.video.player.app.PingbackSender@2cb25750) return true
02-25 23:48:42.594 D/Observable<T>( 2323): addListener(com.qiyi.video.player.app.MessageReminder@2f000ec8) return true
02-25 23:48:42.594 D/Observable<T>( 2323): addListener(com.qiyi.video.player.app.BufferUpdater@2effff08) return true
02-25 23:48:42.594 D/Observable<T>( 2323): addListener(com.qiyi.video.player.app.PlayerStatusRecorder@2dc084f0) return true
02-25 23:48:42.594 D/Observable<T>( 2323): addListener(com.qiyi.video.player.app.BufferUpdater@2effff08) return true
02-25 23:48:42.594 D/Observable<T>( 2323): addListener(com.qiyi.video.player.app.ProjectEventReporter@2f000950) return true
02-25 23:48:42.594 D/Observable<T>( 2323): addListener(com.qiyi.video.player.app.MessageReminder@2f000ec8) return true
02-25 23:48:42.594 D/Observable<T>( 2323): addListener(com.qiyi.video.player.app.PingbackSender@2cb25750) return true
02-25 23:48:42.594 D/Observable<T>( 2323): addListener(com.qiyi.video.player.app.PlayerController$20@2c9de0a8) return true
02-25 23:48:42.594 D/Observable<T>( 2323): addListener(com.qiyi.video.player.app.PlayerStatusRecorder@2dc084f0) return true
02-25 23:48:42.594 D/Observable<T>( 2323): addListener(com.qiyi.video.player.app.HistoryRecorder@2f0009a0) return true
02-25 23:48:42.595 D/Observable<T>( 2323): addListener(com.qiyi.video.player.app.ProjectEventReporter@2f000950) return true
02-25 23:48:42.595 D/Observable<T>( 2323): addListener(com.qiyi.video.player.app.PingbackSender@2cb25750) return true
02-25 23:48:42.595 D/Observable<T>( 2323): addListener(com.qiyi.video.player.app.MessageReminder@2f000ec8) return true
02-25 23:48:42.595 D/Observable<T>( 2323): addListener(com.qiyi.video.player.app.PlayerStatusRecorder@2dc084f0) return true
02-25 23:48:42.595 D/Observable<T>( 2323): addListener(com.qiyi.video.player.app.PlayerController$17@2c9ded28) return true
02-25 23:48:42.595 D/Observable<T>( 2323): addListener(com.qiyi.video.player.app.MessageReminder@2f000ec8) return true
02-25 23:48:42.595 D/Observable<T>( 2323): addListener(com.qiyi.video.player.app.PingbackSender@2cb25750) return true
02-25 23:48:42.595 D/Observable<T>( 2323): addListener(com.qiyi.video.player.app.PlayerStatusRecorder@2dc084f0) return true
02-25 23:48:42.595 D/Observable<T>( 2323): addListener(com.qiyi.video.player.app.PlayerController$19@2c9de328) return true
02-25 23:48:42.595 D/Observable<T>( 2323): addListener(com.qiyi.video.player.app.PingbackSender@2cb25750) return true
02-25 23:48:42.595 D/Observable<T>( 2323): addListener(com.qiyi.video.player.app.PlayerStatusRecorder@2dc084f0) return true
02-25 23:48:42.595 D/Observable<T>( 2323): addListener(com.qiyi.video.player.app.PlayerController$18@2c9deaa8) return true
02-25 23:48:42.595 D/Observable<T>( 2323): addListener(com.qiyi.video.player.app.PlayerController$2@2ca26a58) return true
02-25 23:48:42.595 D/Observable<T>( 2323): addListener(com.qiyi.video.player.app.ProgressUpdater@2f000f28) return true
02-25 23:48:42.595 D/Observable<T>( 2323): addListener(com.qiyi.video.player.app.PingbackSender@2cb25750) return true
02-25 23:48:42.596 D/Observable<T>( 2323): addListener(com.qiyi.video.player.app.PlayerStatusRecorder@2dc084f0) return true
02-25 23:48:42.596 D/Observable<T>( 2323): addListener(com.qiyi.video.player.app.PlayerController$6@2ca086a0) return true
02-25 23:48:42.596 D/Observable<T>( 2323): addListener(com.qiyi.video.player.app.PingbackSender@2cb25750) return true
02-25 23:48:42.596 D/Observable<T>( 2323): addListener(com.qiyi.video.player.app.PlayerStatusRecorder@2dc084f0) return true
02-25 23:48:42.596 D/Observable<T>( 2323): addListener(com.qiyi.video.player.app.PlayerController$5@2ca0ea10) return true
02-25 23:48:42.596 D/Observable<T>( 2323): addListener(com.qiyi.video.player.app.PingbackSender@2cb25750) return true
02-25 23:48:42.596 D/Observable<T>( 2323): addListener(com.qiyi.video.player.app.PlayerStatusRecorder@2dc084f0) return true
02-25 23:48:42.596 D/Observable<T>( 2323): addListener(com.qiyi.video.player.app.PlayerController$4@2ca17ce0) return true
02-25 23:48:42.596 D/Observable<T>( 2323): addListener(com.qiyi.video.player.app.PingbackSender@2cb25750) return true
02-25 23:48:42.596 D/Observable<T>( 2323): addListener(com.qiyi.video.player.app.ProgressUpdater@2f000f28) return true
02-25 23:48:42.596 D/Observable<T>( 2323): addListener(com.qiyi.video.player.app.MessageReminder@2f000ec8) return true
02-25 23:48:42.596 D/Observable<T>( 2323): addListener(com.qiyi.video.player.app.ProgressUpdater@2f000f28) return true
02-25 23:48:42.596 D/Observable<T>( 2323): addListener(com.qiyi.video.player.app.PingbackSender@2cb25750) return true
02-25 23:48:42.596 D/Observable<T>( 2323): addListener(com.qiyi.video.player.app.PlayerStatusRecorder@2dc084f0) return true
02-25 23:48:42.597 D/Observable<T>( 2323): addListener(com.qiyi.video.player.app.MessageReminder@2f000ec8) return true
02-25 23:48:42.597 D/Observable<T>( 2323): addListener(com.qiyi.video.player.app.PingbackSender@2cb25750) return true
02-25 23:48:42.597 D/Observable<T>( 2323): addListener(com.qiyi.video.player.app.PlayerStatusRecorder@2dc084f0) return true
02-25 23:48:42.597 D/Observable<T>( 2323): addListener(com.qiyi.video.player.app.PingbackSender@2cb25750) return true
02-25 23:48:42.597 D/Observable<T>( 2323): addListener(com.qiyi.video.player.app.PlayerStatusRecorder@2dc084f0) return true
02-25 23:48:42.597 D/Observable<T>( 2323): addListener(com.qiyi.video.player.app.PingbackSender@2cb25750) return true
02-25 23:48:42.597 D/Observable<T>( 2323): addListener(com.qiyi.video.player.app.PlayerStatusRecorder@2dc084f0) return true
02-25 23:48:42.597 D/Observable<T>( 2323): addListener(com.qiyi.video.player.app.PlayerController$12@2c9f03b0) return true
02-25 23:48:42.597 D/Observable<T>( 2323): addListener(com.qiyi.video.player.app.PingbackSender@2cb25750) return true
02-25 23:48:42.597 D/Observable<T>( 2323): addListener(com.qiyi.video.player.app.BufferUpdater@2effff08) return true
02-25 23:48:42.597 D/AbsHybridPlayer[2dac9948]( 2323): AbsHybridPlayer(true) mMainHandler=Handler (android.os.Handler) {2dac9b70}
02-25 23:48:42.597 D/MovieVideoView( 2323): addCallback(com.qiyi.video.player.player.MoviePlayer$1@2c99c870)
02-25 23:48:42.597 D/DispatcherCenter( 2323): registerPlayer(MoviePlayer@2dac9948, player type=-1) mPlayer=null
02-25 23:48:42.597 D/DispatcherCenter( 2323): unregisterPlayer(MoviePlayer@2dac9948, player type=-1) mPlayer=null
02-25 23:48:42.597 D/DispatcherCenter( 2323): registerPlayer() new player=MoviePlayer@2dac9948, player type=-1
02-25 23:48:42.597 D/AbsHybridPlayer[2dac9948]( 2323): setOnBitStreamChangedListener(com.qiyi.video.player.app.DispatcherCenter$OnBitStreamChangedDispatcher@2efb49f0)
02-25 23:48:42.597 D/AbsHybridPlayer[2dac9948]( 2323): setOnBufferChangedListener(com.qiyi.video.player.app.DispatcherCenter$OnBufferChangedDispatcher@2efb4a08)
02-25 23:48:42.598 D/AbsHybridPlayer[2dac9948]( 2323): setOnInfoListener(com.qiyi.video.player.app.DispatcherCenter$OnInfoDispatcher@2efb4a38)
02-25 23:48:42.598 D/AbsHybridPlayer[2dac9948]( 2323): setOnPlayNextListener(com.qiyi.video.player.app.DispatcherCenter$OnPlayNextDispatcher@2efb4a98)
02-25 23:48:42.598 D/AbsHybridPlayer[2dac9948]( 2323): setOnSeekChangedListener(com.qiyi.video.player.app.DispatcherCenter$OnSeekChangedDispatcher@2efb4a50)
02-25 23:48:42.598 D/AbsHybridPlayer[2dac9948]( 2323): setOnStateChangedListener(com.qiyi.video.player.app.DispatcherCenter$OnStateChangedDispatcher@2efb49d8)
02-25 23:48:42.598 D/AbsHybridPlayer[2dac9948]( 2323): setOnSubtitleUpdateListener(com.qiyi.video.player.app.DispatcherCenter$OnSubtitleUpdateDispatcher@2efb4a80)
02-25 23:48:42.598 D/AbsHybridPlayer[2dac9948]( 2323): setOnVideoSizeChangedListener(com.qiyi.video.player.app.DispatcherCenter$OnVideoSizeChangedDispatcher@2efb4a68)
02-25 23:48:42.598 D/AbsHybridPlayer[2dac9948]( 2323): setOnCacheUpdateListener(com.qiyi.video.player.app.DispatcherCenter$OnCacheUpdateDispatcher@2efb4a20)
02-25 23:48:42.598 D/AbsHybridPlayer[2dac9948]( 2323): setOnPreprocessListener(com.qiyi.video.player.app.DispatcherCenter$OnPreprocessDispatcher@2efb4af8)
02-25 23:48:42.598 D/AbsPlayerOverlay( 2323): setOnUserSeekListener(com.qiyi.video.player.app.DispatcherCenter$OnUserSeekDispatcher@2efb4ab0)
02-25 23:48:42.598 D/AbsPlayerOverlay( 2323): setOnUserVideoChangeListener(com.qiyi.video.player.app.DispatcherCenter$OnUserVideoChangeDispatcher@2efb4ac8)
02-25 23:48:42.598 D/com.qiyi.video.player.QiyiVideoPlayer@2efb46b0( 2323): setOnUserVideoChangeListener:com.qiyi.video.player.app.DispatcherCenter$OnUserVideoChangeDispatcher@2efb4ac8
02-25 23:48:42.598 D/AbsPlayerOverlay( 2323): setOnUserReplayListener(com.qiyi.video.player.app.DispatcherCenter$OnUserReplayDispatcher@2efb4ae0)
02-25 23:48:42.598 D/AbsPlayerOverlay( 2323): setOnUserSkipHeadTailChangeListener(com.qiyi.video.player.app.DispatcherCenter$OnUserSkipHeadTailChangeDispatcher@2efb4b58)
02-25 23:48:42.598 D/AbsPlayerOverlay( 2323): setBottomPanelListener(com.qiyi.video.player.app.DispatcherCenter$OnBottomPanelEventDispatcher@2efb4b10)
02-25 23:48:42.598 D/AbsPlayerOverlay( 2323): setOnUserDefinitionChangeListener(com.qiyi.video.player.app.DispatcherCenter$OnMenuPanelVisibilityChangeDispatcher@2efb4b70)
02-25 23:48:42.598 D/VideoProvider( 2323): startLoad() mCurrentLoader=com.qiyi.video.player.data.loader.OutsideLoader@2f157908
02-25 23:48:42.598 D/VideoLoader( 2323): fullLoad() mFullLoading=false, mPreLoading=false
02-25 23:48:42.598 D/VideoLoader( 2323): preLoad() mFullLoading=false, mPreLoading=false
02-25 23:48:42.607 D/FetchVrsDefinitionHeadTailJob( 2323): <init>(VideoItem@2eec4180{qpId=202509101, tvQid=349989700, vid=null, getType()=VIDEO, albumName=ä¸­å›½æ¢¦æƒ³ç§€ä¹‹æŠ˜çº¸ç‹‚äººç›¼åœ†å¦»å­ç¾Šé©¼ä¹‹æ¢¦, tvName=, isSeries()=true, sourceCode=202509101, playOrder=1, getAlbumSubName()=ä¸­å›½æ¢¦æƒ³ç§€ä¹‹æŠ˜çº¸ç‹‚äººç›¼åœ†å¦»å­ç¾Šé©¼ä¹‹æ¢¦, mIsVipAlbum=false, isPurchase()=false, isPreview=false, isExclusive()=false, isVertical=false, canDownload()=false, isDownload=0, tvPic=, issueTime=, playCount=, playLength=, tag=, cornerMark=CORNERMARK_NO, definition list=, default definition=null, channelId=6, channelName=, mIChannelId=null, startTime=0, endTime=0, headerTime=0, tailTime=0, tvCount=0, tvSets=0, playTime=-1, episodes=0, url=, m3u8Url = null, mRecommendationsFilled=false, mEndRecommendationsFilled=false, mVarietyName=null}, , )
02-25 23:48:42.608 D/VideoJobSwitcher( 2323): link(com.qiyi.video.player.data.loader.OutsideLoader$2@2c9cf678, Job(mState=0, mData=VideoItem@2eec4180{qpId=202509101, tvQid=349989700, vid=null, getType()=VIDEO, albumName=ä¸­å›½æ¢¦æƒ³ç§€ä¹‹æŠ˜çº¸ç‹‚äººç›¼åœ†å¦»å­ç¾Šé©¼ä¹‹æ¢¦, tvName=, isSeries()=true, sourceCode=202509101, playOrder=1, getAlbumSubName()=ä¸­å›½æ¢¦æƒ³ç§€ä¹‹æŠ˜çº¸ç‹‚äººç›¼åœ†å¦»å­ç¾Šé©¼ä¹‹æ¢¦, mIsVipAlbum=false, isPurchase()=false, isPreview=false, isExclusive()=false, isVertical=false, canDownload()=false, isDownload=0, tvPic=, issueTime=, playCount=, playLength=, tag=, cornerMark=CORNERMARK_NO, definition list=, default definition=null, channelId=6, channelName=, mIChannelId=null, startTime=0, endTime=0, headerTime=0, tailTime=0, tvCount=0, tvSets=0, playTime=-1, episodes=0, url=, m3u8Url = null, mRecommendationsFilled=false, mEndRecommendationsFilled=false, mVarietyName=null}, mError=null)[com.qiyi.video.player.data.job.FetchHistoryOfAlbumJob@2cd1b918])
02-25 23:48:42.609 D/VideoJobSwitcher( 2323): link(com.qiyi.video.player.data.loader.OutsideLoader$1@2c9cfeb0, Job(mState=0, mData=VideoItem@2eec4180{qpId=202509101, tvQid=349989700, vid=null, getType()=VIDEO, albumName=ä¸­å›½æ¢¦æƒ³ç§€ä¹‹æŠ˜çº¸ç‹‚äººç›¼åœ†å¦»å­ç¾Šé©¼ä¹‹æ¢¦, tvName=, isSeries()=true, sourceCode=202509101, playOrder=1, getAlbumSubName()=ä¸­å›½æ¢¦æƒ³ç§€ä¹‹æŠ˜çº¸ç‹‚äººç›¼åœ†å¦»å­ç¾Šé©¼ä¹‹æ¢¦, mIsVipAlbum=false, isPurchase()=false, isPreview=false, isExclusive()=false, isVertical=false, canDownload()=false, isDownload=0, tvPic=, issueTime=, playCount=, playLength=, tag=, cornerMark=CORNERMARK_NO, definition list=, default definition=null, channelId=6, channelName=, mIChannelId=null, startTime=0, endTime=0, headerTime=0, tailTime=0, tvCount=0, tvSets=0, playTime=-1, episodes=0, url=, m3u8Url = null, mRecommendationsFilled=false, mEndRecommendationsFilled=false, mVarietyName=null}, mError=null)[com.qiyi.video.player.data.job.FetchHistoryJob@2cd1cc18])
02-25 23:48:42.610 D/VideoJobSwitcher( 2323): link(null, Job(mState=0, mData=VideoItem@2eec4180{qpId=202509101, tvQid=349989700, vid=null, getType()=VIDEO, albumName=ä¸­å›½æ¢¦æƒ³ç§€ä¹‹æŠ˜çº¸ç‹‚äººç›¼åœ†å¦»å­ç¾Šé©¼ä¹‹æ¢¦, tvName=, isSeries()=true, sourceCode=202509101, playOrder=1, getAlbumSubName()=ä¸­å›½æ¢¦æƒ³ç§€ä¹‹æŠ˜çº¸ç‹‚äººç›¼åœ†å¦»å­ç¾Šé©¼ä¹‹æ¢¦, mIsVipAlbum=false, isPurchase()=false, isPreview=false, isExclusive()=false, isVertical=false, canDownload()=false, isDownload=0, tvPic=, issueTime=, playCount=, playLength=, tag=, cornerMark=CORNERMARK_NO, definition list=, default definition=null, channelId=6, channelName=, mIChannelId=null, startTime=0, endTime=0, headerTime=0, tailTime=0, tvCount=0, tvSets=0, playTime=-1, episodes=0, url=, m3u8Url = null, mRecommendationsFilled=false, mEndRecommendationsFilled=false, mVarietyName=null}, mError=null)[com.qiyi.video.player.data.job.FetchAlbumInfoJob@2cd1df18])
02-25 23:48:42.611 D/VideoJobSwitcher( 2323): link(com.qiyi.video.player.data.loader.OutsideLoader$3@2c9ccc18, Job(mState=0, mData=VideoItem@2eec4180{qpId=202509101, tvQid=349989700, vid=null, getType()=VIDEO, albumName=ä¸­å›½æ¢¦æƒ³ç§€ä¹‹æŠ˜çº¸ç‹‚äººç›¼åœ†å¦»å­ç¾Šé©¼ä¹‹æ¢¦, tvName=, isSeries()=true, sourceCode=202509101, playOrder=1, getAlbumSubName()=ä¸­å›½æ¢¦æƒ³ç§€ä¹‹æŠ˜çº¸ç‹‚äººç›¼åœ†å¦»å­ç¾Šé©¼ä¹‹æ¢¦, mIsVipAlbum=false, isPurchase()=false, isPreview=false, isExclusive()=false, isVertical=false, canDownload()=false, isDownload=0, tvPic=, issueTime=, playCount=, playLength=, tag=, cornerMark=CORNERMARK_NO, definition list=, default definition=null, channelId=6, channelName=, mIChannelId=null, startTime=0, endTime=0, headerTime=0, tailTime=0, tvCount=0, tvSets=0, playTime=-1, episodes=0, url=, m3u8Url = null, mRecommendationsFilled=false, mEndRecommendationsFilled=false, mVarietyName=null}, mError=null)[com.qiyi.video.player.data.job.FetchEpisodeJob@2cd1df88])
02-25 23:48:42.612 D/VideoJobSwitcher( 2323): link(null, Job(mState=0, mData=VideoItem@2eec4180{qpId=202509101, tvQid=349989700, vid=null, getType()=VIDEO, albumName=ä¸­å›½æ¢¦æƒ³ç§€ä¹‹æŠ˜çº¸ç‹‚äººç›¼åœ†å¦»å­ç¾Šé©¼ä¹‹æ¢¦, tvName=, isSeries()=true, sourceCode=202509101, playOrder=1, getAlbumSubName()=ä¸­å›½æ¢¦æƒ³ç§€ä¹‹æŠ˜çº¸ç‹‚äººç›¼åœ†å¦»å­ç¾Šé©¼ä¹‹æ¢¦, mIsVipAlbum=false, isPurchase()=false, isPreview=false, isExclusive()=false, isVertical=false, canDownload()=false, isDownload=0, tvPic=, issueTime=, playCount=, playLength=, tag=, cornerMark=CORNERMARK_NO, definition list=, default definition=null, channelId=6, channelName=, mIChannelId=null, startTime=0, endTime=0, headerTime=0, tailTime=0, tvCount=0, tvSets=0, playTime=-1, episodes=0, url=, m3u8Url = null, mRecommendationsFilled=false, mEndRecommendationsFilled=false, mVarietyName=null}, mError=null)[com.qiyi.video.player.data.job.VideoJob@2cd1dfe0])
02-25 23:48:42.613 D/Job     ( 2323): running() Job(mState=0, mData=VideoItem@2eec4180{qpId=202509101, tvQid=349989700, vid=null, getType()=VIDEO, albumName=ä¸­å›½æ¢¦æƒ³ç§€ä¹‹æŠ˜çº¸ç‹‚äººç›¼åœ†å¦»å­ç¾Šé©¼ä¹‹æ¢¦, tvName=, isSeries()=true, sourceCode=202509101, playOrder=1, getAlbumSubName()=ä¸­å›½æ¢¦æƒ³ç§€ä¹‹æŠ˜çº¸ç‹‚äººç›¼åœ†å¦»å­ç¾Šé©¼ä¹‹æ¢¦, mIsVipAlbum=false, isPurchase()=false, isPreview=false, isExclusive()=false, isVertical=false, canDownload()=false, isDownload=0, tvPic=, issueTime=, playCount=, playLength=, tag=, cornerMark=CORNERMARK_NO, definition list=, default definition=null, channelId=6, channelName=, mIChannelId=null, startTime=0, endTime=0, headerTime=0, tailTime=0, tvCount=0, tvSets=0, playTime=-1, episodes=0, url=, m3u8Url = null, mRecommendationsFilled=false, mEndRecommendationsFilled=false, mVarietyName=null}, mError=null)[com.qiyi.video.player.data.job.VideoJobSwitcher@2cd1b8d0]
02-25 23:48:42.614 D/Job     ( 2323): isCancelled() Job(mState=0, mData=VideoItem@2eec4180{qpId=202509101, tvQid=349989700, vid=null, getType()=VIDEO, albumName=ä¸­å›½æ¢¦æƒ³ç§€ä¹‹æŠ˜çº¸ç‹‚äººç›¼åœ†å¦»å­ç¾Šé©¼ä¹‹æ¢¦, tvName=, isSeries()=true, sourceCode=202509101, playOrder=1, getAlbumSubName()=ä¸­å›½æ¢¦æƒ³ç§€ä¹‹æŠ˜çº¸ç‹‚äººç›¼åœ†å¦»å­ç¾Šé©¼ä¹‹æ¢¦, mIsVipAlbum=false, isPurchase()=false, isPreview=false, isExclusive()=false, isVertical=false, canDownload()=false, isDownload=0, tvPic=, issueTime=, playCount=, playLength=, tag=, cornerMark=CORNERMARK_NO, definition list=, default definition=null, channelId=6, channelName=, mIChannelId=null, startTime=0, endTime=0, headerTime=0, tailTime=0, tvCount=0, tvSets=0, playTime=-1, episodes=0, url=, m3u8Url = null, mRecommendationsFilled=false, mEndRecommendationsFilled=false, mVarietyName=null}, mError=null)[com.qiyi.video.player.data.job.VideoJobSwitcher@2cd1b8d0] return false
02-25 23:48:42.614 D/VideoChecker( 2323): isValidVrsTvId(349989700) return true
02-25 23:48:42.614 D/OutsideLoader( 2323): mAlbumHistoryCondition.checkPass() return false
02-25 23:48:42.615 D/VideoChecker( 2323): isValidVrsTvId(349989700) return true
02-25 23:48:42.615 D/OutsideLoader( 2323): mTvHistoryCondition.checkPass() return true
02-25 23:48:42.615 D/VideoJobSwitcher( 2323): onRun() find job Job(mState=0, mData=VideoItem@2eec4180{qpId=202509101, tvQid=349989700, vid=null, getType()=VIDEO, albumName=ä¸­å›½æ¢¦æƒ³ç§€ä¹‹æŠ˜çº¸ç‹‚äººç›¼åœ†å¦»å­ç¾Šé©¼ä¹‹æ¢¦, tvName=, isSeries()=true, sourceCode=202509101, playOrder=1, getAlbumSubName()=ä¸­å›½æ¢¦æƒ³ç§€ä¹‹æŠ˜çº¸ç‹‚äººç›¼åœ†å¦»å­ç¾Šé©¼ä¹‹æ¢¦, mIsVipAlbum=false, isPurchase()=false, isPreview=false, isExclusive()=false, isVertical=false, canDownload()=false, isDownload=0, tvPic=, issueTime=, playCount=, playLength=, tag=, cornerMark=CORNERMARK_NO, definition list=, default definition=null, channelId=6, channelName=, mIChannelId=null, startTime=0, endTime=0, headerTime=0, tailTime=0, tvCount=0, tvSets=0, playTime=-1, episodes=0, url=, m3u8Url = null, mRecommendationsFilled=false, mEndRecommendationsFilled=false, mVarietyName=null}, mError=null)[com.qiyi.video.player.data.job.FetchHistoryJob@2cd1cc18]
02-25 23:48:42.617 D/Job     ( 2323): running() Job(mState=0, mData=VideoItem@2eec4180{qpId=202509101, tvQid=349989700, vid=null, getType()=VIDEO, albumName=ä¸­å›½æ¢¦æƒ³ç§€ä¹‹æŠ˜çº¸ç‹‚äººç›¼åœ†å¦»å­ç¾Šé©¼ä¹‹æ¢¦, tvName=, isSeries()=true, sourceCode=202509101, playOrder=1, getAlbumSubName()=ä¸­å›½æ¢¦æƒ³ç§€ä¹‹æŠ˜çº¸ç‹‚äººç›¼åœ†å¦»å­ç¾Šé©¼ä¹‹æ¢¦, mIsVipAlbum=false, isPurchase()=false, isPreview=false, isExclusive()=false, isVertical=false, canDownload()=false, isDownload=0, tvPic=, issueTime=, playCount=, playLength=, tag=, cornerMark=CORNERMARK_NO, definition list=, default definition=null, channelId=6, channelName=, mIChannelId=null, startTime=0, endTime=0, headerTime=0, tailTime=0, tvCount=0, tvSets=0, playTime=-1, episodes=0, url=, m3u8Url = null, mRecommendationsFilled=false, mEndRecommendationsFilled=false, mVarietyName=null}, mError=null)[com.qiyi.video.player.data.job.FetchHistoryJob@2cd1cc18]
02-25 23:48:42.618 D/Job     ( 2323): isCancelled() Job(mState=0, mData=VideoItem@2eec4180{qpId=202509101, tvQid=349989700, vid=null, getType()=VIDEO, albumName=ä¸­å›½æ¢¦æƒ³ç§€ä¹‹æŠ˜çº¸ç‹‚äººç›¼åœ†å¦»å­ç¾Šé©¼ä¹‹æ¢¦, tvName=, isSeries()=true, sourceCode=202509101, playOrder=1, getAlbumSubName()=ä¸­å›½æ¢¦æƒ³ç§€ä¹‹æŠ˜çº¸ç‹‚äººç›¼åœ†å¦»å­ç¾Šé©¼ä¹‹æ¢¦, mIsVipAlbum=false, isPurchase()=false, isPreview=false, isExclusive()=false, isVertical=false, canDownload()=false, isDownload=0, tvPic=, issueTime=, playCount=, playLength=, tag=, cornerMark=CORNERMARK_NO, definition list=, default definition=null, channelId=6, channelName=, mIChannelId=null, startTime=0, endTime=0, headerTime=0, tailTime=0, tvCount=0, tvSets=0, playTime=-1, episodes=0, url=, m3u8Url = null, mRecommendationsFilled=false, mEndRecommendationsFilled=false, mVarietyName=null}, mError=null)[com.qiyi.video.player.data.job.FetchHistoryJob@2cd1cc18] return false
02-25 23:48:42.619 D/Job     ( 2323): running() done. not mean real done!!! Job(mState=1, mData=VideoItem@2eec4180{qpId=202509101, tvQid=349989700, vid=null, getType()=VIDEO, albumName=ä¸­å›½æ¢¦æƒ³ç§€ä¹‹æŠ˜çº¸ç‹‚äººç›¼åœ†å¦»å­ç¾Šé©¼ä¹‹æ¢¦, tvName=, isSeries()=true, sourceCode=202509101, playOrder=1, getAlbumSubName()=ä¸­å›½æ¢¦æƒ³ç§€ä¹‹æŠ˜çº¸ç‹‚äººç›¼åœ†å¦»å­ç¾Šé©¼ä¹‹æ¢¦, mIsVipAlbum=false, isPurchase()=false, isPreview=false, isExclusive()=false, isVertical=false, canDownload()=false, isDownload=0, tvPic=, issueTime=, playCount=, playLength=, tag=, cornerMark=CORNERMARK_NO, definition list=, default definition=null, channelId=6, channelName=, mIChannelId=null, startTime=0, endTime=0, headerTime=0, tailTime=0, tvCount=0, tvSets=0, playTime=-1, episodes=0, url=, m3u8Url = null, mRecommendationsFilled=false, mEndRecommendationsFilled=false, mVarietyName=null}, mError=null)[com.qiyi.video.player.data.job.FetchHistoryJob@2cd1cc18]
02-25 23:48:42.620 E/VPP_DLNA_LOG( 2814): [VPPDLNA]:SSDP recvd bad msg code = 1
02-25 23:48:42.621 D/Job     ( 2323): running() done. not mean real done!!! Job(mState=1, mData=VideoItem@2eec4180{qpId=202509101, tvQid=349989700, vid=null, getType()=VIDEO, albumName=ä¸­å›½æ¢¦æƒ³ç§€ä¹‹æŠ˜çº¸ç‹‚äººç›¼åœ†å¦»å­ç¾Šé©¼ä¹‹æ¢¦, tvName=, isSeries()=true, sourceCode=202509101, playOrder=1, getAlbumSubName()=ä¸­å›½æ¢¦æƒ³ç§€ä¹‹æŠ˜çº¸ç‹‚äººç›¼åœ†å¦»å­ç¾Šé©¼ä¹‹æ¢¦, mIsVipAlbum=false, isPurchase()=false, isPreview=false, isExclusive()=false, isVertical=false, canDownload()=false, isDownload=0, tvPic=, issueTime=, playCount=, playLength=, tag=, cornerMark=CORNERMARK_NO, definition list=, default definition=null, channelId=6, channelName=, mIChannelId=null, startTime=0, endTime=0, headerTime=0, tailTime=0, tvCount=0, tvSets=0, playTime=-1, episodes=0, url=, m3u8Url = null, mRecommendationsFilled=false, mEndRecommendationsFilled=false, mVarietyName=null}, mError=null)[com.qiyi.video.player.data.job.VideoJobSwitcher@2cd1b8d0]
02-25 23:48:42.621 D/VideoProvider( 2323): prepareNextLoader() begin. mNextLoader=null
02-25 23:48:42.621 D/Playlist( 2323): getNext() mNext=VideoHolder@2f15b2c8{episodeReady=false, historyReady=false, mListReady=false, mSourceStub=false, position=Position(albumIndex=-1, episodeIndex=-1), video=null}
02-25 23:48:42.621 D/VideoProvider( 2323): prepareNextLoader() end. mNextLoader=null
02-25 23:48:42.621 D/VideoProvider( 2323): preloadNextLoader() mNextLoader=null
02-25 23:48:42.621 E/VPP_DLNA_LOG( 2814): [VPPDLNA]:SSDP recvd bad msg code = 1
02-25 23:48:42.622 D/LoadingInfoCreator( 2323): createFrom(Bundle[{album_name=ä¸­å›½æ¢¦æƒ³ç§€ä¹‹æŠ˜çº¸ç‹‚äººç›¼åœ†å¦»å­ç¾Šé©¼ä¹‹æ¢¦, vrsVid=null, from=out, fromWhere=out, albumInfo=qpId=202509101 name=ä¸­å›½æ¢¦æƒ³ç§€ä¹‹æŠ˜çº¸ç‹‚äººç›¼åœ†å¦»å­ç¾Šé©¼ä¹‹æ¢¦ type=VIDEO focus= pic=http://pic8.ptqy.gitv.tv/image/20150225/54/4c/v_108966887_m_601_m1_354_490.jpg tvPic= score= pCount= desc= key= isSeries=true chnName= chnId=6 tag= exclusive=0 isDownload=false is3D=0 tvsets=0 order=1 time= tvCount=0 stream= isPurchase=0 tvQid=349989700 vid=null len= sourceCode=202509101 vType=0 playUrl=null, play_list_info=PlayParams@2efb1b00{sourceType=OUTSIDE, playindex=0, playlist id=null, playlist name=null, is recommend=false, channel id=null, channel name=null, is picture vertical=false, from=out, playlist=[EMPTY]}, vrsTvId=349989700, history=-1, videoType=2, vrsAlbumId=202509101}])
02-25 23:48:42.622 D/LoadingInfoCreator( 2323): createFrom() Album@2ef35f90{qpId=202509101, tvQid=349989700, vid=null, getType()=VIDEO, albumName=ä¸­å›½æ¢¦æƒ³ç§€ä¹‹æŠ˜çº¸ç‹‚äººç›¼åœ†å¦»å­ç¾Šé©¼ä¹‹æ¢¦, tvName=, sourceCode=202509101, isPurchase()=false, isExclusive()=false, isSeries()=true, playOrder=1, tvPic=, issueTime=, playCount=, playLength=, tvCount=0, tag=, cornerMark=CORNERMARK_NO, is3D()=false, definition list=, chnId=6, chnName=, startTime=0, endTime=0, playTime=-1, canDownload=false, bkt=, area=}
02-25 23:48:42.623 D/LoadingInfo( 2323): LoadingInfo(ä¸­å›½æ¢¦æƒ³ç§€ä¹‹æŠ˜çº¸ç‹‚äººç›¼åœ†å¦»å­ç¾Šé©¼ä¹‹æ¢¦, 0)
02-25 23:48:42.623 D/LoadingInfo( 2323): setIsExclusive(false)
02-25 23:48:42.623 D/LoadingInfo( 2323): setIsVip(false)
02-25 23:48:42.623 D/HistoryCacheManager( 2323): getTvHistory(349989700) return null
02-25 23:48:42.623 D/LoadingInfo( 2323): setIs3d(false)
02-25 23:48:42.623 D/PlayerOverlay( 2323): showLoading(LoadingInfo{title=ä¸­å›½æ¢¦æƒ³ç§€ä¹‹æŠ˜çº¸ç‹‚äººç›¼åœ†å¦»å­ç¾Šé©¼ä¹‹æ¢¦, isExclusive=false, isVip=false, is3d=false})
02-25 23:48:42.623 D/Player/PlayerView/LoadingView( 2323): initViews: playType=OUTSIDE, loadingInfo=LoadingInfo{title=ä¸­å›½æ¢¦æƒ³ç§€ä¹‹æŠ˜çº¸ç‹‚äººç›¼åœ†å¦»å­ç¾Šé©¼ä¹‹æ¢¦, isExclusive=false, isVip=false, is3d=false}
02-25 23:48:42.624 E/VPP_DLNA_LOG( 2814): [VPPDLNA]:SSDP recvd bad msg code = 1
02-25 23:48:42.625 D/Job     ( 2323): notifyJobFail(JobError(mCode=[CacheError!], mMessage=[null], mException=[null])) Job(mState=1, mData=VideoItem@2eec4180{qpId=202509101, tvQid=349989700, vid=null, getType()=VIDEO, albumName=ä¸­å›½æ¢¦æƒ³ç§€ä¹‹æŠ˜çº¸ç‹‚äººç›¼åœ†å¦»å­ç¾Šé©¼ä¹‹æ¢¦, tvName=, isSeries()=true, sourceCode=202509101, playOrder=1, getAlbumSubName()=ä¸­å›½æ¢¦æƒ³ç§€ä¹‹æŠ˜çº¸ç‹‚äººç›¼åœ†å¦»å­ç¾Šé©¼ä¹‹æ¢¦, mIsVipAlbum=false, isPurchase()=false, isPreview=false, isExclusive()=false, isVertical=false, canDownload()=false, isDownload=0, tvPic=, issueTime=, playCount=, playLength=, tag=, cornerMark=CORNERMARK_NO, definition list=, default definition=null, channelId=6, channelName=, mIChannelId=null, startTime=0, endTime=0, headerTime=0, tailTime=0, tvCount=0, tvSets=0, playTime=-1, episodes=0, url=, m3u8Url = null, mRecommendationsFilled=false, mEndRecommendationsFilled=false, mVarietyName=null}, mError=null)[com.qiyi.video.player.data.job.FetchHistoryJob@2cd1cc18]
02-25 23:48:42.625 D/Job     ( 2323): java.lang.Throwable
02-25 23:48:42.625 D/Job     ( 2323): 	at com.qiyi.video.player.utils.job.Job.notifyJobFail(Job.java:101)
02-25 23:48:42.625 D/Job     ( 2323): 	at com.qiyi.video.player.data.job.FetchHistoryJob$FetchRunnable.run(FetchHistoryJob.java:33)
02-25 23:48:42.625 D/Job     ( 2323): 	at java.lang.Thread.run(Thread.java:841)
02-25 23:48:42.626 D/Job     ( 2323): notifyDone() mListener=null, Job(mState=3, mData=VideoItem@2eec4180{qpId=202509101, tvQid=349989700, vid=null, getType()=VIDEO, albumName=ä¸­å›½æ¢¦æƒ³ç§€ä¹‹æŠ˜çº¸ç‹‚äººç›¼åœ†å¦»å­ç¾Šé©¼ä¹‹æ¢¦, tvName=, isSeries()=true, sourceCode=202509101, playOrder=1, getAlbumSubName()=ä¸­å›½æ¢¦æƒ³ç§€ä¹‹æŠ˜çº¸ç‹‚äººç›¼åœ†å¦»å­ç¾Šé©¼ä¹‹æ¢¦, mIsVipAlbum=false, isPurchase()=false, isPreview=false, isExclusive()=false, isVertical=false, canDownload()=false, isDownload=0, tvPic=, issueTime=, playCount=, playLength=, tag=, cornerMark=CORNERMARK_NO, definition list=, default definition=null, channelId=6, channelName=, mIChannelId=null, startTime=0, endTime=0, headerTime=0, tailTime=0, tvCount=0, tvSets=0, playTime=-1, episodes=0, url=, m3u8Url = null, mRecommendationsFilled=false, mEndRecommendationsFilled=false, mVarietyName=null}, mError=JobError(mCode=[CacheError!], mMessage=[null], mException=[null]))[com.qiyi.video.player.data.job.FetchHistoryJob@2cd1cc18]
02-25 23:48:42.627 D/Player/PlayerView/LoadingView( 2323): initViews: isCustomizedLoadingImage=true
02-25 23:48:42.627 D/Job     ( 2323): runNextJobs() Job(mState=3, mData=VideoItem@2eec4180{qpId=202509101, tvQid=349989700, vid=null, getType()=VIDEO, albumName=ä¸­å›½æ¢¦æƒ³ç§€ä¹‹æŠ˜çº¸ç‹‚äººç›¼åœ†å¦»å­ç¾Šé©¼ä¹‹æ¢¦, tvName=, isSeries()=true, sourceCode=202509101, playOrder=1, getAlbumSubName()=ä¸­å›½æ¢¦æƒ³ç§€ä¹‹æŠ˜çº¸ç‹‚äººç›¼åœ†å¦»å­ç¾Šé©¼ä¹‹æ¢¦, mIsVipAlbum=false, isPurchase()=false, isPreview=false, isExclusive()=false, isVertical=false, canDownload()=false, isDownload=0, tvPic=, issueTime=, playCount=, playLength=, tag=, cornerMark=CORNERMARK_NO, definition list=, default definition=null, channelId=6, channelName=, mIChannelId=null, startTime=0, endTime=0, headerTime=0, tailTime=0, tvCount=0, tvSets=0, playTime=-1, episodes=0, url=, m3u8Url = null, mRecommendationsFilled=false, mEndRecommendationsFilled=false, mVarietyName=null}, mError=JobError(mCode=[CacheError!], mMessage=[null], mException=[null]))[com.qiyi.video.player.data.job.FetchHistoryJob@2cd1cc18]
02-25 23:48:42.627 D/Player/PlayerView/LoadingView( 2323): show
02-25 23:48:42.628 D/Player/PlayerView/LoadingView( 2323): addText: ä¸­å›½æ¢¦æƒ³ç§€ä¹‹æŠ˜çº¸ç‹‚äººç›¼åœ†å¦»å­ç¾Šé©¼ä¹‹æ¢¦
02-25 23:48:42.628 D/PlayerOverlay( 2323):  showLoadingView: shown
02-25 23:48:42.629 D/Job     ( 2323): running() Job(mState=0, mData=VideoItem@2eec4180{qpId=202509101, tvQid=349989700, vid=null, getType()=VIDEO, albumName=ä¸­å›½æ¢¦æƒ³ç§€ä¹‹æŠ˜çº¸ç‹‚äººç›¼åœ†å¦»å­ç¾Šé©¼ä¹‹æ¢¦, tvName=, isSeries()=true, sourceCode=202509101, playOrder=1, getAlbumSubName()=ä¸­å›½æ¢¦æƒ³ç§€ä¹‹æŠ˜çº¸ç‹‚äººç›¼åœ†å¦»å­ç¾Šé©¼ä¹‹æ¢¦, mIsVipAlbum=false, isPurchase()=false, isPreview=false, isExclusive()=false, isVertical=false, canDownload()=false, isDownload=0, tvPic=, issueTime=, playCount=, playLength=, tag=, cornerMark=CORNERMARK_NO, definition list=, default definition=null, channelId=6, channelName=, mIChannelId=null, startTime=0, endTime=0, headerTime=0, tailTime=0, tvCount=0, tvSets=0, playTime=-1, episodes=0, url=, m3u8Url = null, mRecommendationsFilled=false, mEndRecommendationsFilled=false, mVarietyName=null}, mError=null)[com.qiyi.video.player.data.job.FetchAlbumInfoJob@2cd1df18]
02-25 23:48:42.629 D/com.qiyi.video.player.QiyiVideoPlayer@2efb46b0( 2323): setInitialScreenMode: com.qiyi.video.player.QiyiVideoPlayer$ScreenMode$1@2c9c0f00
02-25 23:48:42.629 D/com.qiyi.video.player.QiyiVideoPlayer@2efb46b0( 2323): onActivityEvent:ACTIVITY_CREATED
02-25 23:48:42.629 D/PlayerController[2efb4890]( 2323): onActivityEvent(ACTIVITY_CREATED)
02-25 23:48:42.629 D/PlayerOverlay( 2323): onActivityEvent: ACTIVITY_CREATED
02-25 23:48:42.629 D/Player/Pingback/PingbackSender( 2323): >> onActivityEvent(event:ACTIVITY_CREATED): now=22932804
02-25 23:48:42.629 D/Player/Pingback/PingbackSender( 2323): onActivityEvent: initBeginTime=22932804
02-25 23:48:42.629 D/com.qiyi.video.player.QiyiVideoPlayer@2efb46b0( 2323): onActivityEvent:ACTIVITY_RESUMED
