02-25 23:48:42.629 D/PlayerController[2efb4890]( 2323): onActivityEvent(ACTIVITY_RESUMED)
02-25 23:48:42.629 D/DownloadViewManager( 2323): register storage listener
02-25 23:48:42.629 D/LocalStorageManager( 2323): startListening() mListening=false
02-25 23:48:42.630 D/Job     ( 2323): isCancelled() Job(mState=0, mData=VideoItem@2eec4180{qpId=202509101, tvQid=349989700, vid=null, getType()=VIDEO, albumName=ä¸­å›½æ¢¦æƒ³ç§€ä¹‹æŠ˜çº¸ç‹‚äººç›¼åœ†å¦»å­ç¾Šé©¼ä¹‹æ¢¦, tvName=, isSeries()=true, sourceCode=202509101, playOrder=1, getAlbumSubName()=ä¸­å›½æ¢¦æƒ³ç§€ä¹‹æŠ˜çº¸ç‹‚äººç›¼åœ†å¦»å­ç¾Šé©¼ä¹‹æ¢¦, mIsVipAlbum=false, isPurchase()=false, isPreview=false, isExclusive()=false, isVertical=false, canDownload()=false, isDownload=0, tvPic=, issueTime=, playCount=, playLength=, tag=, cornerMark=CORNERMARK_NO, definition list=, default definition=null, channelId=6, channelName=, mIChannelId=null, startTime=0, endTime=0, headerTime=0, tailTime=0, tvCount=0, tvSets=0, playTime=-1, episodes=0, url=, m3u8Url = null, mRecommendationsFilled=false, mEndRecommendationsFilled=false, mVarietyName=null}, mError=null)[com.qiyi.video.player.data.job.FetchAlbumInfoJob@2cd1df18] return false
02-25 23:48:42.630 D/LocalStorageManager( 2323): registerListener(com.qiyi.video.player.app.DownloadViewManager$7@2c9a5d88) return true
02-25 23:48:42.630 D/PlayerOverlay( 2323): onActivityEvent: ACTIVITY_RESUMED
02-25 23:48:42.630 D/Player/Pingback/PingbackSender( 2323): >> onActivityEvent(event:ACTIVITY_RESUMED): now=22932805
02-25 23:48:42.630 D/Player/Pingback/PingbackSender( 2323): onActivityEvent: initEndTime=22932805
02-25 23:48:42.631 D/com.qiyi.video.player.QiyiVideoPlayer@2efb46b0( 2323): onActivityEvent:ACTIVITY_CREATED
02-25 23:48:42.631 D/PlayerController[2efb4890]( 2323): onActivityEvent(ACTIVITY_CREATED)
02-25 23:48:42.631 D/PlayerOverlay( 2323): onActivityEvent: ACTIVITY_CREATED
02-25 23:48:42.631 D/Player/Pingback/PingbackSender( 2323): >> onActivityEvent(event:ACTIVITY_CREATED): now=22932806
02-25 23:48:42.631 D/FetchAlbumInfoJob( 2323): onRun() video=VideoItem@2eec4180{qpId=202509101, tvQid=349989700, vid=null, getType()=VIDEO, albumName=ä¸­å›½æ¢¦æƒ³ç§€ä¹‹æŠ˜çº¸ç‹‚äººç›¼åœ†å¦»å­ç¾Šé©¼ä¹‹æ¢¦, tvName=, isSeries()=true, sourceCode=202509101, playOrder=1, getAlbumSubName()=ä¸­å›½æ¢¦æƒ³ç§€ä¹‹æŠ˜çº¸ç‹‚äººç›¼åœ†å¦»å­ç¾Šé©¼ä¹‹æ¢¦, mIsVipAlbum=false, isPurchase()=false, isPreview=false, isExclusive()=false, isVertical=false, canDownload()=false, isDownload=0, tvPic=, issueTime=, playCount=, playLength=, tag=, cornerMark=CORNERMARK_NO, definition list=, default definition=null, channelId=6, channelName=, mIChannelId=null, startTime=0, endTime=0, headerTime=0, tailTime=0, tvCount=0, tvSets=0, playTime=-1, episodes=0, url=, m3u8Url = null, mRecommendationsFilled=false, mEndRecommendationsFilled=false, mVarietyName=null}
02-25 23:48:42.631 D/Player/Pingback/PingbackSender( 2323): onActivityEvent: initBeginTime=22932806
02-25 23:48:42.633 V/QBaseActivity( 2323): onResume com.qiyi.video.player.PlayerActivity@2cd5eeb0
02-25 23:48:42.633 I/QBaseActivity( 2323): onResume mHomePressed = true, mStackCount = 1
02-25 23:48:42.633 D/PlayerActivity( 2323): PlayerActivity--->>startCheckUpdate()--
02-25 23:48:42.633 D/VoiceManager( 2323): onActivityResume(com.qiyi.video.player.PlayerActivity@2cd5eeb0)
02-25 23:48:42.633 D/BasePlayActivity( 2323): onResume() mTargetSeekPos=-1
02-25 23:48:42.633 D/com.qiyi.video.player.QiyiVideoPlayer@2efb46b0( 2323): onActivityEvent:ACTIVITY_RESUMED
02-25 23:48:42.633 D/PlayerController[2efb4890]( 2323): onActivityEvent(ACTIVITY_RESUMED)
02-25 23:48:42.633 D/DownloadViewManager( 2323): register storage listener
02-25 23:48:42.633 I/System.out( 2323): DEBUG(ApiFilter): filter-devCheck- onCalling
02-25 23:48:42.633 D/LocalStorageManager( 2323): registerListener(com.qiyi.video.player.app.DownloadViewManager$7@2c9a5d88) return false
02-25 23:48:42.633 D/PlayerOverlay( 2323): onActivityEvent: ACTIVITY_RESUMED
02-25 23:48:42.633 D/Player/Pingback/PingbackSender( 2323): >> onActivityEvent(event:ACTIVITY_RESUMED): now=22932808
02-25 23:48:42.633 D/Player/Pingback/PingbackSender( 2323): onActivityEvent: initEndTime=22932808
02-25 23:48:42.634 I/System.out( 2323): D/(TVApi:1/4, id=156,ä¸“è¾‘è¯¦æƒ…): url = http://data2.itv.ptqy.gitv.tv/itv/albumInfo/331/349989700
02-25 23:48:42.634 I/System.out( 2323): D/(TVApi:1/4, id=156): header = qyid:tv_dfd776068febb13e38d211c7dfd0e36b_1388563211103
02-25 23:48:42.635 I/System.out( 2323): D/(TVApi:1/4, id=156): header = apiKey:798da087c9036db8084f2dff8e2c95c2
02-25 23:48:42.635 I/MediaFocusControl( 1948):  AudioFocus  requestAudioFocus() from android.media.AudioManager@2f000be0com.qiyi.video.player.BasePlayActivity$2@2dc7a210
02-25 23:48:42.636 V/Avrcp   ( 2030): New genId = 12, clearing = 1
02-25 23:48:42.640 D/Job     ( 2323): running() done. not mean real done!!! Job(mState=1, mData=VideoItem@2eec4180{qpId=202509101, tvQid=349989700, vid=null, getType()=VIDEO, albumName=ä¸­å›½æ¢¦æƒ³ç§€ä¹‹æŠ˜çº¸ç‹‚äººç›¼åœ†å¦»å­ç¾Šé©¼ä¹‹æ¢¦, tvName=, isSeries()=true, sourceCode=202509101, playOrder=1, getAlbumSubName()=ä¸­å›½æ¢¦æƒ³ç§€ä¹‹æŠ˜çº¸ç‹‚äººç›¼åœ†å¦»å­ç¾Šé©¼ä¹‹æ¢¦, mIsVipAlbum=false, isPurchase()=false, isPreview=false, isExclusive()=false, isVertical=false, canDownload()=false, isDownload=0, tvPic=, issueTime=, playCount=, playLength=, tag=, cornerMark=CORNERMARK_NO, definition list=, default definition=null, channelId=6, channelName=, mIChannelId=null, startTime=0, endTime=0, headerTime=0, tailTime=0, tvCount=0, tvSets=0, playTime=-1, episodes=0, url=, m3u8Url = null, mRecommendationsFilled=false, mEndRecommendationsFilled=false, mVarietyName=null}, mError=null)[com.qiyi.video.player.data.job.FetchAlbumInfoJob@2cd1df18]
02-25 23:48:42.643 D/com.qiyi.video.player.QiyiVideoPlayer@2efb46b0( 2323): network.onStateChanged: 2 -> 2
02-25 23:48:42.643 D/com.qiyi.video.player.QiyiVideoPlayer@2efb46b0( 2323): onNetWorkConnected()
02-25 23:48:42.643 D/PlayerController[2efb4890]( 2323): onActivityEvent(NETWORK_STATE_CHANGED)
02-25 23:48:42.643 D/VideoProvider( 2323): setNetworkAvaliable(true) mNetworkAvaliable=true
02-25 23:48:42.643 D/PlayerOverlay( 2323): onActivityEvent: NETWORK_STATE_CHANGED
02-25 23:48:42.643 D/PlayerOverlay( 2323): onActivityEvent: network connected=true
02-25 23:48:42.644 D/Player/Pingback/PingbackSender( 2323): >> onActivityEvent(event:NETWORK_STATE_CHANGED): now=22932819
02-25 23:48:42.664 D/MediaControllerContainer( 2323): onAttachedToWindow()
02-25 23:48:42.664 D/MediaControllerContainer( 2323): checkChildrenLayout() ready!
02-25 23:48:42.668 D/MovieVideoView( 2323): onMeasure(1073743744, 1073742904) mDesiredWidth=0, mDesiredHeight=0, width=1920, height=1080
02-25 23:48:42.669 D/MovieVideoView( 2323): onMeasure() width=1920, height=1080
02-25 23:48:42.671 D/MovieVideoView( 2323): onMeasure(1073743744, 1073742904) mDesiredWidth=0, mDesiredHeight=0, width=1920, height=1080
02-25 23:48:42.671 D/MovieVideoView( 2323): onMeasure() width=1920, height=1080
02-25 23:48:42.702 D/MovieVideoView( 2323): surfaceCreated(android.view.SurfaceView$4@2c962f28)
02-25 23:48:42.702 D/MovieVideoView( 2323): surfaceChanged(android.view.SurfaceView$4@2c962f28, 4, 1920, 1080)
02-25 23:48:42.702 D/MoviePlayer[2dac9948]( 2323): surfaceChanged(1920, 1080) mSurfaceWidth=0, mSurfaceHeight=0
02-25 23:48:42.716 D/com.qiyi.video.player.QiyiVideoPlayer@2efb46b0( 2323): onActivityEvent:WINDOW_FOCUSED
02-25 23:48:42.716 D/PlayerController[2efb4890]( 2323): onActivityEvent(WINDOW_FOCUSED)
02-25 23:48:42.716 D/PlayerOverlay( 2323): onActivityEvent: WINDOW_FOCUSED
02-25 23:48:42.717 E/PlayerOverlay( 2323): onActivityEvent: loading animation started
02-25 23:48:42.717 D/Player/Pingback/PingbackSender( 2323): >> onActivityEvent(event:WINDOW_FOCUSED): now=22932892
02-25 23:48:42.726 D/MovieVideoView( 2323): onMeasure(1073743744, 1073742904) mDesiredWidth=0, mDesiredHeight=0, width=1920, height=1080
02-25 23:48:42.726 D/MovieVideoView( 2323): onMeasure() width=1920, height=1080
02-25 23:48:42.726 I/ActivityManager( 1948): Displayed com.qiyi.tvplayer.huawei/com.qiyi.video.player.PlayerActivity: +260ms
02-25 23:48:42.727 D/MovieVideoView( 2323): onMeasure(1073743744, 1073742904) mDesiredWidth=0, mDesiredHeight=0, width=1920, height=1080
02-25 23:48:42.728 D/MovieVideoView( 2323): onMeasure() width=1920, height=1080
02-25 23:48:42.799 E/VPP_DLNA_LOG( 2814): [VPPDLNA]:SSDP recvd bad msg code = 1
02-25 23:48:42.801 E/VPP_DLNA_LOG( 2814): [VPPDLNA]:SSDP recvd bad msg code = 1
02-25 23:48:42.804 E/VPP_DLNA_LOG( 2814): [VPPDLNA]:SSDP recvd bad msg code = 1
02-25 23:48:42.830 E/VPP_DLNA_LOG( 2814): [VPPDLNA]:SSDP recvd bad msg code = 1
02-25 23:48:42.832 E/VPP_DLNA_LOG( 2814): [VPPDLNA]:SSDP recvd bad msg code = 1
02-25 23:48:42.835 E/VPP_DLNA_LOG( 2814): [VPPDLNA]:SSDP recvd bad msg code = 1
02-25 23:48:43.490 I/HiRMService( 2269):  ***** changeStats = 2
02-25 23:48:44.144 D/AndroidRuntime(14157): 
02-25 23:48:44.144 D/AndroidRuntime(14157): >>>>>> AndroidRuntime START com.android.internal.os.RuntimeInit <<<<<<
02-25 23:48:44.147 D/AndroidRuntime(14157): CheckJNI is OFF
02-25 23:48:44.158 I/dalvikvm(14157): DexOpt: mismatch dep signature for '/system/framework/android.policy.odex'
02-25 23:48:44.158 E/dalvikvm(14157): /system/framework/services.jar odex has stale dependencies
02-25 23:48:44.159 I/dalvikvm(14157): DexOpt: mismatch dep name: '/data/dalvik-cache/system@framework@services.jar@classes.dex' vs. '/system/framework/services.odex'
02-25 23:48:44.160 E/dalvikvm(14157): /system/framework/apache-xml.jar odex has stale dependencies
02-25 23:48:44.161 I/dalvikvm(14157): DexOpt: mismatch dep name: '/data/dalvik-cache/system@framework@services.jar@classes.dex' vs. '/system/framework/services.odex'
02-25 23:48:44.161 E/dalvikvm(14157): /system/framework/webviewchromium.jar odex has stale dependencies
02-25 23:48:44.170 D/dalvikvm(14157): Trying to load lib libjavacore.so 0x0
02-25 23:48:44.174 D/dalvikvm(14157): Added shared lib libjavacore.so 0x0
02-25 23:48:44.180 D/dalvikvm(14157): Trying to load lib libnativehelper.so 0x0
02-25 23:48:44.181 D/dalvikvm(14157): Added shared lib libnativehelper.so 0x0
02-25 23:48:44.181 D/dalvikvm(14157): No JNI_OnLoad found in libnativehelper.so 0x0, skipping init
02-25 23:48:44.200 I/dalvikvm(14157): DexOpt: mismatch dep name: '/data/dalvik-cache/system@framework@services.jar@classes.dex' vs. '/system/framework/services.odex'
02-25 23:48:44.200 E/dalvikvm(14157): /system/framework/input.jar odex has stale dependencies
02-25 23:48:44.204 E/cutils-trace(14157): Error opening trace file: No such file or directory (2)
02-25 23:48:44.228 D/dalvikvm(14157): Note: class Landroid/app/ActivityManagerNative; has 179 unimplemented (abstract) methods
02-25 23:48:44.441 E/memtrack(14157): Couldn't load memtrack module (No such file or directory)
02-25 23:48:44.441 E/android.os.Debug(14157): failed to load memtrack module: -2
02-25 23:48:44.445 I/EthernetJNI(14157): Loading ethernet jni class
02-25 23:48:44.527 D/AndroidRuntime(14157): Calling main entry com.android.commands.input.Input
02-25 23:48:44.529 I/Input   (14157): injectKeyEvent: KeyEvent { action=ACTION_DOWN, keyCode=KEYCODE_HOME, scanCode=0, metaState=0, flags=0x0, repeatCount=0, eventTime=22934704, downTime=22934704, deviceId=-1, source=0x101 }
02-25 23:48:44.535 D/WindowManager( 1948): keyCode =3
02-25 23:48:44.535 D/WindowManager( 1948): isLockedAllKeys =0
02-25 23:48:44.535 D/WindowManager( 1948): isHandleHomeKey = 1
02-25 23:48:44.535 D/WindowManager( 1948): isHandlePowerKey ==1
02-25 23:48:44.535 D/WindowManager( 1948): isHandleSettingKey=1
02-25 23:48:44.535 D/WindowManager( 1948): handleSystemKey==1
02-25 23:48:44.536 W/ContextImpl( 1948): Calling a method in the system process without a qualified user: android.app.ContextImpl.sendBroadcast:1168 com.android.internal.policy.impl.PhoneWindowManager.interceptKeyBeforeQueueing:4109 com.android.server.wm.InputMonitor.interceptKeyBeforeQueueing:357 com.android.server.input.InputManagerService.interceptKeyBeforeQueueing:1352 com.android.server.input.InputManagerService.nativeInjectInputEvent:-2 
02-25 23:48:44.537 D/WindowManager( 1948): send broadcast key press down
02-25 23:48:44.539 I/Input   (14157): injectKeyEvent: KeyEvent { action=ACTION_UP, keyCode=KEYCODE_HOME, scanCode=0, metaState=0, flags=0x0, repeatCount=0, eventTime=22934704, downTime=22934704, deviceId=-1, source=0x101 }
02-25 23:48:44.540 D/WindowManager( 1948): keyCode =3
02-25 23:48:44.540 D/WindowManager( 1948): isLockedAllKeys =0
02-25 23:48:44.540 D/WindowManager( 1948): isHandleHomeKey = 1
02-25 23:48:44.540 D/WindowManager( 1948): isHandlePowerKey ==1
02-25 23:48:44.540 D/WindowManager( 1948): isHandleSettingKey=1
02-25 23:48:44.540 D/WindowManager( 1948): handleSystemKey==1
02-25 23:48:44.549 D/WindowManager( 1948): swHomeIntent =null customizer=0
02-25 23:48:44.549 D/WindowManager( 1948): ......start launcher......
02-25 23:48:44.551 I/ActivityManager( 1948): START u0 {act=android.intent.action.MAIN cat=[android.intent.category.HOME] flg=0x10200000 cmp=com.huawei.mh2.launcher/.MainActivity} from pid 1948
02-25 23:48:44.563 I/QBaseActivity( 2323): HomeMonitor home key pressed
02-25 23:48:44.564 I/QBaseActivity( 2323): setHomePressed mHomePressed = true, mStackCount = 2
02-25 23:48:44.610 D/dalvikvm( 1948): GC_FOR_ALLOC freed 678K, 16% free 7636K/9080K, paused 48ms, total 49ms
02-25 23:48:44.677 D/dalvikvm( 1948): GC_FOR_ALLOC freed 419K, 17% free 7591K/9080K, paused 46ms, total 47ms
02-25 23:48:44.681 D/AndroidRuntime(14157): Shutting down VM
02-25 23:48:44.690 D/dalvikvm(14157): GC_CONCURRENT freed 98K, 16% free 566K/668K, paused 3ms+1ms, total 7ms
02-25 23:48:44.695 D/VoiceManager( 2323): onActivityPause(com.qiyi.video.player.PlayerActivity@2cd5eeb0) mCurDialog=null
02-25 23:48:44.695 D/BasePlayActivity( 2323): onPause()
02-25 23:48:44.695 D/com.qiyi.video.player.QiyiVideoPlayer@2efb46b0( 2323): onActivityEvent:ACTIVITY_PAUSED
02-25 23:48:44.696 D/PlayerController[2efb4890]( 2323): pause dump[788220048](mFirstStart=false, mTarget=1, mTargetPosition=-1, mFullscreenHintShown=false, mContinuePlaybackByUser=true, mPlayedAd=false, mPlayer=MoviePlayer@2dac9948, player type=-1)
02-25 23:48:44.696 D/MoviePlayer[2dac9948]( 2323): pause() MoviePlayer[2dac9948](mCurrentState=1, mTargetState=1, mNextVideoFilled=true, mSeekWhenInited=-1, mCurDefinition=-1, mSwitchingBitStream=false, mSwitchPlayerForDifBitStream=false, mSurfaceHolder=android.view.SurfaceView$4@2c962f28, mPlayer=null, mVideo=VideoHolder@2dac9a40{video=null, from=-1, to=-1}, mNextVideo=VideoHolder@2dac9a58{video=null, from=-1, to=-1})
02-25 23:48:44.696 D/PlayerController[2efb4890]( 2323): onActivityEvent(ACTIVITY_PAUSED)
02-25 23:48:44.696 D/PlayerOverlay( 2323): onActivityEvent: ACTIVITY_PAUSED
02-25 23:48:44.696 D/Player/Pingback/PingbackSender( 2323): >> onActivityEvent(event:ACTIVITY_PAUSED): now=22934871
02-25 23:48:44.696 D/Player/Pingback/PingbackSender( 2323): onActivityEvent: isFinishing=false
02-25 23:48:44.696 D/PlayerStatusRecorder( 2323): getRecord =onActivityEvent ACTIVITY_CREATED 
02-25 23:48:44.696 D/PlayerStatusRecorder( 2323): onActivityEvent ACTIVITY_RESUMED 
02-25 23:48:44.696 D/PlayerStatusRecorder( 2323): onActivityEvent ACTIVITY_CREATED 
02-25 23:48:44.696 D/PlayerStatusRecorder( 2323): onActivityEvent ACTIVITY_RESUMED 
02-25 23:48:44.696 D/PlayerStatusRecorder( 2323): onActivityEvent NETWORK_STATE_CHANGED 
02-25 23:48:44.696 D/PlayerStatusRecorder( 2323): onActivityEvent WINDOW_FOCUSED 
02-25 23:48:44.696 D/PlayerStatusRecorder( 2323): onActivityEvent ACTIVITY_PAUSED 
02-25 23:48:44.696 D/PlayerStatusRecorder( 2323): onActivityEvent WINDOW_FOCUSED 
02-25 23:48:44.696 D/PlayerStatusRecorder( 2323): onActivityEvent ACTIVITY_STOP 
02-25 23:48:44.696 D/PlayerStatusRecorder( 2323): onActivityEvent ACTIVITY_DESTROYED 
02-25 23:48:44.696 D/PlayerStatusRecorder( 2323): onActivityEvent ACTIVITY_CREATED 
02-25 23:48:44.696 D/PlayerStatusRecorder( 2323): onActivityEvent ACTIVITY_RESUMED 
02-25 23:48:44.696 D/PlayerStatusRecorder( 2323): onActivityEvent ACTIVITY_CREATED 
02-25 23:48:44.696 D/PlayerStatusRecorder( 2323): onActivityEvent ACTIVITY_RESUMED 
02-25 23:48:44.696 D/PlayerStatusRecorder( 2323): onActivityEvent NETWORK_STATE_CHANGED 
02-25 23:48:44.696 D/PlayerStatusRecorder( 2323): onActivityEvent WINDOW_FOCUSED 
02-25 23:48:44.696 D/PlayerStatusRecorder( 2323): onActivityEvent ACTIVITY_PAUSED 
02-25 23:48:44.696 D/PlayerStatusRecorder( 2323): onActivityEvent WINDOW_FOCUSED 
02-25 23:48:44.696 D/PlayerStatusRecorder( 2323): onActivityEvent ACTIVITY_STOP 
02-25 23:48:44.696 D/PlayerStatusRecorder( 2323): onActivityEvent ACTIVITY_DESTROYED 
02-25 23:48:44.696 D/PlayerStatusRecorder( 2323): onActivityEvent ACTIVITY_CREATED 
02-25 23:48:44.696 D/PlayerStatusRecorder( 2323): onActivityEvent ACTIVITY_RESUMED 
02-25 23:48:44.696 D/PlayerStatusRecorder( 2323): onActivityEvent ACTIVITY_CREATED 
02-25 23:48:44.696 D/PlayerStatusRecorder( 2323): onActivityEvent ACTIVITY_RESUMED 
02-25 23:48:44.696 D/PlayerStatusRecorder( 2323): onActivityEvent NETWORK_STATE_CHANGED 
02-25 23:48:44.696 D/PlayerStatusRecorder( 2323): onActivityEvent WINDOW_FOCUSED 
02-25 23:48:44.696 D/PlayerStatusRecorder( 2323): onActivityEvent ACTIVITY_PAUSED 
02-25 23:48:44.696 D/PlayerStatusRecorder( 2323): onActivityEvent WINDOW_FOCUSED 
02-25 23:48:44.696 D/PlayerStatusRecorder( 2323): onActivityEvent ACTIVITY_STOP 
02-25 23:48:44.696 D/PlayerStatusRecorder( 2323): onActivityEvent NETWORK_STATE_CHANGED 
02-25 23:48:44.696 D/PlayerStatusRecorder( 2323): onActivityEvent NETWORK_STATE_CHANGED 
02-25 23:48:44.696 D/PlayerStatusRecorder( 2323): onActivityEvent NETWORK_STATE_CHANGED 
02-25 23:48:44.696 D/PlayerStatusRecorder( 2323): onActivityEvent NETWORK_STATE_CHANGED 
02-25 23:48:44.696 D/PlayerStatusRecorder( 2323): onActivityEvent ACTIVITY_DESTROYED 
02-25 23:48:44.696 D/PlayerStatusRecorder( 2323): onActivityEvent ACTIVITY_CREATED 
02-25 23:48:44.696 D/PlayerStatusRecorder( 2323): onActivityEvent ACTIVITY_RESUMED 
02-25 23:48:44.696 D/PlayerStatusRecorder( 2323): onActivityEvent ACTIVITY_CREATED 
02-25 23:48:44.696 D/PlayerStatusRecorder( 2323): onActivityEvent ACTIVITY_RESUMED 
02-25 23:48:44.696 D/PlayerStatusRecorder( 2323): onActivityEvent NETWORK_STATE_CHANGED 
02-25 23:48:44.696 D/PlayerStatusRecorder( 2323): onActivityEvent WINDOW_FOCUSED 
02-25 23:48:44.696 D/PlayerStatusRecorder( 2323): onActivityEvent ACTIVITY_PAUSED 
02-25 23:48:44.696 D/PlayerStatusRecorder( 2323): onActivityEvent WINDOW_FOCUSED 
02-25 23:48:44.696 D/PlayerStatusRecorder( 2323): onActivityEvent ACTIVITY_STOP 
02-25 23:48:44.696 D/PlayerStatusRecorder( 2323): onActivityEvent NETWORK_STATE_CHANGED 
02-25 23:48:44.696 D/PlayerStatusRecorder( 2323): onActivityEvent NETWORK_STATE_CHANGED 
02-25 23:48:44.696 D/PlayerStatusRecorder( 2323): onActivityEvent ACTIVITY_DESTROYED 
02-25 23:48:44.696 D/PlayerStatusRecorder( 2323): onActivityEvent ACTIVITY_CREATED 
02-25 23:48:44.696 D/PlayerStatusRecorder( 2323): onActivityEvent ACTIVITY_RESUMED 
02-25 23:48:44.696 D/PlayerStatusRecorder( 2323): onActivityEvent ACTIVITY_CREATED 
02-25 23:48:44.696 D/PlayerStatusRecorder( 2323): onActivityEvent ACTIVITY_RESUMED 
02-25 23:48:44.696 D/PlayerStatusRecorder( 2323): onActivityEvent NETWORK_STATE_CHANGED 
02-25 23:48:44.696 D/PlayerStatusRecorder( 2323): onActivityEvent WINDOW_FOCUSED 
02-25 23:48:44.696 D/PlayerStatusRecorder( 2323): onActivityEvent ACTIVITY_PAUSED 
02-25 23:48:44.696 D/PlayerController[2efb4890]( 2323): getPosition() return 0 dump[788220048](mFirstStart=false, mTarget=2, mTargetPosition=-1, mFullscreenHintShown=false, mContinuePlaybackByUser=true, mPlayedAd=false, mPlayer=MoviePlayer@2dac9948, player type=-1)
02-25 23:48:44.697 I/MediaFocusControl( 1948):  AudioFocus  abandonAudioFocus() from android.media.AudioManager@2f000be0com.qiyi.video.player.BasePlayActivity$2@2dc7a210
02-25 23:48:44.698 V/Avrcp   ( 2030): New genId = 13, clearing = 1
02-25 23:48:44.747 D/PosterPage( 2257): [0;32;31m[main][com.huawei.mh2.launcher.page.o][onFocusChange][-1]:launcher:hasFocus=false [m
02-25 23:48:44.748 D/j       ( 2257): [0;32;31m[main][com.huawei.mh2.launcher.l][onGlobalFocusChanged][-1]:launcher:newFocus=com.huawei.mh2.launcher.a.n{2c944210 VFE...C. .FS..... 0,0-120,57 #7f0a0006 app:id/menu_title_home} [m
02-25 23:48:44.749 D/FrameworkPage( 2257): [0;32;31m[main][com.huawei.mh2.launcher.page.FrameworkPage][onFocusChange][-1]:launcher:v=com.huawei.mh2.launcher.a.n{2c944210 VFE...C. .FS...ID 0,0-120,57 #7f0a0006 app:id/menu_title_home} [m
02-25 23:48:44.750 D/j       ( 2257): [0;32;31m[main][net.sunniwell.ui.d][a][-1]:launcher:setDefaultFocus com.huawei.mh2.launcher.a.n{2c944210 VFE...C. .F....ID 0,0-120,57 #7f0a0006 app:id/menu_title_home} [m
02-25 23:48:44.751 D/j       ( 2257): [0;32;31m[main][net.sunniwell.ui.g][b][-1]:launcher:anchorView=com.huawei.mh2.launcher.a.n{2c944210 VFE...C. .F....ID 0,0-120,57 #7f0a0006 app:id/menu_title_home} [m
02-25 23:48:44.751 W/ContextImpl( 2257): Calling a method in the system process without a qualified user: android.app.ContextImpl.sendBroadcast:1168 android.content.ContextWrapper.sendBroadcast:365 android.app.ActivityThread.performResumeActivity:2785 android.app.ActivityThread.handleResumeActivity:2823 android.app.ActivityThread$H.handleMessage:1238 
02-25 23:48:44.752 I/j       ( 2257): [0;32;31m[main][net.sunniwell.ui.d][d][-1]:launcher:resume [m
02-25 23:48:44.754 D/j       ( 2257): [0;32;31m[main][net.sunniwell.ui.d][a][-1]:launcher:setDefaultFocus com.huawei.mh2.launcher.a.n{2c944210 VFE...C. .F....ID 0,0-120,57 #7f0a0006 app:id/menu_title_home} [m
02-25 23:48:44.755 D/j       ( 2257): [0;32;31m[main][net.sunniwell.ui.g][b][-1]:launcher:anchorView=com.huawei.mh2.launcher.a.n{2c944210 VFE...C. .F....ID 0,0-120,57 #7f0a0006 app:id/menu_title_home} [m
02-25 23:48:44.756 D/SettingsPage( 2257): [0;32;31m[main][com.huawei.mh2.launcher.page.SettingsPage][a][-1]:launcher:isLogin=false [m
02-25 23:48:44.768 W/InputMethodManagerService( 1948): Starting input on non-focused client com.android.internal.view.IInputMethodClient$Stub$Proxy@2cae9e10 (uid=10037 pid=2323)
02-25 23:48:44.770 D/p       ( 2257): [0;32;31m[main][com.huawei.mh2.launcher.p][getView][-1]:launcher:position=12 convertView=null [m
02-25 23:48:44.772 D/ImageLoader( 2257): Start display image task [http://pic3.ptqy.gitv.tv/image/20150215/41/2c/a_100010524_m_601_260_360.jpg_333x461]
02-25 23:48:44.773 D/ImageLoader( 2257): Load image from disc cache [http://pic3.ptqy.gitv.tv/image/20150215/41/2c/a_100010524_m_601_260_360.jpg_333x461]
02-25 23:48:44.799 D/ImageLoader( 2257): PreProcess image before caching in memory [http://pic3.ptqy.gitv.tv/image/20150215/41/2c/a_100010524_m_601_260_360.jpg_333x461]
02-25 23:48:44.799 D/ImageLoader( 2257): Cache image in memory [http://pic3.ptqy.gitv.tv/image/20150215/41/2c/a_100010524_m_601_260_360.jpg_333x461]
02-25 23:48:44.815 D/j       ( 2257): [0;32;31m[main][net.sunniwell.ui.g][b][-1]:launcher:offsetWidth=-225 offsetHeight=-428 resizeImmediate=true [m
02-25 23:48:44.817 D/j       ( 2257): [0;32;31m[main][net.sunniwell.ui.g][a][-1]:launcher:offsetLeft=-479 offsetTop=-176 moveImmediate=true [m
02-25 23:48:44.818 D/j       ( 2257): [0;32;31m[main][net.sunniwell.ui.d][a][-1]:launcher:immediate=true isChanged=true [m
02-25 23:48:44.819 D/j       ( 2257): [0;32;31m[main][com.huawei.mh2.launcher.j][a][-1]:launcher:changed=true [m
02-25 23:48:44.828 D/ImageLoader( 2257): Display image in ImageAware (loaded from DISC_CACHE) [http://pic3.ptqy.gitv.tv/image/20150215/41/2c/a_100010524_m_601_260_360.jpg_333x461]
02-25 23:48:44.829 D/com.qiyi.video.player.QiyiVideoPlayer@2efb46b0( 2323): onActivityEvent:WINDOW_FOCUSED
02-25 23:48:44.829 D/PlayerController[2efb4890]( 2323): onActivityEvent(WINDOW_FOCUSED)
02-25 23:48:44.830 D/PlayerOverlay( 2323): onActivityEvent: WINDOW_FOCUSED
02-25 23:48:44.830 D/Player/Pingback/PingbackSender( 2323): >> onActivityEvent(event:WINDOW_FOCUSED): now=22935005
02-25 23:48:44.832 D/j       ( 2257): [0;32;31m[main][net.sunniwell.ui.g][b][-1]:launcher:offsetWidth=0 offsetHeight=0 resizeImmediate=true [m
02-25 23:48:44.833 D/j       ( 2257): [0;32;31m[main][net.sunniwell.ui.g][a][-1]:launcher:offsetLeft=0 offsetTop=0 moveImmediate=true [m
02-25 23:48:44.834 D/j       ( 2257): [0;32;31m[main][net.sunniwell.ui.d][a][-1]:launcher:immediate=true isChanged=false [m
02-25 23:48:44.834 D/j       ( 2257): [0;32;31m[main][com.huawei.mh2.launcher.j][a][-1]:launcher:changed=false [m
02-25 23:48:44.848 D/MovieVideoView( 2323): surfaceDestroyed(android.view.SurfaceView$4@2c962f28)
02-25 23:48:44.863 D/BasePlayActivity( 2323): onStop()
02-25 23:48:44.864 D/com.qiyi.video.player.QiyiVideoPlayer@2efb46b0( 2323): onActivityEvent:ACTIVITY_STOP
02-25 23:48:44.864 D/PlayerController[2efb4890]( 2323): stop(true) dump[788220048](mFirstStart=false, mTarget=2, mTargetPosition=-1, mFullscreenHintShown=false, mContinuePlaybackByUser=true, mPlayedAd=false, mPlayer=MoviePlayer@2dac9948, player type=-1)
02-25 23:48:44.864 D/VideoProvider( 2323): stopLoad()
02-25 23:48:44.864 D/VideoLoader( 2323): cancelLoad() mFullLoading=true, mPreLoading=true
02-25 23:48:44.864 D/VideoProvider( 2323): releaseNextLoader() mNextLoader=null
02-25 23:48:44.864 D/Playlist( 2323): clearForReload()
02-25 23:48:44.864 D/MoviePlayer[2dac9948]( 2323): stop() MoviePlayer[2dac9948](mCurrentState=1, mTargetState=7, mNextVideoFilled=true, mSeekWhenInited=-1, mCurDefinition=-1, mSwitchingBitStream=false, mSwitchPlayerForDifBitStream=false, mSurfaceHolder=null, mPlayer=null, mVideo=VideoHolder@2dac9a40{video=null, from=-1, to=-1}, mNextVideo=VideoHolder@2dac9a58{video=null, from=-1, to=-1})
02-25 23:48:44.864 D/MoviePlayer[2dac9948]( 2323): release() MoviePlayer[2dac9948](mCurrentState=1, mTargetState=1, mNextVideoFilled=false, mSeekWhenInited=-1, mCurDefinition=-1, mSwitchingBitStream=false, mSwitchPlayerForDifBitStream=false, mSurfaceHolder=null, mPlayer=null, mVideo=VideoHolder@2dac9a40{video=null, from=-1, to=-1}, mNextVideo=VideoHolder@2dac9a58{video=null, from=-1, to=-1})
02-25 23:48:44.864 D/PlayerOverlay( 2323): hide()
02-25 23:48:44.864 I/AbsMenuPanel( 2323): hide
02-25 23:48:44.864 D/AbsMenuPanel( 2323): notifyVisibilityChange(false)
02-25 23:48:44.864 D/AbsPlayerOverlay( 2323): notifyMenuPanelVisibilityChange(false)
02-25 23:48:44.865 D/DispatcherCenter( 2323): onVisibilityChange(isVisible:false)
02-25 23:48:44.865 D/VideoProvider( 2323): getCurrent()
02-25 23:48:44.866 D/Playlist( 2323): getCurrent() return VideoHolder@2f15b220{episodeReady=false, historyReady=false, mListReady=false, mSourceStub=false, position=Position(albumIndex=-1, episodeIndex=-1), video=VideoItem@2eec4180{qpId=202509101, tvQid=349989700, vid=null, getType()=VIDEO, albumName=ä¸­å›½æ¢¦æƒ³ç§€ä¹‹æŠ˜çº¸ç‹‚äººç›¼åœ†å¦»å­ç¾Šé©¼ä¹‹æ¢¦, tvName=, isSeries()=true, sourceCode=202509101, playOrder=1, getAlbumSubName()=ä¸­å›½æ¢¦æƒ³ç§€ä¹‹æŠ˜çº¸ç‹‚äººç›¼åœ†å¦»å­ç¾Šé©¼ä¹‹æ¢¦, mIsVipAlbum=false, isPurchase()=false, isPreview=false, isExclusive()=false, isVertical=false, canDownload()=false, isDownload=0, tvPic=, issueTime=, playCount=, playLength=, tag=, cornerMark=CORNERMARK_NO, definition list=, default definition=null, channelId=6, channelName=, mIChannelId=null, startTime=0, endTime=0, headerTime=0, tailTime=0, tvCount=0, tvSets=0, playTime=-1, episodes=0, url=, m3u8Url = null, mRecommendationsFilled=false, mEndRecommendationsFilled=false, mVarietyName=null}}
02-25 23:48:44.867 D/PlayerController[2efb4890]( 2323): MenuPanel.onVisibilityChange(false): video=VideoItem@2eec4180{qpId=202509101, tvQid=349989700, vid=null, getType()=VIDEO, albumName=ä¸­å›½æ¢¦æƒ³ç§€ä¹‹æŠ˜çº¸ç‹‚äººç›¼åœ†å¦»å­ç¾Šé©¼ä¹‹æ¢¦, tvName=, isSeries()=true, sourceCode=202509101, playOrder=1, getAlbumSubName()=ä¸­å›½æ¢¦æƒ³ç§€ä¹‹æŠ˜çº¸ç‹‚äººç›¼åœ†å¦»å­ç¾Šé©¼ä¹‹æ¢¦, mIsVipAlbum=false, isPurchase()=false, isPreview=false, isExclusive()=false, isVertical=false, canDownload()=false, isDownload=0, tvPic=, issueTime=, playCount=, playLength=, tag=, cornerMark=CORNERMARK_NO, definition list=, default definition=null, channelId=6, channelName=, mIChannelId=null, startTime=0, endTime=0, headerTime=0, tailTime=0, tvCount=0, tvSets=0, playTime=-1, episodes=0, url=, m3u8Url = null, mRecommendationsFilled=false, mEndRecommendationsFilled=false, mVarietyName=null}, sourceType=OUTSIDE, isPlaylistReady=false
02-25 23:48:44.867 D/MediaControllerContainer( 2323): hideHeader()
02-25 23:48:44.867 D/MediaControllerOverlay( 2323): hideHeader() mShowHeader=false
02-25 23:48:44.867 D/MediaControllerOverlay( 2323): doHide() com.qiyi.video.project.configs.huawei.layout.HuaweiMediaControllerOverlay{2f07b1f0 G.E..... ......I. 0,0-0,0}[mState=0, mShowHeader=false, mBuffering=false, mTipShown=false, mSeeking=false, mIsFullScreen=true]
02-25 23:48:44.867 D/MediaControllerOverlay( 2323): clearHideViewMessageQueue()
02-25 23:48:44.868 D/TimedSeekBar( 2323): stopTipMode() mIsTipMode=false
02-25 23:48:44.868 D/TimedSeekBar( 2323): hide()
02-25 23:48:44.868 D/MediaControllerOverlay( 2323): hideView() Views[Adtime,VideoName,Systime,Pause,Seekbar,]
02-25 23:48:44.868 D/MediaControllerOverlay( 2323): tip view id:2131100038
02-25 23:48:44.868 D/CountDownView( 2323): hide()
02-25 23:48:44.868 D/MediaControllerContainer( 2323): hide()
02-25 23:48:44.868 D/MediaControllerOverlay( 2323): hide() com.qiyi.video.project.configs.huawei.layout.HuaweiMediaControllerOverlay{2f07b1f0 G.E..... ......I. 0,0-0,0}[mState=0, mShowHeader=false, mBuffering=false, mTipShown=false, mSeeking=false, mIsFullScreen=true]
02-25 23:48:44.869 D/MediaControllerOverlay( 2323): doHide() com.qiyi.video.project.configs.huawei.layout.HuaweiMediaControllerOverlay{2f07b1f0 G.E..... ......I. 0,0-0,0}[mState=0, mShowHeader=false, mBuffering=false, mTipShown=false, mSeeking=false, mIsFullScreen=true]
02-25 23:48:44.869 D/MediaControllerOverlay( 2323): clearHideViewMessageQueue()
02-25 23:48:44.869 D/TimedSeekBar( 2323): stopTipMode() mIsTipMode=false
02-25 23:48:44.869 D/TimedSeekBar( 2323): hide()
02-25 23:48:44.869 D/MediaControllerOverlay( 2323): hideView() Views[Adtime,VideoName,Systime,Pause,Seekbar,]
02-25 23:48:44.869 D/MediaControllerOverlay( 2323): tip view id:2131100038
02-25 23:48:44.869 D/CountDownView( 2323): hide()
02-25 23:48:44.869 D/PlayerController[2efb4890]( 2323): onActivityEvent(ACTIVITY_STOP)
02-25 23:48:44.869 D/PlayerOverlay( 2323): onActivityEvent: ACTIVITY_STOP
02-25 23:48:44.869 D/Player/Pingback/PingbackSender( 2323): >> onActivityEvent(event:ACTIVITY_STOP): now=22935044
02-25 23:48:44.870 D/DispatcherCenter( 2323): unregisterPlayer(MoviePlayer@2dac9948, player type=-1) mPlayer=MoviePlayer@2dac9948, player type=-1
02-25 23:48:44.870 D/AbsHybridPlayer[2dac9948]( 2323): setOnBitStreamChangedListener(null)
02-25 23:48:44.870 D/AbsHybridPlayer[2dac9948]( 2323): setOnBufferChangedListener(null)
02-25 23:48:44.870 D/AbsHybridPlayer[2dac9948]( 2323): setOnInfoListener(null)
02-25 23:48:44.870 D/AbsHybridPlayer[2dac9948]( 2323): setOnPlayNextListener(null)
02-25 23:48:44.871 D/AbsHybridPlayer[2dac9948]( 2323): setOnSeekChangedListener(null)
02-25 23:48:44.871 D/AbsHybridPlayer[2dac9948]( 2323): setOnStateChangedListener(null)
02-25 23:48:44.871 D/AbsHybridPlayer[2dac9948]( 2323): setOnSubtitleUpdateListener(null)
02-25 23:48:44.871 D/AbsHybridPlayer[2dac9948]( 2323): setOnVideoSizeChangedListener(null)
02-25 23:48:44.871 D/AbsHybridPlayer[2dac9948]( 2323): setOnCacheUpdateListener(null)
02-25 23:48:44.871 D/AbsHybridPlayer[2dac9948]( 2323): setOnPreprocessListener(null)
02-25 23:48:46.390 D/AndroidRuntime(14170): 
02-25 23:48:46.390 D/AndroidRuntime(14170): >>>>>> AndroidRuntime START com.android.internal.os.RuntimeInit <<<<<<
02-25 23:48:46.392 D/AndroidRuntime(14170): CheckJNI is OFF
02-25 23:48:46.401 I/dalvikvm(14170): DexOpt: mismatch dep signature for '/system/framework/android.policy.odex'
02-25 23:48:46.401 E/dalvikvm(14170): /system/framework/services.jar odex has stale dependencies
02-25 23:48:46.401 I/dalvikvm(14170): DexOpt: mismatch dep name: '/data/dalvik-cache/system@framework@services.jar@classes.dex' vs. '/system/framework/services.odex'
02-25 23:48:46.401 E/dalvikvm(14170): /system/framework/apache-xml.jar odex has stale dependencies
02-25 23:48:46.402 I/dalvikvm(14170): DexOpt: mismatch dep name: '/data/dalvik-cache/system@framework@services.jar@classes.dex' vs. '/system/framework/services.odex'
02-25 23:48:46.402 E/dalvikvm(14170): /system/framework/webviewchromium.jar odex has stale dependencies
02-25 23:48:46.409 D/dalvikvm(14170): Trying to load lib libjavacore.so 0x0
02-25 23:48:46.412 D/dalvikvm(14170): Added shared lib libjavacore.so 0x0
02-25 23:48:46.417 D/dalvikvm(14170): Trying to load lib libnativehelper.so 0x0
02-25 23:48:46.417 D/dalvikvm(14170): Added shared lib libnativehelper.so 0x0
02-25 23:48:46.417 D/dalvikvm(14170): No JNI_OnLoad found in libnativehelper.so 0x0, skipping init
02-25 23:48:46.435 I/dalvikvm(14170): DexOpt: mismatch dep name: '/data/dalvik-cache/system@framework@services.jar@classes.dex' vs. '/system/framework/services.odex'
02-25 23:48:46.435 E/dalvikvm(14170): /system/framework/input.jar odex has stale dependencies
02-25 23:48:46.458 D/dalvikvm(14170): Note: class Landroid/app/ActivityManagerNative; has 179 unimplemented (abstract) methods
02-25 23:48:46.646 E/memtrack(14170): Couldn't load memtrack module (No such file or directory)
02-25 23:48:46.646 E/android.os.Debug(14170): failed to load memtrack module: -2
02-25 23:48:46.649 I/EthernetJNI(14170): Loading ethernet jni class
02-25 23:48:46.717 D/AndroidRuntime(14170): Calling main entry com.android.commands.input.Input
02-25 23:48:46.719 I/Input   (14170): injectKeyEvent: KeyEvent { action=ACTION_DOWN, keyCode=KEYCODE_DPAD_RIGHT, scanCode=0, metaState=0, flags=0x0, repeatCount=0, eventTime=22936893, downTime=22936893, deviceId=-1, source=0x101 }
02-25 23:48:46.723 D/WindowManager( 1948): keyCode =22
02-25 23:48:46.723 D/WindowManager( 1948): isLockedAllKeys =0
02-25 23:48:46.723 D/WindowManager( 1948): isHandleHomeKey = 1
02-25 23:48:46.723 D/WindowManager( 1948): isHandlePowerKey ==1
02-25 23:48:46.724 D/WindowManager( 1948): isHandleSettingKey=1
02-25 23:48:46.724 D/WindowManager( 1948): handleSystemKey==1
02-25 23:48:46.725 D/WindowManager( 1948): send broadcast key press down
02-25 23:48:46.725 W/ContextImpl( 1948): Calling a method in the system process without a qualified user: android.app.ContextImpl.sendBroadcast:1168 com.android.internal.policy.impl.PhoneWindowManager.interceptKeyBeforeQueueing:4109 com.android.server.wm.InputMonitor.interceptKeyBeforeQueueing:357 com.android.server.input.InputManagerService.interceptKeyBeforeQueueing:1352 com.android.server.input.InputManagerService.nativeInjectInputEvent:-2 
02-25 23:48:46.728 D/MainActivity( 2257): [0;32;31m[main][com.huawei.mh2.launcher.MainActivity][dispatchKeyEvent][-1]:launcher:keycode=22 [m
02-25 23:48:46.730 D/j       ( 2257): [0;32;31m[main][com.huawei.mh2.launcher.l][onGlobalFocusChanged][-1]:launcher:newFocus=com.huawei.mh2.launcher.a.n{2c957d78 VFE...C. .F...... 160,0-285,57 #7f0a0007 app:id/menu_title_movie} [m
02-25 23:48:46.731 D/AudioPolicyManagerBase( 1406): startOutput() output 2, stream 1, session 262
02-25 23:48:46.731 D/AudioPolicyManagerBase( 1406): startoutput ->setOutputDevice
02-25 23:48:46.731 D/AudioPolicyManagerBase( 1406): AudioPolicyManagerBase::checkAndSetVolume 13,0.377113
02-25 23:48:46.732 I/Input   (14170): injectKeyEvent: KeyEvent { action=ACTION_UP, keyCode=KEYCODE_DPAD_RIGHT, scanCode=0, metaState=0, flags=0x0, repeatCount=0, eventTime=22936893, downTime=22936893, deviceId=-1, source=0x101 }
02-25 23:48:46.732 D/WindowManager( 1948): keyCode =22
02-25 23:48:46.732 D/WindowManager( 1948): isLockedAllKeys =0
02-25 23:48:46.732 D/WindowManager( 1948): isHandleHomeKey = 1
02-25 23:48:46.732 D/WindowManager( 1948): isHandlePowerKey ==1
02-25 23:48:46.732 D/WindowManager( 1948): isHandleSettingKey=1
02-25 23:48:46.732 D/WindowManager( 1948): handleSystemKey==1
02-25 23:48:46.732 D/j       ( 2257): [0;32;31m[main][net.sunniwell.ui.e][onGlobalFocusChanged][-1]:launcher:smoothMove [m
02-25 23:48:46.734 D/AndroidRuntime(14170): Shutting down VM
02-25 23:48:46.735 D/j       ( 2257): [0;32;31m[main][net.sunniwell.ui.g][a][-1]:launcher:anchorView=com.huawei.mh2.launcher.a.n{2c957d78 VFE...C. .F...... 160,0-285,57 #7f0a0007 app:id/menu_title_movie} [m
02-25 23:48:46.736 E/cutils-trace(14170): Error opening trace file: No such file or directory (2)
02-25 23:48:46.736 D/FrameworkPage( 2257): [0;32;31m[main][com.huawei.mh2.launcher.page.FrameworkPage][onFocusChange][-1]:launcher:v=com.huawei.mh2.launcher.a.n{2c957d78 VFE...C. .F....ID 160,0-285,57 #7f0a0007 app:id/menu_title_movie} [m
02-25 23:48:46.737 D/MainActivity( 2257): [0;32;31m[main][com.huawei.mh2.launcher.MainActivity][dispatchKeyEvent][-1]:launcher:keycode=22 [m
02-25 23:48:46.739 D/dalvikvm(14170): GC_CONCURRENT freed 98K, 16% free 566K/668K, paused 0ms+0ms, total 3ms
02-25 23:48:46.753 I/MyGallery( 2257): setMode 2
02-25 23:48:46.753 D/FrameworkPage( 2257): [0;32;31m[main][com.huawei.mh2.launcher.page.FrameworkPage][b][-1]:launcher:currentIndex=0 nextIndex=1 [m
02-25 23:48:46.754 D/j       ( 2257): [0;32;31m[main][net.sunniwell.ui.g][b][-1]:launcher:offsetWidth=5 offsetHeight=0 resizeImmediate=false [m
02-25 23:48:46.755 D/j       ( 2257): [0;32;31m[main][net.sunniwell.ui.g][a][-1]:launcher:offsetLeft=104 offsetTop=0 moveImmediate=false [m
02-25 23:48:46.755 D/j       ( 2257): [0;32;31m[main][net.sunniwell.ui.d][a][-1]:launcher:immediate=false isChanged=true [m
02-25 23:48:46.756 D/j       ( 2257): [0;32;31m[main][com.huawei.mh2.launcher.j][a][-1]:launcher:changed=true [m
02-25 23:48:46.768 D/j       ( 2257): [0;32;31m[main][net.sunniwell.ui.g][b][-1]:launcher:offsetWidth=0 offsetHeight=0 resizeImmediate=false [m
02-25 23:48:46.768 D/j       ( 2257): [0;32;31m[main][net.sunniwell.ui.g][a][-1]:launcher:offsetLeft=36 offsetTop=0 moveImmediate=false [m
02-25 23:48:46.769 D/j       ( 2257): [0;32;31m[main][net.sunniwell.ui.d][a][-1]:launcher:immediate=false isChanged=true [m
02-25 23:48:46.770 D/j       ( 2257): [0;32;31m[main][com.huawei.mh2.launcher.j][a][-1]:launcher:changed=true [m
02-25 23:48:46.782 D/j       ( 2257): [0;32;31m[main][net.sunniwell.ui.g][b][-1]:launcher:offsetWidth=0 offsetHeight=0 resizeImmediate=false [m
02-25 23:48:46.783 D/j       ( 2257): [0;32;31m[main][net.sunniwell.ui.g][a][-1]:launcher:offsetLeft=13 offsetTop=0 moveImmediate=false [m
02-25 23:48:46.784 D/j       ( 2257): [0;32;31m[main][net.sunniwell.ui.d][a][-1]:launcher:immediate=false isChanged=true [m
02-25 23:48:46.784 D/j       ( 2257): [0;32;31m[main][com.huawei.mh2.launcher.j][a][-1]:launcher:changed=true [m
02-25 23:48:46.799 D/j       ( 2257): [0;32;31m[main][net.sunniwell.ui.g][b][-1]:launcher:offsetWidth=0 offsetHeight=0 resizeImmediate=false [m
02-25 23:48:46.800 D/j       ( 2257): [0;32;31m[main][net.sunniwell.ui.g][a][-1]:launcher:offsetLeft=7 offsetTop=0 moveImmediate=false [m
02-25 23:48:46.801 D/j       ( 2257): [0;32;31m[main][net.sunniwell.ui.d][a][-1]:launcher:immediate=false isChanged=true [m
02-25 23:48:46.802 D/j       ( 2257): [0;32;31m[main][com.huawei.mh2.launcher.j][a][-1]:launcher:changed=true [m
02-25 23:48:46.819 I/MyGallery( 2257): setMode 5
02-25 23:48:46.819 D/j       ( 2257): [0;32;31m[main][net.sunniwell.ui.g][b][-1]:launcher:offsetWidth=0 offsetHeight=0 resizeImmediate=false [m
02-25 23:48:46.821 D/j       ( 2257): [0;32;31m[main][net.sunniwell.ui.g][a][-1]:launcher:offsetLeft=0 offsetTop=0 moveImmediate=false [m
02-25 23:48:46.822 D/j       ( 2257): [0;32;31m[main][net.sunniwell.ui.d][a][-1]:launcher:immediate=false isChanged=false [m
02-25 23:48:46.823 D/j       ( 2257): [0;32;31m[main][com.huawei.mh2.launcher.j][a][-1]:launcher:changed=false [m
02-25 23:48:46.823 D/FrameworkPage( 2257): [0;32;31m[main][com.huawei.mh2.launcher.page.FrameworkPage][a][-1]:launcher:currentIndex=0 nextIndex=1 [m
02-25 23:48:46.829 D/j       ( 2257): [0;32;31m[main][net.sunniwell.ui.g][a][-1]:launcher:anchorView=com.huawei.mh2.launcher.a.n{2c957d78 VFE...C. .F...... 160,0-285,57 #7f0a0007 app:id/menu_title_movie} [m
02-25 23:48:46.917 D/j       ( 2257): [0;32;31m[main][net.sunniwell.ui.g][b][-1]:launcher:offsetWidth=0 offsetHeight=0 resizeImmediate=false [m
02-25 23:48:46.918 D/j       ( 2257): [0;32;31m[main][net.sunniwell.ui.g][a][-1]:launcher:offsetLeft=0 offsetTop=0 moveImmediate=false [m
02-25 23:48:46.919 D/j       ( 2257): [0;32;31m[main][net.sunniwell.ui.d][a][-1]:launcher:immediate=false isChanged=false [m
02-25 23:48:46.920 D/j       ( 2257): [0;32;31m[main][com.huawei.mh2.launcher.j][a][-1]:launcher:changed=false [m
02-25 23:48:46.926 I/MyGallery( 2257): setMode 0
02-25 23:48:48.434 D/AndroidRuntime(14182): 
02-25 23:48:48.434 D/AndroidRuntime(14182): >>>>>> AndroidRuntime START com.android.internal.os.RuntimeInit <<<<<<
02-25 23:48:48.437 D/AndroidRuntime(14182): CheckJNI is OFF
02-25 23:48:48.446 I/dalvikvm(14182): DexOpt: mismatch dep signature for '/system/framework/android.policy.odex'
02-25 23:48:48.446 E/dalvikvm(14182): /system/framework/services.jar odex has stale dependencies
02-25 23:48:48.447 I/dalvikvm(14182): DexOpt: mismatch dep name: '/data/dalvik-cache/system@framework@services.jar@classes.dex' vs. '/system/framework/services.odex'
02-25 23:48:48.447 E/dalvikvm(14182): /system/framework/apache-xml.jar odex has stale dependencies
02-25 23:48:48.448 I/dalvikvm(14182): DexOpt: mismatch dep name: '/data/dalvik-cache/system@framework@services.jar@classes.dex' vs. '/system/framework/services.odex'
02-25 23:48:48.448 E/dalvikvm(14182): /system/framework/webviewchromium.jar odex has stale dependencies
02-25 23:48:48.456 D/dalvikvm(14182): Trying to load lib libjavacore.so 0x0
02-25 23:48:48.459 D/dalvikvm(14182): Added shared lib libjavacore.so 0x0
02-25 23:48:48.464 D/dalvikvm(14182): Trying to load lib libnativehelper.so 0x0
02-25 23:48:48.465 D/dalvikvm(14182): Added shared lib libnativehelper.so 0x0
02-25 23:48:48.465 D/dalvikvm(14182): No JNI_OnLoad found in libnativehelper.so 0x0, skipping init
02-25 23:48:48.483 I/dalvikvm(14182): DexOpt: mismatch dep name: '/data/dalvik-cache/system@framework@services.jar@classes.dex' vs. '/system/framework/services.odex'
02-25 23:48:48.484 E/dalvikvm(14182): /system/framework/input.jar odex has stale dependencies
02-25 23:48:48.487 E/cutils-trace(14182): Error opening trace file: No such file or directory (2)
02-25 23:48:48.509 D/dalvikvm(14182): Note: class Landroid/app/ActivityManagerNative; has 179 unimplemented (abstract) methods
02-25 23:48:48.725 I/System.out( 2323): D/(TVApi:1/4, id=156): Remote ip address: 106.120.150.37
02-25 23:48:48.725 I/System.out( 2323): D/(TVApi:1/4, id=156): Get Request
02-25 23:48:48.734 E/memtrack(14182): Couldn't load memtrack module (No such file or directory)
02-25 23:48:48.734 E/android.os.Debug(14182): failed to load memtrack module: -2
02-25 23:48:48.737 I/EthernetJNI(14182): Loading ethernet jni class
02-25 23:48:48.808 D/AndroidRuntime(14182): Calling main entry com.android.commands.input.Input
02-25 23:48:48.809 I/Input   (14182): injectKeyEvent: KeyEvent { action=ACTION_DOWN, keyCode=KEYCODE_DPAD_RIGHT, scanCode=0, metaState=0, flags=0x0, repeatCount=0, eventTime=22938984, downTime=22938984, deviceId=-1, source=0x101 }
02-25 23:48:48.814 D/WindowManager( 1948): keyCode =22
02-25 23:48:48.815 D/WindowManager( 1948): isLockedAllKeys =0
02-25 23:48:48.815 D/WindowManager( 1948): isHandleHomeKey = 1
02-25 23:48:48.815 D/WindowManager( 1948): isHandlePowerKey ==1
02-25 23:48:48.815 D/WindowManager( 1948): isHandleSettingKey=1
02-25 23:48:48.815 D/WindowManager( 1948): handleSystemKey==1
02-25 23:48:48.816 D/WindowManager( 1948): send broadcast key press down
02-25 23:48:48.816 W/ContextImpl( 1948): Calling a method in the system process without a qualified user: android.app.ContextImpl.sendBroadcast:1168 com.android.internal.policy.impl.PhoneWindowManager.interceptKeyBeforeQueueing:4109 com.android.server.wm.InputMonitor.interceptKeyBeforeQueueing:357 com.android.server.input.InputManagerService.interceptKeyBeforeQueueing:1352 com.android.server.input.InputManagerService.nativeInjectInputEvent:-2 
02-25 23:48:48.819 D/MainActivity( 2257): [0;32;31m[main][com.huawei.mh2.launcher.MainActivity][dispatchKeyEvent][-1]:launcher:keycode=22 [m
02-25 23:48:48.821 I/Input   (14182): injectKeyEvent: KeyEvent { action=ACTION_UP, keyCode=KEYCODE_DPAD_RIGHT, scanCode=0, metaState=0, flags=0x0, repeatCount=0, eventTime=22938984, downTime=22938984, deviceId=-1, source=0x101 }
02-25 23:48:48.821 D/WindowManager( 1948): keyCode =22
02-25 23:48:48.821 D/j       ( 2257): [0;32;31m[main][com.huawei.mh2.launcher.l][onGlobalFocusChanged][-1]:launcher:newFocus=com.huawei.mh2.launcher.a.n{2c9effc0 VFE...C. .F...... 320,0-380,57 #7f0a0008 app:id/menu_title_tv} [m
02-25 23:48:48.821 D/WindowManager( 1948): isLockedAllKeys =0
02-25 23:48:48.821 D/WindowManager( 1948): isHandleHomeKey = 1
02-25 23:48:48.821 D/WindowManager( 1948): isHandlePowerKey ==1
02-25 23:48:48.821 D/WindowManager( 1948): isHandleSettingKey=1
02-25 23:48:48.821 D/WindowManager( 1948): handleSystemKey==1
02-25 23:48:48.822 D/AudioPolicyManagerBase( 1406): startOutput() output 2, stream 1, session 263
02-25 23:48:48.822 D/AudioPolicyManagerBase( 1406): startoutput ->setOutputDevice
02-25 23:48:48.822 D/AudioPolicyManagerBase( 1406): AudioPolicyManagerBase::checkAndSetVolume 13,0.377113
02-25 23:48:48.823 D/j       ( 2257): [0;32;31m[main][net.sunniwell.ui.e][onGlobalFocusChanged][-1]:launcher:smoothMove [m
02-25 23:48:48.824 D/AndroidRuntime(14182): Shutting down VM
02-25 23:48:48.825 D/j       ( 2257): [0;32;31m[main][net.sunniwell.ui.g][a][-1]:launcher:anchorView=com.huawei.mh2.launcher.a.n{2c9effc0 VFE...C. .F...... 320,0-380,57 #7f0a0008 app:id/menu_title_tv} [m
02-25 23:48:48.826 D/FrameworkPage( 2257): [0;32;31m[main][com.huawei.mh2.launcher.page.FrameworkPage][onFocusChange][-1]:launcher:v=com.huawei.mh2.launcher.a.n{2c9effc0 VFE...C. .F....ID 320,0-380,57 #7f0a0008 app:id/menu_title_tv} [m
02-25 23:48:48.827 D/MainActivity( 2257): [0;32;31m[main][com.huawei.mh2.launcher.MainActivity][dispatchKeyEvent][-1]:launcher:keycode=22 [m
02-25 23:48:48.830 D/dalvikvm(14182): GC_CONCURRENT freed 98K, 16% free 566K/668K, paused 0ms+1ms, total 3ms
02-25 23:48:48.839 I/MyGallery( 2257): setMode 2
02-25 23:48:48.840 D/FrameworkPage( 2257): [0;32;31m[main][com.huawei.mh2.launcher.page.FrameworkPage][b][-1]:launcher:currentIndex=1 nextIndex=2 [m
02-25 23:48:48.840 D/j       ( 2257): [0;32;31m[main][net.sunniwell.ui.g][b][-1]:launcher:offsetWidth=-43 offsetHeight=0 resizeImmediate=false [m
02-25 23:48:48.841 D/j       ( 2257): [0;32;31m[main][net.sunniwell.ui.g][a][-1]:launcher:offsetLeft=104 offsetTop=0 moveImmediate=false [m
02-25 23:48:48.842 D/j       ( 2257): [0;32;31m[main][net.sunniwell.ui.d][a][-1]:launcher:immediate=false isChanged=true [m
02-25 23:48:48.843 D/j       ( 2257): [0;32;31m[main][com.huawei.mh2.launcher.j][a][-1]:launcher:changed=true [m
02-25 23:48:48.852 I/System.out( 2323): D/(TVApi:1/4, id=156,ä¸“è¾‘è¯¦æƒ…,t=6217ms): response is {"data":{"qpId":202509101,"name":"ä¸­å›½æ¢¦æƒ³ç§€ç¬¬9å­£","type":0,"focus":"ä¸­å›½æ¢¦æƒ³ç§€ç¬¬9å­£","tvFocus":"æŠ˜çº¸ç‹‚äººç›¼åœ†å¦»å­ç¾Šé©¼ä¹‹æ¢¦ å•äº²é†’ç‹®å›¢å®šä½äººç”Ÿ","pic":"http://pic8.ptqy.gitv.tv/image/20150225/54/4c/v_108966887_m_601_m1.jpg","tvPic":"","score":"10.0","isSeries":1,"tag":"å›½è¯­,å†…åœ°,çœŸäººç§€","exclusive":0,"sourceCode":"202509101","is3D":0,"tvsets":0,"order":0,"time":"20150225","tvCount":1,"stream":"600,300,jisu,1080p,720p","isPurchase":0,"tvQId":349989700,"vid":"256c33c045d36a7126ce1db2c37c0167","len":1445,"tvName":"æŠ˜çº¸ç‹‚äººç›¼åœ†å¦»å­ç¾Šé©¼ä¹‹æ¢¦ å•äº²é†’ç‹®å›¢å®šä½äººç”Ÿ","chnId":6,"chnName":"ç»¼è‰º","initIssueTime":"2015-02-25 22:10:46","cast":{"composer":"","host":"å‘¨ç«‹æ³¢","dubber":"","maker":"","songWriter":"","producer":"","star":"ä½™æ«,åˆ˜é›¨æ¬£","guest":"ä½™æ«,åˆ˜é›¨æ¬£","mainActor":"å‘¨ç«‹æ³¢","actor":"ä½™æ«,åˆ˜é›¨æ¬£","director":"","writer":""},"vidl":[{"vd":"720P","vid":"256c33c045d36a7126ce1db2c37c0167"},{"vd":"jisu","vid":"4ed18e53b9ac4bac048fe75a16849942"},{"vd":"600","vid":"560816fee0812e9d2c414f0a0e95bf70"},{"vd":"300","vid":"949ee728ae9cb1c711abd02a35d1a27e"},{"vd":"1080P","vid":"f546b6a3c5c4fd9cde04cc35c235e919"}],"pCount":"41499","desc":"ä¸­å›½æ¢¦æƒ³ç§€20150225ï¼ŒæŠ˜çº¸äººäººéƒ½ä¼šï¼Œè¿‘å¹´æ¥çº¸æ¨¡ä¹Ÿè¶Šå‘æµè¡Œï¼Œä½†æ˜¯ä»…ç”¨ä¸€å¼ çº¸å°±èƒ½å¤ŸæŠ˜å‡ºä¸€ä¸ªå¤§åƒä¸–ç•Œçš„äººå´å¹¶ä¸å¸¸è§ã€‚ç¬¬ä¹å­£ã€Šä¸­å›½æ¢¦æƒ³ç§€ã€‹ç¬¬ä¸€æœŸçš„è¿½æ¢¦äººåˆ˜é€šå°±è®©è§‚ä¼—ä»¬è§è¯†åˆ°äº†ä»–çš„ä¸€çº¸ä¹¾å¤ã€‚å¤§è±¡ã€çŠ€ç‰›ã€æˆ˜é©¬ã€ç©¿å±±ç”²â€¦â€¦å¦‚æœä¸æ˜¯äº²çœ¼è§åˆ°ï¼Œå¾ˆéš¾æƒ³è±¡è¿™äº›åŠ¨ç‰©èƒ½å¤Ÿä»…ç”¨ä¸€å¼ æ­£æ–¹å½¢çš„çº¸åœ¨ä¸å‰ªä¸è£çš„æƒ…å†µä¸‹å°±è¢«æŠ˜å‡ºæ¥ï¼Œå¹¶ä¸”è¿˜éƒ½æ ©æ ©å¦‚ç”Ÿã€‚è¿½æ¢¦äººåˆ˜é€šæ˜¯ä¸€ä½æŠ˜çº¸çˆ±å¥½è€…ï¼Œç†ç§‘å‡ºèº«çš„ä»–ï¼Œå°†æŠ˜çº¸ä¸æ•°å­¦è¿ç®—ç›¸ç»“åˆï¼Œè¿ç”¨æ•°å­¦åŸç†è¿ç®—ï¼Œå°†ä¸€å¼ çº¸è¿›è¡Œäº†åˆç†çš„åˆ†é…ï¼Œä»è€ŒæŠ˜å‡ºå„ç§åƒå˜ä¸‡åŒ–çš„å®ç‰©ã€‚åˆ˜é€šçš„æŠ˜çº¸ä½œå“åœ¨ä¸–ç•Œå„åœ°åšç‰©é¦†éƒ½æœ‰æ”¶è—ï¼Œ2015å¹´åœ¨ç±³å…°ä¸¾è¡Œçš„ä¸–åšä¼šä¸Šï¼Œä»–è¿˜è¢«é‚€è¯·ä½œä¸ºç‰¹é‚€è®¾è®¡å¸ˆã€‚\r\nã€‚","key":"ä¸­å›½æ¢¦æƒ³ç§€ç¬¬9å­£","isDownload":1,"effective":1,"contentType":1},"code":"N000000","msg":""}
