--------- beginning of /dev/log/main
02-25 23:50:11.639 D/Player/PlayerView/LoadingView( 2323): update speed: bitsPerSec=0
02-25 23:50:12.049 E/VPP_DLNA_LOG( 2814): [VPPDLNA]:SSDP recvd bad msg code = 1
02-25 23:50:12.050 E/VPP_DLNA_LOG( 2814): [VPPDLNA]:SSDP recvd bad msg code = 1
02-25 23:50:12.052 E/VPP_DLNA_LOG( 2814): [VPPDLNA]:SSDP recvd bad msg code = 1
02-25 23:50:12.150 E/VPP_DLNA_LOG( 2814): [VPPDLNA]:SSDP recvd bad msg code = 1
02-25 23:50:12.152 E/VPP_DLNA_LOG( 2814): [VPPDLNA]:SSDP recvd bad msg code = 1
02-25 23:50:12.154 E/VPP_DLNA_LOG( 2814): [VPPDLNA]:SSDP recvd bad msg code = 1
02-25 23:50:12.639 D/Player/PlayerView/LoadingView( 2323): update speed: bitsPerSec=0
02-25 23:50:12.890 D/AndroidRuntime(14236): 
02-25 23:50:12.890 D/AndroidRuntime(14236): >>>>>> AndroidRuntime START com.android.internal.os.RuntimeInit <<<<<<
02-25 23:50:12.892 D/AndroidRuntime(14236): CheckJNI is OFF
02-25 23:50:12.901 I/dalvikvm(14236): DexOpt: mismatch dep signature for '/system/framework/android.policy.odex'
02-25 23:50:12.901 E/dalvikvm(14236): /system/framework/services.jar odex has stale dependencies
02-25 23:50:12.901 I/dalvikvm(14236): DexOpt: mismatch dep name: '/data/dalvik-cache/system@framework@services.jar@classes.dex' vs. '/system/framework/services.odex'
02-25 23:50:12.901 E/dalvikvm(14236): /system/framework/apache-xml.jar odex has stale dependencies
02-25 23:50:12.902 I/dalvikvm(14236): DexOpt: mismatch dep name: '/data/dalvik-cache/system@framework@services.jar@classes.dex' vs. '/system/framework/services.odex'
02-25 23:50:12.902 E/dalvikvm(14236): /system/framework/webviewchromium.jar odex has stale dependencies
02-25 23:50:12.909 D/dalvikvm(14236): Trying to load lib libjavacore.so 0x0
02-25 23:50:12.912 D/dalvikvm(14236): Added shared lib libjavacore.so 0x0
02-25 23:50:12.917 D/dalvikvm(14236): Trying to load lib libnativehelper.so 0x0
02-25 23:50:12.917 D/dalvikvm(14236): Added shared lib libnativehelper.so 0x0
02-25 23:50:12.917 D/dalvikvm(14236): No JNI_OnLoad found in libnativehelper.so 0x0, skipping init
02-25 23:50:12.935 I/dalvikvm(14236): DexOpt: mismatch dep name: '/data/dalvik-cache/system@framework@services.jar@classes.dex' vs. '/system/framework/services.odex'
02-25 23:50:12.935 E/dalvikvm(14236): /system/framework/input.jar odex has stale dependencies
02-25 23:50:12.938 E/cutils-trace(14236): Error opening trace file: No such file or directory (2)
02-25 23:50:12.958 D/dalvikvm(14236): Note: class Landroid/app/ActivityManagerNative; has 179 unimplemented (abstract) methods
02-25 23:50:13.146 E/memtrack(14236): Couldn't load memtrack module (No such file or directory)
02-25 23:50:13.146 E/android.os.Debug(14236): failed to load memtrack module: -2
02-25 23:50:13.148 I/EthernetJNI(14236): Loading ethernet jni class
02-25 23:50:13.216 D/AndroidRuntime(14236): Calling main entry com.android.commands.input.Input
02-25 23:50:13.218 I/Input   (14236): injectKeyEvent: KeyEvent { action=ACTION_DOWN, keyCode=KEYCODE_DPAD_DOWN, scanCode=0, metaState=0, flags=0x0, repeatCount=0, eventTime=23023392, downTime=23023392, deviceId=-1, source=0x101 }
02-25 23:50:13.222 D/WindowManager( 1948): keyCode =20
02-25 23:50:13.222 D/WindowManager( 1948): isLockedAllKeys =0
02-25 23:50:13.222 D/WindowManager( 1948): isHandleHomeKey = 1
02-25 23:50:13.222 D/WindowManager( 1948): isHandlePowerKey ==1
02-25 23:50:13.223 D/WindowManager( 1948): isHandleSettingKey=1
02-25 23:50:13.223 D/WindowManager( 1948): handleSystemKey==1
02-25 23:50:13.224 D/WindowManager( 1948): send broadcast key press down
--------- beginning of /dev/log/system
02-25 23:50:13.224 W/ContextImpl( 1948): Calling a method in the system process without a qualified user: android.app.ContextImpl.sendBroadcast:1168 com.android.internal.policy.impl.PhoneWindowManager.interceptKeyBeforeQueueing:4109 com.android.server.wm.InputMonitor.interceptKeyBeforeQueueing:357 com.android.server.input.InputManagerService.interceptKeyBeforeQueueing:1352 com.android.server.input.InputManagerService.nativeInjectInputEvent:-2 
02-25 23:50:13.228 D/MainActivity( 2257): [0;32;31m[main][com.huawei.mh2.launcher.MainActivity][dispatchKeyEvent][-1]:launcher:keycode=20 [m
02-25 23:50:13.229 I/Input   (14236): injectKeyEvent: KeyEvent { action=ACTION_UP, keyCode=KEYCODE_DPAD_DOWN, scanCode=0, metaState=0, flags=0x0, repeatCount=0, eventTime=23023392, downTime=23023392, deviceId=-1, source=0x101 }
02-25 23:50:13.229 D/WindowManager( 1948): keyCode =20
02-25 23:50:13.229 D/WindowManager( 1948): isLockedAllKeys =0
02-25 23:50:13.229 D/WindowManager( 1948): isHandleHomeKey = 1
02-25 23:50:13.229 D/WindowManager( 1948): isHandlePowerKey ==1
02-25 23:50:13.229 D/WindowManager( 1948): isHandleSettingKey=1
02-25 23:50:13.229 D/WindowManager( 1948): handleSystemKey==1
02-25 23:50:13.230 D/j       ( 2257): [0;32;31m[main][com.huawei.mh2.launcher.l][onGlobalFocusChanged][-1]:launcher:newFocus=com.huawei.mh2.launcher.a.s{2d4a63e8 VFE..... .FS..... 840,75-1181,544} [m
02-25 23:50:13.230 D/AudioPolicyManagerBase( 1406): startOutput() output 2, stream 1, session 265
02-25 23:50:13.230 D/AudioPolicyManagerBase( 1406): startoutput ->setOutputDevice
02-25 23:50:13.230 D/AudioPolicyManagerBase( 1406): AudioPolicyManagerBase::checkAndSetVolume 13,0.377113
02-25 23:50:13.232 D/AndroidRuntime(14236): Shutting down VM
02-25 23:50:13.232 D/j       ( 2257): [0;32;31m[main][net.sunniwell.ui.e][onGlobalFocusChanged][-1]:launcher:smoothMove [m
02-25 23:50:13.234 D/j       ( 2257): [0;32;31m[main][net.sunniwell.ui.g][a][-1]:launcher:anchorView=com.huawei.mh2.launcher.a.s{2d4a63e8 VFE..... .FS..... 840,75-1181,544} [m
02-25 23:50:13.236 D/PosterPage( 2257): [0;32;31m[main][com.huawei.mh2.launcher.page.o][onFocusChange][-1]:launcher:hasFocus=true [m
02-25 23:50:13.237 D/dalvikvm(14236): GC_CONCURRENT freed 98K, 16% free 566K/668K, paused 1ms+0ms, total 3ms
02-25 23:50:13.237 D/MainActivity( 2257): [0;32;31m[main][com.huawei.mh2.launcher.MainActivity][dispatchKeyEvent][-1]:launcher:keycode=20 [m
02-25 23:50:13.242 D/ImageLoader( 2257): Load image from memory cache [http://pic3.ptqy.gitv.tv/image/20150215/41/2c/a_100010524_m_601_260_360.jpg_333x461]
02-25 23:50:13.245 D/p       ( 2257): [0;32;31m[main][com.huawei.mh2.launcher.p][getView][-1]:launcher:position=12 convertView=null [m
02-25 23:50:13.273 D/j       ( 2257): [0;32;31m[main][net.sunniwell.ui.g][b][-1]:launcher:offsetWidth=146 offsetHeight=278 resizeImmediate=false [m
02-25 23:50:13.274 D/j       ( 2257): [0;32;31m[main][net.sunniwell.ui.g][a][-1]:launcher:offsetLeft=317 offsetTop=124 moveImmediate=false [m
02-25 23:50:13.276 D/j       ( 2257): [0;32;31m[main][net.sunniwell.ui.d][a][-1]:launcher:immediate=false isChanged=true [m
02-25 23:50:13.277 D/j       ( 2257): [0;32;31m[main][com.huawei.mh2.launcher.j][a][-1]:launcher:changed=true [m
02-25 23:50:13.286 D/j       ( 2257): [0;32;31m[main][net.sunniwell.ui.g][b][-1]:launcher:offsetWidth=51 offsetHeight=97 resizeImmediate=false [m
02-25 23:50:13.287 D/j       ( 2257): [0;32;31m[main][net.sunniwell.ui.g][a][-1]:launcher:offsetLeft=111 offsetTop=44 moveImmediate=false [m
02-25 23:50:13.288 D/j       ( 2257): [0;32;31m[main][net.sunniwell.ui.d][a][-1]:launcher:immediate=false isChanged=true [m
02-25 23:50:13.289 D/j       ( 2257): [0;32;31m[main][com.huawei.mh2.launcher.j][a][-1]:launcher:changed=true [m
02-25 23:50:13.305 D/j       ( 2257): [0;32;31m[main][net.sunniwell.ui.g][b][-1]:launcher:offsetWidth=18 offsetHeight=34 resizeImmediate=false [m
02-25 23:50:13.306 D/j       ( 2257): [0;32;31m[main][net.sunniwell.ui.g][a][-1]:launcher:offsetLeft=39 offsetTop=15 moveImmediate=false [m
02-25 23:50:13.308 D/j       ( 2257): [0;32;31m[main][net.sunniwell.ui.d][a][-1]:launcher:immediate=false isChanged=true [m
02-25 23:50:13.309 D/j       ( 2257): [0;32;31m[main][com.huawei.mh2.launcher.j][a][-1]:launcher:changed=true [m
02-25 23:50:13.318 D/j       ( 2257): [0;32;31m[main][net.sunniwell.ui.g][b][-1]:launcher:offsetWidth=6 offsetHeight=12 resizeImmediate=false [m
02-25 23:50:13.319 D/j       ( 2257): [0;32;31m[main][net.sunniwell.ui.g][a][-1]:launcher:offsetLeft=13 offsetTop=5 moveImmediate=false [m
02-25 23:50:13.320 D/j       ( 2257): [0;32;31m[main][net.sunniwell.ui.d][a][-1]:launcher:immediate=false isChanged=true [m
02-25 23:50:13.321 D/j       ( 2257): [0;32;31m[main][com.huawei.mh2.launcher.j][a][-1]:launcher:changed=true [m
02-25 23:50:13.336 D/j       ( 2257): [0;32;31m[main][net.sunniwell.ui.g][b][-1]:launcher:offsetWidth=4 offsetHeight=7 resizeImmediate=false [m
02-25 23:50:13.337 D/j       ( 2257): [0;32;31m[main][net.sunniwell.ui.g][a][-1]:launcher:offsetLeft=-1 offsetTop=-8 moveImmediate=false [m
02-25 23:50:13.338 D/j       ( 2257): [0;32;31m[main][net.sunniwell.ui.d][a][-1]:launcher:immediate=false isChanged=true [m
02-25 23:50:13.339 D/j       ( 2257): [0;32;31m[main][com.huawei.mh2.launcher.j][a][-1]:launcher:changed=true [m
02-25 23:50:13.357 D/j       ( 2257): [0;32;31m[main][net.sunniwell.ui.g][b][-1]:launcher:offsetWidth=0 offsetHeight=0 resizeImmediate=false [m
02-25 23:50:13.358 D/j       ( 2257): [0;32;31m[main][net.sunniwell.ui.g][a][-1]:launcher:offsetLeft=0 offsetTop=-4 moveImmediate=false [m
02-25 23:50:13.359 D/j       ( 2257): [0;32;31m[main][net.sunniwell.ui.d][a][-1]:launcher:immediate=false isChanged=true [m
02-25 23:50:13.360 D/j       ( 2257): [0;32;31m[main][com.huawei.mh2.launcher.j][a][-1]:launcher:changed=true [m
02-25 23:50:13.377 D/j       ( 2257): [0;32;31m[main][net.sunniwell.ui.g][b][-1]:launcher:offsetWidth=0 offsetHeight=0 resizeImmediate=false [m
02-25 23:50:13.378 D/j       ( 2257): [0;32;31m[main][net.sunniwell.ui.g][a][-1]:launcher:offsetLeft=0 offsetTop=0 moveImmediate=false [m
02-25 23:50:13.379 D/j       ( 2257): [0;32;31m[main][net.sunniwell.ui.d][a][-1]:launcher:immediate=false isChanged=false [m
02-25 23:50:13.380 D/j       ( 2257): [0;32;31m[main][com.huawei.mh2.launcher.j][a][-1]:launcher:changed=false [m
02-25 23:50:13.639 D/Player/PlayerView/LoadingView( 2323): update speed: bitsPerSec=0
02-25 23:50:13.914 I/HiRMService( 2269):  ***** changeStats = 0
02-25 23:50:14.059 D/ImageLoader( 2257): Load image from memory cache [http://pic3.ptqy.gitv.tv/image/20150215/41/2c/a_100010524_m_601_260_360.jpg_333x461]
02-25 23:50:14.062 D/p       ( 2257): [0;32;31m[main][com.huawei.mh2.launcher.p][getView][-1]:launcher:position=12 convertView=null [m
02-25 23:50:14.078 D/j       ( 2257): [0;32;31m[main][net.sunniwell.ui.g][a][-1]:launcher:anchorView=com.huawei.mh2.launcher.a.s{2d4a63e8 VFE..... .FS...ID 840,75-1181,544} [m
02-25 23:50:14.158 D/j       ( 2257): [0;32;31m[main][net.sunniwell.ui.g][b][-1]:launcher:offsetWidth=0 offsetHeight=0 resizeImmediate=false [m
02-25 23:50:14.159 D/j       ( 2257): [0;32;31m[main][net.sunniwell.ui.g][a][-1]:launcher:offsetLeft=0 offsetTop=0 moveImmediate=false [m
02-25 23:50:14.160 D/j       ( 2257): [0;32;31m[main][net.sunniwell.ui.d][a][-1]:launcher:immediate=false isChanged=false [m
02-25 23:50:14.161 D/j       ( 2257): [0;32;31m[main][com.huawei.mh2.launcher.j][a][-1]:launcher:changed=false [m
02-25 23:50:14.639 D/Player/PlayerView/LoadingView( 2323): update speed: bitsPerSec=0
02-25 23:50:14.929 D/AndroidRuntime(14250): 
02-25 23:50:14.929 D/AndroidRuntime(14250): >>>>>> AndroidRuntime START com.android.internal.os.RuntimeInit <<<<<<
02-25 23:50:14.932 D/AndroidRuntime(14250): CheckJNI is OFF
02-25 23:50:14.940 I/dalvikvm(14250): DexOpt: mismatch dep signature for '/system/framework/android.policy.odex'
02-25 23:50:14.941 E/dalvikvm(14250): /system/framework/services.jar odex has stale dependencies
02-25 23:50:14.941 I/dalvikvm(14250): DexOpt: mismatch dep name: '/data/dalvik-cache/system@framework@services.jar@classes.dex' vs. '/system/framework/services.odex'
02-25 23:50:14.942 E/dalvikvm(14250): /system/framework/apache-xml.jar odex has stale dependencies
02-25 23:50:14.942 I/dalvikvm(14250): DexOpt: mismatch dep name: '/data/dalvik-cache/system@framework@services.jar@classes.dex' vs. '/system/framework/services.odex'
02-25 23:50:14.943 E/dalvikvm(14250): /system/framework/webviewchromium.jar odex has stale dependencies
02-25 23:50:14.950 D/dalvikvm(14250): Trying to load lib libjavacore.so 0x0
02-25 23:50:14.953 D/dalvikvm(14250): Added shared lib libjavacore.so 0x0
02-25 23:50:14.958 D/dalvikvm(14250): Trying to load lib libnativehelper.so 0x0
02-25 23:50:14.958 D/dalvikvm(14250): Added shared lib libnativehelper.so 0x0
02-25 23:50:14.959 D/dalvikvm(14250): No JNI_OnLoad found in libnativehelper.so 0x0, skipping init
02-25 23:50:14.977 I/dalvikvm(14250): DexOpt: mismatch dep name: '/data/dalvik-cache/system@framework@services.jar@classes.dex' vs. '/system/framework/services.odex'
02-25 23:50:14.977 E/dalvikvm(14250): /system/framework/input.jar odex has stale dependencies
02-25 23:50:14.980 E/cutils-trace(14250): Error opening trace file: No such file or directory (2)
02-25 23:50:15.001 D/dalvikvm(14250): Note: class Landroid/app/ActivityManagerNative; has 179 unimplemented (abstract) methods
02-25 23:50:15.190 E/memtrack(14250): Couldn't load memtrack module (No such file or directory)
02-25 23:50:15.190 E/android.os.Debug(14250): failed to load memtrack module: -2
02-25 23:50:15.193 I/EthernetJNI(14250): Loading ethernet jni class
02-25 23:50:15.262 D/AndroidRuntime(14250): Calling main entry com.android.commands.input.Input
02-25 23:50:15.263 I/Input   (14250): injectKeyEvent: KeyEvent { action=ACTION_DOWN, keyCode=KEYCODE_DPAD_UP, scanCode=0, metaState=0, flags=0x0, repeatCount=0, eventTime=23025437, downTime=23025437, deviceId=-1, source=0x101 }
02-25 23:50:15.268 D/WindowManager( 1948): keyCode =19
02-25 23:50:15.268 D/WindowManager( 1948): isLockedAllKeys =0
02-25 23:50:15.268 D/WindowManager( 1948): isHandleHomeKey = 1
02-25 23:50:15.268 D/WindowManager( 1948): isHandlePowerKey ==1
02-25 23:50:15.268 D/WindowManager( 1948): isHandleSettingKey=1
02-25 23:50:15.268 D/WindowManager( 1948): handleSystemKey==1
02-25 23:50:15.269 D/WindowManager( 1948): send broadcast key press down
02-25 23:50:15.269 W/ContextImpl( 1948): Calling a method in the system process without a qualified user: android.app.ContextImpl.sendBroadcast:1168 com.android.internal.policy.impl.PhoneWindowManager.interceptKeyBeforeQueueing:4109 com.android.server.wm.InputMonitor.interceptKeyBeforeQueueing:357 com.android.server.input.InputManagerService.interceptKeyBeforeQueueing:1352 com.android.server.input.InputManagerService.nativeInjectInputEvent:-2 
02-25 23:50:15.273 D/MainActivity( 2257): [0;32;31m[main][com.huawei.mh2.launcher.MainActivity][dispatchKeyEvent][-1]:launcher:keycode=19 [m
02-25 23:50:15.275 I/Input   (14250): injectKeyEvent: KeyEvent { action=ACTION_UP, keyCode=KEYCODE_DPAD_UP, scanCode=0, metaState=0, flags=0x0, repeatCount=0, eventTime=23025437, downTime=23025437, deviceId=-1, source=0x101 }
02-25 23:50:15.276 D/WindowManager( 1948): keyCode =19
02-25 23:50:15.276 D/PosterPage( 2257): [0;32;31m[main][com.huawei.mh2.launcher.page.o][onFocusChange][-1]:launcher:hasFocus=false [m
02-25 23:50:15.276 D/WindowManager( 1948): isLockedAllKeys =0
02-25 23:50:15.276 D/WindowManager( 1948): isHandleHomeKey = 1
02-25 23:50:15.276 D/WindowManager( 1948): isHandlePowerKey ==1
02-25 23:50:15.276 D/WindowManager( 1948): isHandleSettingKey=1
02-25 23:50:15.276 D/WindowManager( 1948): handleSystemKey==1
02-25 23:50:15.277 D/ImageLoader( 2257): Load image from memory cache [http://pic3.ptqy.gitv.tv/image/20150215/41/2c/a_100010524_m_601_260_360.jpg_333x461]
02-25 23:50:15.277 D/AudioPolicyManagerBase( 1406): startOutput() output 2, stream 1, session 266
02-25 23:50:15.277 D/AudioPolicyManagerBase( 1406): startoutput ->setOutputDevice
02-25 23:50:15.277 D/AudioPolicyManagerBase( 1406): AudioPolicyManagerBase::checkAndSetVolume 13,0.377113
02-25 23:50:15.278 D/j       ( 2257): [0;32;31m[main][com.huawei.mh2.launcher.l][onGlobalFocusChanged][-1]:launcher:newFocus=com.huawei.mh2.launcher.a.n{2c944210 VFE...C. .FS..... 0,0-120,57 #7f0a0006 app:id/menu_title_home} [m
02-25 23:50:15.279 D/j       ( 2257): [0;32;31m[main][net.sunniwell.ui.e][onGlobalFocusChanged][-1]:launcher:smoothMove [m
02-25 23:50:15.280 D/j       ( 2257): [0;32;31m[main][net.sunniwell.ui.g][a][-1]:launcher:anchorView=com.huawei.mh2.launcher.a.n{2c944210 VFE...C. .FS..... 0,0-120,57 #7f0a0006 app:id/menu_title_home} [m
02-25 23:50:15.281 D/FrameworkPage( 2257): [0;32;31m[main][com.huawei.mh2.launcher.page.FrameworkPage][onFocusChange][-1]:launcher:v=com.huawei.mh2.launcher.a.n{2c944210 VFE...C. .FS...ID 0,0-120,57 #7f0a0006 app:id/menu_title_home} [m
02-25 23:50:15.283 D/p       ( 2257): [0;32;31m[main][com.huawei.mh2.launcher.p][getView][-1]:launcher:position=12 convertView=null [m
02-25 23:50:15.294 D/AndroidRuntime(14250): Shutting down VM
02-25 23:50:15.295 D/MainActivity( 2257): [0;32;31m[main][com.huawei.mh2.launcher.MainActivity][dispatchKeyEvent][-1]:launcher:keycode=19 [m
02-25 23:50:15.299 D/dalvikvm(14250): GC_CONCURRENT freed 98K, 16% free 566K/668K, paused 1ms+1ms, total 4ms
02-25 23:50:15.301 D/j       ( 2257): [0;32;31m[main][net.sunniwell.ui.g][b][-1]:launcher:offsetWidth=-147 offsetHeight=-279 resizeImmediate=false [m
02-25 23:50:15.303 D/j       ( 2257): [0;32;31m[main][net.sunniwell.ui.g][a][-1]:launcher:offsetLeft=-312 offsetTop=-115 moveImmediate=false [m
02-25 23:50:15.304 D/j       ( 2257): [0;32;31m[main][net.sunniwell.ui.d][a][-1]:launcher:immediate=false isChanged=true [m
02-25 23:50:15.305 D/j       ( 2257): [0;32;31m[main][com.huawei.mh2.launcher.j][a][-1]:launcher:changed=true [m
02-25 23:50:15.323 D/j       ( 2257): [0;32;31m[main][net.sunniwell.ui.g][b][-1]:launcher:offsetWidth=-51 offsetHeight=-97 resizeImmediate=false [m
02-25 23:50:15.324 D/j       ( 2257): [0;32;31m[main][net.sunniwell.ui.g][a][-1]:launcher:offsetLeft=-109 offsetTop=-40 moveImmediate=false [m
02-25 23:50:15.326 D/j       ( 2257): [0;32;31m[main][net.sunniwell.ui.d][a][-1]:launcher:immediate=false isChanged=true [m
02-25 23:50:15.327 D/j       ( 2257): [0;32;31m[main][com.huawei.mh2.launcher.j][a][-1]:launcher:changed=true [m
02-25 23:50:15.363 D/j       ( 2257): [0;32;31m[main][net.sunniwell.ui.g][b][-1]:launcher:offsetWidth=-18 offsetHeight=-34 resizeImmediate=false [m
02-25 23:50:15.364 D/j       ( 2257): [0;32;31m[main][net.sunniwell.ui.g][a][-1]:launcher:offsetLeft=-38 offsetTop=-14 moveImmediate=false [m
02-25 23:50:15.365 D/j       ( 2257): [0;32;31m[main][net.sunniwell.ui.d][a][-1]:launcher:immediate=false isChanged=true [m
02-25 23:50:15.367 D/j       ( 2257): [0;32;31m[main][com.huawei.mh2.launcher.j][a][-1]:launcher:changed=true [m
02-25 23:50:15.391 D/j       ( 2257): [0;32;31m[main][net.sunniwell.ui.g][b][-1]:launcher:offsetWidth=-6 offsetHeight=-12 resizeImmediate=false [m
02-25 23:50:15.392 D/j       ( 2257): [0;32;31m[main][net.sunniwell.ui.g][a][-1]:launcher:offsetLeft=-13 offsetTop=-7 moveImmediate=false [m
02-25 23:50:15.393 D/j       ( 2257): [0;32;31m[main][net.sunniwell.ui.d][a][-1]:launcher:immediate=false isChanged=true [m
02-25 23:50:15.394 D/j       ( 2257): [0;32;31m[main][com.huawei.mh2.launcher.j][a][-1]:launcher:changed=true [m
02-25 23:50:15.416 D/j       ( 2257): [0;32;31m[main][net.sunniwell.ui.g][b][-1]:launcher:offsetWidth=-3 offsetHeight=-6 resizeImmediate=false [m
02-25 23:50:15.416 D/j       ( 2257): [0;32;31m[main][net.sunniwell.ui.g][a][-1]:launcher:offsetLeft=-7 offsetTop=0 moveImmediate=false [m
02-25 23:50:15.417 D/j       ( 2257): [0;32;31m[main][net.sunniwell.ui.d][a][-1]:launcher:immediate=false isChanged=true [m
02-25 23:50:15.418 D/j       ( 2257): [0;32;31m[main][com.huawei.mh2.launcher.j][a][-1]:launcher:changed=true [m
02-25 23:50:15.438 D/j       ( 2257): [0;32;31m[main][net.sunniwell.ui.g][b][-1]:launcher:offsetWidth=0 offsetHeight=0 resizeImmediate=false [m
02-25 23:50:15.438 D/j       ( 2257): [0;32;31m[main][net.sunniwell.ui.g][a][-1]:launcher:offsetLeft=0 offsetTop=0 moveImmediate=false [m
02-25 23:50:15.439 D/j       ( 2257): [0;32;31m[main][net.sunniwell.ui.d][a][-1]:launcher:immediate=false isChanged=false [m
02-25 23:50:15.440 D/j       ( 2257): [0;32;31m[main][com.huawei.mh2.launcher.j][a][-1]:launcher:changed=false [m
02-25 23:50:15.639 D/Player/PlayerView/LoadingView( 2323): update speed: bitsPerSec=0
02-25 23:50:16.639 D/Player/PlayerView/LoadingView( 2323): update speed: bitsPerSec=0
02-25 23:50:16.963 D/AndroidRuntime(14262): 
02-25 23:50:16.963 D/AndroidRuntime(14262): >>>>>> AndroidRuntime START com.android.internal.os.RuntimeInit <<<<<<
02-25 23:50:16.966 D/AndroidRuntime(14262): CheckJNI is OFF
02-25 23:50:16.974 I/dalvikvm(14262): DexOpt: mismatch dep signature for '/system/framework/android.policy.odex'
02-25 23:50:16.974 E/dalvikvm(14262): /system/framework/services.jar odex has stale dependencies
02-25 23:50:16.975 I/dalvikvm(14262): DexOpt: mismatch dep name: '/data/dalvik-cache/system@framework@services.jar@classes.dex' vs. '/system/framework/services.odex'
02-25 23:50:16.975 E/dalvikvm(14262): /system/framework/apache-xml.jar odex has stale dependencies
02-25 23:50:16.975 I/dalvikvm(14262): DexOpt: mismatch dep name: '/data/dalvik-cache/system@framework@services.jar@classes.dex' vs. '/system/framework/services.odex'
02-25 23:50:16.975 E/dalvikvm(14262): /system/framework/webviewchromium.jar odex has stale dependencies
02-25 23:50:16.982 D/dalvikvm(14262): Trying to load lib libjavacore.so 0x0
02-25 23:50:16.986 D/dalvikvm(14262): Added shared lib libjavacore.so 0x0
02-25 23:50:16.990 D/dalvikvm(14262): Trying to load lib libnativehelper.so 0x0
02-25 23:50:16.990 D/dalvikvm(14262): Added shared lib libnativehelper.so 0x0
02-25 23:50:16.991 D/dalvikvm(14262): No JNI_OnLoad found in libnativehelper.so 0x0, skipping init
02-25 23:50:17.008 I/dalvikvm(14262): DexOpt: mismatch dep name: '/data/dalvik-cache/system@framework@services.jar@classes.dex' vs. '/system/framework/services.odex'
02-25 23:50:17.008 E/dalvikvm(14262): /system/framework/input.jar odex has stale dependencies
02-25 23:50:17.012 E/cutils-trace(14262): Error opening trace file: No such file or directory (2)
02-25 23:50:17.032 D/dalvikvm(14262): Note: class Landroid/app/ActivityManagerNative; has 179 unimplemented (abstract) methods
02-25 23:50:17.235 E/memtrack(14262): Couldn't load memtrack module (No such file or directory)
02-25 23:50:17.235 E/android.os.Debug(14262): failed to load memtrack module: -2
02-25 23:50:17.239 I/EthernetJNI(14262): Loading ethernet jni class
02-25 23:50:17.350 D/AndroidRuntime(14262): Calling main entry com.android.commands.input.Input
02-25 23:50:17.351 I/Input   (14262): injectKeyEvent: KeyEvent { action=ACTION_DOWN, keyCode=KEYCODE_DPAD_DOWN, scanCode=0, metaState=0, flags=0x0, repeatCount=0, eventTime=23027526, downTime=23027526, deviceId=-1, source=0x101 }
02-25 23:50:17.359 D/WindowManager( 1948): keyCode =20
02-25 23:50:17.360 D/WindowManager( 1948): isLockedAllKeys =0
02-25 23:50:17.360 D/WindowManager( 1948): isHandleHomeKey = 1
02-25 23:50:17.360 D/WindowManager( 1948): isHandlePowerKey ==1
02-25 23:50:17.360 D/WindowManager( 1948): isHandleSettingKey=1
02-25 23:50:17.360 D/WindowManager( 1948): handleSystemKey==1
02-25 23:50:17.361 W/ContextImpl( 1948): Calling a method in the system process without a qualified user: android.app.ContextImpl.sendBroadcast:1168 com.android.internal.policy.impl.PhoneWindowManager.interceptKeyBeforeQueueing:4109 com.android.server.wm.InputMonitor.interceptKeyBeforeQueueing:357 com.android.server.input.InputManagerService.interceptKeyBeforeQueueing:1352 com.android.server.input.InputManagerService.nativeInjectInputEvent:-2 
02-25 23:50:17.362 D/WindowManager( 1948): send broadcast key press down
02-25 23:50:17.366 D/MainActivity( 2257): [0;32;31m[main][com.huawei.mh2.launcher.MainActivity][dispatchKeyEvent][-1]:launcher:keycode=20 [m
02-25 23:50:17.369 D/AudioPolicyManagerBase( 1406): startOutput() output 2, stream 1, session 267
02-25 23:50:17.369 D/AudioPolicyManagerBase( 1406): startoutput ->setOutputDevice
02-25 23:50:17.369 D/AudioPolicyManagerBase( 1406): AudioPolicyManagerBase::checkAndSetVolume 13,0.377113
02-25 23:50:17.369 I/Input   (14262): injectKeyEvent: KeyEvent { action=ACTION_UP, keyCode=KEYCODE_DPAD_DOWN, scanCode=0, metaState=0, flags=0x0, repeatCount=0, eventTime=23027526, downTime=23027526, deviceId=-1, source=0x101 }
02-25 23:50:17.370 D/WindowManager( 1948): keyCode =20
02-25 23:50:17.370 D/WindowManager( 1948): isLockedAllKeys =0
02-25 23:50:17.370 D/WindowManager( 1948): isHandleHomeKey = 1
02-25 23:50:17.370 D/WindowManager( 1948): isHandlePowerKey ==1
02-25 23:50:17.370 D/WindowManager( 1948): isHandleSettingKey=1
02-25 23:50:17.370 D/WindowManager( 1948): handleSystemKey==1
02-25 23:50:17.370 D/j       ( 2257): [0;32;31m[main][com.huawei.mh2.launcher.l][onGlobalFocusChanged][-1]:launcher:newFocus=com.huawei.mh2.launcher.a.s{2d4a63e8 VFE..... .FS..... 840,75-1181,544} [m
02-25 23:50:17.372 D/j       ( 2257): [0;32;31m[main][net.sunniwell.ui.e][onGlobalFocusChanged][-1]:launcher:smoothMove [m
02-25 23:50:17.372 D/AndroidRuntime(14262): Shutting down VM
02-25 23:50:17.373 D/j       ( 2257): [0;32;31m[main][net.sunniwell.ui.g][a][-1]:launcher:anchorView=com.huawei.mh2.launcher.a.s{2d4a63e8 VFE..... .FS..... 840,75-1181,544} [m
02-25 23:50:17.375 D/PosterPage( 2257): [0;32;31m[main][com.huawei.mh2.launcher.page.o][onFocusChange][-1]:launcher:hasFocus=true [m
02-25 23:50:17.376 D/ImageLoader( 2257): Load image from memory cache [http://pic3.ptqy.gitv.tv/image/20150215/41/2c/a_100010524_m_601_260_360.jpg_333x461]
02-25 23:50:17.376 D/MainActivity( 2257): [0;32;31m[main][com.huawei.mh2.launcher.MainActivity][dispatchKeyEvent][-1]:launcher:keycode=20 [m
02-25 23:50:17.378 D/dalvikvm(14262): GC_CONCURRENT freed 98K, 16% free 566K/668K, paused 1ms+0ms, total 5ms
02-25 23:50:17.381 D/p       ( 2257): [0;32;31m[main][com.huawei.mh2.launcher.p][getView][-1]:launcher:position=12 convertView=null [m
02-25 23:50:17.398 D/j       ( 2257): [0;32;31m[main][net.sunniwell.ui.g][b][-1]:launcher:offsetWidth=146 offsetHeight=278 resizeImmediate=false [m
02-25 23:50:17.399 D/j       ( 2257): [0;32;31m[main][net.sunniwell.ui.g][a][-1]:launcher:offsetLeft=317 offsetTop=124 moveImmediate=false [m
02-25 23:50:17.401 D/j       ( 2257): [0;32;31m[main][net.sunniwell.ui.d][a][-1]:launcher:immediate=false isChanged=true [m
02-25 23:50:17.402 D/j       ( 2257): [0;32;31m[main][com.huawei.mh2.launcher.j][a][-1]:launcher:changed=true [m
02-25 23:50:17.408 D/j       ( 2257): [0;32;31m[main][net.sunniwell.ui.g][b][-1]:launcher:offsetWidth=51 offsetHeight=97 resizeImmediate=false [m
02-25 23:50:17.409 D/j       ( 2257): [0;32;31m[main][net.sunniwell.ui.g][a][-1]:launcher:offsetLeft=111 offsetTop=44 moveImmediate=false [m
02-25 23:50:17.411 D/j       ( 2257): [0;32;31m[main][net.sunniwell.ui.d][a][-1]:launcher:immediate=false isChanged=true [m
02-25 23:50:17.412 D/j       ( 2257): [0;32;31m[main][com.huawei.mh2.launcher.j][a][-1]:launcher:changed=true [m
02-25 23:50:17.417 D/j       ( 2257): [0;32;31m[main][net.sunniwell.ui.g][b][-1]:launcher:offsetWidth=18 offsetHeight=34 resizeImmediate=false [m
02-25 23:50:17.418 D/j       ( 2257): [0;32;31m[main][net.sunniwell.ui.g][a][-1]:launcher:offsetLeft=39 offsetTop=15 moveImmediate=false [m
02-25 23:50:17.419 D/j       ( 2257): [0;32;31m[main][net.sunniwell.ui.d][a][-1]:launcher:immediate=false isChanged=true [m
02-25 23:50:17.420 D/j       ( 2257): [0;32;31m[main][com.huawei.mh2.launcher.j][a][-1]:launcher:changed=true [m
02-25 23:50:17.444 D/j       ( 2257): [0;32;31m[main][net.sunniwell.ui.g][b][-1]:launcher:offsetWidth=6 offsetHeight=12 resizeImmediate=false [m
02-25 23:50:17.445 D/j       ( 2257): [0;32;31m[main][net.sunniwell.ui.g][a][-1]:launcher:offsetLeft=13 offsetTop=5 moveImmediate=false [m
02-25 23:50:17.446 D/j       ( 2257): [0;32;31m[main][net.sunniwell.ui.d][a][-1]:launcher:immediate=false isChanged=true [m
02-25 23:50:17.447 D/j       ( 2257): [0;32;31m[main][com.huawei.mh2.launcher.j][a][-1]:launcher:changed=true [m
02-25 23:50:17.467 D/j       ( 2257): [0;32;31m[main][net.sunniwell.ui.g][b][-1]:launcher:offsetWidth=4 offsetHeight=7 resizeImmediate=false [m
02-25 23:50:17.468 D/j       ( 2257): [0;32;31m[main][net.sunniwell.ui.g][a][-1]:launcher:offsetLeft=8 offsetTop=4 moveImmediate=false [m
02-25 23:50:17.469 D/j       ( 2257): [0;32;31m[main][net.sunniwell.ui.d][a][-1]:launcher:immediate=false isChanged=true [m
02-25 23:50:17.470 D/j       ( 2257): [0;32;31m[main][com.huawei.mh2.launcher.j][a][-1]:launcher:changed=true [m
02-25 23:50:17.489 D/j       ( 2257): [0;32;31m[main][net.sunniwell.ui.g][b][-1]:launcher:offsetWidth=0 offsetHeight=0 resizeImmediate=false [m
02-25 23:50:17.490 D/j       ( 2257): [0;32;31m[main][net.sunniwell.ui.g][a][-1]:launcher:offsetLeft=-6 offsetTop=-11 moveImmediate=false [m
02-25 23:50:17.491 D/j       ( 2257): [0;32;31m[main][net.sunniwell.ui.d][a][-1]:launcher:immediate=false isChanged=true [m
02-25 23:50:17.492 D/j       ( 2257): [0;32;31m[main][com.huawei.mh2.launcher.j][a][-1]:launcher:changed=true [m
02-25 23:50:17.509 D/j       ( 2257): [0;32;31m[main][net.sunniwell.ui.g][b][-1]:launcher:offsetWidth=0 offsetHeight=0 resizeImmediate=false [m
02-25 23:50:17.510 D/j       ( 2257): [0;32;31m[main][net.sunniwell.ui.g][a][-1]:launcher:offsetLeft=-3 offsetTop=-5 moveImmediate=false [m
02-25 23:50:17.511 D/j       ( 2257): [0;32;31m[main][net.sunniwell.ui.d][a][-1]:launcher:immediate=false isChanged=true [m
02-25 23:50:17.512 D/j       ( 2257): [0;32;31m[main][com.huawei.mh2.launcher.j][a][-1]:launcher:changed=true [m
02-25 23:50:17.532 D/j       ( 2257): [0;32;31m[main][net.sunniwell.ui.g][b][-1]:launcher:offsetWidth=0 offsetHeight=0 resizeImmediate=false [m
02-25 23:50:17.533 D/j       ( 2257): [0;32;31m[main][net.sunniwell.ui.g][a][-1]:launcher:offsetLeft=0 offsetTop=0 moveImmediate=false [m
02-25 23:50:17.534 D/j       ( 2257): [0;32;31m[main][net.sunniwell.ui.d][a][-1]:launcher:immediate=false isChanged=false [m
02-25 23:50:17.535 D/j       ( 2257): [0;32;31m[main][com.huawei.mh2.launcher.j][a][-1]:launcher:changed=false [m
02-25 23:50:17.639 D/Player/PlayerView/LoadingView( 2323): update speed: bitsPerSec=0
02-25 23:50:18.193 D/ImageLoader( 2257): Load image from memory cache [http://pic3.ptqy.gitv.tv/image/20150215/41/2c/a_100010524_m_601_260_360.jpg_333x461]
02-25 23:50:18.195 D/p       ( 2257): [0;32;31m[main][com.huawei.mh2.launcher.p][getView][-1]:launcher:position=12 convertView=null [m
02-25 23:50:18.212 D/j       ( 2257): [0;32;31m[main][net.sunniwell.ui.g][a][-1]:launcher:anchorView=com.huawei.mh2.launcher.a.s{2d4a63e8 VFE..... .FS...ID 840,75-1181,544} [m
02-25 23:50:18.292 D/j       ( 2257): [0;32;31m[main][net.sunniwell.ui.g][b][-1]:launcher:offsetWidth=0 offsetHeight=0 resizeImmediate=false [m
02-25 23:50:18.293 D/j       ( 2257): [0;32;31m[main][net.sunniwell.ui.g][a][-1]:launcher:offsetLeft=0 offsetTop=0 moveImmediate=false [m
02-25 23:50:18.294 D/j       ( 2257): [0;32;31m[main][net.sunniwell.ui.d][a][-1]:launcher:immediate=false isChanged=false [m
02-25 23:50:18.296 D/j       ( 2257): [0;32;31m[main][com.huawei.mh2.launcher.j][a][-1]:launcher:changed=false [m
02-25 23:50:18.639 D/Player/PlayerView/LoadingView( 2323): update speed: bitsPerSec=0
02-25 23:50:19.640 D/Player/PlayerView/LoadingView( 2323): update speed: bitsPerSec=0
02-25 23:50:20.191 D/AndroidRuntime(14274): 
02-25 23:50:20.191 D/AndroidRuntime(14274): >>>>>> AndroidRuntime START com.android.internal.os.RuntimeInit <<<<<<
02-25 23:50:20.195 D/AndroidRuntime(14274): CheckJNI is OFF
02-25 23:50:20.209 I/dalvikvm(14274): DexOpt: mismatch dep signature for '/system/framework/android.policy.odex'
02-25 23:50:20.209 E/dalvikvm(14274): /system/framework/services.jar odex has stale dependencies
02-25 23:50:20.210 I/dalvikvm(14274): DexOpt: mismatch dep name: '/data/dalvik-cache/system@framework@services.jar@classes.dex' vs. '/system/framework/services.odex'
02-25 23:50:20.211 E/dalvikvm(14274): /system/framework/apache-xml.jar odex has stale dependencies
02-25 23:50:20.212 I/dalvikvm(14274): DexOpt: mismatch dep name: '/data/dalvik-cache/system@framework@services.jar@classes.dex' vs. '/system/framework/services.odex'
02-25 23:50:20.212 E/dalvikvm(14274): /system/framework/webviewchromium.jar odex has stale dependencies
02-25 23:50:20.224 D/dalvikvm(14274): Trying to load lib libjavacore.so 0x0
02-25 23:50:20.229 D/dalvikvm(14274): Added shared lib libjavacore.so 0x0
02-25 23:50:20.238 D/dalvikvm(14274): Trying to load lib libnativehelper.so 0x0
02-25 23:50:20.238 D/dalvikvm(14274): Added shared lib libnativehelper.so 0x0
02-25 23:50:20.238 D/dalvikvm(14274): No JNI_OnLoad found in libnativehelper.so 0x0, skipping init
02-25 23:50:20.259 I/dalvikvm(14274): DexOpt: mismatch dep name: '/data/dalvik-cache/system@framework@services.jar@classes.dex' vs. '/system/framework/services.odex'
02-25 23:50:20.259 E/dalvikvm(14274): /system/framework/input.jar odex has stale dependencies
02-25 23:50:20.264 E/cutils-trace(14274): Error opening trace file: No such file or directory (2)
02-25 23:50:20.289 D/dalvikvm(14274): Note: class Landroid/app/ActivityManagerNative; has 179 unimplemented (abstract) methods
02-25 23:50:20.499 E/memtrack(14274): Couldn't load memtrack module (No such file or directory)
02-25 23:50:20.499 E/android.os.Debug(14274): failed to load memtrack module: -2
02-25 23:50:20.501 I/EthernetJNI(14274): Loading ethernet jni class
02-25 23:50:20.579 D/AndroidRuntime(14274): Calling main entry com.android.commands.input.Input
02-25 23:50:20.581 I/Input   (14274): injectKeyEvent: KeyEvent { action=ACTION_DOWN, keyCode=KEYCODE_ENTER, scanCode=0, metaState=0, flags=0x0, repeatCount=0, eventTime=23030755, downTime=23030755, deviceId=-1, source=0x101 }
02-25 23:50:20.586 D/WindowManager( 1948): keyCode =66
02-25 23:50:20.586 D/WindowManager( 1948): isLockedAllKeys =0
02-25 23:50:20.586 D/WindowManager( 1948): isHandleHomeKey = 1
02-25 23:50:20.586 D/WindowManager( 1948): isHandlePowerKey ==1
02-25 23:50:20.586 D/WindowManager( 1948): isHandleSettingKey=1
02-25 23:50:20.586 D/WindowManager( 1948): handleSystemKey==1
02-25 23:50:20.587 W/ContextImpl( 1948): Calling a method in the system process without a qualified user: android.app.ContextImpl.sendBroadcast:1168 com.android.internal.policy.impl.PhoneWindowManager.interceptKeyBeforeQueueing:4109 com.android.server.wm.InputMonitor.interceptKeyBeforeQueueing:357 com.android.server.input.InputManagerService.interceptKeyBeforeQueueing:1352 com.android.server.input.InputManagerService.nativeInjectInputEvent:-2 
02-25 23:50:20.588 D/WindowManager( 1948): send broadcast key press down
02-25 23:50:20.591 D/MainActivity( 2257): [0;32;31m[main][com.huawei.mh2.launcher.MainActivity][dispatchKeyEvent][-1]:launcher:keycode=66 [m
02-25 23:50:20.592 I/Input   (14274): injectKeyEvent: KeyEvent { action=ACTION_UP, keyCode=KEYCODE_ENTER, scanCode=0, metaState=0, flags=0x0, repeatCount=0, eventTime=23030755, downTime=23030755, deviceId=-1, source=0x101 }
02-25 23:50:20.593 D/WindowManager( 1948): keyCode =66
02-25 23:50:20.593 D/WindowManager( 1948): isLockedAllKeys =0
02-25 23:50:20.593 D/WindowManager( 1948): isHandleHomeKey = 1
02-25 23:50:20.593 D/WindowManager( 1948): isHandlePowerKey ==1
02-25 23:50:20.593 D/WindowManager( 1948): isHandleSettingKey=1
02-25 23:50:20.593 D/WindowManager( 1948): handleSystemKey==1
02-25 23:50:20.596 D/MainActivity( 2257): [0;32;31m[main][com.huawei.mh2.launcher.MainActivity][dispatchKeyEvent][-1]:launcher:keycode=66 [m
02-25 23:50:20.598 D/AudioPolicyManagerBase( 1406): startOutput() output 2, stream 1, session 268
02-25 23:50:20.598 D/AudioPolicyManagerBase( 1406): startoutput ->setOutputDevice
02-25 23:50:20.598 D/AudioPolicyManagerBase( 1406): AudioPolicyManagerBase::checkAndSetVolume 13,0.377113
02-25 23:50:20.599 D/g       ( 2257): [0;32;31m[main][com.huawei.mh2.launcher.b.g][a][-1]:launcher:dataInfo = id=0232ebdd3b18d801e3f158650792156f,type=0,title=ä¸­å›½æ¢¦æƒ³ç§€ä¹‹æŠ˜çº¸ç‹‚äººç›¼åœ†å¦»å­ç¾Šé©¼ä¹‹æ¢¦,classTag=null,sort=null,filterTag=null,obj=com.qiyi.tv.client.data.Video@2d4cfb18 [m
02-25 23:50:20.601 I/EthernetService( 1948): getWifiDisguiseState: STATE UNKNOWN
02-25 23:50:20.601 I/EthernetManager( 1948): getWifiDisguiseState2
02-25 23:50:20.601 D/g       ( 2257): [0;32;31m[main][com.huawei.mh2.launcher.b.g][a][-1]:launcher:type = 0 [m
02-25 23:50:20.601 I/EthernetService( 1948): getWifiDisguiseState: STATE UNKNOWN
02-25 23:50:20.601 I/EthernetService( 1948): getWifiDisguiseState: STATE UNKNOWN
02-25 23:50:20.601 I/EthernetManager( 1948): getWifiDisguiseState2
02-25 23:50:20.601 I/EthernetService( 1948): getWifiDisguiseState: STATE UNKNOWN
02-25 23:50:20.603 D/g       ( 2257): [0;32;31m[main][com.huawei.mh2.launcher.b.g][i][-1]:launcher:isNetworkReachable [m
02-25 23:50:20.616 D/ClientHelper( 2257): isConnected() ClientHelper@2c9af570{mCurrentState=2, mTargetState=2, mAuthSuccess=true, mListener=com.qiyi.tv.client.project.BaseClient$ProxyListener@2c9ef300, mService=com.qiyi.tv.client.IQiyiService$Stub$Proxy@2ef93858}
02-25 23:50:20.616 D/ClientHelper( 2257): isAuthSuccess() ClientHelper@2c9af570{mCurrentState=2, mTargetState=2, mAuthSuccess=true, mListener=com.qiyi.tv.client.project.BaseClient$ProxyListener@2c9ef300, mService=com.qiyi.tv.client.IQiyiService$Stub$Proxy@2ef93858}
02-25 23:50:20.616 D/Utils   ( 2257): dumpBundle() copyBundle() target=: bundle size=3
02-25 23:50:20.616 D/Utils   ( 2257): dumpBundle() copyBundle() target=: key[com.qiyi.tv.sdk.extra.EXTRA_OPERATION_TYPE]=20001
02-25 23:50:20.616 D/Utils   ( 2257): dumpBundle() copyBundle() target=: key[com.qiyi.tv.sdk.extra.EXTRA_OPERATION_DATA_TYPE]=30000
02-25 23:50:20.616 D/Utils   ( 2257): dumpBundle() copyBundle() target=: key[com.qiyi.tv.sdk.extra.EXTRA_OPERATION_TARGET]=10201
02-25 23:50:20.616 D/Utils   ( 2257): dumpBundle() copyBundle() source=: bundle size=2
02-25 23:50:20.616 D/Utils   ( 2257): dumpBundle() copyBundle() source=: key[com.qiyi.tv.sdk.extra.EXTRA_INTENT_FLAG]=335577088
02-25 23:50:20.617 D/Utils   ( 2257): dumpBundle() copyBundle() source=: key[com.qiyi.tv.sdk.extra.EXTRA_VIDEO]=com.qiyi.tv.client.data.Video@2d4cfb18
02-25 23:50:20.617 D/Utils   ( 2257): dumpBundle() copyBundle() final=: bundle size=5
02-25 23:50:20.617 D/Utils   ( 2257): dumpBundle() copyBundle() final=: key[com.qiyi.tv.sdk.extra.EXTRA_OPERATION_TYPE]=20001
02-25 23:50:20.617 D/Utils   ( 2257): dumpBundle() copyBundle() final=: key[com.qiyi.tv.sdk.extra.EXTRA_INTENT_FLAG]=335577088
02-25 23:50:20.617 D/Utils   ( 2257): dumpBundle() copyBundle() final=: key[com.qiyi.tv.sdk.extra.EXTRA_OPERATION_DATA_TYPE]=30000
02-25 23:50:20.617 D/Utils   ( 2257): dumpBundle() copyBundle() final=: key[com.qiyi.tv.sdk.extra.EXTRA_VIDEO]=com.qiyi.tv.client.data.Video@2d4cfb18
02-25 23:50:20.617 D/Utils   ( 2257): dumpBundle() copyBundle() final=: key[com.qiyi.tv.sdk.extra.EXTRA_OPERATION_TARGET]=10201
02-25 23:50:20.617 D/ClientHelper( 2257): isConnected() ClientHelper@2c9af570{mCurrentState=2, mTargetState=2, mAuthSuccess=true, mListener=com.qiyi.tv.client.project.BaseClient$ProxyListener@2c9ef300, mService=com.qiyi.tv.client.IQiyiService$Stub$Proxy@2ef93858}
02-25 23:50:20.617 D/ClientHelper( 2257): isAuthSuccess() ClientHelper@2c9af570{mCurrentState=2, mTargetState=2, mAuthSuccess=true, mListener=com.qiyi.tv.client.project.BaseClient$ProxyListener@2c9ef300, mService=com.qiyi.tv.client.IQiyiService$Stub$Proxy@2ef93858}
02-25 23:50:20.618 D/g       ( 2257): [0;32;31m[main][com.huawei.mh2.launcher.b.g][i][-1]:launcher:isNetworkReachable return true [m
02-25 23:50:20.619 D/OpenApiBinder( 2323): invoke() begin. bundle size=5
02-25 23:50:20.619 D/OpenApiBinder( 2323): invoke() begin. key[com.qiyi.tv.sdk.extra.EXTRA_OPERATION_TYPE]=20001
02-25 23:50:20.619 D/OpenApiBinder( 2323): invoke() begin. key[com.qiyi.tv.sdk.extra.EXTRA_INTENT_FLAG]=335577088
02-25 23:50:20.619 D/OpenApiBinder( 2323): invoke() begin. key[com.qiyi.tv.sdk.extra.EXTRA_OPERATION_DATA_TYPE]=30000
02-25 23:50:20.619 D/OpenApiBinder( 2323): invoke() begin. key[com.qiyi.tv.sdk.extra.EXTRA_VIDEO]=com.qiyi.tv.client.data.Video@2cc70f38
02-25 23:50:20.619 D/OpenApiBinder( 2323): invoke() begin. key[com.qiyi.tv.sdk.extra.EXTRA_OPERATION_TARGET]=10201
02-25 23:50:20.620 D/OpenApiManager( 2323): isAllowedClient() pid=2257, holder=Holder(code=0, client=ClientInfo(vn=2.0, vc=24956, pk=com.huawei.mh2.launcher)) return true
02-25 23:50:20.620 D/OpenApiBinder( 2323): invoke() find command=com.qiyi.video.openplay.service.feature.open.OpenMediaCommand@2c923c50
02-25 23:50:20.620 D/ProcessWatcher( 2323): getToken() 2257 return AccessToken@{count=3, time=1424936922447, duration=3600000, maxCount=3600000, interval=0)
02-25 23:50:20.620 D/AccessToken( 2323): isAllowedAccess() now = 1424937020621, mMaxCount = 3600000
02-25 23:50:20.620 D/AccessToken( 2323): isAllowedAccess() count=3, time=1424936922447, return true
02-25 23:50:20.621 D/LocalVideo( 2323): LocalVideo(com.qiyi.tv.client.data.Video@2cc70f38) LocalVideo(mType=1, mId=349989700, mName=ä¸­å›½æ¢¦æƒ³ç§€ä¹‹æŠ˜çº¸ç‹‚äººç›¼åœ†å¦»å­ç¾Šé©¼ä¹‹æ¢¦, mChannelId=6, mAlbumId=202509101, mIsSeries=true, mStartTime=0, mCornerHint=3, mPicUrl=http://pic8.ptqy.gitv.tv/image/20150225/54/4c/v_108966887_m_601_m1_354_490.jpg, mUserTags=Bundle@[size=2,com.qiyi.tv.internal.extra.EXTRA_TYPE=0],com.qiyi.tv.internal.extra.EXTRA_SOURCE_CODE=202509101])
02-25 23:50:20.621 D/OpenApiUtils( 2323): createChannelLabel(LocalVideo(mType=1, mId=349989700, mName=ä¸­å›½æ¢¦æƒ³ç§€ä¹‹æŠ˜çº¸ç‹‚äººç›¼åœ†å¦»å­ç¾Šé©¼ä¹‹æ¢¦, mChannelId=6, mAlbumId=202509101, mIsSeries=true, mStartTime=0, mCornerHint=3, mPicUrl=http://pic8.ptqy.gitv.tv/image/20150225/54/4c/v_108966887_m_601_m1_354_490.jpg, mUserTags=Bundle@[size=2,com.qiyi.tv.internal.extra.EXTRA_TYPE=0],com.qiyi.tv.internal.extra.EXTRA_SOURCE_CODE=202509101]))
02-25 23:50:20.621 D/OpenApiUtils( 2323): createChannelLabel() return null
02-25 23:50:20.621 D/OpenApiUtils( 2323): createAlbum(LocalVideo(mType=1, mId=349989700, mName=ä¸­å›½æ¢¦æƒ³ç§€ä¹‹æŠ˜çº¸ç‹‚äººç›¼åœ†å¦»å­ç¾Šé©¼ä¹‹æ¢¦, mChannelId=6, mAlbumId=202509101, mIsSeries=true, mStartTime=0, mCornerHint=3, mPicUrl=http://pic8.ptqy.gitv.tv/image/20150225/54/4c/v_108966887_m_601_m1_354_490.jpg, mUserTags=Bundle@[size=2,com.qiyi.tv.internal.extra.EXTRA_TYPE=0],com.qiyi.tv.internal.extra.EXTRA_SOURCE_CODE=202509101]))
02-25 23:50:20.622 D/OpenApiUtils( 2323): createAlbum() return qpId=202509101 name=ä¸­å›½æ¢¦æƒ³ç§€ä¹‹æŠ˜çº¸ç‹‚äººç›¼åœ†å¦»å­ç¾Šé©¼ä¹‹æ¢¦ type=VIDEO focus= pic=http://pic8.ptqy.gitv.tv/image/20150225/54/4c/v_108966887_m_601_m1_354_490.jpg tvPic= score= pCount= desc= key= isSeries=true chnName= chnId=6 tag= exclusive=0 isDownload=false is3D=0 tvsets=0 order=1 time= tvCount=0 stream= isPurchase=0 tvQid=349989700 vid=null len= sourceCode=202509101 vType=0 playUrl=null
02-25 23:50:20.622 D/OpenApiUtils( 2323): createAlbum() return Album@2dc28b80{qpId=202509101, tvQid=349989700, vid=null, getType()=VIDEO, albumName=ä¸­å›½æ¢¦æƒ³ç§€ä¹‹æŠ˜çº¸ç‹‚äººç›¼åœ†å¦»å­ç¾Šé©¼ä¹‹æ¢¦, tvName=, sourceCode=202509101, isPurchase()=false, isExclusive()=false, isSeries()=true, playOrder=1, tvPic=, issueTime=, playCount=, playLength=, tvCount=0, tag=, cornerMark=CORNERMARK_NO, is3D()=false, definition list=, chnId=6, chnName=, startTime=0, endTime=0, playTime=-1, canDownload=false, bkt=, area=}
02-25 23:50:20.622 D/PlayerUtils( 2323): >> startPlayerWithPlayList: albumInfo=Album@2dc28b80{qpId=202509101, tvQid=349989700, vid=null, getType()=VIDEO, albumName=ä¸­å›½æ¢¦æƒ³ç§€ä¹‹æŠ˜çº¸ç‹‚äººç›¼åœ†å¦»å­ç¾Šé©¼ä¹‹æ¢¦, tvName=, sourceCode=202509101, isPurchase()=false, isExclusive()=false, isSeries()=true, playOrder=1, tvPic=, issueTime=, playCount=, playLength=, tvCount=0, tag=, cornerMark=CORNERMARK_NO, is3D()=false, definition list=, chnId=6, chnName=, startTime=0, endTime=0, playTime=-1, canDownload=false, bkt=, area=}, playOrder=1, from=out, playParams=PlayParams@2dc27180{sourceType=OUTSIDE, playindex=0, playlist id=null, playlist name=null, is recommend=false, channel id=null, channel name=null, is picture vertical=false, from=out, playlist=[EMPTY]}
02-25 23:50:20.622 D/PlayerUtils( 2323): add clear task flag
02-25 23:50:20.623 D/PlayerUtils( 2323): fillOutsideInfoIfNeed() fill out album info!
02-25 23:50:20.639 D/Player/PlayerView/LoadingView( 2323): update speed: bitsPerSec=0
02-25 23:50:20.641 I/ActivityManager( 1948): START u0 {flg=0x14008000 cmp=com.qiyi.tvplayer.huawei/com.qiyi.video.player.PlayerActivity (has extras)} from pid 2323
02-25 23:50:20.679 D/dalvikvm( 1948): GC_FOR_ALLOC freed 617K, 17% free 7607K/9080K, paused 38ms, total 38ms
02-25 23:50:20.683 I/QBaseActivity( 2323): onDestroy this = com.qiyi.video.player.PlayerActivity@2cd5eeb0
02-25 23:50:20.683 I/QBaseActivity( 2323): onDestroy refCount = 1
02-25 23:50:20.683 D/BasePlayActivity( 2323): onDestroy()
02-25 23:50:20.683 D/com.qiyi.video.player.QiyiVideoPlayer@2efb46b0( 2323): onActivityEvent:ACTIVITY_DESTROYED
02-25 23:50:20.683 D/com.qiyi.video.player.QiyiVideoPlayer@2efb46b0( 2323): releasePlayer mIsReleasePlayer = false
02-25 23:50:20.683 D/PlayerController[2efb4890]( 2323): stop(true) dump[788220048](mFirstStart=false, mTarget=3, mTargetPosition=-1, mFullscreenHintShown=false, mContinuePlaybackByUser=false, mPlayedAd=false, mPlayer=null)
02-25 23:50:20.683 D/VideoProvider( 2323): stopLoad()
02-25 23:50:20.683 D/VideoLoader( 2323): cancelLoad() mFullLoading=false, mPreLoading=false
02-25 23:50:20.683 D/VideoProvider( 2323): releaseNextLoader() mNextLoader=null
02-25 23:50:20.683 D/Playlist( 2323): clearForReload()
02-25 23:50:20.683 D/PlayerOverlay( 2323): hide()
02-25 23:50:20.683 I/AbsMenuPanel( 2323): hide
02-25 23:50:20.683 D/AbsMenuPanel( 2323): notifyVisibilityChange(false)
02-25 23:50:20.683 D/AbsPlayerOverlay( 2323): notifyMenuPanelVisibilityChange(false)
02-25 23:50:20.683 D/DispatcherCenter( 2323): onVisibilityChange(isVisible:false)
02-25 23:50:20.683 D/VideoProvider( 2323): getCurrent()
02-25 23:50:20.685 D/Playlist( 2323): getCurrent() return VideoHolder@2f15b220{episodeReady=false, historyReady=false, mListReady=false, mSourceStub=false, position=Position(albumIndex=-1, episodeIndex=-1), video=VideoItem@2eec4180{qpId=202509101, tvQid=349989700, vid=256c33c045d36a7126ce1db2c37c0167, getType()=VIDEO, albumName=ä¸­å›½æ¢¦æƒ³ç§€ç¬¬9å­£, tvName=æŠ˜çº¸ç‹‚äººç›¼åœ†å¦»å­ç¾Šé©¼ä¹‹æ¢¦ å•äº²é†’ç‹®å›¢å®šä½äººç”Ÿ, isSeries()=true, sourceCode=202509101, playOrder=1, getAlbumSubName()=ä¸­å›½æ¢¦æƒ³ç§€ç¬¬9å­£, mIsVipAlbum=false, isPurchase()=false, isPreview=false, isExclusive()=false, isVertical=false, canDownload()=true, isDownload=1, tvPic=, issueTime=20150225, playCount=41499, playLength=1445, tag=å›½è¯­,å†…åœ°,çœŸäººç§€, cornerMark=CORNERMARK_1080P, definition list=600,300,jisu,1080p,720p, default definition=256c33c045d36a7126ce1db2c37c0167, channelId=6, channelName=ç»¼è‰º, mIChannelId=null, startTime=0, endTime=0, headerTime=0, tailTime=0, tvCount=1, tvSets=0, playTime=-1, episodes=0, url=, m3u8Url = null, mRecommendationsFilled=false, mEndRecommendationsFilled=false, mVarietyName=null}}
02-25 23:50:20.686 D/PlayerController[2efb4890]( 2323): MenuPanel.onVisibilityChange(false): video=VideoItem@2eec4180{qpId=202509101, tvQid=349989700, vid=256c33c045d36a7126ce1db2c37c0167, getType()=VIDEO, albumName=ä¸­å›½æ¢¦æƒ³ç§€ç¬¬9å­£, tvName=æŠ˜çº¸ç‹‚äººç›¼åœ†å¦»å­ç¾Šé©¼ä¹‹æ¢¦ å•äº²é†’ç‹®å›¢å®šä½äººç”Ÿ, isSeries()=true, sourceCode=202509101, playOrder=1, getAlbumSubName()=ä¸­å›½æ¢¦æƒ³ç§€ç¬¬9å­£, mIsVipAlbum=false, isPurchase()=false, isPreview=false, isExclusive()=false, isVertical=false, canDownload()=true, isDownload=1, tvPic=, issueTime=20150225, playCount=41499, playLength=1445, tag=å›½è¯­,å†…åœ°,çœŸäººç§€, cornerMark=CORNERMARK_1080P, definition list=600,300,jisu,1080p,720p, default definition=256c33c045d36a7126ce1db2c37c0167, channelId=6, channelName=ç»¼è‰º, mIChannelId=null, startTime=0, endTime=0, headerTime=0, tailTime=0, tvCount=1, tvSets=0, playTime=-1, episodes=0, url=, m3u8Url = null, mRecommendationsFilled=false, mEndRecommendationsFilled=false, mVarietyName=null}, sourceType=OUTSIDE, isPlaylistReady=false
02-25 23:50:20.686 D/MediaControllerContainer( 2323): hideHeader()
02-25 23:50:20.686 D/MediaControllerOverlay( 2323): hideHeader() mShowHeader=false
02-25 23:50:20.687 D/MediaControllerOverlay( 2323): doHide() com.qiyi.video.project.configs.huawei.layout.HuaweiMediaControllerOverlay{2f07b1f0 G.E..... ......I. 0,0-0,0}[mState=0, mShowHeader=false, mBuffering=false, mTipShown=false, mSeeking=false, mIsFullScreen=true]
02-25 23:50:20.687 D/MediaControllerOverlay( 2323): clearHideViewMessageQueue()
02-25 23:50:20.687 D/TimedSeekBar( 2323): stopTipMode() mIsTipMode=false
02-25 23:50:20.687 D/TimedSeekBar( 2323): hide()
02-25 23:50:20.687 D/MediaControllerOverlay( 2323): hideView() Views[Adtime,VideoName,Systime,Pause,Seekbar,]
02-25 23:50:20.687 D/MediaControllerOverlay( 2323): tip view id:2131100038
02-25 23:50:20.687 D/CountDownView( 2323): hide()
02-25 23:50:20.687 D/ParamsHelper( 2323): setResultCode(0)
02-25 23:50:20.687 D/MediaControllerContainer( 2323): hide()
