02-25 23:40:08.795 D/Job     ( 2323): running() done. not mean real done!!! Job(mState=1, mData=VideoItem@2f077cf8{qpId=202509101, tvQid=349989700, vid=null, getType()=VIDEO, albumName=中国梦想秀之折纸狂人盼圆妻子羊驼之梦, tvName=, isSeries()=true, sourceCode=202509101, playOrder=1, getAlbumSubName()=中国梦想秀之折纸狂人盼圆妻子羊驼之梦, mIsVipAlbum=false, isPurchase()=false, isPreview=false, isExclusive()=false, isVertical=false, canDownload()=false, isDownload=0, tvPic=, issueTime=, playCount=, playLength=, tag=, cornerMark=CORNERMARK_NO, definition list=, default definition=null, channelId=6, channelName=, mIChannelId=null, startTime=0, endTime=0, headerTime=0, tailTime=0, tvCount=0, tvSets=0, playTime=-1, episodes=0, url=, m3u8Url = null, mRecommendationsFilled=false, mEndRecommendationsFilled=false, mVarietyName=null}, mError=null)[com.qiyi.video.player.data.job.VideoJobSwitcher@2cd60be8]
02-25 23:40:08.795 D/VideoProvider( 2323): prepareNextLoader() begin. mNextLoader=null
02-25 23:40:08.796 D/Playlist( 2323): getNext() mNext=VideoHolder@2f12c3a0{episodeReady=false, historyReady=false, mListReady=false, mSourceStub=false, position=Position(albumIndex=-1, episodeIndex=-1), video=null}
02-25 23:40:08.796 D/VideoProvider( 2323): prepareNextLoader() end. mNextLoader=null
02-25 23:40:08.796 D/VideoProvider( 2323): preloadNextLoader() mNextLoader=null
02-25 23:40:08.797 D/LoadingInfoCreator( 2323): createFrom(Bundle[{album_name=中国梦想秀之折纸狂人盼圆妻子羊驼之梦, vrsVid=null, from=out, fromWhere=out, albumInfo=qpId=202509101 name=中国梦想秀之折纸狂人盼圆妻子羊驼之梦 type=VIDEO focus= pic=http://pic8.ptqy.gitv.tv/image/20150225/54/4c/v_108966887_m_601_m1_354_490.jpg tvPic= score= pCount= desc= key= isSeries=true chnName= chnId=6 tag= exclusive=0 isDownload=false is3D=0 tvsets=0 order=1 time= tvCount=0 stream= isPurchase=0 tvQid=349989700 vid=null len= sourceCode=202509101 vType=0 playUrl=null, play_list_info=PlayParams@2cbf8220{sourceType=OUTSIDE, playindex=0, playlist id=null, playlist name=null, is recommend=false, channel id=null, channel name=null, is picture vertical=false, from=out, playlist=[EMPTY]}, vrsTvId=349989700, history=-1, videoType=2, vrsAlbumId=202509101}])
02-25 23:40:08.797 D/Job     ( 2323): notifyJobFail(JobError(mCode=[CacheError!], mMessage=[null], mException=[null])) Job(mState=1, mData=VideoItem@2f077cf8{qpId=202509101, tvQid=349989700, vid=null, getType()=VIDEO, albumName=中国梦想秀之折纸狂人盼圆妻子羊驼之梦, tvName=, isSeries()=true, sourceCode=202509101, playOrder=1, getAlbumSubName()=中国梦想秀之折纸狂人盼圆妻子羊驼之梦, mIsVipAlbum=false, isPurchase()=false, isPreview=false, isExclusive()=false, isVertical=false, canDownload()=false, isDownload=0, tvPic=, issueTime=, playCount=, playLength=, tag=, cornerMark=CORNERMARK_NO, definition list=, default definition=null, channelId=6, channelName=, mIChannelId=null, startTime=0, endTime=0, headerTime=0, tailTime=0, tvCount=0, tvSets=0, playTime=-1, episodes=0, url=, m3u8Url = null, mRecommendationsFilled=false, mEndRecommendationsFilled=false, mVarietyName=null}, mError=null)[com.qiyi.video.player.data.job.FetchHistoryJob@2cc97058]
02-25 23:40:08.797 D/Job     ( 2323): java.lang.Throwable
02-25 23:40:08.797 D/Job     ( 2323): 	at com.qiyi.video.player.utils.job.Job.notifyJobFail(Job.java:101)
02-25 23:40:08.797 D/Job     ( 2323): 	at com.qiyi.video.player.data.job.FetchHistoryJob$FetchRunnable.run(FetchHistoryJob.java:33)
02-25 23:40:08.797 D/Job     ( 2323): 	at java.lang.Thread.run(Thread.java:841)
02-25 23:40:08.797 D/LoadingInfoCreator( 2323): createFrom() Album@2f08c2a0{qpId=202509101, tvQid=349989700, vid=null, getType()=VIDEO, albumName=中国梦想秀之折纸狂人盼圆妻子羊驼之梦, tvName=, sourceCode=202509101, isPurchase()=false, isExclusive()=false, isSeries()=true, playOrder=1, tvPic=, issueTime=, playCount=, playLength=, tvCount=0, tag=, cornerMark=CORNERMARK_NO, is3D()=false, definition list=, chnId=6, chnName=, startTime=0, endTime=0, playTime=-1, canDownload=false, bkt=, area=}
02-25 23:40:08.797 D/LoadingInfo( 2323): LoadingInfo(中国梦想秀之折纸狂人盼圆妻子羊驼之梦, 0)
02-25 23:40:08.797 D/LoadingInfo( 2323): setIsExclusive(false)
02-25 23:40:08.797 D/LoadingInfo( 2323): setIsVip(false)
02-25 23:40:08.797 D/LoadingInfo( 2323): setIs3d(false)
02-25 23:40:08.798 D/PlayerOverlay( 2323): showLoading(LoadingInfo{title=中国梦想秀之折纸狂人盼圆妻子羊驼之梦, isExclusive=false, isVip=false, is3d=false})
02-25 23:40:08.798 D/Player/PlayerView/LoadingView( 2323): initViews: playType=OUTSIDE, loadingInfo=LoadingInfo{title=中国梦想秀之折纸狂人盼圆妻子羊驼之梦, isExclusive=false, isVip=false, is3d=false}
02-25 23:40:08.798 D/Job     ( 2323): notifyDone() mListener=null, Job(mState=3, mData=VideoItem@2f077cf8{qpId=202509101, tvQid=349989700, vid=null, getType()=VIDEO, albumName=中国梦想秀之折纸狂人盼圆妻子羊驼之梦, tvName=, isSeries()=true, sourceCode=202509101, playOrder=1, getAlbumSubName()=中国梦想秀之折纸狂人盼圆妻子羊驼之梦, mIsVipAlbum=false, isPurchase()=false, isPreview=false, isExclusive()=false, isVertical=false, canDownload()=false, isDownload=0, tvPic=, issueTime=, playCount=, playLength=, tag=, cornerMark=CORNERMARK_NO, definition list=, default definition=null, channelId=6, channelName=, mIChannelId=null, startTime=0, endTime=0, headerTime=0, tailTime=0, tvCount=0, tvSets=0, playTime=-1, episodes=0, url=, m3u8Url = null, mRecommendationsFilled=false, mEndRecommendationsFilled=false, mVarietyName=null}, mError=JobError(mCode=[CacheError!], mMessage=[null], mException=[null]))[com.qiyi.video.player.data.job.FetchHistoryJob@2cc97058]
02-25 23:40:08.799 D/Job     ( 2323): runNextJobs() Job(mState=3, mData=VideoItem@2f077cf8{qpId=202509101, tvQid=349989700, vid=null, getType()=VIDEO, albumName=中国梦想秀之折纸狂人盼圆妻子羊驼之梦, tvName=, isSeries()=true, sourceCode=202509101, playOrder=1, getAlbumSubName()=中国梦想秀之折纸狂人盼圆妻子羊驼之梦, mIsVipAlbum=false, isPurchase()=false, isPreview=false, isExclusive()=false, isVertical=false, canDownload()=false, isDownload=0, tvPic=, issueTime=, playCount=, playLength=, tag=, cornerMark=CORNERMARK_NO, definition list=, default definition=null, channelId=6, channelName=, mIChannelId=null, startTime=0, endTime=0, headerTime=0, tailTime=0, tvCount=0, tvSets=0, playTime=-1, episodes=0, url=, m3u8Url = null, mRecommendationsFilled=false, mEndRecommendationsFilled=false, mVarietyName=null}, mError=JobError(mCode=[CacheError!], mMessage=[null], mException=[null]))[com.qiyi.video.player.data.job.FetchHistoryJob@2cc97058]
02-25 23:40:08.801 D/Job     ( 2323): running() Job(mState=0, mData=VideoItem@2f077cf8{qpId=202509101, tvQid=349989700, vid=null, getType()=VIDEO, albumName=中国梦想秀之折纸狂人盼圆妻子羊驼之梦, tvName=, isSeries()=true, sourceCode=202509101, playOrder=1, getAlbumSubName()=中国梦想秀之折纸狂人盼圆妻子羊驼之梦, mIsVipAlbum=false, isPurchase()=false, isPreview=false, isExclusive()=false, isVertical=false, canDownload()=false, isDownload=0, tvPic=, issueTime=, playCount=, playLength=, tag=, cornerMark=CORNERMARK_NO, definition list=, default definition=null, channelId=6, channelName=, mIChannelId=null, startTime=0, endTime=0, headerTime=0, tailTime=0, tvCount=0, tvSets=0, playTime=-1, episodes=0, url=, m3u8Url = null, mRecommendationsFilled=false, mEndRecommendationsFilled=false, mVarietyName=null}, mError=null)[com.qiyi.video.player.data.job.FetchAlbumInfoJob@2cb5c248]
02-25 23:40:08.802 D/Player/PlayerView/LoadingView( 2323): initViews: isCustomizedLoadingImage=true
02-25 23:40:08.802 D/Player/PlayerView/LoadingView( 2323): show
02-25 23:40:08.802 D/Job     ( 2323): isCancelled() Job(mState=0, mData=VideoItem@2f077cf8{qpId=202509101, tvQid=349989700, vid=null, getType()=VIDEO, albumName=中国梦想秀之折纸狂人盼圆妻子羊驼之梦, tvName=, isSeries()=true, sourceCode=202509101, playOrder=1, getAlbumSubName()=中国梦想秀之折纸狂人盼圆妻子羊驼之梦, mIsVipAlbum=false, isPurchase()=false, isPreview=false, isExclusive()=false, isVertical=false, canDownload()=false, isDownload=0, tvPic=, issueTime=, playCount=, playLength=, tag=, cornerMark=CORNERMARK_NO, definition list=, default definition=null, channelId=6, channelName=, mIChannelId=null, startTime=0, endTime=0, headerTime=0, tailTime=0, tvCount=0, tvSets=0, playTime=-1, episodes=0, url=, m3u8Url = null, mRecommendationsFilled=false, mEndRecommendationsFilled=false, mVarietyName=null}, mError=null)[com.qiyi.video.player.data.job.FetchAlbumInfoJob@2cb5c248] return false
02-25 23:40:08.803 D/Player/PlayerView/LoadingView( 2323): addText: 中国梦想秀之折纸狂人盼圆妻子羊驼之梦
02-25 23:40:08.803 D/PlayerOverlay( 2323):  showLoadingView: shown
02-25 23:40:08.803 D/com.qiyi.video.player.QiyiVideoPlayer@2cbe12b0( 2323): setInitialScreenMode: com.qiyi.video.player.QiyiVideoPlayer$ScreenMode$1@2c9c0f00
02-25 23:40:08.803 D/com.qiyi.video.player.QiyiVideoPlayer@2cbe12b0( 2323): onActivityEvent:ACTIVITY_CREATED
02-25 23:40:08.803 D/PlayerController[2ca9db70]( 2323): onActivityEvent(ACTIVITY_CREATED)
02-25 23:40:08.803 D/FetchAlbumInfoJob( 2323): onRun() video=VideoItem@2f077cf8{qpId=202509101, tvQid=349989700, vid=null, getType()=VIDEO, albumName=中国梦想秀之折纸狂人盼圆妻子羊驼之梦, tvName=, isSeries()=true, sourceCode=202509101, playOrder=1, getAlbumSubName()=中国梦想秀之折纸狂人盼圆妻子羊驼之梦, mIsVipAlbum=false, isPurchase()=false, isPreview=false, isExclusive()=false, isVertical=false, canDownload()=false, isDownload=0, tvPic=, issueTime=, playCount=, playLength=, tag=, cornerMark=CORNERMARK_NO, definition list=, default definition=null, channelId=6, channelName=, mIChannelId=null, startTime=0, endTime=0, headerTime=0, tailTime=0, tvCount=0, tvSets=0, playTime=-1, episodes=0, url=, m3u8Url = null, mRecommendationsFilled=false, mEndRecommendationsFilled=false, mVarietyName=null}
02-25 23:40:08.803 D/PlayerOverlay( 2323): onActivityEvent: ACTIVITY_CREATED
02-25 23:40:08.803 D/Player/Pingback/PingbackSender( 2323): >> onActivityEvent(event:ACTIVITY_CREATED): now=22418978
02-25 23:40:08.803 D/Player/Pingback/PingbackSender( 2323): onActivityEvent: initBeginTime=22418978
02-25 23:40:08.803 D/com.qiyi.video.player.QiyiVideoPlayer@2cbe12b0( 2323): onActivityEvent:ACTIVITY_RESUMED
02-25 23:40:08.803 D/PlayerController[2ca9db70]( 2323): onActivityEvent(ACTIVITY_RESUMED)
02-25 23:40:08.804 D/DownloadViewManager( 2323): register storage listener
02-25 23:40:08.804 D/LocalStorageManager( 2323): startListening() mListening=false
02-25 23:40:08.805 I/System.out( 2323): DEBUG(ApiFilter): filter-devCheck- onCalling
02-25 23:40:08.805 D/LocalStorageManager( 2323): registerListener(com.qiyi.video.player.app.DownloadViewManager$7@2dd30b70) return true
02-25 23:40:08.805 D/PlayerOverlay( 2323): onActivityEvent: ACTIVITY_RESUMED
02-25 23:40:08.805 D/Player/Pingback/PingbackSender( 2323): >> onActivityEvent(event:ACTIVITY_RESUMED): now=22418980
02-25 23:40:08.805 D/Player/Pingback/PingbackSender( 2323): onActivityEvent: initEndTime=22418980
02-25 23:40:08.805 D/com.qiyi.video.player.QiyiVideoPlayer@2cbe12b0( 2323): onActivityEvent:ACTIVITY_CREATED
02-25 23:40:08.806 D/PlayerController[2ca9db70]( 2323): onActivityEvent(ACTIVITY_CREATED)
02-25 23:40:08.806 D/PlayerOverlay( 2323): onActivityEvent: ACTIVITY_CREATED
02-25 23:40:08.806 D/Player/Pingback/PingbackSender( 2323): >> onActivityEvent(event:ACTIVITY_CREATED): now=22418981
02-25 23:40:08.806 D/Player/Pingback/PingbackSender( 2323): onActivityEvent: initBeginTime=22418981
02-25 23:40:08.806 I/System.out( 2323): D/(TVApi:4/4, id=155,专辑详情): url = http://data2.itv.ptqy.gitv.tv/itv/albumInfo/331/349989700
02-25 23:40:08.806 I/System.out( 2323): D/(TVApi:4/4, id=155): header = qyid:tv_dfd776068febb13e38d211c7dfd0e36b_1388563211103
02-25 23:40:08.807 I/System.out( 2323): D/(TVApi:4/4, id=155): header = apiKey:798da087c9036db8084f2dff8e2c95c2
02-25 23:40:08.808 V/QBaseActivity( 2323): onResume com.qiyi.video.player.PlayerActivity@2dafadc8
02-25 23:40:08.808 I/QBaseActivity( 2323): onResume mHomePressed = true, mStackCount = 1
02-25 23:40:08.808 D/PlayerActivity( 2323): PlayerActivity--->>startCheckUpdate()--
02-25 23:40:08.809 D/VoiceManager( 2323): onActivityResume(com.qiyi.video.player.PlayerActivity@2dafadc8)
02-25 23:40:08.809 D/BasePlayActivity( 2323): onResume() mTargetSeekPos=-1
02-25 23:40:08.809 D/com.qiyi.video.player.QiyiVideoPlayer@2cbe12b0( 2323): onActivityEvent:ACTIVITY_RESUMED
02-25 23:40:08.809 D/PlayerController[2ca9db70]( 2323): onActivityEvent(ACTIVITY_RESUMED)
02-25 23:40:08.809 D/DownloadViewManager( 2323): register storage listener
02-25 23:40:08.809 D/LocalStorageManager( 2323): registerListener(com.qiyi.video.player.app.DownloadViewManager$7@2dd30b70) return false
02-25 23:40:08.809 D/PlayerOverlay( 2323): onActivityEvent: ACTIVITY_RESUMED
02-25 23:40:08.809 D/Player/Pingback/PingbackSender( 2323): >> onActivityEvent(event:ACTIVITY_RESUMED): now=22418984
02-25 23:40:08.809 D/Player/Pingback/PingbackSender( 2323): onActivityEvent: initEndTime=22418984
02-25 23:40:08.811 D/Job     ( 2323): running() done. not mean real done!!! Job(mState=1, mData=VideoItem@2f077cf8{qpId=202509101, tvQid=349989700, vid=null, getType()=VIDEO, albumName=中国梦想秀之折纸狂人盼圆妻子羊驼之梦, tvName=, isSeries()=true, sourceCode=202509101, playOrder=1, getAlbumSubName()=中国梦想秀之折纸狂人盼圆妻子羊驼之梦, mIsVipAlbum=false, isPurchase()=false, isPreview=false, isExclusive()=false, isVertical=false, canDownload()=false, isDownload=0, tvPic=, issueTime=, playCount=, playLength=, tag=, cornerMark=CORNERMARK_NO, definition list=, default definition=null, channelId=6, channelName=, mIChannelId=null, startTime=0, endTime=0, headerTime=0, tailTime=0, tvCount=0, tvSets=0, playTime=-1, episodes=0, url=, m3u8Url = null, mRecommendationsFilled=false, mEndRecommendationsFilled=false, mVarietyName=null}, mError=null)[com.qiyi.video.player.data.job.FetchAlbumInfoJob@2cb5c248]
02-25 23:40:08.811 I/MediaFocusControl( 1948):  AudioFocus  requestAudioFocus() from android.media.AudioManager@2ca81078com.qiyi.video.player.BasePlayActivity$2@2cf50288
02-25 23:40:08.812 V/Avrcp   ( 2030): New genId = 10, clearing = 1
02-25 23:40:08.818 D/com.qiyi.video.player.QiyiVideoPlayer@2cbe12b0( 2323): network.onStateChanged: 2 -> 2
02-25 23:40:08.818 D/com.qiyi.video.player.QiyiVideoPlayer@2cbe12b0( 2323): onNetWorkConnected()
02-25 23:40:08.818 D/PlayerController[2ca9db70]( 2323): onActivityEvent(NETWORK_STATE_CHANGED)
02-25 23:40:08.818 D/VideoProvider( 2323): setNetworkAvaliable(true) mNetworkAvaliable=true
02-25 23:40:08.818 D/PlayerOverlay( 2323): onActivityEvent: NETWORK_STATE_CHANGED
02-25 23:40:08.818 D/PlayerOverlay( 2323): onActivityEvent: network connected=true
02-25 23:40:08.818 D/Player/Pingback/PingbackSender( 2323): >> onActivityEvent(event:NETWORK_STATE_CHANGED): now=22418993
02-25 23:40:08.830 D/MediaControllerContainer( 2323): onAttachedToWindow()
02-25 23:40:08.830 D/MediaControllerContainer( 2323): checkChildrenLayout() ready!
02-25 23:40:08.833 V/VPP_DLNA_LOG( 2814): [VPPDLNA][WorkerThread][:727]-:Before delete threadIdQ size =5 
02-25 23:40:08.833 V/VPP_DLNA_LOG( 2814): [VPPDLNA][WorkerThread][:730]-:Exiting & deleting threadId=1284485288& threadIdQ size =4 
02-25 23:40:08.834 V/VPP_DLNA_LOG( 2814): [VPPDLNA][WorkerThread][:727]-:Before delete threadIdQ size =4 
02-25 23:40:08.834 V/VPP_DLNA_LOG( 2814): [VPPDLNA][WorkerThread][:730]-:Exiting & deleting threadId=1284481864& threadIdQ size =3 
02-25 23:40:08.835 D/MovieVideoView( 2323): onMeasure(1073743744, 1073742904) mDesiredWidth=0, mDesiredHeight=0, width=1920, height=1080
02-25 23:40:08.835 D/MovieVideoView( 2323): onMeasure() width=1920, height=1080
02-25 23:40:08.838 D/MovieVideoView( 2323): onMeasure(1073743744, 1073742904) mDesiredWidth=0, mDesiredHeight=0, width=1920, height=1080
02-25 23:40:08.838 D/MovieVideoView( 2323): onMeasure() width=1920, height=1080
02-25 23:40:08.870 D/MovieVideoView( 2323): surfaceCreated(android.view.SurfaceView$4@2ef8b120)
02-25 23:40:08.870 D/MovieVideoView( 2323): surfaceChanged(android.view.SurfaceView$4@2ef8b120, 4, 1920, 1080)
02-25 23:40:08.870 D/MoviePlayer[2cc78368]( 2323): surfaceChanged(1920, 1080) mSurfaceWidth=0, mSurfaceHeight=0
02-25 23:40:08.883 V/VPP_DLNA_LOG( 2814): [VPPDLNA][WorkerThread][:727]-:Before delete threadIdQ size =3 
02-25 23:40:08.883 V/VPP_DLNA_LOG( 2814): [VPPDLNA][WorkerThread][:730]-:Exiting & deleting threadId=1288090464& threadIdQ size =2 
02-25 23:40:08.895 D/com.qiyi.video.player.QiyiVideoPlayer@2cbe12b0( 2323): onActivityEvent:WINDOW_FOCUSED
02-25 23:40:08.895 D/PlayerController[2ca9db70]( 2323): onActivityEvent(WINDOW_FOCUSED)
02-25 23:40:08.895 D/PlayerOverlay( 2323): onActivityEvent: WINDOW_FOCUSED
02-25 23:40:08.895 E/PlayerOverlay( 2323): onActivityEvent: loading animation started
02-25 23:40:08.896 D/Player/Pingback/PingbackSender( 2323): >> onActivityEvent(event:WINDOW_FOCUSED): now=22419070
02-25 23:40:08.901 D/MovieVideoView( 2323): onMeasure(1073743744, 1073742904) mDesiredWidth=0, mDesiredHeight=0, width=1920, height=1080
02-25 23:40:08.901 D/MovieVideoView( 2323): onMeasure() width=1920, height=1080
02-25 23:40:08.902 D/MovieVideoView( 2323): onMeasure(1073743744, 1073742904) mDesiredWidth=0, mDesiredHeight=0, width=1920, height=1080
02-25 23:40:08.902 D/MovieVideoView( 2323): onMeasure() width=1920, height=1080
02-25 23:40:08.910 I/ActivityManager( 1948): Displayed com.qiyi.tvplayer.huawei/com.qiyi.video.player.PlayerActivity: +616ms
02-25 23:40:08.917 W/IInputConnectionWrapper( 2323): showStatusIcon on inactive InputConnection
02-25 23:40:10.037 D/AndroidRuntime(13759): 
02-25 23:40:10.037 D/AndroidRuntime(13759): >>>>>> AndroidRuntime START com.android.internal.os.RuntimeInit <<<<<<
02-25 23:40:10.040 D/AndroidRuntime(13759): CheckJNI is OFF
02-25 23:40:10.052 I/dalvikvm(13759): DexOpt: mismatch dep signature for '/system/framework/android.policy.odex'
02-25 23:40:10.052 E/dalvikvm(13759): /system/framework/services.jar odex has stale dependencies
02-25 23:40:10.053 I/dalvikvm(13759): DexOpt: mismatch dep name: '/data/dalvik-cache/system@framework@services.jar@classes.dex' vs. '/system/framework/services.odex'
02-25 23:40:10.053 E/dalvikvm(13759): /system/framework/apache-xml.jar odex has stale dependencies
02-25 23:40:10.054 I/dalvikvm(13759): DexOpt: mismatch dep name: '/data/dalvik-cache/system@framework@services.jar@classes.dex' vs. '/system/framework/services.odex'
02-25 23:40:10.054 E/dalvikvm(13759): /system/framework/webviewchromium.jar odex has stale dependencies
02-25 23:40:10.062 D/dalvikvm(13759): Trying to load lib libjavacore.so 0x0
02-25 23:40:10.066 D/dalvikvm(13759): Added shared lib libjavacore.so 0x0
02-25 23:40:10.072 D/dalvikvm(13759): Trying to load lib libnativehelper.so 0x0
02-25 23:40:10.072 D/dalvikvm(13759): Added shared lib libnativehelper.so 0x0
02-25 23:40:10.072 D/dalvikvm(13759): No JNI_OnLoad found in libnativehelper.so 0x0, skipping init
02-25 23:40:10.090 E/VPP_DLNA_LOG( 2814): [VPPDLNA]:SSDP recvd bad msg code = 1
02-25 23:40:10.091 E/VPP_DLNA_LOG( 2814): [VPPDLNA]:SSDP recvd bad msg code = 1
02-25 23:40:10.092 I/dalvikvm(13759): DexOpt: mismatch dep name: '/data/dalvik-cache/system@framework@services.jar@classes.dex' vs. '/system/framework/services.odex'
02-25 23:40:10.092 E/dalvikvm(13759): /system/framework/input.jar odex has stale dependencies
02-25 23:40:10.093 E/VPP_DLNA_LOG( 2814): [VPPDLNA]:SSDP recvd bad msg code = 1
02-25 23:40:10.097 E/cutils-trace(13759): Error opening trace file: No such file or directory (2)
02-25 23:40:10.121 D/dalvikvm(13759): Note: class Landroid/app/ActivityManagerNative; has 179 unimplemented (abstract) methods
02-25 23:40:10.147 E/VPP_DLNA_LOG( 2814): [VPPDLNA]:SSDP recvd bad msg code = 1
02-25 23:40:10.149 E/VPP_DLNA_LOG( 2814): [VPPDLNA]:SSDP recvd bad msg code = 1
02-25 23:40:10.151 E/VPP_DLNA_LOG( 2814): [VPPDLNA]:SSDP recvd bad msg code = 1
02-25 23:40:10.358 E/memtrack(13759): Couldn't load memtrack module (No such file or directory)
02-25 23:40:10.358 E/android.os.Debug(13759): failed to load memtrack module: -2
02-25 23:40:10.363 I/EthernetJNI(13759): Loading ethernet jni class
02-25 23:40:10.463 D/AndroidRuntime(13759): Calling main entry com.android.commands.input.Input
02-25 23:40:10.464 I/Input   (13759): injectKeyEvent: KeyEvent { action=ACTION_DOWN, keyCode=KEYCODE_HOME, scanCode=0, metaState=0, flags=0x0, repeatCount=0, eventTime=22420639, downTime=22420639, deviceId=-1, source=0x101 }
02-25 23:40:10.470 D/WindowManager( 1948): keyCode =3
02-25 23:40:10.470 D/WindowManager( 1948): isLockedAllKeys =0
02-25 23:40:10.470 D/WindowManager( 1948): isHandleHomeKey = 1
02-25 23:40:10.470 D/WindowManager( 1948): isHandlePowerKey ==1
02-25 23:40:10.470 D/WindowManager( 1948): isHandleSettingKey=1
02-25 23:40:10.471 D/WindowManager( 1948): handleSystemKey==1
02-25 23:40:10.472 D/WindowManager( 1948): send broadcast key press down
02-25 23:40:10.472 W/ContextImpl( 1948): Calling a method in the system process without a qualified user: android.app.ContextImpl.sendBroadcast:1168 com.android.internal.policy.impl.PhoneWindowManager.interceptKeyBeforeQueueing:4109 com.android.server.wm.InputMonitor.interceptKeyBeforeQueueing:357 com.android.server.input.InputManagerService.interceptKeyBeforeQueueing:1352 com.android.server.input.InputManagerService.nativeInjectInputEvent:-2 
02-25 23:40:10.475 I/Input   (13759): injectKeyEvent: KeyEvent { action=ACTION_UP, keyCode=KEYCODE_HOME, scanCode=0, metaState=0, flags=0x0, repeatCount=0, eventTime=22420639, downTime=22420639, deviceId=-1, source=0x101 }
02-25 23:40:10.477 D/WindowManager( 1948): keyCode =3
02-25 23:40:10.477 D/WindowManager( 1948): isLockedAllKeys =0
02-25 23:40:10.477 D/WindowManager( 1948): isHandleHomeKey = 1
02-25 23:40:10.477 D/WindowManager( 1948): isHandlePowerKey ==1
02-25 23:40:10.477 D/WindowManager( 1948): isHandleSettingKey=1
02-25 23:40:10.477 D/WindowManager( 1948): handleSystemKey==1
02-25 23:40:10.487 D/WindowManager( 1948): swHomeIntent =null customizer=0
02-25 23:40:10.487 D/WindowManager( 1948): ......start launcher......
02-25 23:40:10.489 I/ActivityManager( 1948): START u0 {act=android.intent.action.MAIN cat=[android.intent.category.HOME] flg=0x10200000 cmp=com.huawei.mh2.launcher/.MainActivity} from pid 1948
02-25 23:40:10.495 I/QBaseActivity( 2323): HomeMonitor home key pressed
02-25 23:40:10.495 I/QBaseActivity( 2323): setHomePressed mHomePressed = true, mStackCount = 2
02-25 23:40:10.550 D/dalvikvm( 1948): GC_FOR_ALLOC freed 455K, 17% free 7619K/9080K, paused 49ms, total 49ms
02-25 23:40:10.617 D/dalvikvm( 1948): GC_FOR_ALLOC freed 405K, 17% free 7588K/9080K, paused 47ms, total 47ms
02-25 23:40:10.622 D/AndroidRuntime(13759): Shutting down VM
02-25 23:40:10.630 D/VoiceManager( 2323): onActivityPause(com.qiyi.video.player.PlayerActivity@2dafadc8) mCurDialog=null
02-25 23:40:10.630 D/BasePlayActivity( 2323): onPause()
02-25 23:40:10.630 D/com.qiyi.video.player.QiyiVideoPlayer@2cbe12b0( 2323): onActivityEvent:ACTIVITY_PAUSED
02-25 23:40:10.630 D/dalvikvm(13759): GC_CONCURRENT freed 98K, 16% free 566K/668K, paused 1ms+1ms, total 5ms
02-25 23:40:10.630 D/PlayerController[2ca9db70]( 2323): pause dump[749329264](mFirstStart=false, mTarget=1, mTargetPosition=-1, mFullscreenHintShown=false, mContinuePlaybackByUser=true, mPlayedAd=false, mPlayer=MoviePlayer@2cc78368, player type=-1)
02-25 23:40:10.631 D/MoviePlayer[2cc78368]( 2323): pause() MoviePlayer[2cc78368](mCurrentState=1, mTargetState=1, mNextVideoFilled=true, mSeekWhenInited=-1, mCurDefinition=-1, mSwitchingBitStream=false, mSwitchPlayerForDifBitStream=false, mSurfaceHolder=android.view.SurfaceView$4@2ef8b120, mPlayer=null, mVideo=VideoHolder@2cb5a358{video=null, from=-1, to=-1}, mNextVideo=VideoHolder@2cb5a208{video=null, from=-1, to=-1})
02-25 23:40:10.631 D/PlayerController[2ca9db70]( 2323): onActivityEvent(ACTIVITY_PAUSED)
02-25 23:40:10.631 D/PlayerOverlay( 2323): onActivityEvent: ACTIVITY_PAUSED
02-25 23:40:10.631 D/Player/Pingback/PingbackSender( 2323): >> onActivityEvent(event:ACTIVITY_PAUSED): now=22420806
02-25 23:40:10.631 D/Player/Pingback/PingbackSender( 2323): onActivityEvent: isFinishing=false
02-25 23:40:10.631 D/PlayerStatusRecorder( 2323): getRecord =onActivityEvent ACTIVITY_CREATED 
02-25 23:40:10.631 D/PlayerStatusRecorder( 2323): onActivityEvent ACTIVITY_RESUMED 
02-25 23:40:10.631 D/PlayerStatusRecorder( 2323): onActivityEvent ACTIVITY_CREATED 
02-25 23:40:10.631 D/PlayerStatusRecorder( 2323): onActivityEvent ACTIVITY_RESUMED 
02-25 23:40:10.631 D/PlayerStatusRecorder( 2323): onActivityEvent NETWORK_STATE_CHANGED 
02-25 23:40:10.631 D/PlayerStatusRecorder( 2323): onActivityEvent WINDOW_FOCUSED 
02-25 23:40:10.631 D/PlayerStatusRecorder( 2323): onActivityEvent ACTIVITY_PAUSED 
02-25 23:40:10.631 D/PlayerStatusRecorder( 2323): onActivityEvent WINDOW_FOCUSED 
02-25 23:40:10.631 D/PlayerStatusRecorder( 2323): onActivityEvent ACTIVITY_STOP 
02-25 23:40:10.631 D/PlayerStatusRecorder( 2323): onActivityEvent ACTIVITY_DESTROYED 
02-25 23:40:10.631 D/PlayerStatusRecorder( 2323): onActivityEvent ACTIVITY_CREATED 
02-25 23:40:10.631 D/PlayerStatusRecorder( 2323): onActivityEvent ACTIVITY_RESUMED 
02-25 23:40:10.631 D/PlayerStatusRecorder( 2323): onActivityEvent ACTIVITY_CREATED 
02-25 23:40:10.631 D/PlayerStatusRecorder( 2323): onActivityEvent ACTIVITY_RESUMED 
02-25 23:40:10.631 D/PlayerStatusRecorder( 2323): onActivityEvent NETWORK_STATE_CHANGED 
02-25 23:40:10.631 D/PlayerStatusRecorder( 2323): onActivityEvent WINDOW_FOCUSED 
02-25 23:40:10.631 D/PlayerStatusRecorder( 2323): onActivityEvent ACTIVITY_PAUSED 
02-25 23:40:10.631 D/PlayerStatusRecorder( 2323): onActivityEvent WINDOW_FOCUSED 
02-25 23:40:10.631 D/PlayerStatusRecorder( 2323): onActivityEvent ACTIVITY_STOP 
02-25 23:40:10.631 D/PlayerStatusRecorder( 2323): onActivityEvent ACTIVITY_DESTROYED 
02-25 23:40:10.631 D/PlayerStatusRecorder( 2323): onActivityEvent ACTIVITY_CREATED 
02-25 23:40:10.631 D/PlayerStatusRecorder( 2323): onActivityEvent ACTIVITY_RESUMED 
02-25 23:40:10.631 D/PlayerStatusRecorder( 2323): onActivityEvent ACTIVITY_CREATED 
02-25 23:40:10.631 D/PlayerStatusRecorder( 2323): onActivityEvent ACTIVITY_RESUMED 
02-25 23:40:10.631 D/PlayerStatusRecorder( 2323): onActivityEvent NETWORK_STATE_CHANGED 
02-25 23:40:10.631 D/PlayerStatusRecorder( 2323): onActivityEvent WINDOW_FOCUSED 
02-25 23:40:10.631 D/PlayerStatusRecorder( 2323): onActivityEvent ACTIVITY_PAUSED 
02-25 23:40:10.631 D/PlayerStatusRecorder( 2323): onActivityEvent WINDOW_FOCUSED 
02-25 23:40:10.631 D/PlayerStatusRecorder( 2323): onActivityEvent ACTIVITY_STOP 
02-25 23:40:10.631 D/PlayerStatusRecorder( 2323): onActivityEvent NETWORK_STATE_CHANGED 
02-25 23:40:10.631 D/PlayerStatusRecorder( 2323): onActivityEvent NETWORK_STATE_CHANGED 
02-25 23:40:10.631 D/PlayerStatusRecorder( 2323): onActivityEvent NETWORK_STATE_CHANGED 
02-25 23:40:10.631 D/PlayerStatusRecorder( 2323): onActivityEvent NETWORK_STATE_CHANGED 
02-25 23:40:10.631 D/PlayerStatusRecorder( 2323): onActivityEvent ACTIVITY_DESTROYED 
02-25 23:40:10.631 D/PlayerStatusRecorder( 2323): onActivityEvent ACTIVITY_CREATED 
02-25 23:40:10.631 D/PlayerStatusRecorder( 2323): onActivityEvent ACTIVITY_RESUMED 
02-25 23:40:10.631 D/PlayerStatusRecorder( 2323): onActivityEvent ACTIVITY_CREATED 
02-25 23:40:10.631 D/PlayerStatusRecorder( 2323): onActivityEvent ACTIVITY_RESUMED 
02-25 23:40:10.631 D/PlayerStatusRecorder( 2323): onActivityEvent NETWORK_STATE_CHANGED 
02-25 23:40:10.631 D/PlayerStatusRecorder( 2323): onActivityEvent WINDOW_FOCUSED 
02-25 23:40:10.631 D/PlayerStatusRecorder( 2323): onActivityEvent ACTIVITY_PAUSED 
02-25 23:40:10.631 D/PlayerController[2ca9db70]( 2323): getPosition() return 0 dump[749329264](mFirstStart=false, mTarget=2, mTargetPosition=-1, mFullscreenHintShown=false, mContinuePlaybackByUser=true, mPlayedAd=false, mPlayer=MoviePlayer@2cc78368, player type=-1)
02-25 23:40:10.632 I/MediaFocusControl( 1948):  AudioFocus  abandonAudioFocus() from android.media.AudioManager@2ca81078com.qiyi.video.player.BasePlayActivity$2@2cf50288
02-25 23:40:10.633 V/Avrcp   ( 2030): New genId = 11, clearing = 1
02-25 23:40:10.680 D/dalvikvm( 2017): GC_FOR_ALLOC freed 31957K, 54% free 27803K/59820K, paused 55ms, total 56ms
02-25 23:40:10.682 D/PosterPage( 2257): [0;32;31m[main][com.huawei.mh2.launcher.page.o][onFocusChange][-1]:launcher:hasFocus=false [m
02-25 23:40:10.684 D/j       ( 2257): [0;32;31m[main][com.huawei.mh2.launcher.l][onGlobalFocusChanged][-1]:launcher:newFocus=com.huawei.mh2.launcher.a.n{2c944210 VFE...C. .FS..... 0,0-120,57 #7f0a0006 app:id/menu_title_home} [m
02-25 23:40:10.689 D/FrameworkPage( 2257): [0;32;31m[main][com.huawei.mh2.launcher.page.FrameworkPage][onFocusChange][-1]:launcher:v=com.huawei.mh2.launcher.a.n{2c944210 VFE...C. .FS...ID 0,0-120,57 #7f0a0006 app:id/menu_title_home} [m
02-25 23:40:10.690 D/j       ( 2257): [0;32;31m[main][net.sunniwell.ui.d][a][-1]:launcher:setDefaultFocus com.huawei.mh2.launcher.a.n{2c944210 VFE...C. .F....ID 0,0-120,57 #7f0a0006 app:id/menu_title_home} [m
02-25 23:40:10.693 D/j       ( 2257): [0;32;31m[main][net.sunniwell.ui.g][b][-1]:launcher:anchorView=com.huawei.mh2.launcher.a.n{2c944210 VFE...C. .F....ID 0,0-120,57 #7f0a0006 app:id/menu_title_home} [m
02-25 23:40:10.695 I/j       ( 2257): [0;32;31m[main][net.sunniwell.ui.d][d][-1]:launcher:resume [m
02-25 23:40:10.698 W/ContextImpl( 2257): Calling a method in the system process without a qualified user: android.app.ContextImpl.sendBroadcast:1168 android.content.ContextWrapper.sendBroadcast:365 android.app.ActivityThread.performResumeActivity:2785 android.app.ActivityThread.handleResumeActivity:2823 android.app.ActivityThread$H.handleMessage:1238 
02-25 23:40:10.699 D/j       ( 2257): [0;32;31m[main][net.sunniwell.ui.d][a][-1]:launcher:setDefaultFocus com.huawei.mh2.launcher.a.n{2c944210 VFE...C. .F....ID 0,0-120,57 #7f0a0006 app:id/menu_title_home} [m
02-25 23:40:10.706 D/j       ( 2257): [0;32;31m[main][net.sunniwell.ui.g][b][-1]:launcher:anchorView=com.huawei.mh2.launcher.a.n{2c944210 VFE...C. .F....ID 0,0-120,57 #7f0a0006 app:id/menu_title_home} [m
02-25 23:40:10.711 D/SettingsPage( 2257): [0;32;31m[main][com.huawei.mh2.launcher.page.SettingsPage][a][-1]:launcher:isLogin=false [m
02-25 23:40:10.719 W/InputMethodManagerService( 1948): Starting input on non-focused client com.android.internal.view.IInputMethodClient$Stub$Proxy@2cae9e10 (uid=10037 pid=2323)
02-25 23:40:10.723 D/ImageLoader( 2257): Start display image task [http://pic3.ptqy.gitv.tv/image/20150215/41/2c/a_100010524_m_601_260_360.jpg_333x461]
02-25 23:40:10.726 D/p       ( 2257): [0;32;31m[main][com.huawei.mh2.launcher.p][getView][-1]:launcher:position=12 convertView=null [m
02-25 23:40:10.727 D/ImageLoader( 2257): Load image from disc cache [http://pic3.ptqy.gitv.tv/image/20150215/41/2c/a_100010524_m_601_260_360.jpg_333x461]
02-25 23:40:10.796 D/j       ( 2257): [0;32;31m[main][net.sunniwell.ui.g][b][-1]:launcher:offsetWidth=-225 offsetHeight=-428 resizeImmediate=true [m
02-25 23:40:10.797 D/j       ( 2257): [0;32;31m[main][net.sunniwell.ui.g][a][-1]:launcher:offsetLeft=-479 offsetTop=-176 moveImmediate=true [m
02-25 23:40:10.798 D/j       ( 2257): [0;32;31m[main][net.sunniwell.ui.d][a][-1]:launcher:immediate=true isChanged=true [m
02-25 23:40:10.813 D/com.qiyi.video.player.QiyiVideoPlayer@2cbe12b0( 2323): onActivityEvent:WINDOW_FOCUSED
02-25 23:40:10.813 D/PlayerController[2ca9db70]( 2323): onActivityEvent(WINDOW_FOCUSED)
02-25 23:40:10.813 D/PlayerOverlay( 2323): onActivityEvent: WINDOW_FOCUSED
02-25 23:40:10.813 D/Player/Pingback/PingbackSender( 2323): >> onActivityEvent(event:WINDOW_FOCUSED): now=22420988
02-25 23:40:10.831 D/ImageLoader( 2257): PreProcess image before caching in memory [http://pic3.ptqy.gitv.tv/image/20150215/41/2c/a_100010524_m_601_260_360.jpg_333x461]
02-25 23:40:10.832 D/ImageLoader( 2257): Cache image in memory [http://pic3.ptqy.gitv.tv/image/20150215/41/2c/a_100010524_m_601_260_360.jpg_333x461]
02-25 23:40:10.837 D/MovieVideoView( 2323): surfaceDestroyed(android.view.SurfaceView$4@2ef8b120)
02-25 23:40:10.850 D/dalvikvm( 2257): GC_CONCURRENT freed 9537K, 39% free 52667K/85332K, paused 4ms+16ms, total 115ms
02-25 23:40:10.850 D/dalvikvm( 2257): WAIT_FOR_CONCURRENT_GC blocked 52ms
02-25 23:40:10.850 D/dalvikvm( 2257): WAIT_FOR_CONCURRENT_GC blocked 45ms
02-25 23:40:10.852 D/j       ( 2257): [0;32;31m[main][com.huawei.mh2.launcher.j][a][-1]:launcher:changed=true [m
02-25 23:40:10.857 D/BasePlayActivity( 2323): onStop()
02-25 23:40:10.857 D/com.qiyi.video.player.QiyiVideoPlayer@2cbe12b0( 2323): onActivityEvent:ACTIVITY_STOP
02-25 23:40:10.857 D/ImageLoader( 2257): Display image in ImageAware (loaded from DISC_CACHE) [http://pic3.ptqy.gitv.tv/image/20150215/41/2c/a_100010524_m_601_260_360.jpg_333x461]
02-25 23:40:10.857 D/PlayerController[2ca9db70]( 2323): stop(true) dump[749329264](mFirstStart=false, mTarget=2, mTargetPosition=-1, mFullscreenHintShown=false, mContinuePlaybackByUser=true, mPlayedAd=false, mPlayer=MoviePlayer@2cc78368, player type=-1)
02-25 23:40:10.857 D/VideoProvider( 2323): stopLoad()
02-25 23:40:10.857 D/VideoLoader( 2323): cancelLoad() mFullLoading=true, mPreLoading=true
02-25 23:40:10.857 D/VideoProvider( 2323): releaseNextLoader() mNextLoader=null
02-25 23:40:10.857 D/Playlist( 2323): clearForReload()
02-25 23:40:10.858 D/MoviePlayer[2cc78368]( 2323): stop() MoviePlayer[2cc78368](mCurrentState=1, mTargetState=7, mNextVideoFilled=true, mSeekWhenInited=-1, mCurDefinition=-1, mSwitchingBitStream=false, mSwitchPlayerForDifBitStream=false, mSurfaceHolder=null, mPlayer=null, mVideo=VideoHolder@2cb5a358{video=null, from=-1, to=-1}, mNextVideo=VideoHolder@2cb5a208{video=null, from=-1, to=-1})
02-25 23:40:10.858 D/MoviePlayer[2cc78368]( 2323): release() MoviePlayer[2cc78368](mCurrentState=1, mTargetState=1, mNextVideoFilled=false, mSeekWhenInited=-1, mCurDefinition=-1, mSwitchingBitStream=false, mSwitchPlayerForDifBitStream=false, mSurfaceHolder=null, mPlayer=null, mVideo=VideoHolder@2cb5a358{video=null, from=-1, to=-1}, mNextVideo=VideoHolder@2cb5a208{video=null, from=-1, to=-1})
02-25 23:40:10.858 D/PlayerOverlay( 2323): hide()
02-25 23:40:10.858 I/AbsMenuPanel( 2323): hide
02-25 23:40:10.858 D/AbsMenuPanel( 2323): notifyVisibilityChange(false)
02-25 23:40:10.858 D/AbsPlayerOverlay( 2323): notifyMenuPanelVisibilityChange(false)
02-25 23:40:10.858 D/DispatcherCenter( 2323): onVisibilityChange(isVisible:false)
02-25 23:40:10.858 D/VideoProvider( 2323): getCurrent()
02-25 23:40:10.860 D/Playlist( 2323): getCurrent() return VideoHolder@2f12c328{episodeReady=false, historyReady=false, mListReady=false, mSourceStub=false, position=Position(albumIndex=-1, episodeIndex=-1), video=VideoItem@2f077cf8{qpId=202509101, tvQid=349989700, vid=null, getType()=VIDEO, albumName=中国梦想秀之折纸狂人盼圆妻子羊驼之梦, tvName=, isSeries()=true, sourceCode=202509101, playOrder=1, getAlbumSubName()=中国梦想秀之折纸狂人盼圆妻子羊驼之梦, mIsVipAlbum=false, isPurchase()=false, isPreview=false, isExclusive()=false, isVertical=false, canDownload()=false, isDownload=0, tvPic=, issueTime=, playCount=, playLength=, tag=, cornerMark=CORNERMARK_NO, definition list=, default definition=null, channelId=6, channelName=, mIChannelId=null, startTime=0, endTime=0, headerTime=0, tailTime=0, tvCount=0, tvSets=0, playTime=-1, episodes=0, url=, m3u8Url = null, mRecommendationsFilled=false, mEndRecommendationsFilled=false, mVarietyName=null}}
02-25 23:40:10.861 D/PlayerController[2ca9db70]( 2323): MenuPanel.onVisibilityChange(false): video=VideoItem@2f077cf8{qpId=202509101, tvQid=349989700, vid=null, getType()=VIDEO, albumName=中国梦想秀之折纸狂人盼圆妻子羊驼之梦, tvName=, isSeries()=true, sourceCode=202509101, playOrder=1, getAlbumSubName()=中国梦想秀之折纸狂人盼圆妻子羊驼之梦, mIsVipAlbum=false, isPurchase()=false, isPreview=false, isExclusive()=false, isVertical=false, canDownload()=false, isDownload=0, tvPic=, issueTime=, playCount=, playLength=, tag=, cornerMark=CORNERMARK_NO, definition list=, default definition=null, channelId=6, channelName=, mIChannelId=null, startTime=0, endTime=0, headerTime=0, tailTime=0, tvCount=0, tvSets=0, playTime=-1, episodes=0, url=, m3u8Url = null, mRecommendationsFilled=false, mEndRecommendationsFilled=false, mVarietyName=null}, sourceType=OUTSIDE, isPlaylistReady=false
02-25 23:40:10.861 D/MediaControllerContainer( 2323): hideHeader()
02-25 23:40:10.861 D/MediaControllerOverlay( 2323): hideHeader() mShowHeader=false
02-25 23:40:10.861 D/MediaControllerOverlay( 2323): doHide() com.qiyi.video.project.configs.huawei.layout.HuaweiMediaControllerOverlay{2cbec238 G.E..... ......I. 0,0-0,0}[mState=0, mShowHeader=false, mBuffering=false, mTipShown=false, mSeeking=false, mIsFullScreen=true]
02-25 23:40:10.861 D/MediaControllerOverlay( 2323): clearHideViewMessageQueue()
02-25 23:40:10.861 D/TimedSeekBar( 2323): stopTipMode() mIsTipMode=false
02-25 23:40:10.861 D/TimedSeekBar( 2323): hide()
02-25 23:40:10.861 D/MediaControllerOverlay( 2323): hideView() Views[Adtime,VideoName,Systime,Pause,Seekbar,]
02-25 23:40:10.861 D/MediaControllerOverlay( 2323): tip view id:2131100038
02-25 23:40:10.862 D/CountDownView( 2323): hide()
02-25 23:40:10.862 D/MediaControllerContainer( 2323): hide()
02-25 23:40:10.862 D/MediaControllerOverlay( 2323): hide() com.qiyi.video.project.configs.huawei.layout.HuaweiMediaControllerOverlay{2cbec238 G.E..... ......I. 0,0-0,0}[mState=0, mShowHeader=false, mBuffering=false, mTipShown=false, mSeeking=false, mIsFullScreen=true]
02-25 23:40:10.862 D/MediaControllerOverlay( 2323): doHide() com.qiyi.video.project.configs.huawei.layout.HuaweiMediaControllerOverlay{2cbec238 G.E..... ......I. 0,0-0,0}[mState=0, mShowHeader=false, mBuffering=false, mTipShown=false, mSeeking=false, mIsFullScreen=true]
02-25 23:40:10.862 D/MediaControllerOverlay( 2323): clearHideViewMessageQueue()
02-25 23:40:10.862 D/TimedSeekBar( 2323): stopTipMode() mIsTipMode=false
02-25 23:40:10.862 D/TimedSeekBar( 2323): hide()
02-25 23:40:10.862 D/MediaControllerOverlay( 2323): hideView() Views[Adtime,VideoName,Systime,Pause,Seekbar,]
02-25 23:40:10.862 D/MediaControllerOverlay( 2323): tip view id:2131100038
02-25 23:40:10.862 D/CountDownView( 2323): hide()
02-25 23:40:10.862 D/PlayerController[2ca9db70]( 2323): onActivityEvent(ACTIVITY_STOP)
02-25 23:40:10.862 D/PlayerOverlay( 2323): onActivityEvent: ACTIVITY_STOP
02-25 23:40:10.863 D/Player/Pingback/PingbackSender( 2323): >> onActivityEvent(event:ACTIVITY_STOP): now=22421038
02-25 23:40:10.863 D/j       ( 2257): [0;32;31m[main][net.sunniwell.ui.g][b][-1]:launcher:offsetWidth=0 offsetHeight=0 resizeImmediate=true [m
02-25 23:40:10.863 D/DispatcherCenter( 2323): unregisterPlayer(MoviePlayer@2cc78368, player type=-1) mPlayer=MoviePlayer@2cc78368, player type=-1
02-25 23:40:10.863 D/AbsHybridPlayer[2cc78368]( 2323): setOnBitStreamChangedListener(null)
02-25 23:40:10.863 D/AbsHybridPlayer[2cc78368]( 2323): setOnBufferChangedListener(null)
02-25 23:40:10.863 D/AbsHybridPlayer[2cc78368]( 2323): setOnInfoListener(null)
02-25 23:40:10.863 D/AbsHybridPlayer[2cc78368]( 2323): setOnPlayNextListener(null)
02-25 23:40:10.864 D/AbsHybridPlayer[2cc78368]( 2323): setOnSeekChangedListener(null)
02-25 23:40:10.864 D/AbsHybridPlayer[2cc78368]( 2323): setOnStateChangedListener(null)
02-25 23:40:10.864 D/AbsHybridPlayer[2cc78368]( 2323): setOnSubtitleUpdateListener(null)
02-25 23:40:10.864 D/AbsHybridPlayer[2cc78368]( 2323): setOnVideoSizeChangedListener(null)
02-25 23:40:10.864 D/AbsHybridPlayer[2cc78368]( 2323): setOnCacheUpdateListener(null)
02-25 23:40:10.864 D/AbsHybridPlayer[2cc78368]( 2323): setOnPreprocessListener(null)
02-25 23:40:10.865 D/j       ( 2257): [0;32;31m[main][net.sunniwell.ui.g][a][-1]:launcher:offsetLeft=0 offsetTop=0 moveImmediate=true [m
02-25 23:40:10.868 D/j       ( 2257): [0;32;31m[main][net.sunniwell.ui.d][a][-1]:launcher:immediate=true isChanged=false [m
02-25 23:40:10.869 D/j       ( 2257): [0;32;31m[main][com.huawei.mh2.launcher.j][a][-1]:launcher:changed=false [m
02-25 23:40:10.978 E/VPP_DLNA_LOG( 2814): [VPPDLNA]:SSDP recvd bad msg code = 1
02-25 23:40:10.980 E/VPP_DLNA_LOG( 2814): [VPPDLNA]:SSDP recvd bad msg code = 1
02-25 23:40:10.981 E/VPP_DLNA_LOG( 2814): [VPPDLNA]:SSDP recvd bad msg code = 1
02-25 23:40:11.035 E/VPP_DLNA_LOG( 2814): [VPPDLNA]:SSDP recvd bad msg code = 1
02-25 23:40:11.039 E/VPP_DLNA_LOG( 2814): [VPPDLNA]:SSDP recvd bad msg code = 1
02-25 23:40:11.041 E/VPP_DLNA_LOG( 2814): [VPPDLNA]:SSDP recvd bad msg code = 1
02-25 23:40:12.151 I/HiRMService( 2269):  ***** changeStats = 2
02-25 23:40:12.277 D/AndroidRuntime(13771): 
02-25 23:40:12.277 D/AndroidRuntime(13771): >>>>>> AndroidRuntime START com.android.internal.os.RuntimeInit <<<<<<
02-25 23:40:12.280 D/AndroidRuntime(13771): CheckJNI is OFF
02-25 23:40:12.288 I/dalvikvm(13771): DexOpt: mismatch dep signature for '/system/framework/android.policy.odex'
02-25 23:40:12.288 E/dalvikvm(13771): /system/framework/services.jar odex has stale dependencies
02-25 23:40:12.289 I/dalvikvm(13771): DexOpt: mismatch dep name: '/data/dalvik-cache/system@framework@services.jar@classes.dex' vs. '/system/framework/services.odex'
02-25 23:40:12.289 E/dalvikvm(13771): /system/framework/apache-xml.jar odex has stale dependencies
02-25 23:40:12.289 I/dalvikvm(13771): DexOpt: mismatch dep name: '/data/dalvik-cache/system@framework@services.jar@classes.dex' vs. '/system/framework/services.odex'
02-25 23:40:12.290 E/dalvikvm(13771): /system/framework/webviewchromium.jar odex has stale dependencies
02-25 23:40:12.297 D/dalvikvm(13771): Trying to load lib libjavacore.so 0x0
02-25 23:40:12.300 D/dalvikvm(13771): Added shared lib libjavacore.so 0x0
02-25 23:40:12.305 D/dalvikvm(13771): Trying to load lib libnativehelper.so 0x0
02-25 23:40:12.305 D/dalvikvm(13771): Added shared lib libnativehelper.so 0x0
02-25 23:40:12.305 D/dalvikvm(13771): No JNI_OnLoad found in libnativehelper.so 0x0, skipping init
02-25 23:40:12.323 I/dalvikvm(13771): DexOpt: mismatch dep name: '/data/dalvik-cache/system@framework@services.jar@classes.dex' vs. '/system/framework/services.odex'
02-25 23:40:12.323 E/dalvikvm(13771): /system/framework/input.jar odex has stale dependencies
02-25 23:40:12.327 E/cutils-trace(13771): Error opening trace file: No such file or directory (2)
02-25 23:40:12.348 D/dalvikvm(13771): Note: class Landroid/app/ActivityManagerNative; has 179 unimplemented (abstract) methods
02-25 23:40:12.540 E/memtrack(13771): Couldn't load memtrack module (No such file or directory)
02-25 23:40:12.540 E/android.os.Debug(13771): failed to load memtrack module: -2
02-25 23:40:12.542 I/EthernetJNI(13771): Loading ethernet jni class
02-25 23:40:12.612 D/AndroidRuntime(13771): Calling main entry com.android.commands.input.Input
02-25 23:40:12.613 I/Input   (13771): injectKeyEvent: KeyEvent { action=ACTION_DOWN, keyCode=KEYCODE_DPAD_RIGHT, scanCode=0, metaState=0, flags=0x0, repeatCount=0, eventTime=22422788, downTime=22422788, deviceId=-1, source=0x101 }
02-25 23:40:12.618 D/WindowManager( 1948): keyCode =22
02-25 23:40:12.618 D/WindowManager( 1948): isLockedAllKeys =0
02-25 23:40:12.618 D/WindowManager( 1948): isHandleHomeKey = 1
02-25 23:40:12.618 D/WindowManager( 1948): isHandlePowerKey ==1
02-25 23:40:12.618 D/WindowManager( 1948): isHandleSettingKey=1
02-25 23:40:12.618 D/WindowManager( 1948): handleSystemKey==1
02-25 23:40:12.619 D/WindowManager( 1948): send broadcast key press down
02-25 23:40:12.619 W/ContextImpl( 1948): Calling a method in the system process without a qualified user: android.app.ContextImpl.sendBroadcast:1168 com.android.internal.policy.impl.PhoneWindowManager.interceptKeyBeforeQueueing:4109 com.android.server.wm.InputMonitor.interceptKeyBeforeQueueing:357 com.android.server.input.InputManagerService.interceptKeyBeforeQueueing:1352 com.android.server.input.InputManagerService.nativeInjectInputEvent:-2 
02-25 23:40:12.622 D/MainActivity( 2257): [0;32;31m[main][com.huawei.mh2.launcher.MainActivity][dispatchKeyEvent][-1]:launcher:keycode=22 [m
02-25 23:40:12.624 I/Input   (13771): injectKeyEvent: KeyEvent { action=ACTION_UP, keyCode=KEYCODE_DPAD_RIGHT, scanCode=0, metaState=0, flags=0x0, repeatCount=0, eventTime=22422788, downTime=22422788, deviceId=-1, source=0x101 }
02-25 23:40:12.624 D/j       ( 2257): [0;32;31m[main][com.huawei.mh2.launcher.l][onGlobalFocusChanged][-1]:launcher:newFocus=com.huawei.mh2.launcher.a.n{2c957d78 VFE...C. .F...... 160,0-285,57 #7f0a0007 app:id/menu_title_movie} [m
02-25 23:40:12.625 D/WindowManager( 1948): keyCode =22
02-25 23:40:12.625 D/WindowManager( 1948): isLockedAllKeys =0
02-25 23:40:12.625 D/WindowManager( 1948): isHandleHomeKey = 1
02-25 23:40:12.625 D/WindowManager( 1948): isHandlePowerKey ==1
02-25 23:40:12.625 D/WindowManager( 1948): isHandleSettingKey=1
02-25 23:40:12.625 D/WindowManager( 1948): handleSystemKey==1
02-25 23:40:12.625 D/AudioPolicyManagerBase( 1406): startOutput() output 2, stream 1, session 255
02-25 23:40:12.626 D/AudioPolicyManagerBase( 1406): startoutput ->setOutputDevice
02-25 23:40:12.626 D/AudioPolicyManagerBase( 1406): AudioPolicyManagerBase::checkAndSetVolume 13,0.377113
02-25 23:40:12.627 D/j       ( 2257): [0;32;31m[main][net.sunniwell.ui.e][onGlobalFocusChanged][-1]:launcher:smoothMove [m
02-25 23:40:12.629 D/j       ( 2257): [0;32;31m[main][net.sunniwell.ui.g][a][-1]:launcher:anchorView=com.huawei.mh2.launcher.a.n{2c957d78 VFE...C. .F...... 160,0-285,57 #7f0a0007 app:id/menu_title_movie} [m
02-25 23:40:12.630 D/FrameworkPage( 2257): [0;32;31m[main][com.huawei.mh2.launcher.page.FrameworkPage][onFocusChange][-1]:launcher:v=com.huawei.mh2.launcher.a.n{2c957d78 VFE...C. .F....ID 160,0-285,57 #7f0a0007 app:id/menu_title_movie} [m
02-25 23:40:12.641 I/MyGallery( 2257): setMode 2
02-25 23:40:12.641 D/AndroidRuntime(13771): Shutting down VM
02-25 23:40:12.641 D/FrameworkPage( 2257): [0;32;31m[main][com.huawei.mh2.launcher.page.FrameworkPage][b][-1]:launcher:currentIndex=0 nextIndex=1 [m
02-25 23:40:12.642 D/j       ( 2257): [0;32;31m[main][net.sunniwell.ui.g][b][-1]:launcher:offsetWidth=5 offsetHeight=0 resizeImmediate=false [m
02-25 23:40:12.643 D/j       ( 2257): [0;32;31m[main][net.sunniwell.ui.g][a][-1]:launcher:offsetLeft=104 offsetTop=0 moveImmediate=false [m
02-25 23:40:12.644 D/j       ( 2257): [0;32;31m[main][net.sunniwell.ui.d][a][-1]:launcher:immediate=false isChanged=true [m
02-25 23:40:12.645 D/j       ( 2257): [0;32;31m[main][com.huawei.mh2.launcher.j][a][-1]:launcher:changed=true [m
02-25 23:40:12.647 D/MainActivity( 2257): [0;32;31m[main][com.huawei.mh2.launcher.MainActivity][dispatchKeyEvent][-1]:launcher:keycode=22 [m
02-25 23:40:12.647 D/dalvikvm(13771): GC_CONCURRENT freed 98K, 16% free 566K/668K, paused 1ms+0ms, total 4ms
02-25 23:40:12.667 D/j       ( 2257): [0;32;31m[main][net.sunniwell.ui.g][b][-1]:launcher:offsetWidth=0 offsetHeight=0 resizeImmediate=false [m
02-25 23:40:12.667 D/j       ( 2257): [0;32;31m[main][net.sunniwell.ui.g][a][-1]:launcher:offsetLeft=36 offsetTop=0 moveImmediate=false [m
02-25 23:40:12.668 D/j       ( 2257): [0;32;31m[main][net.sunniwell.ui.d][a][-1]:launcher:immediate=false isChanged=true [m
02-25 23:40:12.669 D/j       ( 2257): [0;32;31m[main][com.huawei.mh2.launcher.j][a][-1]:launcher:changed=true [m
02-25 23:40:12.683 D/j       ( 2257): [0;32;31m[main][net.sunniwell.ui.g][b][-1]:launcher:offsetWidth=0 offsetHeight=0 resizeImmediate=false [m
02-25 23:40:12.684 D/j       ( 2257): [0;32;31m[main][net.sunniwell.ui.g][a][-1]:launcher:offsetLeft=13 offsetTop=0 moveImmediate=false [m
02-25 23:40:12.684 D/j       ( 2257): [0;32;31m[main][net.sunniwell.ui.d][a][-1]:launcher:immediate=false isChanged=true [m
02-25 23:40:12.685 D/j       ( 2257): [0;32;31m[main][com.huawei.mh2.launcher.j][a][-1]:launcher:changed=true [m
02-25 23:40:12.704 I/MyGallery( 2257): setMode 5
02-25 23:40:12.704 D/j       ( 2257): [0;32;31m[main][net.sunniwell.ui.g][b][-1]:launcher:offsetWidth=0 offsetHeight=0 resizeImmediate=false [m
02-25 23:40:12.705 D/j       ( 2257): [0;32;31m[main][net.sunniwell.ui.g][a][-1]:launcher:offsetLeft=7 offsetTop=0 moveImmediate=false [m
02-25 23:40:12.706 D/j       ( 2257): [0;32;31m[main][net.sunniwell.ui.d][a][-1]:launcher:immediate=false isChanged=true [m
02-25 23:40:12.706 D/j       ( 2257): [0;32;31m[main][com.huawei.mh2.launcher.j][a][-1]:launcher:changed=true [m
02-25 23:40:12.707 D/FrameworkPage( 2257): [0;32;31m[main][com.huawei.mh2.launcher.page.FrameworkPage][a][-1]:launcher:currentIndex=0 nextIndex=1 [m
02-25 23:40:12.726 D/j       ( 2257): [0;32;31m[main][net.sunniwell.ui.g][b][-1]:launcher:offsetWidth=0 offsetHeight=0 resizeImmediate=false [m
02-25 23:40:12.727 D/j       ( 2257): [0;32;31m[main][net.sunniwell.ui.g][a][-1]:launcher:offsetLeft=0 offsetTop=0 moveImmediate=false [m
02-25 23:40:12.728 D/j       ( 2257): [0;32;31m[main][net.sunniwell.ui.d][a][-1]:launcher:immediate=false isChanged=false [m
02-25 23:40:12.730 D/j       ( 2257): [0;32;31m[main][com.huawei.mh2.launcher.j][a][-1]:launcher:changed=false [m
02-25 23:40:12.808 I/MyGallery( 2257): setMode 0
02-25 23:40:13.128 E/VPP_DLNA_LOG( 2814): [VPPDLNA][Check_Connect_And_Wait_Connection][:156]:  select timeout
02-25 23:40:13.128 E/VPP_DLNA_LOG( 2814): [VPPDLNA][BEATHEART][MyBox_d4f7ac(10.10.5.133)]-:get response for heartBeat timeout!!!
02-25 23:40:13.554 E/NetWorkManager( 2323): NetWorkManager tryConnectFirst   time  = 5001
02-25 23:40:13.720 E/NetWorkManager( 2323): NetWorkManager connect internet success !!  http://www.baidu.com
02-25 23:40:13.869 I/System.out( 2323): D/(TVApi:4/4, id=155): Remote ip address: 123.125.117.39
02-25 23:40:13.869 I/System.out( 2323): D/(TVApi:4/4, id=155): Get Request
