02-25 23:40:08.185 D/WindowManager( 1948): isHandleSettingKey=1
02-25 23:40:08.185 D/WindowManager( 1948): handleSystemKey==1
02-25 23:40:08.188 D/MainActivity( 2257): [0;32;31m[main][com.huawei.mh2.launcher.MainActivity][dispatchKeyEvent][-1]:launcher:keycode=66 [m
02-25 23:40:08.189 D/AudioPolicyManagerBase( 1406): startOutput() output 2, stream 1, session 254
02-25 23:40:08.189 D/AudioPolicyManagerBase( 1406): startoutput ->setOutputDevice
02-25 23:40:08.189 D/AudioPolicyManagerBase( 1406): AudioPolicyManagerBase::checkAndSetVolume 13,0.377113
02-25 23:40:08.191 I/EthernetService( 1948): getWifiDisguiseState: STATE UNKNOWN
02-25 23:40:08.191 I/EthernetManager( 1948): getWifiDisguiseState2
02-25 23:40:08.191 D/g       ( 2257): [0;32;31m[main][com.huawei.mh2.launcher.b.g][a][-1]:launcher:dataInfo = id=0232ebdd3b18d801e3f158650792156f,type=0,title=中国梦想秀之折纸狂人盼圆妻子羊驼之梦,classTag=null,sort=null,filterTag=null,obj=com.qiyi.tv.client.data.Video@2d4cfb18 [m
02-25 23:40:08.191 I/EthernetService( 1948): getWifiDisguiseState: STATE UNKNOWN
02-25 23:40:08.191 I/EthernetService( 1948): getWifiDisguiseState: STATE UNKNOWN
02-25 23:40:08.191 I/EthernetManager( 1948): getWifiDisguiseState2
02-25 23:40:08.191 I/EthernetService( 1948): getWifiDisguiseState: STATE UNKNOWN
02-25 23:40:08.192 D/g       ( 2257): [0;32;31m[main][com.huawei.mh2.launcher.b.g][a][-1]:launcher:type = 0 [m
02-25 23:40:08.194 D/g       ( 2257): [0;32;31m[main][com.huawei.mh2.launcher.b.g][i][-1]:launcher:isNetworkReachable [m
02-25 23:40:08.209 D/ClientHelper( 2257): isConnected() ClientHelper@2c9af570{mCurrentState=2, mTargetState=2, mAuthSuccess=true, mListener=com.qiyi.tv.client.project.BaseClient$ProxyListener@2c9ef300, mService=com.qiyi.tv.client.IQiyiService$Stub$Proxy@2ef93858}
02-25 23:40:08.209 D/ClientHelper( 2257): isAuthSuccess() ClientHelper@2c9af570{mCurrentState=2, mTargetState=2, mAuthSuccess=true, mListener=com.qiyi.tv.client.project.BaseClient$ProxyListener@2c9ef300, mService=com.qiyi.tv.client.IQiyiService$Stub$Proxy@2ef93858}
02-25 23:40:08.209 D/Utils   ( 2257): dumpBundle() copyBundle() target=: bundle size=3
02-25 23:40:08.210 D/Utils   ( 2257): dumpBundle() copyBundle() target=: key[com.qiyi.tv.sdk.extra.EXTRA_OPERATION_TYPE]=20001
02-25 23:40:08.210 D/Utils   ( 2257): dumpBundle() copyBundle() target=: key[com.qiyi.tv.sdk.extra.EXTRA_OPERATION_DATA_TYPE]=30000
02-25 23:40:08.210 D/Utils   ( 2257): dumpBundle() copyBundle() target=: key[com.qiyi.tv.sdk.extra.EXTRA_OPERATION_TARGET]=10201
02-25 23:40:08.210 D/Utils   ( 2257): dumpBundle() copyBundle() source=: bundle size=2
02-25 23:40:08.210 D/Utils   ( 2257): dumpBundle() copyBundle() source=: key[com.qiyi.tv.sdk.extra.EXTRA_INTENT_FLAG]=335577088
02-25 23:40:08.211 D/Utils   ( 2257): dumpBundle() copyBundle() source=: key[com.qiyi.tv.sdk.extra.EXTRA_VIDEO]=com.qiyi.tv.client.data.Video@2d4cfb18
02-25 23:40:08.211 D/Utils   ( 2257): dumpBundle() copyBundle() final=: bundle size=5
02-25 23:40:08.211 D/Utils   ( 2257): dumpBundle() copyBundle() final=: key[com.qiyi.tv.sdk.extra.EXTRA_OPERATION_TYPE]=20001
02-25 23:40:08.212 D/g       ( 2257): [0;32;31m[main][com.huawei.mh2.launcher.b.g][i][-1]:launcher:isNetworkReachable return true [m
02-25 23:40:08.212 D/Utils   ( 2257): dumpBundle() copyBundle() final=: key[com.qiyi.tv.sdk.extra.EXTRA_INTENT_FLAG]=335577088
02-25 23:40:08.212 D/Utils   ( 2257): dumpBundle() copyBundle() final=: key[com.qiyi.tv.sdk.extra.EXTRA_OPERATION_DATA_TYPE]=30000
02-25 23:40:08.212 D/Utils   ( 2257): dumpBundle() copyBundle() final=: key[com.qiyi.tv.sdk.extra.EXTRA_VIDEO]=com.qiyi.tv.client.data.Video@2d4cfb18
02-25 23:40:08.212 D/Utils   ( 2257): dumpBundle() copyBundle() final=: key[com.qiyi.tv.sdk.extra.EXTRA_OPERATION_TARGET]=10201
02-25 23:40:08.212 D/ClientHelper( 2257): isConnected() ClientHelper@2c9af570{mCurrentState=2, mTargetState=2, mAuthSuccess=true, mListener=com.qiyi.tv.client.project.BaseClient$ProxyListener@2c9ef300, mService=com.qiyi.tv.client.IQiyiService$Stub$Proxy@2ef93858}
02-25 23:40:08.213 D/ClientHelper( 2257): isAuthSuccess() ClientHelper@2c9af570{mCurrentState=2, mTargetState=2, mAuthSuccess=true, mListener=com.qiyi.tv.client.project.BaseClient$ProxyListener@2c9ef300, mService=com.qiyi.tv.client.IQiyiService$Stub$Proxy@2ef93858}
02-25 23:40:08.214 D/OpenApiBinder( 2323): invoke() begin. bundle size=5
02-25 23:40:08.214 D/OpenApiBinder( 2323): invoke() begin. key[com.qiyi.tv.sdk.extra.EXTRA_OPERATION_TYPE]=20001
02-25 23:40:08.214 D/OpenApiBinder( 2323): invoke() begin. key[com.qiyi.tv.sdk.extra.EXTRA_INTENT_FLAG]=335577088
02-25 23:40:08.214 D/OpenApiBinder( 2323): invoke() begin. key[com.qiyi.tv.sdk.extra.EXTRA_OPERATION_DATA_TYPE]=30000
02-25 23:40:08.214 D/OpenApiBinder( 2323): invoke() begin. key[com.qiyi.tv.sdk.extra.EXTRA_VIDEO]=com.qiyi.tv.client.data.Video@2f05f300
02-25 23:40:08.214 D/OpenApiBinder( 2323): invoke() begin. key[com.qiyi.tv.sdk.extra.EXTRA_OPERATION_TARGET]=10201
02-25 23:40:08.214 D/OpenApiManager( 2323): isAllowedClient() pid=2257, holder=Holder(code=0, client=ClientInfo(vn=2.0, vc=24956, pk=com.huawei.mh2.launcher)) return true
02-25 23:40:08.214 D/OpenApiBinder( 2323): invoke() find command=com.qiyi.video.openplay.service.feature.open.OpenMediaCommand@2c923c50
02-25 23:40:08.215 D/ProcessWatcher( 2323): getToken() 2257 return AccessToken@{count=1, time=1424936197005, duration=3600000, maxCount=3600000, interval=0)
02-25 23:40:08.215 D/AccessToken( 2323): isAllowedAccess() now = 1424936408215, mMaxCount = 3600000
02-25 23:40:08.215 D/AccessToken( 2323): isAllowedAccess() count=1, time=1424936197005, return true
02-25 23:40:08.215 D/LocalVideo( 2323): LocalVideo(com.qiyi.tv.client.data.Video@2f05f300) LocalVideo(mType=1, mId=349989700, mName=中国梦想秀之折纸狂人盼圆妻子羊驼之梦, mChannelId=6, mAlbumId=202509101, mIsSeries=true, mStartTime=0, mCornerHint=3, mPicUrl=http://pic8.ptqy.gitv.tv/image/20150225/54/4c/v_108966887_m_601_m1_354_490.jpg, mUserTags=Bundle@[size=2,com.qiyi.tv.internal.extra.EXTRA_TYPE=0],com.qiyi.tv.internal.extra.EXTRA_SOURCE_CODE=202509101])
02-25 23:40:08.216 D/OpenApiUtils( 2323): createChannelLabel(LocalVideo(mType=1, mId=349989700, mName=中国梦想秀之折纸狂人盼圆妻子羊驼之梦, mChannelId=6, mAlbumId=202509101, mIsSeries=true, mStartTime=0, mCornerHint=3, mPicUrl=http://pic8.ptqy.gitv.tv/image/20150225/54/4c/v_108966887_m_601_m1_354_490.jpg, mUserTags=Bundle@[size=2,com.qiyi.tv.internal.extra.EXTRA_TYPE=0],com.qiyi.tv.internal.extra.EXTRA_SOURCE_CODE=202509101]))
02-25 23:40:08.216 D/OpenApiUtils( 2323): createChannelLabel() return null
02-25 23:40:08.216 D/OpenApiUtils( 2323): createAlbum(LocalVideo(mType=1, mId=349989700, mName=中国梦想秀之折纸狂人盼圆妻子羊驼之梦, mChannelId=6, mAlbumId=202509101, mIsSeries=true, mStartTime=0, mCornerHint=3, mPicUrl=http://pic8.ptqy.gitv.tv/image/20150225/54/4c/v_108966887_m_601_m1_354_490.jpg, mUserTags=Bundle@[size=2,com.qiyi.tv.internal.extra.EXTRA_TYPE=0],com.qiyi.tv.internal.extra.EXTRA_SOURCE_CODE=202509101]))
02-25 23:40:08.216 D/OpenApiUtils( 2323): createAlbum() return qpId=202509101 name=中国梦想秀之折纸狂人盼圆妻子羊驼之梦 type=VIDEO focus= pic=http://pic8.ptqy.gitv.tv/image/20150225/54/4c/v_108966887_m_601_m1_354_490.jpg tvPic= score= pCount= desc= key= isSeries=true chnName= chnId=6 tag= exclusive=0 isDownload=false is3D=0 tvsets=0 order=1 time= tvCount=0 stream= isPurchase=0 tvQid=349989700 vid=null len= sourceCode=202509101 vType=0 playUrl=null
02-25 23:40:08.217 D/OpenApiUtils( 2323): createAlbum() return Album@2eeab638{qpId=202509101, tvQid=349989700, vid=null, getType()=VIDEO, albumName=中国梦想秀之折纸狂人盼圆妻子羊驼之梦, tvName=, sourceCode=202509101, isPurchase()=false, isExclusive()=false, isSeries()=true, playOrder=1, tvPic=, issueTime=, playCount=, playLength=, tvCount=0, tag=, cornerMark=CORNERMARK_NO, is3D()=false, definition list=, chnId=6, chnName=, startTime=0, endTime=0, playTime=-1, canDownload=false, bkt=, area=}
02-25 23:40:08.217 D/PlayerUtils( 2323): >> startPlayerWithPlayList: albumInfo=Album@2eeab638{qpId=202509101, tvQid=349989700, vid=null, getType()=VIDEO, albumName=中国梦想秀之折纸狂人盼圆妻子羊驼之梦, tvName=, sourceCode=202509101, isPurchase()=false, isExclusive()=false, isSeries()=true, playOrder=1, tvPic=, issueTime=, playCount=, playLength=, tvCount=0, tag=, cornerMark=CORNERMARK_NO, is3D()=false, definition list=, chnId=6, chnName=, startTime=0, endTime=0, playTime=-1, canDownload=false, bkt=, area=}, playOrder=1, from=out, playParams=PlayParams@2eea9c38{sourceType=OUTSIDE, playindex=0, playlist id=null, playlist name=null, is recommend=false, channel id=null, channel name=null, is picture vertical=false, from=out, playlist=[EMPTY]}
02-25 23:40:08.217 D/PlayerUtils( 2323): add clear task flag
02-25 23:40:08.217 D/PlayerUtils( 2323): fillOutsideInfoIfNeed() fill out album info!
02-25 23:40:08.236 I/ActivityManager( 1948): START u0 {flg=0x14008000 cmp=com.qiyi.tvplayer.huawei/com.qiyi.video.player.PlayerActivity (has extras)} from pid 2323
02-25 23:40:08.277 D/dalvikvm( 1948): GC_FOR_ALLOC freed 747K, 17% free 7608K/9080K, paused 40ms, total 40ms
02-25 23:40:08.280 D/AlbumDetail/Activity( 2323): onDestroy
02-25 23:40:08.280 I/QBaseActivity( 2323): onDestroy this = com.qiyi.video.ui.detail.QAlbumDetailActivity@2f0f1cd8
02-25 23:40:08.280 I/QBaseActivity( 2323): onDestroy refCount = 1
02-25 23:40:08.280 D/AlbumDetailOfflineManager( 2323): Unregister storage listener
02-25 23:40:08.280 D/LocalStorageManager( 2323): stopListening() mListening=true
02-25 23:40:08.283 D/ParamsHelper( 2323): setResultCode(0)
02-25 23:40:08.283 D/LocalStorageManager( 2323): unregisterListener(com.qiyi.video.ui.detail.AlbumDetailOfflineManager$7@2dab5c30) return true
02-25 23:40:08.283 D/ProcessWatcher( 2323): getToken() 2257 return AccessToken@{count=1, time=1424936197005, duration=3600000, maxCount=3600000, interval=0)
02-25 23:40:08.283 D/AccessToken( 2323): increaseAccessCount() count=2
02-25 23:40:08.284 D/OpenApiBinder( 2323): invoke() end. bundle size=2
02-25 23:40:08.284 D/OpenApiBinder( 2323): invoke() end. key[com.qiyi.tv.sdk.extra.EXTRA_RESULT_CODE]=0
02-25 23:40:08.284 D/OpenApiBinder( 2323): invoke() end. key[com.qiyi.tv.sdk.extra.EXTRA_COMMAND_CONTINUE]=false
02-25 23:40:08.285 D/Utils   ( 2257): dumpBundle() parseResultCode(): bundle size=2
02-25 23:40:08.285 E/EpisodeListView( 2323): onDetachedFromWindow()
02-25 23:40:08.286 D/Utils   ( 2257): dumpBundle() parseResultCode(): key[com.qiyi.tv.sdk.extra.EXTRA_RESULT_CODE]=0
02-25 23:40:08.286 D/Utils   ( 2257): dumpBundle() parseResultCode(): key[com.qiyi.tv.sdk.extra.EXTRA_COMMAND_CONTINUE]=false
02-25 23:40:08.286 D/ParamsHelper( 2257): parseResultCode() return 0
02-25 23:40:08.287 W/CommandRunner( 2257): executeCommand() [0] break for code=0, serverContinue=false
02-25 23:40:08.287 D/Utils   ( 2257): dumpBundle() executeCommand(): bundle size=2
02-25 23:40:08.287 D/Utils   ( 2257): dumpBundle() executeCommand(): key[com.qiyi.tv.sdk.extra.EXTRA_RESULT_CODE]=0
02-25 23:40:08.287 D/Utils   ( 2257): dumpBundle() executeCommand(): key[com.qiyi.tv.sdk.extra.EXTRA_COMMAND_CONTINUE]=false
02-25 23:40:08.288 D/ParamsHelper( 2257): setResultCode(0)
02-25 23:40:08.288 D/Utils   ( 2257): dumpBundle() parseResultCode(): bundle size=2
02-25 23:40:08.288 D/Utils   ( 2257): dumpBundle() parseResultCode(): key[com.qiyi.tv.sdk.extra.EXTRA_RESULT_CODE]=0
02-25 23:40:08.288 D/Utils   ( 2257): dumpBundle() parseResultCode(): key[com.qiyi.tv.sdk.extra.EXTRA_COMMAND_CONTINUE]=false
02-25 23:40:08.288 D/ParamsHelper( 2257): parseResultCode() return 0
02-25 23:40:08.289 D/AndroidRuntime(13720): Shutting down VM
02-25 23:40:08.291 I/j       ( 2257): [0;32;31m[main][net.sunniwell.ui.d][c][-1]:launcher:pause [m
02-25 23:40:08.291 W/ContextImpl( 2257): Calling a method in the system process without a qualified user: android.app.ContextImpl.sendBroadcast:1168 android.content.ContextWrapper.sendBroadcast:365 android.app.ActivityThread.performPauseActivity:3061 android.app.ActivityThread.performPauseActivity:3023 android.app.ActivityThread.handlePauseActivity:3001 
02-25 23:40:08.296 D/dalvikvm(13720): GC_CONCURRENT freed 98K, 16% free 566K/668K, paused 3ms+0ms, total 6ms
02-25 23:40:08.298 I/QBaseActivity( 2323): onCreate mRefCount = 2
02-25 23:40:08.298 I/QBaseActivity( 2323): onCreate this = com.qiyi.video.player.PlayerActivity@2dafadc8
02-25 23:40:08.307 D/skia    ( 2323): ---- fAsset->read(1024) returned 0
02-25 23:40:08.307 D/skia    ( 2323): ---- fAsset->read(1024) returned 0
02-25 23:40:08.372 D/dalvikvm( 2323): GC_FOR_ALLOC freed 5477K, 54% free 21931K/47192K, paused 54ms, total 54ms
02-25 23:40:08.397 D/MovieVideoView( 2323): addCallback(com.qiyi.video.player.player.MovieVideoView$1@2ef093b0)
02-25 23:40:08.397 D/Player/Utils( 2323): assertTrue() pass! msg=should initliaze MovieManager first!!
02-25 23:40:08.397 D/MovieVideoView( 2323): init() format=0
02-25 23:40:08.432 D/dalvikvm( 2323): GC_FOR_ALLOC freed 1521K, 55% free 21399K/47192K, paused 32ms, total 32ms
02-25 23:40:08.445 I/dalvikvm-heap( 2323): Grow heap (frag case) to 28.864MB for 8294416-byte allocation
02-25 23:40:08.480 D/dalvikvm( 2323): GC_FOR_ALLOC freed <1K, 38% free 29498K/47192K, paused 35ms, total 35ms
02-25 23:40:08.519 D/dalvikvm( 2323): GC_CONCURRENT freed <1K, 38% free 29498K/47192K, paused 2ms+5ms, total 39ms
02-25 23:40:08.529 D/BasePlayActivity( 2323): init: get bundle=Bundle[mParcelledData.dataSize=2148]
02-25 23:40:08.550 D/Player/Pingback/PingbackSender( 2323): initialize: s1=1, s2=out, seId=null, context=com.qiyi.video.player.PlayerActivity@2dafadc8
02-25 23:40:08.550 D/Player/Pingback/PingbackSender( 2323): getS2FromScreenMode(mode:com.qiyi.video.player.QiyiVideoPlayer$ScreenMode$1@2c9c0f00, s2:out)
02-25 23:40:08.550 D/Player/Pingback/PingbackSender( 2323): getS2FromScreenMode: result=out
02-25 23:40:08.550 D/Player/Pingback/MyPingback( 2323): >> initialize(s1:1, s2:out,seId:null)
02-25 23:40:08.550 D/PlayerController[2ca9db70]( 2323): setupVideo(Bundle[{album_name=中国梦想秀之折纸狂人盼圆妻子羊驼之梦, vrsVid=null, from=out, fromWhere=out, albumInfo=qpId=202509101 name=中国梦想秀之折纸狂人盼圆妻子羊驼之梦 type=VIDEO focus= pic=http://pic8.ptqy.gitv.tv/image/20150225/54/4c/v_108966887_m_601_m1_354_490.jpg tvPic= score= pCount= desc= key= isSeries=true chnName= chnId=6 tag= exclusive=0 isDownload=false is3D=0 tvsets=0 order=1 time= tvCount=0 stream= isPurchase=0 tvQid=349989700 vid=null len= sourceCode=202509101 vType=0 playUrl=null, play_list_info=PlayParams@2cbf8220{sourceType=OUTSIDE, playindex=0, playlist id=null, playlist name=null, is recommend=false, channel id=null, channel name=null, is picture vertical=false, from=out, playlist=[EMPTY]}, vrsTvId=349989700, history=-1, videoType=2, vrsAlbumId=202509101}])
02-25 23:40:08.551 I/EthernetService( 1948): getWifiDisguiseState: STATE UNKNOWN
02-25 23:40:08.551 I/EthernetManager( 1948): getWifiDisguiseState2
02-25 23:40:08.551 I/EthernetService( 1948): getWifiDisguiseState: STATE UNKNOWN
02-25 23:40:08.551 D/ConnectivityService( 1948): mActiveDefaultNetwork = 9
02-25 23:40:08.553 D/Player/Utils( 2323): isNetworkAvaliable() state=2, return true
02-25 23:40:08.553 D/VideoProvider( 2323): createSourceLoader(Bundle[{album_name=中国梦想秀之折纸狂人盼圆妻子羊驼之梦, vrsVid=null, from=out, fromWhere=out, albumInfo=qpId=202509101 name=中国梦想秀之折纸狂人盼圆妻子羊驼之梦 type=VIDEO focus= pic=http://pic8.ptqy.gitv.tv/image/20150225/54/4c/v_108966887_m_601_m1_354_490.jpg tvPic= score= pCount= desc= key= isSeries=true chnName= chnId=6 tag= exclusive=0 isDownload=false is3D=0 tvsets=0 order=1 time= tvCount=0 stream= isPurchase=0 tvQid=349989700 vid=null len= sourceCode=202509101 vType=0 playUrl=null, play_list_info=PlayParams@2cbf8220{sourceType=OUTSIDE, playindex=0, playlist id=null, playlist name=null, is recommend=false, channel id=null, channel name=null, is picture vertical=false, from=out, playlist=[EMPTY]}, vrsTvId=349989700, history=-1, videoType=2, vrsAlbumId=202509101}])
02-25 23:40:08.553 D/VideoProvider( 2323): createSourceLoader() sourceTypeObj=2
02-25 23:40:08.553 D/VideoProvider( 2323): createSourceLoader() playtype=OUTSIDE
02-25 23:40:08.554 D/VideoProvider( 2323): createSourceLoader() intent AlbumInfo=Album@2f08c2a0{qpId=202509101, tvQid=349989700, vid=null, getType()=VIDEO, albumName=中国梦想秀之折纸狂人盼圆妻子羊驼之梦, tvName=, sourceCode=202509101, isPurchase()=false, isExclusive()=false, isSeries()=true, playOrder=1, tvPic=, issueTime=, playCount=, playLength=, tvCount=0, tag=, cornerMark=CORNERMARK_NO, is3D()=false, definition list=, chnId=6, chnName=, startTime=0, endTime=0, playTime=-1, canDownload=false, bkt=, area=}
02-25 23:40:08.554 D/VideoProvider( 2323): createSourceLoader() params=PlayParams@2cbf8220{sourceType=OUTSIDE, playindex=0, playlist id=null, playlist name=null, is recommend=false, channel id=null, channel name=null, is picture vertical=false, from=out, playlist=[EMPTY]}
02-25 23:40:08.555 D/VideoItem@2f077cf8( 2323): VideoItem(com.qiyi.video.player.data.provider.VideoProvider@2da9e750, Album@2f08c2a0{qpId=202509101, tvQid=349989700, vid=null, getType()=VIDEO, albumName=中国梦想秀之折纸狂人盼圆妻子羊驼之梦, tvName=, sourceCode=202509101, isPurchase()=false, isExclusive()=false, isSeries()=true, playOrder=1, tvPic=, issueTime=, playCount=, playLength=, tvCount=0, tag=, cornerMark=CORNERMARK_NO, is3D()=false, definition list=, chnId=6, chnName=, startTime=0, endTime=0, playTime=-1, canDownload=false, bkt=, area=})
02-25 23:40:08.555 D/VideoItem@2f077cf8( 2323): isTvSeries(): isSeries=true, sourceCode()=202509101, return=false
02-25 23:40:08.555 D/VideoItem@2f077cf8( 2323): updatePictureUrl: isVertical=false, mPictureUrl=http://pic8.ptqy.gitv.tv/image/20150225/54/4c/v_108966887_m_601_m1_354_490.jpg
02-25 23:40:08.555 D/VideoItem@2f077cf8( 2323): updateDefinitions(Album@2f08c2a0, stream=)
02-25 23:40:08.555 D/Player/Data/VideoDefinition( 2323): VideoDefinition.<init>: def list=VideoDefinition{Definition[value:2, null, weight:2], }
02-25 23:40:08.555 D/Player/Data/VideoDefinition( 2323): setAutoDefinition(true)
02-25 23:40:08.556 D/Player/Data/Definition( 2323): get(4)
02-25 23:40:08.556 D/Player/Data/Definition( 2323): isDefinitionSupported(4) return true
02-25 23:40:08.556 D/Player/Data/VideoDefinition( 2323): >> getMostSuitableDefinition: all=VideoDefinition{Definition[value:2, null, weight:2], }, setting=3
02-25 23:40:08.556 D/Player/Data/VideoDefinition( 2323): closestNormal = Definition[value:2, null, weight:2],closestDolby=null,closestH265=null,setting=Definition[value:4, null, weight:3],ret=Definition[value:2, null, weight:2]
02-25 23:40:08.556 D/Player/Data/VideoDefinition( 2323): << getMostSuitableDefinition: mostSuitable=Definition[value:2, null, weight:2]
02-25 23:40:08.556 D/VideoItem@2f077cf8( 2323): setCurDefinition(Definition[value:2, null, weight:2]) mVrsVidMap=null, vrsVid=null
02-25 23:40:08.556 D/VideoItem@2f077cf8( 2323): setCurDefinition() mIsDolby=false, vrsVid=null, getVrsVid()=null, device support dolby=true
02-25 23:40:08.556 W/Bundle  ( 2323): Key history expected String but value was a java.lang.Integer.  The default value <null> was returned.
02-25 23:40:08.558 W/Bundle  ( 2323): Attempt to cast generated internal exception:
02-25 23:40:08.558 W/Bundle  ( 2323): java.lang.ClassCastException: java.lang.Integer cannot be cast to java.lang.String
02-25 23:40:08.558 W/Bundle  ( 2323): 	at android.os.Bundle.getString(Bundle.java:1121)
02-25 23:40:08.558 W/Bundle  ( 2323): 	at com.qiyi.video.player.data.provider.VideoProvider.fillOutInfo(VideoProvider.java:578)
02-25 23:40:08.558 W/Bundle  ( 2323): 	at com.qiyi.video.player.data.provider.VideoProvider.createSourceLoader(VideoProvider.java:510)
02-25 23:40:08.558 W/Bundle  ( 2323): 	at com.qiyi.video.player.data.provider.VideoProvider.<init>(VideoProvider.java:69)
02-25 23:40:08.558 W/Bundle  ( 2323): 	at com.qiyi.video.player.app.PlayerController.setupVideo(PlayerController.java:158)
02-25 23:40:08.558 W/Bundle  ( 2323): 	at com.qiyi.video.player.app.PlayerController.<init>(PlayerController.java:140)
02-25 23:40:08.558 W/Bundle  ( 2323): 	at com.qiyi.video.player.QiyiVideoPlayer.<init>(QiyiVideoPlayer.java:85)
02-25 23:40:08.558 W/Bundle  ( 2323): 	at com.qiyi.video.player.QiyiVideoPlayer.createVideoPlayer(QiyiVideoPlayer.java:435)
02-25 23:40:08.558 W/Bundle  ( 2323): 	at com.qiyi.video.player.BasePlayActivity.init(BasePlayActivity.java:114)
02-25 23:40:08.558 W/Bundle  ( 2323): 	at com.qiyi.video.player.BasePlayActivity.onCreate(BasePlayActivity.java:59)
02-25 23:40:08.558 W/Bundle  ( 2323): 	at android.app.Activity.performCreate(Activity.java:5231)
02-25 23:40:08.558 W/Bundle  ( 2323): 	at android.app.Instrumentation.callActivityOnCreate(Instrumentation.java:1087)
02-25 23:40:08.558 W/Bundle  ( 2323): 	at android.app.ActivityThread.performLaunchActivity(ActivityThread.java:2159)
02-25 23:40:08.558 W/Bundle  ( 2323): 	at android.app.ActivityThread.handleLaunchActivity(ActivityThread.java:2245)
02-25 23:40:08.558 W/Bundle  ( 2323): 	at android.app.ActivityThread.access$800(ActivityThread.java:135)
02-25 23:40:08.558 W/Bundle  ( 2323): 	at android.app.ActivityThread$H.handleMessage(ActivityThread.java:1196)
02-25 23:40:08.558 W/Bundle  ( 2323): 	at android.os.Handler.dispatchMessage(Handler.java:102)
02-25 23:40:08.558 W/Bundle  ( 2323): 	at android.os.Looper.loop(Looper.java:136)
02-25 23:40:08.558 W/Bundle  ( 2323): 	at android.app.ActivityThread.main(ActivityThread.java:5030)
02-25 23:40:08.558 W/Bundle  ( 2323): 	at java.lang.reflect.Method.invokeNative(Native Method)
02-25 23:40:08.558 W/Bundle  ( 2323): 	at java.lang.reflect.Method.invoke(Method.java:515)
02-25 23:40:08.558 W/Bundle  ( 2323): 	at com.android.internal.os.ZygoteInit$MethodAndArgsCaller.run(ZygoteInit.java:785)
02-25 23:40:08.558 W/Bundle  ( 2323): 	at com.android.internal.os.ZygoteInit.main(ZygoteInit.java:601)
02-25 23:40:08.558 W/Bundle  ( 2323): 	at dalvik.system.NativeStart.main(Native Method)
02-25 23:40:08.558 W/Player/Utils( 2323): parse(null) error!
02-25 23:40:08.558 D/VideoItem@2f077cf8( 2323): setVideoPlayTime(-1)
02-25 23:40:08.558 D/VideoProvider( 2323): fillOutInfo() vrsAlbumId=202509101, vrsTvId=349989700, videoProgress=null, vrsVid=null, albumName=中国梦想秀之折纸狂人盼圆妻子羊驼之梦
02-25 23:40:08.559 D/VideoProvider( 2323): createSourceLoader() return com.qiyi.video.player.data.loader.OutsideLoader@2f2313e0, video=VideoItem@2f077cf8{qpId=202509101, tvQid=349989700, vid=null, getType()=VIDEO, albumName=中国梦想秀之折纸狂人盼圆妻子羊驼之梦, tvName=, isSeries()=true, sourceCode=202509101, playOrder=1, getAlbumSubName()=中国梦想秀之折纸狂人盼圆妻子羊驼之梦, mIsVipAlbum=false, isPurchase()=false, isPreview=false, isExclusive()=false, isVertical=false, canDownload()=false, isDownload=0, tvPic=, issueTime=, playCount=, playLength=, tag=, cornerMark=CORNERMARK_NO, definition list=, default definition=null, channelId=6, channelName=, mIChannelId=null, startTime=0, endTime=0, headerTime=0, tailTime=0, tvCount=0, tvSets=0, playTime=-1, episodes=0, url=, m3u8Url = null, mRecommendationsFilled=false, mEndRecommendationsFilled=false, mVarietyName=null}
02-25 23:40:08.560 D/Playlist( 2323): Position(-1, -1)
02-25 23:40:08.560 D/Playlist( 2323): Position(-1, -1)
02-25 23:40:08.560 D/Player/Utils( 2323): assertTrue() pass! msg=should keep mCurrent is not NULL!
02-25 23:40:08.560 D/VideoProvider( 2323): addListener(com.qiyi.video.player.app.PlayerController$1@2cc973d8)
02-25 23:40:08.560 D/Observable<T>( 2323): addListener(com.qiyi.video.player.app.PlayerController$1@2cc973d8) return true
02-25 23:40:08.560 D/PlayerOverlay( 2323):  PlayerOverlay.<init>: mSourceType=OUTSIDE, initByWindowMode=false
02-25 23:40:08.560 D/MediaControllerContainer( 2323): setWindowMode(true)
02-25 23:40:08.560 D/MediaControllerContainer( 2323): setOnUserPlayPauseListener(com.qiyi.video.player.ui.layout.PlayerOverlay$8@2cb05b40) size=0
02-25 23:40:08.560 D/MediaControllerContainer( 2323): setOnUserSeekListener(com.qiyi.video.player.ui.layout.PlayerOverlay$5@2cb32788) size=0
02-25 23:40:08.560 D/MediaControllerContainer( 2323): updateView(false, OUTSIDE) 1, config show 3d = true
02-25 23:40:08.560 D/MediaControllerContainer( 2323): clear()
02-25 23:40:08.594 D/dalvikvm( 2323): GC_FOR_ALLOC freed 288K, 38% free 29528K/47192K, paused 32ms, total 32ms
02-25 23:40:08.645 D/dalvikvm( 2323): GC_CONCURRENT freed 1K, 21% free 37627K/47192K, paused 3ms+5ms, total 38ms
02-25 23:40:08.700 I/HaloSeekBar( 2323): mThumb padding = Rect(2, 5 - 2, 6)
02-25 23:40:08.715 D/VolumeView( 2323): showVolume() mCurVolume=0, mMaxVolume=0
02-25 23:40:08.739 I/HaloSeekBar( 2323): mThumb padding = Rect(2, 5 - 2, 6)
02-25 23:40:08.753 D/VolumeView( 2323): showVolume() mCurVolume=0, mMaxVolume=0
02-25 23:40:08.758 D/AbsMediaController( 2323): setOnUserPlayPauseListener(com.qiyi.video.player.ui.layout.MediaControllerContainer$1@2eeeaed8)
02-25 23:40:08.758 D/AbsMediaController( 2323): setOnUserSeekListener(com.qiyi.video.player.ui.layout.MediaControllerContainer$2@2ee8ebd8)
02-25 23:40:08.758 D/MediaControllerOverlay( 2323): setThreeDimensional(false)
02-25 23:40:08.758 D/EnhancedTextView( 2323): setThreeDimensional(false)
02-25 23:40:08.758 D/EnhancedTextView( 2323): setThreeDimensional(false)
02-25 23:40:08.758 D/EnhancedTextView( 2323): setThreeDimensional(false)
02-25 23:40:08.758 D/EnhancedTextView( 2323): setThreeDimensional(false)
02-25 23:40:08.758 D/EnhancedImageView( 2323): setThreeDimensional(false)
02-25 23:40:08.758 D/EnhancedImageView( 2323): setThreeDimensional mWidth = 203
02-25 23:40:08.759 D/EnhancedImageView( 2323): setThreeDimensional lp.width = 203
02-25 23:40:08.759 D/EnhancedImageView( 2323): setThreeDimensional(false)
02-25 23:40:08.759 D/EnhancedImageView( 2323): setThreeDimensional mWidth = 195
02-25 23:40:08.759 D/EnhancedImageView( 2323): setThreeDimensional lp.width = 195
02-25 23:40:08.759 D/EnhancedImageView( 2323): setThreeDimensional(false)
02-25 23:40:08.759 D/EnhancedImageView( 2323): setThreeDimensional mWidth = 56
02-25 23:40:08.759 D/EnhancedImageView( 2323): setThreeDimensional lp.width = 56
02-25 23:40:08.759 D/MediaControllerOverlay( 2323): setMaxVolume(0)
02-25 23:40:08.759 D/VolumeView( 2323): setMaxVolume(0)
02-25 23:40:08.759 D/MediaControllerOverlay( 2323): setVideoInfo(null, 0, 0)
02-25 23:40:08.761 I/AbsMenuPanel( 2323): hide
02-25 23:40:08.761 D/AbsMenuPanel( 2323): notifyVisibilityChange(false)
02-25 23:40:08.761 D/AbsPlayerOverlay( 2323): notifyMenuPanelVisibilityChange(false)
02-25 23:40:08.761 D/MediaControllerContainer( 2323): hideHeader()
02-25 23:40:08.761 D/MediaControllerOverlay( 2323): hideHeader() mShowHeader=false
02-25 23:40:08.761 D/MediaControllerOverlay( 2323): doHide() com.qiyi.video.project.configs.huawei.layout.HuaweiMediaControllerOverlay{2cbec238 G.E..... ......I. 0,0-0,0}[mState=0, mShowHeader=false, mBuffering=false, mTipShown=false, mSeeking=false, mIsFullScreen=true]
02-25 23:40:08.761 D/MediaControllerOverlay( 2323): clearHideViewMessageQueue()
02-25 23:40:08.761 D/TimedSeekBar( 2323): stopTipMode() mIsTipMode=false
02-25 23:40:08.761 D/TimedSeekBar( 2323): hide()
02-25 23:40:08.761 D/MediaControllerOverlay( 2323): hideView() Views[Adtime,VideoName,Systime,Pause,Seekbar,]
02-25 23:40:08.761 D/MediaControllerOverlay( 2323): tip view id:2131100038
02-25 23:40:08.762 D/CountDownView( 2323): hide()
02-25 23:40:08.762 D/AbsPlayerOverlay( 2323): setOnUserDefinitionChangeListener(com.qiyi.video.player.app.PlayerController$7@2ca9eb88)
02-25 23:40:08.762 D/AbsPlayerOverlay( 2323): setOnUserPlayPauseListener(com.qiyi.video.player.app.PlayerController$3@2cbf8810)
02-25 23:40:08.762 D/DownloadViewManager( 2323): >> setDownloadView: old={null}, new={null}
02-25 23:40:08.762 D/BufferUpdater( 2323): addListener(com.qiyi.video.player.app.PlayerController$9@2ca84d50)
02-25 23:40:08.763 D/BufferUpdater( 2323): startAutomatically() mPlayer=null, mListener=[com.qiyi.video.player.app.PlayerController$9@2ca84d50]
02-25 23:40:08.764 D/MediaControllerContainer( 2323): setMaxVolume(15)
02-25 23:40:08.764 D/MediaControllerOverlay( 2323): setMaxVolume(15)
02-25 23:40:08.764 D/VolumeView( 2323): setMaxVolume(15)
02-25 23:40:08.764 D/ProgressUpdater( 2323): addOverlay(com.qiyi.video.player.ui.layout.PlayerOverlay@2cb29cb0)
02-25 23:40:08.764 D/ProgressUpdater( 2323): addOverlay(com.qiyi.video.player.app.EventInput@2cb86e40)
02-25 23:40:08.764 D/Observable<T>( 2323): addListener(com.qiyi.video.player.app.PlayerController$15@2ca64d50) return true
02-25 23:40:08.765 D/Observable<T>( 2323): addListener(com.qiyi.video.player.app.PlayerController$16@2cbd6ea8) return true
02-25 23:40:08.765 D/Observable<T>( 2323): addListener(com.qiyi.video.player.app.HistoryRecorder@2ee9f358) return true
02-25 23:40:08.765 D/Observable<T>( 2323): addListener(com.qiyi.video.player.app.ProjectEventReporter@2dc2b028) return true
02-25 23:40:08.765 D/Observable<T>( 2323): addListener(com.qiyi.video.player.app.ScreenSaverStarter@2dc2af50) return true
02-25 23:40:08.765 D/Observable<T>( 2323): addListener(com.qiyi.video.player.app.ErrorHelper@2ca89648) return true
02-25 23:40:08.766 D/Observable<T>( 2323): addListener(com.qiyi.video.player.app.ProgressUpdater@2dc183d8) return true
02-25 23:40:08.766 D/Observable<T>( 2323): addListener(com.qiyi.video.player.app.PingbackSender@2cb25750) return true
02-25 23:40:08.766 D/Observable<T>( 2323): addListener(com.qiyi.video.player.app.MessageReminder@2cbe9e20) return true
02-25 23:40:08.766 D/Observable<T>( 2323): addListener(com.qiyi.video.player.app.BufferUpdater@2cbf82c8) return true
02-25 23:40:08.766 D/Observable<T>( 2323): addListener(com.qiyi.video.player.app.PlayerStatusRecorder@2dc084f0) return true
02-25 23:40:08.766 D/Observable<T>( 2323): addListener(com.qiyi.video.player.app.BufferUpdater@2cbf82c8) return true
02-25 23:40:08.766 D/Observable<T>( 2323): addListener(com.qiyi.video.player.app.ProjectEventReporter@2dc2b028) return true
02-25 23:40:08.766 D/Observable<T>( 2323): addListener(com.qiyi.video.player.app.MessageReminder@2cbe9e20) return true
02-25 23:40:08.766 D/Observable<T>( 2323): addListener(com.qiyi.video.player.app.PingbackSender@2cb25750) return true
02-25 23:40:08.766 D/Observable<T>( 2323): addListener(com.qiyi.video.player.app.PlayerController$20@2dbdb4b8) return true
02-25 23:40:08.767 D/Observable<T>( 2323): addListener(com.qiyi.video.player.app.PlayerStatusRecorder@2dc084f0) return true
02-25 23:40:08.767 D/Observable<T>( 2323): addListener(com.qiyi.video.player.app.HistoryRecorder@2ee9f358) return true
02-25 23:40:08.767 D/Observable<T>( 2323): addListener(com.qiyi.video.player.app.ProjectEventReporter@2dc2b028) return true
02-25 23:40:08.767 D/Observable<T>( 2323): addListener(com.qiyi.video.player.app.PingbackSender@2cb25750) return true
02-25 23:40:08.767 D/Observable<T>( 2323): addListener(com.qiyi.video.player.app.MessageReminder@2cbe9e20) return true
02-25 23:40:08.767 D/Observable<T>( 2323): addListener(com.qiyi.video.player.app.PlayerStatusRecorder@2dc084f0) return true
02-25 23:40:08.767 D/Observable<T>( 2323): addListener(com.qiyi.video.player.app.PlayerController$17@2ca5af18) return true
02-25 23:40:08.767 D/Observable<T>( 2323): addListener(com.qiyi.video.player.app.MessageReminder@2cbe9e20) return true
02-25 23:40:08.767 D/Observable<T>( 2323): addListener(com.qiyi.video.player.app.PingbackSender@2cb25750) return true
02-25 23:40:08.767 D/Observable<T>( 2323): addListener(com.qiyi.video.player.app.PlayerStatusRecorder@2dc084f0) return true
02-25 23:40:08.767 D/Observable<T>( 2323): addListener(com.qiyi.video.player.app.PlayerController$19@2c952e70) return true
02-25 23:40:08.767 D/Observable<T>( 2323): addListener(com.qiyi.video.player.app.PingbackSender@2cb25750) return true
02-25 23:40:08.767 D/Observable<T>( 2323): addListener(com.qiyi.video.player.app.PlayerStatusRecorder@2dc084f0) return true
02-25 23:40:08.767 D/Observable<T>( 2323): addListener(com.qiyi.video.player.app.PlayerController$18@2c9d5090) return true
02-25 23:40:08.767 D/Observable<T>( 2323): addListener(com.qiyi.video.player.app.PlayerController$2@2cc24de8) return true
02-25 23:40:08.768 D/Observable<T>( 2323): addListener(com.qiyi.video.player.app.ProgressUpdater@2dc183d8) return true
02-25 23:40:08.768 D/Observable<T>( 2323): addListener(com.qiyi.video.player.app.PingbackSender@2cb25750) return true
02-25 23:40:08.768 D/Observable<T>( 2323): addListener(com.qiyi.video.player.app.PlayerStatusRecorder@2dc084f0) return true
02-25 23:40:08.768 D/Observable<T>( 2323): addListener(com.qiyi.video.player.app.PlayerController$6@2cab63d8) return true
02-25 23:40:08.768 D/Observable<T>( 2323): addListener(com.qiyi.video.player.app.PingbackSender@2cb25750) return true
02-25 23:40:08.768 D/Observable<T>( 2323): addListener(com.qiyi.video.player.app.PlayerStatusRecorder@2dc084f0) return true
02-25 23:40:08.768 D/Observable<T>( 2323): addListener(com.qiyi.video.player.app.PlayerController$5@2cb5cbf8) return true
02-25 23:40:08.768 D/Observable<T>( 2323): addListener(com.qiyi.video.player.app.PingbackSender@2cb25750) return true
02-25 23:40:08.768 D/Observable<T>( 2323): addListener(com.qiyi.video.player.app.PlayerStatusRecorder@2dc084f0) return true
02-25 23:40:08.769 D/Observable<T>( 2323): addListener(com.qiyi.video.player.app.PlayerController$4@2cbea720) return true
02-25 23:40:08.769 D/Observable<T>( 2323): addListener(com.qiyi.video.player.app.PingbackSender@2cb25750) return true
02-25 23:40:08.769 D/Observable<T>( 2323): addListener(com.qiyi.video.player.app.ProgressUpdater@2dc183d8) return true
02-25 23:40:08.769 D/Observable<T>( 2323): addListener(com.qiyi.video.player.app.MessageReminder@2cbe9e20) return true
02-25 23:40:08.769 D/Observable<T>( 2323): addListener(com.qiyi.video.player.app.ProgressUpdater@2dc183d8) return true
02-25 23:40:08.769 D/Observable<T>( 2323): addListener(com.qiyi.video.player.app.PingbackSender@2cb25750) return true
02-25 23:40:08.769 D/Observable<T>( 2323): addListener(com.qiyi.video.player.app.PlayerStatusRecorder@2dc084f0) return true
02-25 23:40:08.769 D/Observable<T>( 2323): addListener(com.qiyi.video.player.app.MessageReminder@2cbe9e20) return true
02-25 23:40:08.770 D/Observable<T>( 2323): addListener(com.qiyi.video.player.app.PingbackSender@2cb25750) return true
02-25 23:40:08.770 D/Observable<T>( 2323): addListener(com.qiyi.video.player.app.PlayerStatusRecorder@2dc084f0) return true
02-25 23:40:08.770 D/Observable<T>( 2323): addListener(com.qiyi.video.player.app.PingbackSender@2cb25750) return true
02-25 23:40:08.770 D/Observable<T>( 2323): addListener(com.qiyi.video.player.app.PlayerStatusRecorder@2dc084f0) return true
02-25 23:40:08.770 D/Observable<T>( 2323): addListener(com.qiyi.video.player.app.PingbackSender@2cb25750) return true
02-25 23:40:08.770 D/Observable<T>( 2323): addListener(com.qiyi.video.player.app.PlayerStatusRecorder@2dc084f0) return true
02-25 23:40:08.770 D/Observable<T>( 2323): addListener(com.qiyi.video.player.app.PlayerController$12@2ca7d510) return true
02-25 23:40:08.770 D/Observable<T>( 2323): addListener(com.qiyi.video.player.app.PingbackSender@2cb25750) return true
02-25 23:40:08.770 D/Observable<T>( 2323): addListener(com.qiyi.video.player.app.BufferUpdater@2cbf82c8) return true
02-25 23:40:08.770 D/AbsHybridPlayer[2cc78368]( 2323): AbsHybridPlayer(true) mMainHandler=Handler (android.os.Handler) {2caab530}
02-25 23:40:08.770 D/MovieVideoView( 2323): addCallback(com.qiyi.video.player.player.MoviePlayer$1@2cb2cbe0)
02-25 23:40:08.770 D/DispatcherCenter( 2323): registerPlayer(MoviePlayer@2cc78368, player type=-1) mPlayer=null
02-25 23:40:08.770 D/DispatcherCenter( 2323): unregisterPlayer(MoviePlayer@2cc78368, player type=-1) mPlayer=null
02-25 23:40:08.770 D/DispatcherCenter( 2323): registerPlayer() new player=MoviePlayer@2cc78368, player type=-1
02-25 23:40:08.770 D/AbsHybridPlayer[2cc78368]( 2323): setOnBitStreamChangedListener(com.qiyi.video.player.app.DispatcherCenter$OnBitStreamChangedDispatcher@2cbe0470)
02-25 23:40:08.771 D/AbsHybridPlayer[2cc78368]( 2323): setOnBufferChangedListener(com.qiyi.video.player.app.DispatcherCenter$OnBufferChangedDispatcher@2cbe03c8)
02-25 23:40:08.771 D/AbsHybridPlayer[2cc78368]( 2323): setOnInfoListener(com.qiyi.video.player.app.DispatcherCenter$OnInfoDispatcher@2cbdfee0)
02-25 23:40:08.771 D/AbsHybridPlayer[2cc78368]( 2323): setOnPlayNextListener(com.qiyi.video.player.app.DispatcherCenter$OnPlayNextDispatcher@2cbdf918)
02-25 23:40:08.771 D/AbsHybridPlayer[2cc78368]( 2323): setOnSeekChangedListener(com.qiyi.video.player.app.DispatcherCenter$OnSeekChangedDispatcher@2cbdfe20)
02-25 23:40:08.771 D/AbsHybridPlayer[2cc78368]( 2323): setOnStateChangedListener(com.qiyi.video.player.app.DispatcherCenter$OnStateChangedDispatcher@2cbe0518)
02-25 23:40:08.771 D/AbsHybridPlayer[2cc78368]( 2323): setOnSubtitleUpdateListener(com.qiyi.video.player.app.DispatcherCenter$OnSubtitleUpdateDispatcher@2cbdf9c0)
02-25 23:40:08.771 D/AbsHybridPlayer[2cc78368]( 2323): setOnVideoSizeChangedListener(com.qiyi.video.player.app.DispatcherCenter$OnVideoSizeChangedDispatcher@2cbdfa68)
02-25 23:40:08.771 D/AbsHybridPlayer[2cc78368]( 2323): setOnCacheUpdateListener(com.qiyi.video.player.app.DispatcherCenter$OnCacheUpdateDispatcher@2cbe0310)
02-25 23:40:08.771 D/AbsHybridPlayer[2cc78368]( 2323): setOnPreprocessListener(com.qiyi.video.player.app.DispatcherCenter$OnPreprocessDispatcher@2cbde220)
02-25 23:40:08.771 D/AbsPlayerOverlay( 2323): setOnUserSeekListener(com.qiyi.video.player.app.DispatcherCenter$OnUserSeekDispatcher@2cbdf870)
02-25 23:40:08.771 D/AbsPlayerOverlay( 2323): setOnUserVideoChangeListener(com.qiyi.video.player.app.DispatcherCenter$OnUserVideoChangeDispatcher@2cbdf7c8)
02-25 23:40:08.771 D/com.qiyi.video.player.QiyiVideoPlayer@2cbe12b0( 2323): setOnUserVideoChangeListener:com.qiyi.video.player.app.DispatcherCenter$OnUserVideoChangeDispatcher@2cbdf7c8
02-25 23:40:08.771 D/AbsPlayerOverlay( 2323): setOnUserReplayListener(com.qiyi.video.player.app.DispatcherCenter$OnUserReplayDispatcher@2cbdf720)
02-25 23:40:08.771 D/AbsPlayerOverlay( 2323): setOnUserSkipHeadTailChangeListener(com.qiyi.video.player.app.DispatcherCenter$OnUserSkipHeadTailChangeDispatcher@2cbd7580)
02-25 23:40:08.771 D/AbsPlayerOverlay( 2323): setBottomPanelListener(com.qiyi.video.player.app.DispatcherCenter$OnBottomPanelEventDispatcher@2cbde178)
02-25 23:40:08.771 D/AbsPlayerOverlay( 2323): setOnUserDefinitionChangeListener(com.qiyi.video.player.app.DispatcherCenter$OnMenuPanelVisibilityChangeDispatcher@2cbd7548)
02-25 23:40:08.771 D/VideoProvider( 2323): startLoad() mCurrentLoader=com.qiyi.video.player.data.loader.OutsideLoader@2f2313e0
02-25 23:40:08.771 D/VideoLoader( 2323): fullLoad() mFullLoading=false, mPreLoading=false
02-25 23:40:08.772 D/VideoLoader( 2323): preLoad() mFullLoading=false, mPreLoading=false
02-25 23:40:08.780 D/FetchVrsDefinitionHeadTailJob( 2323): <init>(VideoItem@2f077cf8{qpId=202509101, tvQid=349989700, vid=null, getType()=VIDEO, albumName=中国梦想秀之折纸狂人盼圆妻子羊驼之梦, tvName=, isSeries()=true, sourceCode=202509101, playOrder=1, getAlbumSubName()=中国梦想秀之折纸狂人盼圆妻子羊驼之梦, mIsVipAlbum=false, isPurchase()=false, isPreview=false, isExclusive()=false, isVertical=false, canDownload()=false, isDownload=0, tvPic=, issueTime=, playCount=, playLength=, tag=, cornerMark=CORNERMARK_NO, definition list=, default definition=null, channelId=6, channelName=, mIChannelId=null, startTime=0, endTime=0, headerTime=0, tailTime=0, tvCount=0, tvSets=0, playTime=-1, episodes=0, url=, m3u8Url = null, mRecommendationsFilled=false, mEndRecommendationsFilled=false, mVarietyName=null}, , )
02-25 23:40:08.781 D/VideoJobSwitcher( 2323): link(com.qiyi.video.player.data.loader.OutsideLoader$2@2cb5b298, Job(mState=0, mData=VideoItem@2f077cf8{qpId=202509101, tvQid=349989700, vid=null, getType()=VIDEO, albumName=中国梦想秀之折纸狂人盼圆妻子羊驼之梦, tvName=, isSeries()=true, sourceCode=202509101, playOrder=1, getAlbumSubName()=中国梦想秀之折纸狂人盼圆妻子羊驼之梦, mIsVipAlbum=false, isPurchase()=false, isPreview=false, isExclusive()=false, isVertical=false, canDownload()=false, isDownload=0, tvPic=, issueTime=, playCount=, playLength=, tag=, cornerMark=CORNERMARK_NO, definition list=, default definition=null, channelId=6, channelName=, mIChannelId=null, startTime=0, endTime=0, headerTime=0, tailTime=0, tvCount=0, tvSets=0, playTime=-1, episodes=0, url=, m3u8Url = null, mRecommendationsFilled=false, mEndRecommendationsFilled=false, mVarietyName=null}, mError=null)[com.qiyi.video.player.data.job.FetchHistoryOfAlbumJob@2cd60af8])
02-25 23:40:08.782 D/VideoJobSwitcher( 2323): link(com.qiyi.video.player.data.loader.OutsideLoader$1@2cb5b5f8, Job(mState=0, mData=VideoItem@2f077cf8{qpId=202509101, tvQid=349989700, vid=null, getType()=VIDEO, albumName=中国梦想秀之折纸狂人盼圆妻子羊驼之梦, tvName=, isSeries()=true, sourceCode=202509101, playOrder=1, getAlbumSubName()=中国梦想秀之折纸狂人盼圆妻子羊驼之梦, mIsVipAlbum=false, isPurchase()=false, isPreview=false, isExclusive()=false, isVertical=false, canDownload()=false, isDownload=0, tvPic=, issueTime=, playCount=, playLength=, tag=, cornerMark=CORNERMARK_NO, definition list=, default definition=null, channelId=6, channelName=, mIChannelId=null, startTime=0, endTime=0, headerTime=0, tailTime=0, tvCount=0, tvSets=0, playTime=-1, episodes=0, url=, m3u8Url = null, mRecommendationsFilled=false, mEndRecommendationsFilled=false, mVarietyName=null}, mError=null)[com.qiyi.video.player.data.job.FetchHistoryJob@2cc97058])
02-25 23:40:08.784 D/VideoJobSwitcher( 2323): link(null, Job(mState=0, mData=VideoItem@2f077cf8{qpId=202509101, tvQid=349989700, vid=null, getType()=VIDEO, albumName=中国梦想秀之折纸狂人盼圆妻子羊驼之梦, tvName=, isSeries()=true, sourceCode=202509101, playOrder=1, getAlbumSubName()=中国梦想秀之折纸狂人盼圆妻子羊驼之梦, mIsVipAlbum=false, isPurchase()=false, isPreview=false, isExclusive()=false, isVertical=false, canDownload()=false, isDownload=0, tvPic=, issueTime=, playCount=, playLength=, tag=, cornerMark=CORNERMARK_NO, definition list=, default definition=null, channelId=6, channelName=, mIChannelId=null, startTime=0, endTime=0, headerTime=0, tailTime=0, tvCount=0, tvSets=0, playTime=-1, episodes=0, url=, m3u8Url = null, mRecommendationsFilled=false, mEndRecommendationsFilled=false, mVarietyName=null}, mError=null)[com.qiyi.video.player.data.job.FetchAlbumInfoJob@2cb5c248])
02-25 23:40:08.785 D/VideoJobSwitcher( 2323): link(com.qiyi.video.player.data.loader.OutsideLoader$3@2cb59a90, Job(mState=0, mData=VideoItem@2f077cf8{qpId=202509101, tvQid=349989700, vid=null, getType()=VIDEO, albumName=中国梦想秀之折纸狂人盼圆妻子羊驼之梦, tvName=, isSeries()=true, sourceCode=202509101, playOrder=1, getAlbumSubName()=中国梦想秀之折纸狂人盼圆妻子羊驼之梦, mIsVipAlbum=false, isPurchase()=false, isPreview=false, isExclusive()=false, isVertical=false, canDownload()=false, isDownload=0, tvPic=, issueTime=, playCount=, playLength=, tag=, cornerMark=CORNERMARK_NO, definition list=, default definition=null, channelId=6, channelName=, mIChannelId=null, startTime=0, endTime=0, headerTime=0, tailTime=0, tvCount=0, tvSets=0, playTime=-1, episodes=0, url=, m3u8Url = null, mRecommendationsFilled=false, mEndRecommendationsFilled=false, mVarietyName=null}, mError=null)[com.qiyi.video.player.data.job.FetchEpisodeJob@2cb59fe0])
02-25 23:40:08.786 D/VideoJobSwitcher( 2323): link(null, Job(mState=0, mData=VideoItem@2f077cf8{qpId=202509101, tvQid=349989700, vid=null, getType()=VIDEO, albumName=中国梦想秀之折纸狂人盼圆妻子羊驼之梦, tvName=, isSeries()=true, sourceCode=202509101, playOrder=1, getAlbumSubName()=中国梦想秀之折纸狂人盼圆妻子羊驼之梦, mIsVipAlbum=false, isPurchase()=false, isPreview=false, isExclusive()=false, isVertical=false, canDownload()=false, isDownload=0, tvPic=, issueTime=, playCount=, playLength=, tag=, cornerMark=CORNERMARK_NO, definition list=, default definition=null, channelId=6, channelName=, mIChannelId=null, startTime=0, endTime=0, headerTime=0, tailTime=0, tvCount=0, tvSets=0, playTime=-1, episodes=0, url=, m3u8Url = null, mRecommendationsFilled=false, mEndRecommendationsFilled=false, mVarietyName=null}, mError=null)[com.qiyi.video.player.data.job.VideoJob@2cb54000])
02-25 23:40:08.787 D/Job     ( 2323): running() Job(mState=0, mData=VideoItem@2f077cf8{qpId=202509101, tvQid=349989700, vid=null, getType()=VIDEO, albumName=中国梦想秀之折纸狂人盼圆妻子羊驼之梦, tvName=, isSeries()=true, sourceCode=202509101, playOrder=1, getAlbumSubName()=中国梦想秀之折纸狂人盼圆妻子羊驼之梦, mIsVipAlbum=false, isPurchase()=false, isPreview=false, isExclusive()=false, isVertical=false, canDownload()=false, isDownload=0, tvPic=, issueTime=, playCount=, playLength=, tag=, cornerMark=CORNERMARK_NO, definition list=, default definition=null, channelId=6, channelName=, mIChannelId=null, startTime=0, endTime=0, headerTime=0, tailTime=0, tvCount=0, tvSets=0, playTime=-1, episodes=0, url=, m3u8Url = null, mRecommendationsFilled=false, mEndRecommendationsFilled=false, mVarietyName=null}, mError=null)[com.qiyi.video.player.data.job.VideoJobSwitcher@2cd60be8]
02-25 23:40:08.788 D/Job     ( 2323): isCancelled() Job(mState=0, mData=VideoItem@2f077cf8{qpId=202509101, tvQid=349989700, vid=null, getType()=VIDEO, albumName=中国梦想秀之折纸狂人盼圆妻子羊驼之梦, tvName=, isSeries()=true, sourceCode=202509101, playOrder=1, getAlbumSubName()=中国梦想秀之折纸狂人盼圆妻子羊驼之梦, mIsVipAlbum=false, isPurchase()=false, isPreview=false, isExclusive()=false, isVertical=false, canDownload()=false, isDownload=0, tvPic=, issueTime=, playCount=, playLength=, tag=, cornerMark=CORNERMARK_NO, definition list=, default definition=null, channelId=6, channelName=, mIChannelId=null, startTime=0, endTime=0, headerTime=0, tailTime=0, tvCount=0, tvSets=0, playTime=-1, episodes=0, url=, m3u8Url = null, mRecommendationsFilled=false, mEndRecommendationsFilled=false, mVarietyName=null}, mError=null)[com.qiyi.video.player.data.job.VideoJobSwitcher@2cd60be8] return false
02-25 23:40:08.788 D/VideoChecker( 2323): isValidVrsTvId(349989700) return true
02-25 23:40:08.788 D/OutsideLoader( 2323): mAlbumHistoryCondition.checkPass() return false
02-25 23:40:08.788 D/VideoChecker( 2323): isValidVrsTvId(349989700) return true
02-25 23:40:08.788 D/OutsideLoader( 2323): mTvHistoryCondition.checkPass() return true
02-25 23:40:08.790 D/VideoJobSwitcher( 2323): onRun() find job Job(mState=0, mData=VideoItem@2f077cf8{qpId=202509101, tvQid=349989700, vid=null, getType()=VIDEO, albumName=中国梦想秀之折纸狂人盼圆妻子羊驼之梦, tvName=, isSeries()=true, sourceCode=202509101, playOrder=1, getAlbumSubName()=中国梦想秀之折纸狂人盼圆妻子羊驼之梦, mIsVipAlbum=false, isPurchase()=false, isPreview=false, isExclusive()=false, isVertical=false, canDownload()=false, isDownload=0, tvPic=, issueTime=, playCount=, playLength=, tag=, cornerMark=CORNERMARK_NO, definition list=, default definition=null, channelId=6, channelName=, mIChannelId=null, startTime=0, endTime=0, headerTime=0, tailTime=0, tvCount=0, tvSets=0, playTime=-1, episodes=0, url=, m3u8Url = null, mRecommendationsFilled=false, mEndRecommendationsFilled=false, mVarietyName=null}, mError=null)[com.qiyi.video.player.data.job.FetchHistoryJob@2cc97058]
02-25 23:40:08.791 D/Job     ( 2323): running() Job(mState=0, mData=VideoItem@2f077cf8{qpId=202509101, tvQid=349989700, vid=null, getType()=VIDEO, albumName=中国梦想秀之折纸狂人盼圆妻子羊驼之梦, tvName=, isSeries()=true, sourceCode=202509101, playOrder=1, getAlbumSubName()=中国梦想秀之折纸狂人盼圆妻子羊驼之梦, mIsVipAlbum=false, isPurchase()=false, isPreview=false, isExclusive()=false, isVertical=false, canDownload()=false, isDownload=0, tvPic=, issueTime=, playCount=, playLength=, tag=, cornerMark=CORNERMARK_NO, definition list=, default definition=null, channelId=6, channelName=, mIChannelId=null, startTime=0, endTime=0, headerTime=0, tailTime=0, tvCount=0, tvSets=0, playTime=-1, episodes=0, url=, m3u8Url = null, mRecommendationsFilled=false, mEndRecommendationsFilled=false, mVarietyName=null}, mError=null)[com.qiyi.video.player.data.job.FetchHistoryJob@2cc97058]
02-25 23:40:08.792 D/Job     ( 2323): isCancelled() Job(mState=0, mData=VideoItem@2f077cf8{qpId=202509101, tvQid=349989700, vid=null, getType()=VIDEO, albumName=中国梦想秀之折纸狂人盼圆妻子羊驼之梦, tvName=, isSeries()=true, sourceCode=202509101, playOrder=1, getAlbumSubName()=中国梦想秀之折纸狂人盼圆妻子羊驼之梦, mIsVipAlbum=false, isPurchase()=false, isPreview=false, isExclusive()=false, isVertical=false, canDownload()=false, isDownload=0, tvPic=, issueTime=, playCount=, playLength=, tag=, cornerMark=CORNERMARK_NO, definition list=, default definition=null, channelId=6, channelName=, mIChannelId=null, startTime=0, endTime=0, headerTime=0, tailTime=0, tvCount=0, tvSets=0, playTime=-1, episodes=0, url=, m3u8Url = null, mRecommendationsFilled=false, mEndRecommendationsFilled=false, mVarietyName=null}, mError=null)[com.qiyi.video.player.data.job.FetchHistoryJob@2cc97058] return false
02-25 23:40:08.794 D/Job     ( 2323): running() done. not mean real done!!! Job(mState=1, mData=VideoItem@2f077cf8{qpId=202509101, tvQid=349989700, vid=null, getType()=VIDEO, albumName=中国梦想秀之折纸狂人盼圆妻子羊驼之梦, tvName=, isSeries()=true, sourceCode=202509101, playOrder=1, getAlbumSubName()=中国梦想秀之折纸狂人盼圆妻子羊驼之梦, mIsVipAlbum=false, isPurchase()=false, isPreview=false, isExclusive()=false, isVertical=false, canDownload()=false, isDownload=0, tvPic=, issueTime=, playCount=, playLength=, tag=, cornerMark=CORNERMARK_NO, definition list=, default definition=null, channelId=6, channelName=, mIChannelId=null, startTime=0, endTime=0, headerTime=0, tailTime=0, tvCount=0, tvSets=0, playTime=-1, episodes=0, url=, m3u8Url = null, mRecommendationsFilled=false, mEndRecommendationsFilled=false, mVarietyName=null}, mError=null)[com.qiyi.video.player.data.job.FetchHistoryJob@2cc97058]
02-25 23:40:08.795 D/HistoryCacheManager( 2323): getTvHistory(349989700) return null
