--------- beginning of /dev/log/main
02-25 23:48:33.431 E/VPP_DLNA_LOG( 2814): [VPPDLNA]:SSDP recvd bad msg code = 1
02-25 23:48:33.432 E/VPP_DLNA_LOG( 2814): [VPPDLNA]:SSDP recvd bad msg code = 1
02-25 23:48:33.434 E/VPP_DLNA_LOG( 2814): [VPPDLNA]:SSDP recvd bad msg code = 1
02-25 23:48:33.468 I/HiRMService( 2269):  ***** changeStats = 0
02-25 23:48:33.882 D/Player/PlayerView/LoadingView( 2323): update speed: bitsPerSec=0
02-25 23:48:34.851 D/AndroidRuntime(14083): 
02-25 23:48:34.851 D/AndroidRuntime(14083): >>>>>> AndroidRuntime START com.android.internal.os.RuntimeInit <<<<<<
02-25 23:48:34.854 D/AndroidRuntime(14083): CheckJNI is OFF
02-25 23:48:34.862 I/dalvikvm(14083): DexOpt: mismatch dep signature for '/system/framework/android.policy.odex'
02-25 23:48:34.862 E/dalvikvm(14083): /system/framework/services.jar odex has stale dependencies
02-25 23:48:34.863 I/dalvikvm(14083): DexOpt: mismatch dep name: '/data/dalvik-cache/system@framework@services.jar@classes.dex' vs. '/system/framework/services.odex'
02-25 23:48:34.863 E/dalvikvm(14083): /system/framework/apache-xml.jar odex has stale dependencies
02-25 23:48:34.863 I/dalvikvm(14083): DexOpt: mismatch dep name: '/data/dalvik-cache/system@framework@services.jar@classes.dex' vs. '/system/framework/services.odex'
02-25 23:48:34.864 E/dalvikvm(14083): /system/framework/webviewchromium.jar odex has stale dependencies
02-25 23:48:34.870 D/dalvikvm(14083): Trying to load lib libjavacore.so 0x0
02-25 23:48:34.874 D/dalvikvm(14083): Added shared lib libjavacore.so 0x0
02-25 23:48:34.879 D/dalvikvm(14083): Trying to load lib libnativehelper.so 0x0
02-25 23:48:34.879 D/dalvikvm(14083): Added shared lib libnativehelper.so 0x0
02-25 23:48:34.879 D/dalvikvm(14083): No JNI_OnLoad found in libnativehelper.so 0x0, skipping init
02-25 23:48:34.881 D/Player/PlayerView/LoadingView( 2323): update speed: bitsPerSec=0
02-25 23:48:34.897 I/dalvikvm(14083): DexOpt: mismatch dep name: '/data/dalvik-cache/system@framework@services.jar@classes.dex' vs. '/system/framework/services.odex'
02-25 23:48:34.897 E/dalvikvm(14083): /system/framework/input.jar odex has stale dependencies
02-25 23:48:34.901 E/cutils-trace(14083): Error opening trace file: No such file or directory (2)
02-25 23:48:34.922 D/dalvikvm(14083): Note: class Landroid/app/ActivityManagerNative; has 179 unimplemented (abstract) methods
02-25 23:48:35.116 E/memtrack(14083): Couldn't load memtrack module (No such file or directory)
02-25 23:48:35.116 E/android.os.Debug(14083): failed to load memtrack module: -2
02-25 23:48:35.119 I/EthernetJNI(14083): Loading ethernet jni class
02-25 23:48:35.189 D/AndroidRuntime(14083): Calling main entry com.android.commands.input.Input
02-25 23:48:35.190 I/Input   (14083): injectKeyEvent: KeyEvent { action=ACTION_DOWN, keyCode=KEYCODE_DPAD_DOWN, scanCode=0, metaState=0, flags=0x0, repeatCount=0, eventTime=22925365, downTime=22925365, deviceId=-1, source=0x101 }
02-25 23:48:35.195 D/WindowManager( 1948): keyCode =20
02-25 23:48:35.195 D/WindowManager( 1948): isLockedAllKeys =0
02-25 23:48:35.195 D/WindowManager( 1948): isHandleHomeKey = 1
02-25 23:48:35.195 D/WindowManager( 1948): isHandlePowerKey ==1
02-25 23:48:35.195 D/WindowManager( 1948): isHandleSettingKey=1
02-25 23:48:35.195 D/WindowManager( 1948): handleSystemKey==1
02-25 23:48:35.196 D/WindowManager( 1948): send broadcast key press down
--------- beginning of /dev/log/system
02-25 23:48:35.196 W/ContextImpl( 1948): Calling a method in the system process without a qualified user: android.app.ContextImpl.sendBroadcast:1168 com.android.internal.policy.impl.PhoneWindowManager.interceptKeyBeforeQueueing:4109 com.android.server.wm.InputMonitor.interceptKeyBeforeQueueing:357 com.android.server.input.InputManagerService.interceptKeyBeforeQueueing:1352 com.android.server.input.InputManagerService.nativeInjectInputEvent:-2 
02-25 23:48:35.199 D/MainActivity( 2257): [0;32;31m[main][com.huawei.mh2.launcher.MainActivity][dispatchKeyEvent][-1]:launcher:keycode=20 [m
02-25 23:48:35.201 D/j       ( 2257): [0;32;31m[main][com.huawei.mh2.launcher.l][onGlobalFocusChanged][-1]:launcher:newFocus=com.huawei.mh2.launcher.a.s{2d4a63e8 VFE..... .FS..... 840,75-1181,544} [m
02-25 23:48:35.203 D/AudioPolicyManagerBase( 1406): startOutput() output 2, stream 1, session 258
02-25 23:48:35.203 D/AudioPolicyManagerBase( 1406): startoutput ->setOutputDevice
02-25 23:48:35.203 D/j       ( 2257): [0;32;31m[main][net.sunniwell.ui.e][onGlobalFocusChanged][-1]:launcher:smoothMove [m
02-25 23:48:35.203 D/AudioPolicyManagerBase( 1406): AudioPolicyManagerBase::checkAndSetVolume 13,0.377113
02-25 23:48:35.204 I/Input   (14083): injectKeyEvent: KeyEvent { action=ACTION_UP, keyCode=KEYCODE_DPAD_DOWN, scanCode=0, metaState=0, flags=0x0, repeatCount=0, eventTime=22925365, downTime=22925365, deviceId=-1, source=0x101 }
02-25 23:48:35.204 D/WindowManager( 1948): keyCode =20
02-25 23:48:35.205 D/WindowManager( 1948): isLockedAllKeys =0
02-25 23:48:35.205 D/WindowManager( 1948): isHandleHomeKey = 1
02-25 23:48:35.205 D/WindowManager( 1948): isHandlePowerKey ==1
02-25 23:48:35.205 D/WindowManager( 1948): isHandleSettingKey=1
02-25 23:48:35.205 D/WindowManager( 1948): handleSystemKey==1
02-25 23:48:35.205 D/j       ( 2257): [0;32;31m[main][net.sunniwell.ui.g][a][-1]:launcher:anchorView=com.huawei.mh2.launcher.a.s{2d4a63e8 VFE..... .FS..... 840,75-1181,544} [m
02-25 23:48:35.206 D/PosterPage( 2257): [0;32;31m[main][com.huawei.mh2.launcher.page.o][onFocusChange][-1]:launcher:hasFocus=true [m
02-25 23:48:35.207 D/AndroidRuntime(14083): Shutting down VM
02-25 23:48:35.208 D/MainActivity( 2257): [0;32;31m[main][com.huawei.mh2.launcher.MainActivity][dispatchKeyEvent][-1]:launcher:keycode=20 [m
02-25 23:48:35.209 D/ImageLoader( 2257): Load image from memory cache [http://pic3.ptqy.gitv.tv/image/20150215/41/2c/a_100010524_m_601_260_360.jpg_333x461]
02-25 23:48:35.211 D/p       ( 2257): [0;32;31m[main][com.huawei.mh2.launcher.p][getView][-1]:launcher:position=12 convertView=null [m
02-25 23:48:35.212 D/dalvikvm(14083): GC_CONCURRENT freed 98K, 16% free 566K/668K, paused 1ms+0ms, total 4ms
02-25 23:48:35.235 D/j       ( 2257): [0;32;31m[main][net.sunniwell.ui.g][b][-1]:launcher:offsetWidth=146 offsetHeight=278 resizeImmediate=false [m
02-25 23:48:35.235 D/j       ( 2257): [0;32;31m[main][net.sunniwell.ui.g][a][-1]:launcher:offsetLeft=317 offsetTop=124 moveImmediate=false [m
02-25 23:48:35.236 D/j       ( 2257): [0;32;31m[main][net.sunniwell.ui.d][a][-1]:launcher:immediate=false isChanged=true [m
02-25 23:48:35.237 D/j       ( 2257): [0;32;31m[main][com.huawei.mh2.launcher.j][a][-1]:launcher:changed=true [m
02-25 23:48:35.249 D/j       ( 2257): [0;32;31m[main][net.sunniwell.ui.g][b][-1]:launcher:offsetWidth=51 offsetHeight=97 resizeImmediate=false [m
02-25 23:48:35.250 D/j       ( 2257): [0;32;31m[main][net.sunniwell.ui.g][a][-1]:launcher:offsetLeft=111 offsetTop=44 moveImmediate=false [m
02-25 23:48:35.251 D/j       ( 2257): [0;32;31m[main][net.sunniwell.ui.d][a][-1]:launcher:immediate=false isChanged=true [m
02-25 23:48:35.252 D/j       ( 2257): [0;32;31m[main][com.huawei.mh2.launcher.j][a][-1]:launcher:changed=true [m
02-25 23:48:35.259 D/j       ( 2257): [0;32;31m[main][net.sunniwell.ui.g][b][-1]:launcher:offsetWidth=18 offsetHeight=34 resizeImmediate=false [m
02-25 23:48:35.259 D/j       ( 2257): [0;32;31m[main][net.sunniwell.ui.g][a][-1]:launcher:offsetLeft=39 offsetTop=15 moveImmediate=false [m
02-25 23:48:35.260 D/j       ( 2257): [0;32;31m[main][net.sunniwell.ui.d][a][-1]:launcher:immediate=false isChanged=true [m
02-25 23:48:35.261 D/j       ( 2257): [0;32;31m[main][com.huawei.mh2.launcher.j][a][-1]:launcher:changed=true [m
02-25 23:48:35.279 D/j       ( 2257): [0;32;31m[main][net.sunniwell.ui.g][b][-1]:launcher:offsetWidth=6 offsetHeight=12 resizeImmediate=false [m
02-25 23:48:35.280 D/j       ( 2257): [0;32;31m[main][net.sunniwell.ui.g][a][-1]:launcher:offsetLeft=13 offsetTop=5 moveImmediate=false [m
02-25 23:48:35.281 D/j       ( 2257): [0;32;31m[main][net.sunniwell.ui.d][a][-1]:launcher:immediate=false isChanged=true [m
02-25 23:48:35.282 D/j       ( 2257): [0;32;31m[main][com.huawei.mh2.launcher.j][a][-1]:launcher:changed=true [m
02-25 23:48:35.303 D/j       ( 2257): [0;32;31m[main][net.sunniwell.ui.g][b][-1]:launcher:offsetWidth=4 offsetHeight=7 resizeImmediate=false [m
02-25 23:48:35.303 D/j       ( 2257): [0;32;31m[main][net.sunniwell.ui.g][a][-1]:launcher:offsetLeft=8 offsetTop=4 moveImmediate=false [m
02-25 23:48:35.304 D/j       ( 2257): [0;32;31m[main][net.sunniwell.ui.d][a][-1]:launcher:immediate=false isChanged=true [m
02-25 23:48:35.305 D/j       ( 2257): [0;32;31m[main][com.huawei.mh2.launcher.j][a][-1]:launcher:changed=true [m
02-25 23:48:35.327 D/j       ( 2257): [0;32;31m[main][net.sunniwell.ui.g][b][-1]:launcher:offsetWidth=0 offsetHeight=0 resizeImmediate=false [m
02-25 23:48:35.328 D/j       ( 2257): [0;32;31m[main][net.sunniwell.ui.g][a][-1]:launcher:offsetLeft=-6 offsetTop=-11 moveImmediate=false [m
02-25 23:48:35.330 D/j       ( 2257): [0;32;31m[main][net.sunniwell.ui.d][a][-1]:launcher:immediate=false isChanged=true [m
02-25 23:48:35.332 D/j       ( 2257): [0;32;31m[main][com.huawei.mh2.launcher.j][a][-1]:launcher:changed=true [m
02-25 23:48:35.348 D/j       ( 2257): [0;32;31m[main][net.sunniwell.ui.g][b][-1]:launcher:offsetWidth=0 offsetHeight=0 resizeImmediate=false [m
02-25 23:48:35.349 D/j       ( 2257): [0;32;31m[main][net.sunniwell.ui.g][a][-1]:launcher:offsetLeft=-3 offsetTop=-5 moveImmediate=false [m
02-25 23:48:35.350 D/j       ( 2257): [0;32;31m[main][net.sunniwell.ui.d][a][-1]:launcher:immediate=false isChanged=true [m
02-25 23:48:35.351 D/j       ( 2257): [0;32;31m[main][com.huawei.mh2.launcher.j][a][-1]:launcher:changed=true [m
02-25 23:48:35.370 D/j       ( 2257): [0;32;31m[main][net.sunniwell.ui.g][b][-1]:launcher:offsetWidth=0 offsetHeight=0 resizeImmediate=false [m
02-25 23:48:35.371 D/j       ( 2257): [0;32;31m[main][net.sunniwell.ui.g][a][-1]:launcher:offsetLeft=0 offsetTop=0 moveImmediate=false [m
02-25 23:48:35.372 D/j       ( 2257): [0;32;31m[main][net.sunniwell.ui.d][a][-1]:launcher:immediate=false isChanged=false [m
02-25 23:48:35.374 D/j       ( 2257): [0;32;31m[main][com.huawei.mh2.launcher.j][a][-1]:launcher:changed=false [m
02-25 23:48:35.881 D/Player/PlayerView/LoadingView( 2323): update speed: bitsPerSec=0
02-25 23:48:36.042 D/ImageLoader( 2257): Load image from memory cache [http://pic3.ptqy.gitv.tv/image/20150215/41/2c/a_100010524_m_601_260_360.jpg_333x461]
02-25 23:48:36.045 D/p       ( 2257): [0;32;31m[main][com.huawei.mh2.launcher.p][getView][-1]:launcher:position=12 convertView=null [m
02-25 23:48:36.062 D/j       ( 2257): [0;32;31m[main][net.sunniwell.ui.g][a][-1]:launcher:anchorView=com.huawei.mh2.launcher.a.s{2d4a63e8 VFE..... .FS...ID 840,75-1181,544} [m
02-25 23:48:36.142 D/j       ( 2257): [0;32;31m[main][net.sunniwell.ui.g][b][-1]:launcher:offsetWidth=0 offsetHeight=0 resizeImmediate=false [m
02-25 23:48:36.143 D/j       ( 2257): [0;32;31m[main][net.sunniwell.ui.g][a][-1]:launcher:offsetLeft=0 offsetTop=0 moveImmediate=false [m
02-25 23:48:36.144 D/j       ( 2257): [0;32;31m[main][net.sunniwell.ui.d][a][-1]:launcher:immediate=false isChanged=false [m
02-25 23:48:36.145 D/j       ( 2257): [0;32;31m[main][com.huawei.mh2.launcher.j][a][-1]:launcher:changed=false [m
02-25 23:48:36.881 D/Player/PlayerView/LoadingView( 2323): update speed: bitsPerSec=0
02-25 23:48:36.889 D/AndroidRuntime(14098): 
02-25 23:48:36.889 D/AndroidRuntime(14098): >>>>>> AndroidRuntime START com.android.internal.os.RuntimeInit <<<<<<
02-25 23:48:36.892 D/AndroidRuntime(14098): CheckJNI is OFF
02-25 23:48:36.901 I/dalvikvm(14098): DexOpt: mismatch dep signature for '/system/framework/android.policy.odex'
02-25 23:48:36.901 E/dalvikvm(14098): /system/framework/services.jar odex has stale dependencies
02-25 23:48:36.902 I/dalvikvm(14098): DexOpt: mismatch dep name: '/data/dalvik-cache/system@framework@services.jar@classes.dex' vs. '/system/framework/services.odex'
02-25 23:48:36.902 E/dalvikvm(14098): /system/framework/apache-xml.jar odex has stale dependencies
02-25 23:48:36.903 I/dalvikvm(14098): DexOpt: mismatch dep name: '/data/dalvik-cache/system@framework@services.jar@classes.dex' vs. '/system/framework/services.odex'
02-25 23:48:36.903 E/dalvikvm(14098): /system/framework/webviewchromium.jar odex has stale dependencies
02-25 23:48:36.910 D/dalvikvm(14098): Trying to load lib libjavacore.so 0x0
02-25 23:48:36.914 D/dalvikvm(14098): Added shared lib libjavacore.so 0x0
02-25 23:48:36.919 D/dalvikvm(14098): Trying to load lib libnativehelper.so 0x0
02-25 23:48:36.919 D/dalvikvm(14098): Added shared lib libnativehelper.so 0x0
02-25 23:48:36.919 D/dalvikvm(14098): No JNI_OnLoad found in libnativehelper.so 0x0, skipping init
02-25 23:48:36.938 I/dalvikvm(14098): DexOpt: mismatch dep name: '/data/dalvik-cache/system@framework@services.jar@classes.dex' vs. '/system/framework/services.odex'
02-25 23:48:36.938 E/dalvikvm(14098): /system/framework/input.jar odex has stale dependencies
02-25 23:48:36.941 E/cutils-trace(14098): Error opening trace file: No such file or directory (2)
02-25 23:48:36.964 D/dalvikvm(14098): Note: class Landroid/app/ActivityManagerNative; has 179 unimplemented (abstract) methods
02-25 23:48:37.156 E/memtrack(14098): Couldn't load memtrack module (No such file or directory)
02-25 23:48:37.156 E/android.os.Debug(14098): failed to load memtrack module: -2
02-25 23:48:37.159 I/EthernetJNI(14098): Loading ethernet jni class
02-25 23:48:37.228 D/AndroidRuntime(14098): Calling main entry com.android.commands.input.Input
02-25 23:48:37.229 I/Input   (14098): injectKeyEvent: KeyEvent { action=ACTION_DOWN, keyCode=KEYCODE_DPAD_UP, scanCode=0, metaState=0, flags=0x0, repeatCount=0, eventTime=22927404, downTime=22927404, deviceId=-1, source=0x101 }
02-25 23:48:37.234 D/WindowManager( 1948): keyCode =19
02-25 23:48:37.234 D/WindowManager( 1948): isLockedAllKeys =0
02-25 23:48:37.234 D/WindowManager( 1948): isHandleHomeKey = 1
02-25 23:48:37.235 D/WindowManager( 1948): isHandlePowerKey ==1
02-25 23:48:37.235 D/WindowManager( 1948): isHandleSettingKey=1
02-25 23:48:37.235 D/WindowManager( 1948): handleSystemKey==1
02-25 23:48:37.236 D/WindowManager( 1948): send broadcast key press down
02-25 23:48:37.236 W/ContextImpl( 1948): Calling a method in the system process without a qualified user: android.app.ContextImpl.sendBroadcast:1168 com.android.internal.policy.impl.PhoneWindowManager.interceptKeyBeforeQueueing:4109 com.android.server.wm.InputMonitor.interceptKeyBeforeQueueing:357 com.android.server.input.InputManagerService.interceptKeyBeforeQueueing:1352 com.android.server.input.InputManagerService.nativeInjectInputEvent:-2 
02-25 23:48:37.239 D/MainActivity( 2257): [0;32;31m[main][com.huawei.mh2.launcher.MainActivity][dispatchKeyEvent][-1]:launcher:keycode=19 [m
02-25 23:48:37.241 D/PosterPage( 2257): [0;32;31m[main][com.huawei.mh2.launcher.page.o][onFocusChange][-1]:launcher:hasFocus=false [m
02-25 23:48:37.242 I/Input   (14098): injectKeyEvent: KeyEvent { action=ACTION_UP, keyCode=KEYCODE_DPAD_UP, scanCode=0, metaState=0, flags=0x0, repeatCount=0, eventTime=22927404, downTime=22927404, deviceId=-1, source=0x101 }
02-25 23:48:37.242 D/AudioPolicyManagerBase( 1406): startOutput() output 2, stream 1, session 259
02-25 23:48:37.242 D/AudioPolicyManagerBase( 1406): startoutput ->setOutputDevice
02-25 23:48:37.242 D/WindowManager( 1948): keyCode =19
02-25 23:48:37.243 D/AudioPolicyManagerBase( 1406): AudioPolicyManagerBase::checkAndSetVolume 13,0.377113
02-25 23:48:37.243 D/WindowManager( 1948): isLockedAllKeys =0
02-25 23:48:37.243 D/WindowManager( 1948): isHandleHomeKey = 1
02-25 23:48:37.243 D/WindowManager( 1948): isHandlePowerKey ==1
02-25 23:48:37.243 D/WindowManager( 1948): isHandleSettingKey=1
02-25 23:48:37.243 D/WindowManager( 1948): handleSystemKey==1
02-25 23:48:37.243 D/j       ( 2257): [0;32;31m[main][com.huawei.mh2.launcher.l][onGlobalFocusChanged][-1]:launcher:newFocus=com.huawei.mh2.launcher.a.n{2c944210 VFE...C. .FS..... 0,0-120,57 #7f0a0006 app:id/menu_title_home} [m
02-25 23:48:37.244 D/ImageLoader( 2257): Load image from memory cache [http://pic3.ptqy.gitv.tv/image/20150215/41/2c/a_100010524_m_601_260_360.jpg_333x461]
02-25 23:48:37.245 D/j       ( 2257): [0;32;31m[main][net.sunniwell.ui.e][onGlobalFocusChanged][-1]:launcher:smoothMove [m
02-25 23:48:37.246 D/j       ( 2257): [0;32;31m[main][net.sunniwell.ui.g][a][-1]:launcher:anchorView=com.huawei.mh2.launcher.a.n{2c944210 VFE...C. .FS..... 0,0-120,57 #7f0a0006 app:id/menu_title_home} [m
02-25 23:48:37.247 D/FrameworkPage( 2257): [0;32;31m[main][com.huawei.mh2.launcher.page.FrameworkPage][onFocusChange][-1]:launcher:v=com.huawei.mh2.launcher.a.n{2c944210 VFE...C. .FS...ID 0,0-120,57 #7f0a0006 app:id/menu_title_home} [m
02-25 23:48:37.249 D/p       ( 2257): [0;32;31m[main][com.huawei.mh2.launcher.p][getView][-1]:launcher:position=12 convertView=null [m
02-25 23:48:37.267 D/AndroidRuntime(14098): Shutting down VM
02-25 23:48:37.268 D/MainActivity( 2257): [0;32;31m[main][com.huawei.mh2.launcher.MainActivity][dispatchKeyEvent][-1]:launcher:keycode=19 [m
02-25 23:48:37.269 D/j       ( 2257): [0;32;31m[main][net.sunniwell.ui.g][b][-1]:launcher:offsetWidth=-147 offsetHeight=-279 resizeImmediate=false [m
02-25 23:48:37.270 D/j       ( 2257): [0;32;31m[main][net.sunniwell.ui.g][a][-1]:launcher:offsetLeft=-312 offsetTop=-115 moveImmediate=false [m
02-25 23:48:37.271 D/j       ( 2257): [0;32;31m[main][net.sunniwell.ui.d][a][-1]:launcher:immediate=false isChanged=true [m
02-25 23:48:37.272 D/dalvikvm(14098): GC_CONCURRENT freed 98K, 16% free 566K/668K, paused 0ms+0ms, total 4ms
02-25 23:48:37.273 D/j       ( 2257): [0;32;31m[main][com.huawei.mh2.launcher.j][a][-1]:launcher:changed=true [m
02-25 23:48:37.286 D/j       ( 2257): [0;32;31m[main][net.sunniwell.ui.g][b][-1]:launcher:offsetWidth=-51 offsetHeight=-97 resizeImmediate=false [m
02-25 23:48:37.286 D/j       ( 2257): [0;32;31m[main][net.sunniwell.ui.g][a][-1]:launcher:offsetLeft=-109 offsetTop=-40 moveImmediate=false [m
02-25 23:48:37.287 D/j       ( 2257): [0;32;31m[main][net.sunniwell.ui.d][a][-1]:launcher:immediate=false isChanged=true [m
02-25 23:48:37.288 D/j       ( 2257): [0;32;31m[main][com.huawei.mh2.launcher.j][a][-1]:launcher:changed=true [m
02-25 23:48:37.321 D/j       ( 2257): [0;32;31m[main][net.sunniwell.ui.g][b][-1]:launcher:offsetWidth=-18 offsetHeight=-34 resizeImmediate=false [m
02-25 23:48:37.321 D/j       ( 2257): [0;32;31m[main][net.sunniwell.ui.g][a][-1]:launcher:offsetLeft=-38 offsetTop=-14 moveImmediate=false [m
02-25 23:48:37.322 D/j       ( 2257): [0;32;31m[main][net.sunniwell.ui.d][a][-1]:launcher:immediate=false isChanged=true [m
02-25 23:48:37.323 D/j       ( 2257): [0;32;31m[main][com.huawei.mh2.launcher.j][a][-1]:launcher:changed=true [m
02-25 23:48:37.346 D/j       ( 2257): [0;32;31m[main][net.sunniwell.ui.g][b][-1]:launcher:offsetWidth=-6 offsetHeight=-12 resizeImmediate=false [m
02-25 23:48:37.347 D/j       ( 2257): [0;32;31m[main][net.sunniwell.ui.g][a][-1]:launcher:offsetLeft=-13 offsetTop=-7 moveImmediate=false [m
02-25 23:48:37.348 D/j       ( 2257): [0;32;31m[main][net.sunniwell.ui.d][a][-1]:launcher:immediate=false isChanged=true [m
02-25 23:48:37.349 D/j       ( 2257): [0;32;31m[main][com.huawei.mh2.launcher.j][a][-1]:launcher:changed=true [m
02-25 23:48:37.369 D/j       ( 2257): [0;32;31m[main][net.sunniwell.ui.g][b][-1]:launcher:offsetWidth=-3 offsetHeight=-6 resizeImmediate=false [m
02-25 23:48:37.370 D/j       ( 2257): [0;32;31m[main][net.sunniwell.ui.g][a][-1]:launcher:offsetLeft=-7 offsetTop=0 moveImmediate=false [m
02-25 23:48:37.371 D/j       ( 2257): [0;32;31m[main][net.sunniwell.ui.d][a][-1]:launcher:immediate=false isChanged=true [m
02-25 23:48:37.372 D/j       ( 2257): [0;32;31m[main][com.huawei.mh2.launcher.j][a][-1]:launcher:changed=true [m
02-25 23:48:37.391 D/j       ( 2257): [0;32;31m[main][net.sunniwell.ui.g][b][-1]:launcher:offsetWidth=0 offsetHeight=0 resizeImmediate=false [m
02-25 23:48:37.392 D/j       ( 2257): [0;32;31m[main][net.sunniwell.ui.g][a][-1]:launcher:offsetLeft=0 offsetTop=0 moveImmediate=false [m
02-25 23:48:37.393 D/j       ( 2257): [0;32;31m[main][net.sunniwell.ui.d][a][-1]:launcher:immediate=false isChanged=false [m
02-25 23:48:37.394 D/j       ( 2257): [0;32;31m[main][com.huawei.mh2.launcher.j][a][-1]:launcher:changed=false [m
02-25 23:48:37.881 D/Player/PlayerView/LoadingView( 2323): update speed: bitsPerSec=0
02-25 23:48:38.882 D/Player/PlayerView/LoadingView( 2323): update speed: bitsPerSec=0
02-25 23:48:38.957 D/AndroidRuntime(14110): 
02-25 23:48:38.957 D/AndroidRuntime(14110): >>>>>> AndroidRuntime START com.android.internal.os.RuntimeInit <<<<<<
02-25 23:48:38.960 D/AndroidRuntime(14110): CheckJNI is OFF
02-25 23:48:38.968 I/dalvikvm(14110): DexOpt: mismatch dep signature for '/system/framework/android.policy.odex'
02-25 23:48:38.969 E/dalvikvm(14110): /system/framework/services.jar odex has stale dependencies
02-25 23:48:38.969 I/dalvikvm(14110): DexOpt: mismatch dep name: '/data/dalvik-cache/system@framework@services.jar@classes.dex' vs. '/system/framework/services.odex'
02-25 23:48:38.969 E/dalvikvm(14110): /system/framework/apache-xml.jar odex has stale dependencies
02-25 23:48:38.970 I/dalvikvm(14110): DexOpt: mismatch dep name: '/data/dalvik-cache/system@framework@services.jar@classes.dex' vs. '/system/framework/services.odex'
02-25 23:48:38.970 E/dalvikvm(14110): /system/framework/webviewchromium.jar odex has stale dependencies
02-25 23:48:38.977 D/dalvikvm(14110): Trying to load lib libjavacore.so 0x0
02-25 23:48:38.980 D/dalvikvm(14110): Added shared lib libjavacore.so 0x0
02-25 23:48:38.985 D/dalvikvm(14110): Trying to load lib libnativehelper.so 0x0
02-25 23:48:38.985 D/dalvikvm(14110): Added shared lib libnativehelper.so 0x0
02-25 23:48:38.985 D/dalvikvm(14110): No JNI_OnLoad found in libnativehelper.so 0x0, skipping init
02-25 23:48:39.004 I/dalvikvm(14110): DexOpt: mismatch dep name: '/data/dalvik-cache/system@framework@services.jar@classes.dex' vs. '/system/framework/services.odex'
02-25 23:48:39.004 E/dalvikvm(14110): /system/framework/input.jar odex has stale dependencies
02-25 23:48:39.008 E/cutils-trace(14110): Error opening trace file: No such file or directory (2)
02-25 23:48:39.028 D/dalvikvm(14110): Note: class Landroid/app/ActivityManagerNative; has 179 unimplemented (abstract) methods
02-25 23:48:39.221 E/memtrack(14110): Couldn't load memtrack module (No such file or directory)
02-25 23:48:39.221 E/android.os.Debug(14110): failed to load memtrack module: -2
02-25 23:48:39.224 I/EthernetJNI(14110): Loading ethernet jni class
02-25 23:48:39.295 D/AndroidRuntime(14110): Calling main entry com.android.commands.input.Input
02-25 23:48:39.296 I/Input   (14110): injectKeyEvent: KeyEvent { action=ACTION_DOWN, keyCode=KEYCODE_DPAD_DOWN, scanCode=0, metaState=0, flags=0x0, repeatCount=0, eventTime=22929471, downTime=22929471, deviceId=-1, source=0x101 }
02-25 23:48:39.301 D/WindowManager( 1948): keyCode =20
02-25 23:48:39.301 D/WindowManager( 1948): isLockedAllKeys =0
02-25 23:48:39.301 D/WindowManager( 1948): isHandleHomeKey = 1
02-25 23:48:39.301 D/WindowManager( 1948): isHandlePowerKey ==1
02-25 23:48:39.301 D/WindowManager( 1948): isHandleSettingKey=1
02-25 23:48:39.301 D/WindowManager( 1948): handleSystemKey==1
02-25 23:48:39.303 D/WindowManager( 1948): send broadcast key press down
02-25 23:48:39.303 W/ContextImpl( 1948): Calling a method in the system process without a qualified user: android.app.ContextImpl.sendBroadcast:1168 com.android.internal.policy.impl.PhoneWindowManager.interceptKeyBeforeQueueing:4109 com.android.server.wm.InputMonitor.interceptKeyBeforeQueueing:357 com.android.server.input.InputManagerService.interceptKeyBeforeQueueing:1352 com.android.server.input.InputManagerService.nativeInjectInputEvent:-2 
02-25 23:48:39.306 D/MainActivity( 2257): [0;32;31m[main][com.huawei.mh2.launcher.MainActivity][dispatchKeyEvent][-1]:launcher:keycode=20 [m
02-25 23:48:39.307 D/j       ( 2257): [0;32;31m[main][com.huawei.mh2.launcher.l][onGlobalFocusChanged][-1]:launcher:newFocus=com.huawei.mh2.launcher.a.s{2d4a63e8 VFE..... .FS..... 840,75-1181,544} [m
02-25 23:48:39.308 I/Input   (14110): injectKeyEvent: KeyEvent { action=ACTION_UP, keyCode=KEYCODE_DPAD_DOWN, scanCode=0, metaState=0, flags=0x0, repeatCount=0, eventTime=22929471, downTime=22929471, deviceId=-1, source=0x101 }
02-25 23:48:39.309 D/WindowManager( 1948): keyCode =20
02-25 23:48:39.309 D/WindowManager( 1948): isLockedAllKeys =0
02-25 23:48:39.309 D/WindowManager( 1948): isHandleHomeKey = 1
02-25 23:48:39.309 D/WindowManager( 1948): isHandlePowerKey ==1
02-25 23:48:39.309 D/WindowManager( 1948): isHandleSettingKey=1
02-25 23:48:39.309 D/WindowManager( 1948): handleSystemKey==1
02-25 23:48:39.309 D/ImageLoader( 2257): Load image from memory cache [http://pic3.ptqy.gitv.tv/image/20150215/41/2c/a_100010524_m_601_260_360.jpg_333x461]
02-25 23:48:39.311 D/j       ( 2257): [0;32;31m[main][net.sunniwell.ui.e][onGlobalFocusChanged][-1]:launcher:smoothMove [m
02-25 23:48:39.311 D/AudioPolicyManagerBase( 1406): startOutput() output 2, stream 1, session 260
02-25 23:48:39.311 D/AudioPolicyManagerBase( 1406): startoutput ->setOutputDevice
02-25 23:48:39.311 D/AudioPolicyManagerBase( 1406): AudioPolicyManagerBase::checkAndSetVolume 13,0.377113
02-25 23:48:39.312 D/j       ( 2257): [0;32;31m[main][net.sunniwell.ui.g][a][-1]:launcher:anchorView=com.huawei.mh2.launcher.a.s{2d4a63e8 VFE..... .FS..... 840,75-1181,544} [m
02-25 23:48:39.314 D/PosterPage( 2257): [0;32;31m[main][com.huawei.mh2.launcher.page.o][onFocusChange][-1]:launcher:hasFocus=true [m
02-25 23:48:39.316 D/p       ( 2257): [0;32;31m[main][com.huawei.mh2.launcher.p][getView][-1]:launcher:position=12 convertView=null [m
02-25 23:48:39.331 D/AndroidRuntime(14110): Shutting down VM
02-25 23:48:39.332 D/MainActivity( 2257): [0;32;31m[main][com.huawei.mh2.launcher.MainActivity][dispatchKeyEvent][-1]:launcher:keycode=20 [m
02-25 23:48:39.337 D/dalvikvm(14110): GC_CONCURRENT freed 98K, 16% free 566K/668K, paused 0ms+1ms, total 4ms
02-25 23:48:39.343 D/j       ( 2257): [0;32;31m[main][net.sunniwell.ui.g][b][-1]:launcher:offsetWidth=146 offsetHeight=278 resizeImmediate=false [m
02-25 23:48:39.344 D/j       ( 2257): [0;32;31m[main][net.sunniwell.ui.g][a][-1]:launcher:offsetLeft=317 offsetTop=124 moveImmediate=false [m
02-25 23:48:39.346 D/j       ( 2257): [0;32;31m[main][net.sunniwell.ui.d][a][-1]:launcher:immediate=false isChanged=true [m
02-25 23:48:39.347 D/j       ( 2257): [0;32;31m[main][com.huawei.mh2.launcher.j][a][-1]:launcher:changed=true [m
02-25 23:48:39.354 D/j       ( 2257): [0;32;31m[main][net.sunniwell.ui.g][b][-1]:launcher:offsetWidth=51 offsetHeight=97 resizeImmediate=false [m
02-25 23:48:39.355 D/j       ( 2257): [0;32;31m[main][net.sunniwell.ui.g][a][-1]:launcher:offsetLeft=111 offsetTop=44 moveImmediate=false [m
02-25 23:48:39.355 D/j       ( 2257): [0;32;31m[main][net.sunniwell.ui.d][a][-1]:launcher:immediate=false isChanged=true [m
02-25 23:48:39.356 D/j       ( 2257): [0;32;31m[main][com.huawei.mh2.launcher.j][a][-1]:launcher:changed=true [m
02-25 23:48:39.378 D/j       ( 2257): [0;32;31m[main][net.sunniwell.ui.g][b][-1]:launcher:offsetWidth=18 offsetHeight=34 resizeImmediate=false [m
02-25 23:48:39.379 D/j       ( 2257): [0;32;31m[main][net.sunniwell.ui.g][a][-1]:launcher:offsetLeft=39 offsetTop=15 moveImmediate=false [m
02-25 23:48:39.380 D/j       ( 2257): [0;32;31m[main][net.sunniwell.ui.d][a][-1]:launcher:immediate=false isChanged=true [m
02-25 23:48:39.381 D/j       ( 2257): [0;32;31m[main][com.huawei.mh2.launcher.j][a][-1]:launcher:changed=true [m
02-25 23:48:39.401 D/j       ( 2257): [0;32;31m[main][net.sunniwell.ui.g][b][-1]:launcher:offsetWidth=6 offsetHeight=12 resizeImmediate=false [m
02-25 23:48:39.401 D/j       ( 2257): [0;32;31m[main][net.sunniwell.ui.g][a][-1]:launcher:offsetLeft=13 offsetTop=5 moveImmediate=false [m
02-25 23:48:39.402 D/j       ( 2257): [0;32;31m[main][net.sunniwell.ui.d][a][-1]:launcher:immediate=false isChanged=true [m
02-25 23:48:39.403 D/j       ( 2257): [0;32;31m[main][com.huawei.mh2.launcher.j][a][-1]:launcher:changed=true [m
02-25 23:48:39.427 D/j       ( 2257): [0;32;31m[main][net.sunniwell.ui.g][b][-1]:launcher:offsetWidth=4 offsetHeight=7 resizeImmediate=false [m
02-25 23:48:39.428 D/j       ( 2257): [0;32;31m[main][net.sunniwell.ui.g][a][-1]:launcher:offsetLeft=-1 offsetTop=-8 moveImmediate=false [m
02-25 23:48:39.429 D/j       ( 2257): [0;32;31m[main][net.sunniwell.ui.d][a][-1]:launcher:immediate=false isChanged=true [m
02-25 23:48:39.431 D/j       ( 2257): [0;32;31m[main][com.huawei.mh2.launcher.j][a][-1]:launcher:changed=true [m
02-25 23:48:39.447 D/j       ( 2257): [0;32;31m[main][net.sunniwell.ui.g][b][-1]:launcher:offsetWidth=0 offsetHeight=0 resizeImmediate=false [m
02-25 23:48:39.449 D/j       ( 2257): [0;32;31m[main][net.sunniwell.ui.g][a][-1]:launcher:offsetLeft=0 offsetTop=-4 moveImmediate=false [m
02-25 23:48:39.450 D/j       ( 2257): [0;32;31m[main][net.sunniwell.ui.d][a][-1]:launcher:immediate=false isChanged=true [m
02-25 23:48:39.452 D/j       ( 2257): [0;32;31m[main][com.huawei.mh2.launcher.j][a][-1]:launcher:changed=true [m
02-25 23:48:39.467 D/j       ( 2257): [0;32;31m[main][net.sunniwell.ui.g][b][-1]:launcher:offsetWidth=0 offsetHeight=0 resizeImmediate=false [m
02-25 23:48:39.468 D/j       ( 2257): [0;32;31m[main][net.sunniwell.ui.g][a][-1]:launcher:offsetLeft=0 offsetTop=0 moveImmediate=false [m
02-25 23:48:39.469 D/j       ( 2257): [0;32;31m[main][net.sunniwell.ui.d][a][-1]:launcher:immediate=false isChanged=false [m
02-25 23:48:39.470 D/j       ( 2257): [0;32;31m[main][com.huawei.mh2.launcher.j][a][-1]:launcher:changed=false [m
02-25 23:48:39.882 D/Player/PlayerView/LoadingView( 2323): update speed: bitsPerSec=0
02-25 23:48:40.125 D/ImageLoader( 2257): Load image from memory cache [http://pic3.ptqy.gitv.tv/image/20150215/41/2c/a_100010524_m_601_260_360.jpg_333x461]
02-25 23:48:40.128 D/p       ( 2257): [0;32;31m[main][com.huawei.mh2.launcher.p][getView][-1]:launcher:position=12 convertView=null [m
02-25 23:48:40.146 D/j       ( 2257): [0;32;31m[main][net.sunniwell.ui.g][a][-1]:launcher:anchorView=com.huawei.mh2.launcher.a.s{2d4a63e8 VFE..... .FS...ID 840,75-1181,544} [m
02-25 23:48:40.225 D/j       ( 2257): [0;32;31m[main][net.sunniwell.ui.g][b][-1]:launcher:offsetWidth=0 offsetHeight=0 resizeImmediate=false [m
02-25 23:48:40.226 D/j       ( 2257): [0;32;31m[main][net.sunniwell.ui.g][a][-1]:launcher:offsetLeft=0 offsetTop=0 moveImmediate=false [m
02-25 23:48:40.227 D/j       ( 2257): [0;32;31m[main][net.sunniwell.ui.d][a][-1]:launcher:immediate=false isChanged=false [m
02-25 23:48:40.228 D/j       ( 2257): [0;32;31m[main][com.huawei.mh2.launcher.j][a][-1]:launcher:changed=false [m
02-25 23:48:40.882 D/Player/PlayerView/LoadingView( 2323): update speed: bitsPerSec=0
02-25 23:48:41.882 D/Player/PlayerView/LoadingView( 2323): update speed: bitsPerSec=0
02-25 23:48:42.016 D/AndroidRuntime(14122): 
02-25 23:48:42.016 D/AndroidRuntime(14122): >>>>>> AndroidRuntime START com.android.internal.os.RuntimeInit <<<<<<
02-25 23:48:42.019 D/AndroidRuntime(14122): CheckJNI is OFF
02-25 23:48:42.029 I/dalvikvm(14122): DexOpt: mismatch dep signature for '/system/framework/android.policy.odex'
02-25 23:48:42.029 E/dalvikvm(14122): /system/framework/services.jar odex has stale dependencies
02-25 23:48:42.030 I/dalvikvm(14122): DexOpt: mismatch dep name: '/data/dalvik-cache/system@framework@services.jar@classes.dex' vs. '/system/framework/services.odex'
02-25 23:48:42.030 E/dalvikvm(14122): /system/framework/apache-xml.jar odex has stale dependencies
02-25 23:48:42.030 I/dalvikvm(14122): DexOpt: mismatch dep name: '/data/dalvik-cache/system@framework@services.jar@classes.dex' vs. '/system/framework/services.odex'
02-25 23:48:42.031 E/dalvikvm(14122): /system/framework/webviewchromium.jar odex has stale dependencies
02-25 23:48:42.038 D/dalvikvm(14122): Trying to load lib libjavacore.so 0x0
02-25 23:48:42.042 D/dalvikvm(14122): Added shared lib libjavacore.so 0x0
02-25 23:48:42.047 D/dalvikvm(14122): Trying to load lib libnativehelper.so 0x0
02-25 23:48:42.047 D/dalvikvm(14122): Added shared lib libnativehelper.so 0x0
02-25 23:48:42.048 D/dalvikvm(14122): No JNI_OnLoad found in libnativehelper.so 0x0, skipping init
02-25 23:48:42.067 I/dalvikvm(14122): DexOpt: mismatch dep name: '/data/dalvik-cache/system@framework@services.jar@classes.dex' vs. '/system/framework/services.odex'
02-25 23:48:42.067 E/dalvikvm(14122): /system/framework/input.jar odex has stale dependencies
02-25 23:48:42.071 E/cutils-trace(14122): Error opening trace file: No such file or directory (2)
02-25 23:48:42.093 D/dalvikvm(14122): Note: class Landroid/app/ActivityManagerNative; has 179 unimplemented (abstract) methods
02-25 23:48:42.298 E/memtrack(14122): Couldn't load memtrack module (No such file or directory)
02-25 23:48:42.298 E/android.os.Debug(14122): failed to load memtrack module: -2
02-25 23:48:42.300 I/EthernetJNI(14122): Loading ethernet jni class
02-25 23:48:42.376 D/AndroidRuntime(14122): Calling main entry com.android.commands.input.Input
02-25 23:48:42.378 I/Input   (14122): injectKeyEvent: KeyEvent { action=ACTION_DOWN, keyCode=KEYCODE_ENTER, scanCode=0, metaState=0, flags=0x0, repeatCount=0, eventTime=22932552, downTime=22932552, deviceId=-1, source=0x101 }
02-25 23:48:42.383 D/WindowManager( 1948): keyCode =66
02-25 23:48:42.383 D/WindowManager( 1948): isLockedAllKeys =0
02-25 23:48:42.384 D/WindowManager( 1948): isHandleHomeKey = 1
02-25 23:48:42.384 D/WindowManager( 1948): isHandlePowerKey ==1
02-25 23:48:42.384 D/WindowManager( 1948): isHandleSettingKey=1
02-25 23:48:42.384 D/WindowManager( 1948): handleSystemKey==1
02-25 23:48:42.385 D/WindowManager( 1948): send broadcast key press down
02-25 23:48:42.385 W/ContextImpl( 1948): Calling a method in the system process without a qualified user: android.app.ContextImpl.sendBroadcast:1168 com.android.internal.policy.impl.PhoneWindowManager.interceptKeyBeforeQueueing:4109 com.android.server.wm.InputMonitor.interceptKeyBeforeQueueing:357 com.android.server.input.InputManagerService.interceptKeyBeforeQueueing:1352 com.android.server.input.InputManagerService.nativeInjectInputEvent:-2 
02-25 23:48:42.388 I/Input   (14122): injectKeyEvent: KeyEvent { action=ACTION_UP, keyCode=KEYCODE_ENTER, scanCode=0, metaState=0, flags=0x0, repeatCount=0, eventTime=22932552, downTime=22932552, deviceId=-1, source=0x101 }
02-25 23:48:42.388 D/MainActivity( 2257): [0;32;31m[main][com.huawei.mh2.launcher.MainActivity][dispatchKeyEvent][-1]:launcher:keycode=66 [m
02-25 23:48:42.389 D/WindowManager( 1948): keyCode =66
02-25 23:48:42.389 D/WindowManager( 1948): isLockedAllKeys =0
02-25 23:48:42.389 D/WindowManager( 1948): isHandleHomeKey = 1
02-25 23:48:42.389 D/WindowManager( 1948): isHandlePowerKey ==1
02-25 23:48:42.389 D/WindowManager( 1948): isHandleSettingKey=1
02-25 23:48:42.389 D/WindowManager( 1948): handleSystemKey==1
02-25 23:48:42.393 D/MainActivity( 2257): [0;32;31m[main][com.huawei.mh2.launcher.MainActivity][dispatchKeyEvent][-1]:launcher:keycode=66 [m
02-25 23:48:42.394 I/EthernetService( 1948): getWifiDisguiseState: STATE UNKNOWN
02-25 23:48:42.394 I/EthernetManager( 1948): getWifiDisguiseState2
02-25 23:48:42.394 I/EthernetService( 1948): getWifiDisguiseState: STATE UNKNOWN
02-25 23:48:42.395 I/EthernetService( 1948): getWifiDisguiseState: STATE UNKNOWN
02-25 23:48:42.395 I/EthernetManager( 1948): getWifiDisguiseState2
02-25 23:48:42.395 I/EthernetService( 1948): getWifiDisguiseState: STATE UNKNOWN
02-25 23:48:42.395 D/AudioPolicyManagerBase( 1406): startOutput() output 2, stream 1, session 261
02-25 23:48:42.395 D/AudioPolicyManagerBase( 1406): startoutput ->setOutputDevice
02-25 23:48:42.395 D/AudioPolicyManagerBase( 1406): AudioPolicyManagerBase::checkAndSetVolume 13,0.377113
02-25 23:48:42.397 D/g       ( 2257): [0;32;31m[main][com.huawei.mh2.launcher.b.g][a][-1]:launcher:dataInfo = id=0232ebdd3b18d801e3f158650792156f,type=0,title=ä¸­å›½æ¢¦æƒ³ç§€ä¹‹æŠ˜çº¸ç‹‚äººç›¼åœ†å¦»å­ç¾Šé©¼ä¹‹æ¢¦,classTag=null,sort=null,filterTag=null,obj=com.qiyi.tv.client.data.Video@2d4cfb18 [m
02-25 23:48:42.399 D/g       ( 2257): [0;32;31m[main][com.huawei.mh2.launcher.b.g][a][-1]:launcher:type = 0 [m
02-25 23:48:42.401 D/g       ( 2257): [0;32;31m[main][com.huawei.mh2.launcher.b.g][i][-1]:launcher:isNetworkReachable [m
02-25 23:48:42.412 D/ClientHelper( 2257): isConnected() ClientHelper@2c9af570{mCurrentState=2, mTargetState=2, mAuthSuccess=true, mListener=com.qiyi.tv.client.project.BaseClient$ProxyListener@2c9ef300, mService=com.qiyi.tv.client.IQiyiService$Stub$Proxy@2ef93858}
02-25 23:48:42.412 D/ClientHelper( 2257): isAuthSuccess() ClientHelper@2c9af570{mCurrentState=2, mTargetState=2, mAuthSuccess=true, mListener=com.qiyi.tv.client.project.BaseClient$ProxyListener@2c9ef300, mService=com.qiyi.tv.client.IQiyiService$Stub$Proxy@2ef93858}
02-25 23:48:42.412 D/Utils   ( 2257): dumpBundle() copyBundle() target=: bundle size=3
02-25 23:48:42.412 D/Utils   ( 2257): dumpBundle() copyBundle() target=: key[com.qiyi.tv.sdk.extra.EXTRA_OPERATION_TYPE]=20001
02-25 23:48:42.412 D/Utils   ( 2257): dumpBundle() copyBundle() target=: key[com.qiyi.tv.sdk.extra.EXTRA_OPERATION_DATA_TYPE]=30000
02-25 23:48:42.412 D/Utils   ( 2257): dumpBundle() copyBundle() target=: key[com.qiyi.tv.sdk.extra.EXTRA_OPERATION_TARGET]=10201
02-25 23:48:42.412 D/Utils   ( 2257): dumpBundle() copyBundle() source=: bundle size=2
02-25 23:48:42.412 D/Utils   ( 2257): dumpBundle() copyBundle() source=: key[com.qiyi.tv.sdk.extra.EXTRA_INTENT_FLAG]=335577088
02-25 23:48:42.412 D/Utils   ( 2257): dumpBundle() copyBundle() source=: key[com.qiyi.tv.sdk.extra.EXTRA_VIDEO]=com.qiyi.tv.client.data.Video@2d4cfb18
02-25 23:48:42.413 D/Utils   ( 2257): dumpBundle() copyBundle() final=: bundle size=5
02-25 23:48:42.413 D/Utils   ( 2257): dumpBundle() copyBundle() final=: key[com.qiyi.tv.sdk.extra.EXTRA_OPERATION_TYPE]=20001
02-25 23:48:42.413 D/Utils   ( 2257): dumpBundle() copyBundle() final=: key[com.qiyi.tv.sdk.extra.EXTRA_INTENT_FLAG]=335577088
02-25 23:48:42.413 D/Utils   ( 2257): dumpBundle() copyBundle() final=: key[com.qiyi.tv.sdk.extra.EXTRA_OPERATION_DATA_TYPE]=30000
02-25 23:48:42.413 D/Utils   ( 2257): dumpBundle() copyBundle() final=: key[com.qiyi.tv.sdk.extra.EXTRA_VIDEO]=com.qiyi.tv.client.data.Video@2d4cfb18
02-25 23:48:42.413 D/Utils   ( 2257): dumpBundle() copyBundle() final=: key[com.qiyi.tv.sdk.extra.EXTRA_OPERATION_TARGET]=10201
02-25 23:48:42.414 D/g       ( 2257): [0;32;31m[main][com.huawei.mh2.launcher.b.g][i][-1]:launcher:isNetworkReachable return true [m
02-25 23:48:42.414 D/ClientHelper( 2257): isConnected() ClientHelper@2c9af570{mCurrentState=2, mTargetState=2, mAuthSuccess=true, mListener=com.qiyi.tv.client.project.BaseClient$ProxyListener@2c9ef300, mService=com.qiyi.tv.client.IQiyiService$Stub$Proxy@2ef93858}
02-25 23:48:42.414 D/ClientHelper( 2257): isAuthSuccess() ClientHelper@2c9af570{mCurrentState=2, mTargetState=2, mAuthSuccess=true, mListener=com.qiyi.tv.client.project.BaseClient$ProxyListener@2c9ef300, mService=com.qiyi.tv.client.IQiyiService$Stub$Proxy@2ef93858}
02-25 23:48:42.415 D/OpenApiBinder( 2323): invoke() begin. bundle size=5
02-25 23:48:42.415 D/OpenApiBinder( 2323): invoke() begin. key[com.qiyi.tv.sdk.extra.EXTRA_OPERATION_TYPE]=20001
02-25 23:48:42.416 D/OpenApiBinder( 2323): invoke() begin. key[com.qiyi.tv.sdk.extra.EXTRA_INTENT_FLAG]=335577088
02-25 23:48:42.416 D/OpenApiBinder( 2323): invoke() begin. key[com.qiyi.tv.sdk.extra.EXTRA_OPERATION_DATA_TYPE]=30000
02-25 23:48:42.416 D/OpenApiBinder( 2323): invoke() begin. key[com.qiyi.tv.sdk.extra.EXTRA_VIDEO]=com.qiyi.tv.client.data.Video@2db0e278
02-25 23:48:42.416 D/OpenApiBinder( 2323): invoke() begin. key[com.qiyi.tv.sdk.extra.EXTRA_OPERATION_TARGET]=10201
02-25 23:48:42.416 D/OpenApiManager( 2323): isAllowedClient() pid=2257, holder=Holder(code=0, client=ClientInfo(vn=2.0, vc=24956, pk=com.huawei.mh2.launcher)) return true
02-25 23:48:42.416 D/OpenApiBinder( 2323): invoke() find command=com.qiyi.video.openplay.service.feature.open.OpenMediaCommand@2c923c50
02-25 23:48:42.416 D/ProcessWatcher( 2323): getToken() 2257 return AccessToken@{count=2, time=1424936408284, duration=3600000, maxCount=3600000, interval=0)
02-25 23:48:42.416 D/AccessToken( 2323): isAllowedAccess() now = 1424936922417, mMaxCount = 3600000
02-25 23:48:42.416 D/AccessToken( 2323): isAllowedAccess() count=2, time=1424936408284, return true
02-25 23:48:42.417 D/LocalVideo( 2323): LocalVideo(com.qiyi.tv.client.data.Video@2db0e278) LocalVideo(mType=1, mId=349989700, mName=ä¸­å›½æ¢¦æƒ³ç§€ä¹‹æŠ˜çº¸ç‹‚äººç›¼åœ†å¦»å­ç¾Šé©¼ä¹‹æ¢¦, mChannelId=6, mAlbumId=202509101, mIsSeries=true, mStartTime=0, mCornerHint=3, mPicUrl=http://pic8.ptqy.gitv.tv/image/20150225/54/4c/v_108966887_m_601_m1_354_490.jpg, mUserTags=Bundle@[size=2,com.qiyi.tv.internal.extra.EXTRA_TYPE=0],com.qiyi.tv.internal.extra.EXTRA_SOURCE_CODE=202509101])
02-25 23:48:42.417 D/OpenApiUtils( 2323): createChannelLabel(LocalVideo(mType=1, mId=349989700, mName=ä¸­å›½æ¢¦æƒ³ç§€ä¹‹æŠ˜çº¸ç‹‚äººç›¼åœ†å¦»å­ç¾Šé©¼ä¹‹æ¢¦, mChannelId=6, mAlbumId=202509101, mIsSeries=true, mStartTime=0, mCornerHint=3, mPicUrl=http://pic8.ptqy.gitv.tv/image/20150225/54/4c/v_108966887_m_601_m1_354_490.jpg, mUserTags=Bundle@[size=2,com.qiyi.tv.internal.extra.EXTRA_TYPE=0],com.qiyi.tv.internal.extra.EXTRA_SOURCE_CODE=202509101]))
02-25 23:48:42.417 D/OpenApiUtils( 2323): createChannelLabel() return null
02-25 23:48:42.417 D/OpenApiUtils( 2323): createAlbum(LocalVideo(mType=1, mId=349989700, mName=ä¸­å›½æ¢¦æƒ³ç§€ä¹‹æŠ˜çº¸ç‹‚äººç›¼åœ†å¦»å­ç¾Šé©¼ä¹‹æ¢¦, mChannelId=6, mAlbumId=202509101, mIsSeries=true, mStartTime=0, mCornerHint=3, mPicUrl=http://pic8.ptqy.gitv.tv/image/20150225/54/4c/v_108966887_m_601_m1_354_490.jpg, mUserTags=Bundle@[size=2,com.qiyi.tv.internal.extra.EXTRA_TYPE=0],com.qiyi.tv.internal.extra.EXTRA_SOURCE_CODE=202509101]))
02-25 23:48:42.418 D/OpenApiUtils( 2323): createAlbum() return qpId=202509101 name=ä¸­å›½æ¢¦æƒ³ç§€ä¹‹æŠ˜çº¸ç‹‚äººç›¼åœ†å¦»å­ç¾Šé©¼ä¹‹æ¢¦ type=VIDEO focus= pic=http://pic8.ptqy.gitv.tv/image/20150225/54/4c/v_108966887_m_601_m1_354_490.jpg tvPic= score= pCount= desc= key= isSeries=true chnName= chnId=6 tag= exclusive=0 isDownload=false is3D=0 tvsets=0 order=1 time= tvCount=0 stream= isPurchase=0 tvQid=349989700 vid=null len= sourceCode=202509101 vType=0 playUrl=null
02-25 23:48:42.418 D/OpenApiUtils( 2323): createAlbum() return Album@2f10d980{qpId=202509101, tvQid=349989700, vid=null, getType()=VIDEO, albumName=ä¸­å›½æ¢¦æƒ³ç§€ä¹‹æŠ˜çº¸ç‹‚äººç›¼åœ†å¦»å­ç¾Šé©¼ä¹‹æ¢¦, tvName=, sourceCode=202509101, isPurchase()=false, isExclusive()=false, isSeries()=true, playOrder=1, tvPic=, issueTime=, playCount=, playLength=, tvCount=0, tag=, cornerMark=CORNERMARK_NO, is3D()=false, definition list=, chnId=6, chnName=, startTime=0, endTime=0, playTime=-1, canDownload=false, bkt=, area=}
02-25 23:48:42.418 D/PlayerUtils( 2323): >> startPlayerWithPlayList: albumInfo=Album@2f10d980{qpId=202509101, tvQid=349989700, vid=null, getType()=VIDEO, albumName=ä¸­å›½æ¢¦æƒ³ç§€ä¹‹æŠ˜çº¸ç‹‚äººç›¼åœ†å¦»å­ç¾Šé©¼ä¹‹æ¢¦, tvName=, sourceCode=202509101, isPurchase()=false, isExclusive()=false, isSeries()=true, playOrder=1, tvPic=, issueTime=, playCount=, playLength=, tvCount=0, tag=, cornerMark=CORNERMARK_NO, is3D()=false, definition list=, chnId=6, chnName=, startTime=0, endTime=0, playTime=-1, canDownload=false, bkt=, area=}, playOrder=1, from=out, playParams=PlayParams@2f10bf80{sourceType=OUTSIDE, playindex=0, playlist id=null, playlist name=null, is recommend=false, channel id=null, channel name=null, is picture vertical=false, from=out, playlist=[EMPTY]}
02-25 23:48:42.418 D/PlayerUtils( 2323): add clear task flag
02-25 23:48:42.419 D/PlayerUtils( 2323): fillOutsideInfoIfNeed() fill out album info!
02-25 23:48:42.437 I/ActivityManager( 1948): START u0 {flg=0x14008000 cmp=com.qiyi.tvplayer.huawei/com.qiyi.video.player.PlayerActivity (has extras)} from pid 2323
02-25 23:48:42.441 I/QBaseActivity( 2323): onDestroy this = com.qiyi.video.player.PlayerActivity@2dafadc8
02-25 23:48:42.441 I/QBaseActivity( 2323): onDestroy refCount = 1
02-25 23:48:42.441 D/BasePlayActivity( 2323): onDestroy()
02-25 23:48:42.441 D/com.qiyi.video.player.QiyiVideoPlayer@2cbe12b0( 2323): onActivityEvent:ACTIVITY_DESTROYED
02-25 23:48:42.441 D/com.qiyi.video.player.QiyiVideoPlayer@2cbe12b0( 2323): releasePlayer mIsReleasePlayer = false
02-25 23:48:42.441 D/PlayerController[2ca9db70]( 2323): stop(true) dump[749329264](mFirstStart=false, mTarget=3, mTargetPosition=-1, mFullscreenHintShown=false, mContinuePlaybackByUser=false, mPlayedAd=false, mPlayer=null)
02-25 23:48:42.441 D/VideoProvider( 2323): stopLoad()
02-25 23:48:42.441 D/VideoLoader( 2323): cancelLoad() mFullLoading=false, mPreLoading=false
02-25 23:48:42.441 D/VideoProvider( 2323): releaseNextLoader() mNextLoader=null
02-25 23:48:42.441 D/Playlist( 2323): clearForReload()
02-25 23:48:42.441 D/PlayerOverlay( 2323): hide()
02-25 23:48:42.441 I/AbsMenuPanel( 2323): hide
02-25 23:48:42.441 D/AbsMenuPanel( 2323): notifyVisibilityChange(false)
02-25 23:48:42.441 D/AbsPlayerOverlay( 2323): notifyMenuPanelVisibilityChange(false)
02-25 23:48:42.441 D/DispatcherCenter( 2323): onVisibilityChange(isVisible:false)
02-25 23:48:42.442 D/VideoProvider( 2323): getCurrent()
02-25 23:48:42.443 D/Playlist( 2323): getCurrent() return VideoHolder@2f12c328{episodeReady=false, historyReady=false, mListReady=false, mSourceStub=false, position=Position(albumIndex=-1, episodeIndex=-1), video=VideoItem@2f077cf8{qpId=202509101, tvQid=349989700, vid=256c33c045d36a7126ce1db2c37c0167, getType()=VIDEO, albumName=ä¸­å›½æ¢¦æƒ³ç§€ç¬¬9å­£, tvName=æŠ˜çº¸ç‹‚äººç›¼åœ†å¦»å­ç¾Šé©¼ä¹‹æ¢¦ å•äº²é†’ç‹®å›¢å®šä½äººç”Ÿ, isSeries()=true, sourceCode=202509101, playOrder=1, getAlbumSubName()=ä¸­å›½æ¢¦æƒ³ç§€ç¬¬9å­£, mIsVipAlbum=false, isPurchase()=false, isPreview=false, isExclusive()=false, isVertical=false, canDownload()=true, isDownload=1, tvPic=, issueTime=20150225, playCount=41499, playLength=1445, tag=å›½è¯­,å†…åœ°,çœŸäººç§€, cornerMark=CORNERMARK_1080P, definition list=600,300,jisu,1080p,720p, default definition=256c33c045d36a7126ce1db2c37c0167, channelId=6, channelName=ç»¼è‰º, mIChannelId=null, startTime=0, endTime=0, headerTime=0, tailTime=0, tvCount=1, tvSets=0, playTime=-1, episodes=0, url=, m3u8Url = null, mRecommendationsFilled=false, mEndRecommendationsFilled=false, mVarietyName=null}}
02-25 23:48:42.444 D/PlayerController[2ca9db70]( 2323): MenuPanel.onVisibilityChange(false): video=VideoItem@2f077cf8{qpId=202509101, tvQid=349989700, vid=256c33c045d36a7126ce1db2c37c0167, getType()=VIDEO, albumName=ä¸­å›½æ¢¦æƒ³ç§€ç¬¬9å­£, tvName=æŠ˜çº¸ç‹‚äººç›¼åœ†å¦»å­ç¾Šé©¼ä¹‹æ¢¦ å•äº²é†’ç‹®å›¢å®šä½äººç”Ÿ, isSeries()=true, sourceCode=202509101, playOrder=1, getAlbumSubName()=ä¸­å›½æ¢¦æƒ³ç§€ç¬¬9å­£, mIsVipAlbum=false, isPurchase()=false, isPreview=false, isExclusive()=false, isVertical=false, canDownload()=true, isDownload=1, tvPic=, issueTime=20150225, playCount=41499, playLength=1445, tag=å›½è¯­,å†…åœ°,çœŸäººç§€, cornerMark=CORNERMARK_1080P, definition list=600,300,jisu,1080p,720p, default definition=256c33c045d36a7126ce1db2c37c0167, channelId=6, channelName=ç»¼è‰º, mIChannelId=null, startTime=0, endTime=0, headerTime=0, tailTime=0, tvCount=1, tvSets=0, playTime=-1, episodes=0, url=, m3u8Url = null, mRecommendationsFilled=false, mEndRecommendationsFilled=false, mVarietyName=null}, sourceType=OUTSIDE, isPlaylistReady=false
02-25 23:48:42.444 D/MediaControllerContainer( 2323): hideHeader()
02-25 23:48:42.444 D/MediaControllerOverlay( 2323): hideHeader() mShowHeader=false
02-25 23:48:42.444 D/MediaControllerOverlay( 2323): doHide() com.qiyi.video.project.configs.huawei.layout.HuaweiMediaControllerOverlay{2cbec238 G.E..... ......I. 0,0-0,0}[mState=0, mShowHeader=false, mBuffering=false, mTipShown=false, mSeeking=false, mIsFullScreen=true]
02-25 23:48:42.444 D/MediaControllerOverlay( 2323): clearHideViewMessageQueue()
02-25 23:48:42.444 D/TimedSeekBar( 2323): stopTipMode() mIsTipMode=false
02-25 23:48:42.444 D/TimedSeekBar( 2323): hide()
02-25 23:48:42.445 D/MediaControllerOverlay( 2323): hideView() Views[Adtime,VideoName,Systime,Pause,Seekbar,]
02-25 23:48:42.445 D/MediaControllerOverlay( 2323): tip view id:2131100038
02-25 23:48:42.445 D/CountDownView( 2323): hide()
02-25 23:48:42.445 D/MediaControllerContainer( 2323): hide()
02-25 23:48:42.445 D/PlayerController[2ca9db70]( 2323): release() dump[749329264](mFirstStart=false, mTarget=3, mTargetPosition=-1, mFullscreenHintShown=false, mContinuePlaybackByUser=false, mPlayedAd=false, mPlayer=null)
02-25 23:48:42.445 D/ErrorHelper( 2323): clearError()
02-25 23:48:42.445 D/ErrorDialogHelper( 2323): clearCurrentDialog: current dialog=null
02-25 23:48:42.445 D/LocalStorageManager( 2323): stopListening() mListening=true
02-25 23:48:42.446 D/ParamsHelper( 2323): setResultCode(0)
02-25 23:48:42.446 D/LocalStorageManager( 2323): unregisterListener(com.qiyi.video.player.app.DownloadViewManager$7@2dd30b70) return true
02-25 23:48:42.446 D/VideoProvider( 2323): release()
