--------- beginning of /dev/log/main
02-25 23:39:59.083 D/SambaAutoScanHandler( 2610): doAutoScanServerjcifs.smb.SmbException: smb://MSHOME/
02-25 23:39:59.083 D/SambaAutoScanHandler( 2610): java.net.UnknownHostException: MSHOME
02-25 23:39:59.083 D/SambaAutoScanHandler( 2610): 	at jcifs.UniAddress.getAllByName(UniAddress.java:315)
02-25 23:39:59.083 D/SambaAutoScanHandler( 2610): 	at jcifs.smb.SmbFile.getFirstAddress(SmbFile.java:883)
02-25 23:39:59.083 D/SambaAutoScanHandler( 2610): 	at jcifs.smb.SmbFile.getAddress(SmbFile.java:843)
02-25 23:39:59.083 D/SambaAutoScanHandler( 2610): 	at jcifs.smb.SmbFile.getType(SmbFile.java:1365)
02-25 23:39:59.083 D/SambaAutoScanHandler( 2610): 	at jcifs.smb.SmbFile.doEnum(SmbFile.java:1842)
02-25 23:39:59.083 D/SambaAutoScanHandler( 2610): 	at jcifs.smb.SmbFile.list(SmbFile.java:1801)
02-25 23:39:59.083 D/SambaAutoScanHandler( 2610): 	at jcifs.smb.SmbFile.list(SmbFile.java:1678)
02-25 23:39:59.083 D/SambaAutoScanHandler( 2610): 	at com.huawei.sambaclient.service.SambaClientService$AutoScanHandler.doAutoScanServer(SambaClientService.java:3131)
02-25 23:39:59.083 D/SambaAutoScanHandler( 2610): 	at com.huawei.sambaclient.service.SambaClientService$AutoScanHandler.handleMessage(SambaClientService.java:2637)
02-25 23:39:59.083 D/SambaAutoScanHandler( 2610): 	at android.os.Handler.dispatchMessage(Handler.java:102)
02-25 23:39:59.083 D/SambaAutoScanHandler( 2610): 	at android.os.Looper.loop(Looper.java:136)
02-25 23:39:59.083 D/SambaAutoScanHandler( 2610): 	at android.os.HandlerThread.run(HandlerThread.java:61)
02-25 23:39:59.083 D/SambaClientService( 2610): sendMsg2AutoScan success 4
02-25 23:39:59.083 D/SambaAutoScanHandler( 2610): AutoScanHandler MSG_AUTOSCAN_REQUEST_SERVER
02-25 23:39:59.093 D/SambaAutoScanHandler( 2610): domain = smb://WORKGROUP/
02-25 23:39:59.113 D/SambaAutoScanHandler( 2610): IPTV-PC
02-25 23:39:59.113 D/SambaAutoScanHandler( 2610): LINGER-PC
02-25 23:39:59.113 D/SambaAutoScanHandler( 2610): QUSHAN-PC
02-25 23:39:59.113 D/SambaAutoScanHandler( 2610): ROOT-PC
02-25 23:39:59.113 D/SambaClientService( 2610): sendMsg2AutoScan success 5
02-25 23:39:59.113 D/SambaAutoScanHandler( 2610): AutoScanHandler MSG_AUTOSCAN_REQUEST_SHARE
02-25 23:39:59.123 D/SambaAutoScanHandler( 2610): server = smb://IPTV-PC/
02-25 23:39:59.124 D/SambaClientService( 2610): sendMsg2AutoScan success 6
02-25 23:39:59.124 D/SambaAutoScanHandler( 2610): AutoScanHandler MSG_AUTOSCAN_REQUEST_SHARE_AUTH_FRDB
02-25 23:39:59.137 D/SambaClientService( 2610): sendMsg2AutoScan success 7
02-25 23:39:59.137 D/SambaAutoScanHandler( 2610): AutoScanHandler MSG_AUTOSCAN_REQUEST_SHARE_AUTH_FRSET
02-25 23:39:59.147 D/SambaAutoScanHandler( 2610): server = smb://IPTV-PC/
02-25 23:39:59.147 D/SambaAutoScanHandler( 2610): urlServer = smb://IPTV-PC/
02-25 23:39:59.915 E/VPP_DLNA_LOG( 2814): [VPPDLNA]:SSDP recvd bad msg code = 1
02-25 23:39:59.917 E/VPP_DLNA_LOG( 2814): [VPPDLNA]:SSDP recvd bad msg code = 1
02-25 23:39:59.919 E/VPP_DLNA_LOG( 2814): [VPPDLNA]:SSDP recvd bad msg code = 1
02-25 23:39:59.966 E/VPP_DLNA_LOG( 2814): [VPPDLNA]:SSDP recvd bad msg code = 1
02-25 23:39:59.968 E/VPP_DLNA_LOG( 2814): [VPPDLNA]:SSDP recvd bad msg code = 1
02-25 23:39:59.970 E/VPP_DLNA_LOG( 2814): [VPPDLNA]:SSDP recvd bad msg code = 1
02-25 23:40:00.015 D/v       ( 2257): [0;32;31m[main][net.sunniwell.ui.controls.TimeIcon][a][-1]:launcher:source=11:40PM [m
02-25 23:40:00.037 D/j       ( 2257): [0;32;31m[main][net.sunniwell.ui.g][a][-1]:launcher:anchorView=com.huawei.mh2.launcher.a.n{2c944210 VFE...C. .F...... 0,0-120,57 #7f0a0006 app:id/menu_title_home} [m
02-25 23:40:00.117 D/j       ( 2257): [0;32;31m[main][net.sunniwell.ui.g][b][-1]:launcher:offsetWidth=0 offsetHeight=0 resizeImmediate=false [m
02-25 23:40:00.118 D/j       ( 2257): [0;32;31m[main][net.sunniwell.ui.g][a][-1]:launcher:offsetLeft=0 offsetTop=0 moveImmediate=false [m
02-25 23:40:00.119 D/j       ( 2257): [0;32;31m[main][net.sunniwell.ui.d][a][-1]:launcher:immediate=false isChanged=false [m
02-25 23:40:00.120 D/j       ( 2257): [0;32;31m[main][com.huawei.mh2.launcher.j][a][-1]:launcher:changed=false [m
02-25 23:40:00.546 D/AndroidRuntime(13650): 
02-25 23:40:00.546 D/AndroidRuntime(13650): >>>>>> AndroidRuntime START com.android.internal.os.RuntimeInit <<<<<<
02-25 23:40:00.549 D/AndroidRuntime(13650): CheckJNI is OFF
02-25 23:40:00.558 I/dalvikvm(13650): DexOpt: mismatch dep signature for '/system/framework/android.policy.odex'
02-25 23:40:00.558 E/dalvikvm(13650): /system/framework/services.jar odex has stale dependencies
02-25 23:40:00.559 I/dalvikvm(13650): DexOpt: mismatch dep name: '/data/dalvik-cache/system@framework@services.jar@classes.dex' vs. '/system/framework/services.odex'
02-25 23:40:00.559 E/dalvikvm(13650): /system/framework/apache-xml.jar odex has stale dependencies
02-25 23:40:00.560 I/dalvikvm(13650): DexOpt: mismatch dep name: '/data/dalvik-cache/system@framework@services.jar@classes.dex' vs. '/system/framework/services.odex'
02-25 23:40:00.560 E/dalvikvm(13650): /system/framework/webviewchromium.jar odex has stale dependencies
02-25 23:40:00.567 D/dalvikvm(13650): Trying to load lib libjavacore.so 0x0
02-25 23:40:00.571 D/dalvikvm(13650): Added shared lib libjavacore.so 0x0
02-25 23:40:00.576 D/dalvikvm(13650): Trying to load lib libnativehelper.so 0x0
02-25 23:40:00.576 D/dalvikvm(13650): Added shared lib libnativehelper.so 0x0
02-25 23:40:00.576 D/dalvikvm(13650): No JNI_OnLoad found in libnativehelper.so 0x0, skipping init
02-25 23:40:00.595 I/dalvikvm(13650): DexOpt: mismatch dep name: '/data/dalvik-cache/system@framework@services.jar@classes.dex' vs. '/system/framework/services.odex'
02-25 23:40:00.595 E/dalvikvm(13650): /system/framework/input.jar odex has stale dependencies
02-25 23:40:00.599 E/cutils-trace(13650): Error opening trace file: No such file or directory (2)
02-25 23:40:00.621 D/dalvikvm(13650): Note: class Landroid/app/ActivityManagerNative; has 179 unimplemented (abstract) methods
02-25 23:40:00.829 E/memtrack(13650): Couldn't load memtrack module (No such file or directory)
02-25 23:40:00.829 E/android.os.Debug(13650): failed to load memtrack module: -2
02-25 23:40:00.831 I/EthernetJNI(13650): Loading ethernet jni class
02-25 23:40:00.900 D/AndroidRuntime(13650): Calling main entry com.android.commands.input.Input
02-25 23:40:00.902 I/Input   (13650): injectKeyEvent: KeyEvent { action=ACTION_DOWN, keyCode=KEYCODE_DPAD_DOWN, scanCode=0, metaState=0, flags=0x0, repeatCount=0, eventTime=22411076, downTime=22411076, deviceId=-1, source=0x101 }
02-25 23:40:00.907 D/WindowManager( 1948): keyCode =20
02-25 23:40:00.907 D/WindowManager( 1948): isLockedAllKeys =0
02-25 23:40:00.907 D/WindowManager( 1948): isHandleHomeKey = 1
02-25 23:40:00.907 D/WindowManager( 1948): isHandlePowerKey ==1
02-25 23:40:00.907 D/WindowManager( 1948): isHandleSettingKey=1
02-25 23:40:00.907 D/WindowManager( 1948): handleSystemKey==1
02-25 23:40:00.908 D/WindowManager( 1948): send broadcast key press down
--------- beginning of /dev/log/system
02-25 23:40:00.908 W/ContextImpl( 1948): Calling a method in the system process without a qualified user: android.app.ContextImpl.sendBroadcast:1168 com.android.internal.policy.impl.PhoneWindowManager.interceptKeyBeforeQueueing:4109 com.android.server.wm.InputMonitor.interceptKeyBeforeQueueing:357 com.android.server.input.InputManagerService.interceptKeyBeforeQueueing:1352 com.android.server.input.InputManagerService.nativeInjectInputEvent:-2 
02-25 23:40:00.911 D/MainActivity( 2257): [0;32;31m[main][com.huawei.mh2.launcher.MainActivity][dispatchKeyEvent][-1]:launcher:keycode=20 [m
02-25 23:40:00.913 D/j       ( 2257): [0;32;31m[main][com.huawei.mh2.launcher.l][onGlobalFocusChanged][-1]:launcher:newFocus=com.huawei.mh2.launcher.a.s{2d4a63e8 VFE..... .FS..... 840,75-1181,544} [m
02-25 23:40:00.914 D/ImageLoader( 2257): Start display image task [http://pic5.ptqy.gitv.tv/image/20150216/d4/2b/a_100010251_m_600_m1_354_490.jpg_333x461]
02-25 23:40:00.915 D/j       ( 2257): [0;32;31m[main][net.sunniwell.ui.e][onGlobalFocusChanged][-1]:launcher:smoothMove [m
02-25 23:40:00.915 D/ImageLoader( 2257): Load image from disc cache [http://pic5.ptqy.gitv.tv/image/20150216/d4/2b/a_100010251_m_600_m1_354_490.jpg_333x461]
02-25 23:40:00.916 D/ImageLoader( 2257): Start display image task [http://pic0.ptqy.gitv.tv/image/20150216/3a/d4/a_100009899_m_601_m1_260_360.jpg_333x461]
02-25 23:40:00.916 D/ImageLoader( 2257): Load image from disc cache [http://pic0.ptqy.gitv.tv/image/20150216/3a/d4/a_100009899_m_601_m1_260_360.jpg_333x461]
02-25 23:40:00.917 D/ImageLoader( 2257): Start display image task [http://pic5.ptqy.gitv.tv/image/20141209/ea/fe/05/a_100004790_m_601_m9_260_360.jpg_333x461]
02-25 23:40:00.918 D/ImageLoader( 2257): Start display image task [http://pic3.ptqy.gitv.tv/image/20150215/41/2c/a_100010524_m_601_260_360.jpg_333x461]
02-25 23:40:00.918 D/ImageLoader( 2257): Start display image task [http://pic8.ptqy.gitv.tv/image/20150204/26/6e/a_100008019_m_600_m2_354_490.jpg_333x461]
02-25 23:40:00.918 D/ImageLoader( 2257): Start display image task [http://pic5.ptqy.gitv.tv/image/20150107/ff/ec/a_100009461_m_601_260_360.jpg_333x461]
02-25 23:40:00.920 D/ImageLoader( 2257): Load image from disc cache [http://pic5.ptqy.gitv.tv/image/20150107/ff/ec/a_100009461_m_601_260_360.jpg_333x461]
02-25 23:40:00.920 I/Input   (13650): injectKeyEvent: KeyEvent { action=ACTION_UP, keyCode=KEYCODE_DPAD_DOWN, scanCode=0, metaState=0, flags=0x0, repeatCount=0, eventTime=22411076, downTime=22411076, deviceId=-1, source=0x101 }
02-25 23:40:00.920 D/j       ( 2257): [0;32;31m[main][net.sunniwell.ui.g][a][-1]:launcher:anchorView=com.huawei.mh2.launcher.a.s{2d4a63e8 VFE..... .FS..... 840,75-1181,544} [m
02-25 23:40:00.920 D/WindowManager( 1948): keyCode =20
02-25 23:40:00.921 D/WindowManager( 1948): isLockedAllKeys =0
02-25 23:40:00.921 D/WindowManager( 1948): isHandleHomeKey = 1
02-25 23:40:00.921 D/WindowManager( 1948): isHandlePowerKey ==1
02-25 23:40:00.921 D/WindowManager( 1948): isHandleSettingKey=1
02-25 23:40:00.921 D/WindowManager( 1948): handleSystemKey==1
02-25 23:40:00.922 D/ImageLoader( 2257): Start display image task [assets://cornerHint/huawei_ic_corner_exclusive.png_78x63]
02-25 23:40:00.922 D/ImageLoader( 2257): Load image from disc cache [http://pic3.ptqy.gitv.tv/image/20150215/41/2c/a_100010524_m_601_260_360.jpg_333x461]
02-25 23:40:00.922 D/PosterPage( 2257): [0;32;31m[main][com.huawei.mh2.launcher.page.o][onFocusChange][-1]:launcher:hasFocus=true [m
02-25 23:40:00.922 D/AudioPolicyManagerBase( 1406): startOutput() output 2, stream 1, session 251
02-25 23:40:00.922 D/AudioPolicyManagerBase( 1406): startoutput ->setOutputDevice
02-25 23:40:00.922 D/AudioPolicyManagerBase( 1406): AudioPolicyManagerBase::checkAndSetVolume 13,0.377113
02-25 23:40:00.923 D/ImageLoader( 2257): Start display image task [http://pic0.ptqy.gitv.tv/image/20140716/ab/40/71/a_50907906_m_601_m2_260_360.jpg_333x461]
02-25 23:40:00.924 D/ImageLoader( 2257): Load image from disc cache [http://pic0.ptqy.gitv.tv/image/20140716/ab/40/71/a_50907906_m_601_m2_260_360.jpg_333x461]
02-25 23:40:00.925 D/MainActivity( 2257): [0;32;31m[main][com.huawei.mh2.launcher.MainActivity][dispatchKeyEvent][-1]:launcher:keycode=20 [m
02-25 23:40:00.926 D/ImageLoader( 2257): Load image from disc cache [http://pic8.ptqy.gitv.tv/image/20150204/26/6e/a_100008019_m_600_m2_354_490.jpg_333x461]
02-25 23:40:00.926 D/AndroidRuntime(13650): Shutting down VM
02-25 23:40:00.926 D/ImageLoader( 2257): Load image from network [assets://cornerHint/huawei_ic_corner_exclusive.png_78x63]
02-25 23:40:00.927 D/ImageLoader( 2257): Load image from disc cache [http://pic5.ptqy.gitv.tv/image/20141209/ea/fe/05/a_100004790_m_601_m9_260_360.jpg_333x461]
02-25 23:40:00.930 D/p       ( 2257): [0;32;31m[main][com.huawei.mh2.launcher.p][getView][-1]:launcher:position=12 convertView=null [m
02-25 23:40:00.931 D/dalvikvm(13650): GC_CONCURRENT freed 98K, 16% free 566K/668K, paused 1ms+0ms, total 4ms
02-25 23:40:00.977 D/ImageLoader( 2257): PreProcess image before caching in memory [http://pic3.ptqy.gitv.tv/image/20150215/41/2c/a_100010524_m_601_260_360.jpg_333x461]
02-25 23:40:00.977 D/ImageLoader( 2257): Cache image in memory [http://pic3.ptqy.gitv.tv/image/20150215/41/2c/a_100010524_m_601_260_360.jpg_333x461]
02-25 23:40:00.978 D/ImageLoader( 2257): Start display image task [assets://cornerHint/huawei_ic_corner_1080p.png_78x63]
02-25 23:40:00.979 D/ImageLoader( 2257): Cache image in memory [assets://cornerHint/huawei_ic_corner_exclusive.png_78x63]
02-25 23:40:00.980 D/ImageLoader( 2257): Start display image task [http://pic3.ptqy.gitv.tv/image/20150215/41/2c/a_100010524_m_601_260_360.jpg_333x461]
02-25 23:40:00.980 D/ImageLoader( 2257): ...Get cached bitmap from memory after waiting. [http://pic3.ptqy.gitv.tv/image/20150215/41/2c/a_100010524_m_601_260_360.jpg_333x461]
02-25 23:40:00.982 D/ImageLoader( 2257): Load image from network [assets://cornerHint/huawei_ic_corner_1080p.png_78x63]
02-25 23:40:00.983 D/ImageLoader( 2257): PreProcess image before caching in memory [http://pic0.ptqy.gitv.tv/image/20150216/3a/d4/a_100009899_m_601_m1_260_360.jpg_333x461]
02-25 23:40:00.984 D/ImageLoader( 2257): Cache image in memory [http://pic0.ptqy.gitv.tv/image/20150216/3a/d4/a_100009899_m_601_m1_260_360.jpg_333x461]
02-25 23:40:00.984 D/ImageLoader( 2257): PreProcess image before caching in memory [http://pic5.ptqy.gitv.tv/image/20141209/ea/fe/05/a_100004790_m_601_m9_260_360.jpg_333x461]
02-25 23:40:00.995 D/ImageLoader( 2257): PreProcess image before caching in memory [http://pic8.ptqy.gitv.tv/image/20150204/26/6e/a_100008019_m_600_m2_354_490.jpg_333x461]
02-25 23:40:00.995 D/ImageLoader( 2257): Cache image in memory [http://pic8.ptqy.gitv.tv/image/20150204/26/6e/a_100008019_m_600_m2_354_490.jpg_333x461]
02-25 23:40:00.997 D/ImageLoader( 2257): Cache image in memory [http://pic5.ptqy.gitv.tv/image/20141209/ea/fe/05/a_100004790_m_601_m9_260_360.jpg_333x461]
02-25 23:40:01.000 D/j       ( 2257): [0;32;31m[main][net.sunniwell.ui.g][b][-1]:launcher:offsetWidth=146 offsetHeight=278 resizeImmediate=false [m
02-25 23:40:01.000 D/ImageLoader( 2257): PreProcess image before caching in memory [http://pic0.ptqy.gitv.tv/image/20140716/ab/40/71/a_50907906_m_601_m2_260_360.jpg_333x461]
02-25 23:40:01.000 D/ImageLoader( 2257): Cache image in memory [http://pic0.ptqy.gitv.tv/image/20140716/ab/40/71/a_50907906_m_601_m2_260_360.jpg_333x461]
02-25 23:40:01.001 D/j       ( 2257): [0;32;31m[main][net.sunniwell.ui.g][a][-1]:launcher:offsetLeft=317 offsetTop=124 moveImmediate=false [m
02-25 23:40:01.002 D/j       ( 2257): [0;32;31m[main][net.sunniwell.ui.d][a][-1]:launcher:immediate=false isChanged=true [m
02-25 23:40:01.003 D/j       ( 2257): [0;32;31m[main][com.huawei.mh2.launcher.j][a][-1]:launcher:changed=true [m
02-25 23:40:01.008 D/ImageLoader( 2257): Display image in ImageAware (loaded from DISC_CACHE) [http://pic3.ptqy.gitv.tv/image/20150215/41/2c/a_100010524_m_601_260_360.jpg_333x461]
02-25 23:40:01.009 D/ImageLoader( 2257): Display image in ImageAware (loaded from NETWORK) [assets://cornerHint/huawei_ic_corner_exclusive.png_78x63]
02-25 23:40:01.010 D/ImageLoader( 2257): Display image in ImageAware (loaded from MEMORY_CACHE) [http://pic3.ptqy.gitv.tv/image/20150215/41/2c/a_100010524_m_601_260_360.jpg_333x461]
02-25 23:40:01.010 D/ImageLoader( 2257): Display image in ImageAware (loaded from DISC_CACHE) [http://pic0.ptqy.gitv.tv/image/20150216/3a/d4/a_100009899_m_601_m1_260_360.jpg_333x461]
02-25 23:40:01.011 D/ImageLoader( 2257): Display image in ImageAware (loaded from DISC_CACHE) [http://pic8.ptqy.gitv.tv/image/20150204/26/6e/a_100008019_m_600_m2_354_490.jpg_333x461]
02-25 23:40:01.011 D/ImageLoader( 2257): Display image in ImageAware (loaded from DISC_CACHE) [http://pic5.ptqy.gitv.tv/image/20141209/ea/fe/05/a_100004790_m_601_m9_260_360.jpg_333x461]
02-25 23:40:01.012 D/ImageLoader( 2257): Display image in ImageAware (loaded from DISC_CACHE) [http://pic0.ptqy.gitv.tv/image/20140716/ab/40/71/a_50907906_m_601_m2_260_360.jpg_333x461]
02-25 23:40:01.013 D/j       ( 2257): [0;32;31m[main][net.sunniwell.ui.g][b][-1]:launcher:offsetWidth=51 offsetHeight=97 resizeImmediate=false [m
02-25 23:40:01.014 D/j       ( 2257): [0;32;31m[main][net.sunniwell.ui.g][a][-1]:launcher:offsetLeft=111 offsetTop=44 moveImmediate=false [m
02-25 23:40:01.015 D/j       ( 2257): [0;32;31m[main][net.sunniwell.ui.d][a][-1]:launcher:immediate=false isChanged=true [m
02-25 23:40:01.016 D/ImageLoader( 2257): PreProcess image before caching in memory [http://pic5.ptqy.gitv.tv/image/20150216/d4/2b/a_100010251_m_600_m1_354_490.jpg_333x461]
02-25 23:40:01.016 D/j       ( 2257): [0;32;31m[main][com.huawei.mh2.launcher.j][a][-1]:launcher:changed=true [m
02-25 23:40:01.016 D/ImageLoader( 2257): Cache image in memory [http://pic5.ptqy.gitv.tv/image/20150216/d4/2b/a_100010251_m_600_m1_354_490.jpg_333x461]
02-25 23:40:01.019 D/ImageLoader( 2257): Cache image in memory [assets://cornerHint/huawei_ic_corner_1080p.png_78x63]
02-25 23:40:01.023 D/ImageLoader( 2257): PreProcess image before caching in memory [http://pic5.ptqy.gitv.tv/image/20150107/ff/ec/a_100009461_m_601_260_360.jpg_333x461]
02-25 23:40:01.023 D/ImageLoader( 2257): Cache image in memory [http://pic5.ptqy.gitv.tv/image/20150107/ff/ec/a_100009461_m_601_260_360.jpg_333x461]
02-25 23:40:01.036 D/j       ( 2257): [0;32;31m[main][net.sunniwell.ui.g][b][-1]:launcher:offsetWidth=18 offsetHeight=34 resizeImmediate=false [m
02-25 23:40:01.037 D/j       ( 2257): [0;32;31m[main][net.sunniwell.ui.g][a][-1]:launcher:offsetLeft=33 offsetTop=8 moveImmediate=false [m
02-25 23:40:01.040 D/j       ( 2257): [0;32;31m[main][net.sunniwell.ui.d][a][-1]:launcher:immediate=false isChanged=true [m
02-25 23:40:01.040 D/j       ( 2257): [0;32;31m[main][com.huawei.mh2.launcher.j][a][-1]:launcher:changed=true [m
02-25 23:40:01.049 D/ImageLoader( 2257): Display image in ImageAware (loaded from DISC_CACHE) [http://pic5.ptqy.gitv.tv/image/20150216/d4/2b/a_100010251_m_600_m1_354_490.jpg_333x461]
02-25 23:40:01.050 D/ImageLoader( 2257): Display image in ImageAware (loaded from NETWORK) [assets://cornerHint/huawei_ic_corner_1080p.png_78x63]
02-25 23:40:01.051 D/ImageLoader( 2257): Display image in ImageAware (loaded from DISC_CACHE) [http://pic5.ptqy.gitv.tv/image/20150107/ff/ec/a_100009461_m_601_260_360.jpg_333x461]
02-25 23:40:01.053 D/j       ( 2257): [0;32;31m[main][net.sunniwell.ui.g][b][-1]:launcher:offsetWidth=6 offsetHeight=12 resizeImmediate=false [m
02-25 23:40:01.054 D/j       ( 2257): [0;32;31m[main][net.sunniwell.ui.g][a][-1]:launcher:offsetLeft=11 offsetTop=0 moveImmediate=false [m
02-25 23:40:01.055 D/j       ( 2257): [0;32;31m[main][net.sunniwell.ui.d][a][-1]:launcher:immediate=false isChanged=true [m
02-25 23:40:01.056 D/j       ( 2257): [0;32;31m[main][com.huawei.mh2.launcher.j][a][-1]:launcher:changed=true [m
02-25 23:40:01.068 D/j       ( 2257): [0;32;31m[main][net.sunniwell.ui.g][b][-1]:launcher:offsetWidth=4 offsetHeight=7 resizeImmediate=false [m
02-25 23:40:01.068 D/j       ( 2257): [0;32;31m[main][net.sunniwell.ui.g][a][-1]:launcher:offsetLeft=7 offsetTop=0 moveImmediate=false [m
02-25 23:40:01.069 D/j       ( 2257): [0;32;31m[main][net.sunniwell.ui.d][a][-1]:launcher:immediate=false isChanged=true [m
02-25 23:40:01.070 D/j       ( 2257): [0;32;31m[main][com.huawei.mh2.launcher.j][a][-1]:launcher:changed=true [m
02-25 23:40:01.079 D/j       ( 2257): [0;32;31m[main][net.sunniwell.ui.g][b][-1]:launcher:offsetWidth=0 offsetHeight=0 resizeImmediate=false [m
02-25 23:40:01.080 D/j       ( 2257): [0;32;31m[main][net.sunniwell.ui.g][a][-1]:launcher:offsetLeft=0 offsetTop=0 moveImmediate=false [m
02-25 23:40:01.080 D/ConnectivityService( 1948): Sampling interval elapsed, updating statistics ..
02-25 23:40:01.082 D/j       ( 2257): [0;32;31m[main][net.sunniwell.ui.d][a][-1]:launcher:immediate=false isChanged=false [m
02-25 23:40:01.082 D/j       ( 2257): [0;32;31m[main][com.huawei.mh2.launcher.j][a][-1]:launcher:changed=false [m
02-25 23:40:01.083 D/ConnectivityService( 1948): Done.
02-25 23:40:01.083 D/ConnectivityService( 1948): Setting timer for 30seconds
02-25 23:40:01.760 D/ImageLoader( 2257): Load image from memory cache [http://pic3.ptqy.gitv.tv/image/20150215/41/2c/a_100010524_m_601_260_360.jpg_333x461]
02-25 23:40:01.762 D/p       ( 2257): [0;32;31m[main][com.huawei.mh2.launcher.p][getView][-1]:launcher:position=12 convertView=null [m
02-25 23:40:01.779 D/j       ( 2257): [0;32;31m[main][net.sunniwell.ui.g][a][-1]:launcher:anchorView=com.huawei.mh2.launcher.a.s{2d4a63e8 VFE..... .FS...ID 840,75-1181,544} [m
02-25 23:40:01.859 D/j       ( 2257): [0;32;31m[main][net.sunniwell.ui.g][b][-1]:launcher:offsetWidth=0 offsetHeight=0 resizeImmediate=false [m
02-25 23:40:01.860 D/j       ( 2257): [0;32;31m[main][net.sunniwell.ui.g][a][-1]:launcher:offsetLeft=0 offsetTop=0 moveImmediate=false [m
02-25 23:40:01.861 D/j       ( 2257): [0;32;31m[main][net.sunniwell.ui.d][a][-1]:launcher:immediate=false isChanged=false [m
02-25 23:40:01.862 D/j       ( 2257): [0;32;31m[main][com.huawei.mh2.launcher.j][a][-1]:launcher:changed=false [m
02-25 23:40:02.134 I/HiRMService( 2269):  ***** changeStats = 0
02-25 23:40:02.575 D/AndroidRuntime(13668): 
02-25 23:40:02.575 D/AndroidRuntime(13668): >>>>>> AndroidRuntime START com.android.internal.os.RuntimeInit <<<<<<
02-25 23:40:02.578 D/AndroidRuntime(13668): CheckJNI is OFF
02-25 23:40:02.586 I/dalvikvm(13668): DexOpt: mismatch dep signature for '/system/framework/android.policy.odex'
02-25 23:40:02.586 E/dalvikvm(13668): /system/framework/services.jar odex has stale dependencies
02-25 23:40:02.587 I/dalvikvm(13668): DexOpt: mismatch dep name: '/data/dalvik-cache/system@framework@services.jar@classes.dex' vs. '/system/framework/services.odex'
02-25 23:40:02.587 E/dalvikvm(13668): /system/framework/apache-xml.jar odex has stale dependencies
02-25 23:40:02.588 I/dalvikvm(13668): DexOpt: mismatch dep name: '/data/dalvik-cache/system@framework@services.jar@classes.dex' vs. '/system/framework/services.odex'
02-25 23:40:02.588 E/dalvikvm(13668): /system/framework/webviewchromium.jar odex has stale dependencies
02-25 23:40:02.595 D/dalvikvm(13668): Trying to load lib libjavacore.so 0x0
02-25 23:40:02.598 D/dalvikvm(13668): Added shared lib libjavacore.so 0x0
02-25 23:40:02.603 D/dalvikvm(13668): Trying to load lib libnativehelper.so 0x0
02-25 23:40:02.603 D/dalvikvm(13668): Added shared lib libnativehelper.so 0x0
02-25 23:40:02.603 D/dalvikvm(13668): No JNI_OnLoad found in libnativehelper.so 0x0, skipping init
02-25 23:40:02.621 I/dalvikvm(13668): DexOpt: mismatch dep name: '/data/dalvik-cache/system@framework@services.jar@classes.dex' vs. '/system/framework/services.odex'
02-25 23:40:02.621 E/dalvikvm(13668): /system/framework/input.jar odex has stale dependencies
02-25 23:40:02.624 E/cutils-trace(13668): Error opening trace file: No such file or directory (2)
02-25 23:40:02.645 D/dalvikvm(13668): Note: class Landroid/app/ActivityManagerNative; has 179 unimplemented (abstract) methods
02-25 23:40:02.833 E/memtrack(13668): Couldn't load memtrack module (No such file or directory)
02-25 23:40:02.833 E/android.os.Debug(13668): failed to load memtrack module: -2
02-25 23:40:02.836 I/EthernetJNI(13668): Loading ethernet jni class
02-25 23:40:02.904 D/AndroidRuntime(13668): Calling main entry com.android.commands.input.Input
02-25 23:40:02.905 I/Input   (13668): injectKeyEvent: KeyEvent { action=ACTION_DOWN, keyCode=KEYCODE_DPAD_UP, scanCode=0, metaState=0, flags=0x0, repeatCount=0, eventTime=22413079, downTime=22413079, deviceId=-1, source=0x101 }
02-25 23:40:02.910 D/WindowManager( 1948): keyCode =19
02-25 23:40:02.910 D/WindowManager( 1948): isLockedAllKeys =0
02-25 23:40:02.910 D/WindowManager( 1948): isHandleHomeKey = 1
02-25 23:40:02.910 D/WindowManager( 1948): isHandlePowerKey ==1
02-25 23:40:02.910 D/WindowManager( 1948): isHandleSettingKey=1
02-25 23:40:02.910 D/WindowManager( 1948): handleSystemKey==1
02-25 23:40:02.911 W/ContextImpl( 1948): Calling a method in the system process without a qualified user: android.app.ContextImpl.sendBroadcast:1168 com.android.internal.policy.impl.PhoneWindowManager.interceptKeyBeforeQueueing:4109 com.android.server.wm.InputMonitor.interceptKeyBeforeQueueing:357 com.android.server.input.InputManagerService.interceptKeyBeforeQueueing:1352 com.android.server.input.InputManagerService.nativeInjectInputEvent:-2 
02-25 23:40:02.912 D/WindowManager( 1948): send broadcast key press down
02-25 23:40:02.915 D/MainActivity( 2257): [0;32;31m[main][com.huawei.mh2.launcher.MainActivity][dispatchKeyEvent][-1]:launcher:keycode=19 [m
02-25 23:40:02.918 I/Input   (13668): injectKeyEvent: KeyEvent { action=ACTION_UP, keyCode=KEYCODE_DPAD_UP, scanCode=0, metaState=0, flags=0x0, repeatCount=0, eventTime=22413079, downTime=22413079, deviceId=-1, source=0x101 }
02-25 23:40:02.918 D/WindowManager( 1948): keyCode =19
02-25 23:40:02.918 D/WindowManager( 1948): isLockedAllKeys =0
02-25 23:40:02.918 D/WindowManager( 1948): isHandleHomeKey = 1
02-25 23:40:02.918 D/PosterPage( 2257): [0;32;31m[main][com.huawei.mh2.launcher.page.o][onFocusChange][-1]:launcher:hasFocus=false [m
02-25 23:40:02.918 D/WindowManager( 1948): isHandlePowerKey ==1
02-25 23:40:02.918 D/WindowManager( 1948): isHandleSettingKey=1
02-25 23:40:02.918 D/WindowManager( 1948): handleSystemKey==1
02-25 23:40:02.919 D/AudioPolicyManagerBase( 1406): startOutput() output 2, stream 1, session 252
02-25 23:40:02.919 D/AudioPolicyManagerBase( 1406): startoutput ->setOutputDevice
02-25 23:40:02.919 D/AudioPolicyManagerBase( 1406): AudioPolicyManagerBase::checkAndSetVolume 13,0.377113
02-25 23:40:02.920 D/j       ( 2257): [0;32;31m[main][com.huawei.mh2.launcher.l][onGlobalFocusChanged][-1]:launcher:newFocus=com.huawei.mh2.launcher.a.n{2c944210 VFE...C. .FS..... 0,0-120,57 #7f0a0006 app:id/menu_title_home} [m
02-25 23:40:02.920 D/AndroidRuntime(13668): Shutting down VM
02-25 23:40:02.921 D/j       ( 2257): [0;32;31m[main][net.sunniwell.ui.e][onGlobalFocusChanged][-1]:launcher:smoothMove [m
02-25 23:40:02.923 D/j       ( 2257): [0;32;31m[main][net.sunniwell.ui.g][a][-1]:launcher:anchorView=com.huawei.mh2.launcher.a.n{2c944210 VFE...C. .FS..... 0,0-120,57 #7f0a0006 app:id/menu_title_home} [m
02-25 23:40:02.924 D/FrameworkPage( 2257): [0;32;31m[main][com.huawei.mh2.launcher.page.FrameworkPage][onFocusChange][-1]:launcher:v=com.huawei.mh2.launcher.a.n{2c944210 VFE...C. .FS...ID 0,0-120,57 #7f0a0006 app:id/menu_title_home} [m
02-25 23:40:02.925 D/MainActivity( 2257): [0;32;31m[main][com.huawei.mh2.launcher.MainActivity][dispatchKeyEvent][-1]:launcher:keycode=19 [m
02-25 23:40:02.926 D/ImageLoader( 2257): Load image from memory cache [http://pic3.ptqy.gitv.tv/image/20150215/41/2c/a_100010524_m_601_260_360.jpg_333x461]
02-25 23:40:02.927 D/dalvikvm(13668): GC_CONCURRENT freed 98K, 16% free 566K/668K, paused 0ms+1ms, total 3ms
02-25 23:40:02.928 D/p       ( 2257): [0;32;31m[main][com.huawei.mh2.launcher.p][getView][-1]:launcher:position=12 convertView=null [m
02-25 23:40:02.945 D/j       ( 2257): [0;32;31m[main][net.sunniwell.ui.g][b][-1]:launcher:offsetWidth=-147 offsetHeight=-279 resizeImmediate=false [m
02-25 23:40:02.945 D/j       ( 2257): [0;32;31m[main][net.sunniwell.ui.g][a][-1]:launcher:offsetLeft=-312 offsetTop=-115 moveImmediate=false [m
02-25 23:40:02.946 D/j       ( 2257): [0;32;31m[main][net.sunniwell.ui.d][a][-1]:launcher:immediate=false isChanged=true [m
02-25 23:40:02.947 D/j       ( 2257): [0;32;31m[main][com.huawei.mh2.launcher.j][a][-1]:launcher:changed=true [m
02-25 23:40:02.955 D/j       ( 2257): [0;32;31m[main][net.sunniwell.ui.g][b][-1]:launcher:offsetWidth=-51 offsetHeight=-97 resizeImmediate=false [m
02-25 23:40:02.955 D/j       ( 2257): [0;32;31m[main][net.sunniwell.ui.g][a][-1]:launcher:offsetLeft=-109 offsetTop=-40 moveImmediate=false [m
02-25 23:40:02.956 D/j       ( 2257): [0;32;31m[main][net.sunniwell.ui.d][a][-1]:launcher:immediate=false isChanged=true [m
02-25 23:40:02.957 D/j       ( 2257): [0;32;31m[main][com.huawei.mh2.launcher.j][a][-1]:launcher:changed=true [m
02-25 23:40:02.967 D/j       ( 2257): [0;32;31m[main][net.sunniwell.ui.g][b][-1]:launcher:offsetWidth=-18 offsetHeight=-34 resizeImmediate=false [m
02-25 23:40:02.968 D/j       ( 2257): [0;32;31m[main][net.sunniwell.ui.g][a][-1]:launcher:offsetLeft=-38 offsetTop=-14 moveImmediate=false [m
02-25 23:40:02.969 D/j       ( 2257): [0;32;31m[main][net.sunniwell.ui.d][a][-1]:launcher:immediate=false isChanged=true [m
02-25 23:40:02.970 D/j       ( 2257): [0;32;31m[main][com.huawei.mh2.launcher.j][a][-1]:launcher:changed=true [m
02-25 23:40:02.992 D/j       ( 2257): [0;32;31m[main][net.sunniwell.ui.g][b][-1]:launcher:offsetWidth=-6 offsetHeight=-12 resizeImmediate=false [m
02-25 23:40:02.992 D/j       ( 2257): [0;32;31m[main][net.sunniwell.ui.g][a][-1]:launcher:offsetLeft=-13 offsetTop=-7 moveImmediate=false [m
02-25 23:40:02.993 D/j       ( 2257): [0;32;31m[main][net.sunniwell.ui.d][a][-1]:launcher:immediate=false isChanged=true [m
02-25 23:40:02.994 D/j       ( 2257): [0;32;31m[main][com.huawei.mh2.launcher.j][a][-1]:launcher:changed=true [m
02-25 23:40:03.015 D/j       ( 2257): [0;32;31m[main][net.sunniwell.ui.g][b][-1]:launcher:offsetWidth=-3 offsetHeight=-6 resizeImmediate=false [m
02-25 23:40:03.016 D/j       ( 2257): [0;32;31m[main][net.sunniwell.ui.g][a][-1]:launcher:offsetLeft=-7 offsetTop=0 moveImmediate=false [m
02-25 23:40:03.016 D/j       ( 2257): [0;32;31m[main][net.sunniwell.ui.d][a][-1]:launcher:immediate=false isChanged=true [m
02-25 23:40:03.017 D/j       ( 2257): [0;32;31m[main][com.huawei.mh2.launcher.j][a][-1]:launcher:changed=true [m
02-25 23:40:03.039 D/j       ( 2257): [0;32;31m[main][net.sunniwell.ui.g][b][-1]:launcher:offsetWidth=0 offsetHeight=0 resizeImmediate=false [m
02-25 23:40:03.041 D/j       ( 2257): [0;32;31m[main][net.sunniwell.ui.g][a][-1]:launcher:offsetLeft=0 offsetTop=0 moveImmediate=false [m
02-25 23:40:03.042 D/j       ( 2257): [0;32;31m[main][net.sunniwell.ui.d][a][-1]:launcher:immediate=false isChanged=false [m
02-25 23:40:03.043 D/j       ( 2257): [0;32;31m[main][com.huawei.mh2.launcher.j][a][-1]:launcher:changed=false [m
02-25 23:40:03.831 E/VPP_DLNA_LOG( 2814): [VPPDLNA]:SSDP recvd bad msg code = 1
02-25 23:40:03.833 E/VPP_DLNA_LOG( 2814): [VPPDLNA]:SSDP recvd bad msg code = 1
02-25 23:40:03.835 E/VPP_DLNA_LOG( 2814): [VPPDLNA]:SSDP recvd bad msg code = 1
02-25 23:40:03.884 E/VPP_DLNA_LOG( 2814): [VPPDLNA]:SSDP recvd bad msg code = 1
02-25 23:40:03.885 E/VPP_DLNA_LOG( 2814): [VPPDLNA]:SSDP recvd bad msg code = 1
02-25 23:40:03.888 E/VPP_DLNA_LOG( 2814): [VPPDLNA]:SSDP recvd bad msg code = 1
02-25 23:40:04.666 D/AndroidRuntime(13680): 
02-25 23:40:04.666 D/AndroidRuntime(13680): >>>>>> AndroidRuntime START com.android.internal.os.RuntimeInit <<<<<<
02-25 23:40:04.668 D/AndroidRuntime(13680): CheckJNI is OFF
02-25 23:40:04.678 I/dalvikvm(13680): DexOpt: mismatch dep signature for '/system/framework/android.policy.odex'
02-25 23:40:04.678 E/dalvikvm(13680): /system/framework/services.jar odex has stale dependencies
02-25 23:40:04.679 I/dalvikvm(13680): DexOpt: mismatch dep name: '/data/dalvik-cache/system@framework@services.jar@classes.dex' vs. '/system/framework/services.odex'
02-25 23:40:04.679 E/dalvikvm(13680): /system/framework/apache-xml.jar odex has stale dependencies
02-25 23:40:04.680 I/dalvikvm(13680): DexOpt: mismatch dep name: '/data/dalvik-cache/system@framework@services.jar@classes.dex' vs. '/system/framework/services.odex'
02-25 23:40:04.680 E/dalvikvm(13680): /system/framework/webviewchromium.jar odex has stale dependencies
02-25 23:40:04.688 D/dalvikvm(13680): Trying to load lib libjavacore.so 0x0
02-25 23:40:04.691 D/dalvikvm(13680): Added shared lib libjavacore.so 0x0
02-25 23:40:04.697 D/dalvikvm(13680): Trying to load lib libnativehelper.so 0x0
02-25 23:40:04.697 D/dalvikvm(13680): Added shared lib libnativehelper.so 0x0
02-25 23:40:04.697 D/dalvikvm(13680): No JNI_OnLoad found in libnativehelper.so 0x0, skipping init
02-25 23:40:04.715 I/dalvikvm(13680): DexOpt: mismatch dep name: '/data/dalvik-cache/system@framework@services.jar@classes.dex' vs. '/system/framework/services.odex'
02-25 23:40:04.715 E/dalvikvm(13680): /system/framework/input.jar odex has stale dependencies
02-25 23:40:04.719 E/cutils-trace(13680): Error opening trace file: No such file or directory (2)
02-25 23:40:04.740 D/dalvikvm(13680): Note: class Landroid/app/ActivityManagerNative; has 179 unimplemented (abstract) methods
02-25 23:40:04.929 E/memtrack(13680): Couldn't load memtrack module (No such file or directory)
02-25 23:40:04.929 E/android.os.Debug(13680): failed to load memtrack module: -2
02-25 23:40:04.932 I/EthernetJNI(13680): Loading ethernet jni class
02-25 23:40:05.006 D/AndroidRuntime(13680): Calling main entry com.android.commands.input.Input
02-25 23:40:05.008 I/Input   (13680): injectKeyEvent: KeyEvent { action=ACTION_DOWN, keyCode=KEYCODE_DPAD_DOWN, scanCode=0, metaState=0, flags=0x0, repeatCount=0, eventTime=22415182, downTime=22415182, deviceId=-1, source=0x101 }
02-25 23:40:05.013 D/WindowManager( 1948): keyCode =20
02-25 23:40:05.013 D/WindowManager( 1948): isLockedAllKeys =0
02-25 23:40:05.013 D/WindowManager( 1948): isHandleHomeKey = 1
02-25 23:40:05.013 D/WindowManager( 1948): isHandlePowerKey ==1
02-25 23:40:05.013 D/WindowManager( 1948): isHandleSettingKey=1
02-25 23:40:05.013 D/WindowManager( 1948): handleSystemKey==1
02-25 23:40:05.014 D/WindowManager( 1948): send broadcast key press down
02-25 23:40:05.014 W/ContextImpl( 1948): Calling a method in the system process without a qualified user: android.app.ContextImpl.sendBroadcast:1168 com.android.internal.policy.impl.PhoneWindowManager.interceptKeyBeforeQueueing:4109 com.android.server.wm.InputMonitor.interceptKeyBeforeQueueing:357 com.android.server.input.InputManagerService.interceptKeyBeforeQueueing:1352 com.android.server.input.InputManagerService.nativeInjectInputEvent:-2 
02-25 23:40:05.018 D/MainActivity( 2257): [0;32;31m[main][com.huawei.mh2.launcher.MainActivity][dispatchKeyEvent][-1]:launcher:keycode=20 [m
02-25 23:40:05.019 D/j       ( 2257): [0;32;31m[main][com.huawei.mh2.launcher.l][onGlobalFocusChanged][-1]:launcher:newFocus=com.huawei.mh2.launcher.a.s{2d4a63e8 VFE..... .FS..... 840,75-1181,544} [m
02-25 23:40:05.019 I/Input   (13680): injectKeyEvent: KeyEvent { action=ACTION_UP, keyCode=KEYCODE_DPAD_DOWN, scanCode=0, metaState=0, flags=0x0, repeatCount=0, eventTime=22415182, downTime=22415182, deviceId=-1, source=0x101 }
02-25 23:40:05.020 D/WindowManager( 1948): keyCode =20
02-25 23:40:05.020 D/WindowManager( 1948): isLockedAllKeys =0
02-25 23:40:05.020 D/WindowManager( 1948): isHandleHomeKey = 1
02-25 23:40:05.020 D/WindowManager( 1948): isHandlePowerKey ==1
02-25 23:40:05.020 D/WindowManager( 1948): isHandleSettingKey=1
02-25 23:40:05.020 D/WindowManager( 1948): handleSystemKey==1
02-25 23:40:05.021 D/AudioPolicyManagerBase( 1406): startOutput() output 2, stream 1, session 253
02-25 23:40:05.021 D/AudioPolicyManagerBase( 1406): startoutput ->setOutputDevice
02-25 23:40:05.021 D/AudioPolicyManagerBase( 1406): AudioPolicyManagerBase::checkAndSetVolume 13,0.377113
02-25 23:40:05.022 D/j       ( 2257): [0;32;31m[main][net.sunniwell.ui.e][onGlobalFocusChanged][-1]:launcher:smoothMove [m
02-25 23:40:05.022 D/AndroidRuntime(13680): Shutting down VM
02-25 23:40:05.023 D/j       ( 2257): [0;32;31m[main][net.sunniwell.ui.g][a][-1]:launcher:anchorView=com.huawei.mh2.launcher.a.s{2d4a63e8 VFE..... .FS..... 840,75-1181,544} [m
02-25 23:40:05.024 D/PosterPage( 2257): [0;32;31m[main][com.huawei.mh2.launcher.page.o][onFocusChange][-1]:launcher:hasFocus=true [m
02-25 23:40:05.025 D/MainActivity( 2257): [0;32;31m[main][com.huawei.mh2.launcher.MainActivity][dispatchKeyEvent][-1]:launcher:keycode=20 [m
02-25 23:40:05.026 D/ImageLoader( 2257): Load image from memory cache [http://pic3.ptqy.gitv.tv/image/20150215/41/2c/a_100010524_m_601_260_360.jpg_333x461]
02-25 23:40:05.027 D/p       ( 2257): [0;32;31m[main][com.huawei.mh2.launcher.p][getView][-1]:launcher:position=12 convertView=null [m
02-25 23:40:05.028 D/dalvikvm(13680): GC_CONCURRENT freed 98K, 16% free 566K/668K, paused 0ms+0ms, total 4ms
02-25 23:40:05.049 D/j       ( 2257): [0;32;31m[main][net.sunniwell.ui.g][b][-1]:launcher:offsetWidth=146 offsetHeight=278 resizeImmediate=false [m
02-25 23:40:05.050 D/j       ( 2257): [0;32;31m[main][net.sunniwell.ui.g][a][-1]:launcher:offsetLeft=317 offsetTop=124 moveImmediate=false [m
02-25 23:40:05.051 D/j       ( 2257): [0;32;31m[main][net.sunniwell.ui.d][a][-1]:launcher:immediate=false isChanged=true [m
02-25 23:40:05.052 D/j       ( 2257): [0;32;31m[main][com.huawei.mh2.launcher.j][a][-1]:launcher:changed=true [m
02-25 23:40:05.059 D/j       ( 2257): [0;32;31m[main][net.sunniwell.ui.g][b][-1]:launcher:offsetWidth=51 offsetHeight=97 resizeImmediate=false [m
02-25 23:40:05.060 D/j       ( 2257): [0;32;31m[main][net.sunniwell.ui.g][a][-1]:launcher:offsetLeft=111 offsetTop=44 moveImmediate=false [m
02-25 23:40:05.061 D/j       ( 2257): [0;32;31m[main][net.sunniwell.ui.d][a][-1]:launcher:immediate=false isChanged=true [m
02-25 23:40:05.062 D/j       ( 2257): [0;32;31m[main][com.huawei.mh2.launcher.j][a][-1]:launcher:changed=true [m
02-25 23:40:05.069 D/j       ( 2257): [0;32;31m[main][net.sunniwell.ui.g][b][-1]:launcher:offsetWidth=18 offsetHeight=34 resizeImmediate=false [m
02-25 23:40:05.070 D/j       ( 2257): [0;32;31m[main][net.sunniwell.ui.g][a][-1]:launcher:offsetLeft=39 offsetTop=15 moveImmediate=false [m
02-25 23:40:05.070 D/j       ( 2257): [0;32;31m[main][net.sunniwell.ui.d][a][-1]:launcher:immediate=false isChanged=true [m
02-25 23:40:05.071 D/j       ( 2257): [0;32;31m[main][com.huawei.mh2.launcher.j][a][-1]:launcher:changed=true [m
02-25 23:40:05.095 D/j       ( 2257): [0;32;31m[main][net.sunniwell.ui.g][b][-1]:launcher:offsetWidth=6 offsetHeight=12 resizeImmediate=false [m
02-25 23:40:05.095 D/j       ( 2257): [0;32;31m[main][net.sunniwell.ui.g][a][-1]:launcher:offsetLeft=13 offsetTop=5 moveImmediate=false [m
02-25 23:40:05.096 D/j       ( 2257): [0;32;31m[main][net.sunniwell.ui.d][a][-1]:launcher:immediate=false isChanged=true [m
02-25 23:40:05.097 D/j       ( 2257): [0;32;31m[main][com.huawei.mh2.launcher.j][a][-1]:launcher:changed=true [m
02-25 23:40:05.118 D/j       ( 2257): [0;32;31m[main][net.sunniwell.ui.g][b][-1]:launcher:offsetWidth=4 offsetHeight=7 resizeImmediate=false [m
02-25 23:40:05.119 D/j       ( 2257): [0;32;31m[main][net.sunniwell.ui.g][a][-1]:launcher:offsetLeft=8 offsetTop=4 moveImmediate=false [m
02-25 23:40:05.119 D/j       ( 2257): [0;32;31m[main][net.sunniwell.ui.d][a][-1]:launcher:immediate=false isChanged=true [m
02-25 23:40:05.120 D/j       ( 2257): [0;32;31m[main][com.huawei.mh2.launcher.j][a][-1]:launcher:changed=true [m
02-25 23:40:05.140 D/j       ( 2257): [0;32;31m[main][net.sunniwell.ui.g][b][-1]:launcher:offsetWidth=0 offsetHeight=0 resizeImmediate=false [m
02-25 23:40:05.140 D/j       ( 2257): [0;32;31m[main][net.sunniwell.ui.g][a][-1]:launcher:offsetLeft=-6 offsetTop=-11 moveImmediate=false [m
02-25 23:40:05.141 D/j       ( 2257): [0;32;31m[main][net.sunniwell.ui.d][a][-1]:launcher:immediate=false isChanged=true [m
02-25 23:40:05.142 D/j       ( 2257): [0;32;31m[main][com.huawei.mh2.launcher.j][a][-1]:launcher:changed=true [m
02-25 23:40:05.151 D/SambaAutoScanHandler( 2610): doAutoScanShareAuthjcifs.smb.SmbException: smb://IPTV-PC/
02-25 23:40:05.151 D/SambaAutoScanHandler( 2610): java.net.UnknownHostException: IPTV-PC
02-25 23:40:05.151 D/SambaAutoScanHandler( 2610): 	at jcifs.UniAddress.getAllByName(UniAddress.java:315)
02-25 23:40:05.151 D/SambaAutoScanHandler( 2610): 	at jcifs.smb.SmbFile.getFirstAddress(SmbFile.java:883)
02-25 23:40:05.151 D/SambaAutoScanHandler( 2610): 	at jcifs.smb.SmbFile.getAddress(SmbFile.java:843)
02-25 23:40:05.151 D/SambaAutoScanHandler( 2610): 	at jcifs.smb.SmbFile.getType(SmbFile.java:1365)
02-25 23:40:05.151 D/SambaAutoScanHandler( 2610): 	at jcifs.smb.SmbFile.doEnum(SmbFile.java:1842)
02-25 23:40:05.151 D/SambaAutoScanHandler( 2610): 	at jcifs.smb.SmbFile.list(SmbFile.java:1801)
02-25 23:40:05.151 D/SambaAutoScanHandler( 2610): 	at jcifs.smb.SmbFile.list(SmbFile.java:1678)
02-25 23:40:05.151 D/SambaAutoScanHandler( 2610): 	at com.huawei.sambaclient.service.SambaClientService$AutoScanHandler.doAutoScanShareAuth(SambaClientService.java:3277)
02-25 23:40:05.151 D/SambaAutoScanHandler( 2610): 	at com.huawei.sambaclient.service.SambaClientService$AutoScanHandler.handleMessage(SambaClientService.java:2661)
02-25 23:40:05.151 D/SambaAutoScanHandler( 2610): 	at android.os.Handler.dispatchMessage(Handler.java:102)
02-25 23:40:05.151 D/SambaAutoScanHandler( 2610): 	at android.os.Looper.loop(Looper.java:136)
02-25 23:40:05.151 D/SambaAutoScanHandler( 2610): 	at android.os.HandlerThread.run(HandlerThread.java:61)
02-25 23:40:05.151 D/SambaClientService( 2610): sendMsg2AutoScan success 5
02-25 23:40:05.151 D/SambaAutoScanHandler( 2610): AutoScanHandler MSG_AUTOSCAN_REQUEST_SHARE
02-25 23:40:05.161 D/j       ( 2257): [0;32;31m[main][net.sunniwell.ui.g][b][-1]:launcher:offsetWidth=0 offsetHeight=0 resizeImmediate=false [m
02-25 23:40:05.161 D/SambaAutoScanHandler( 2610): server = smb://LINGER-PC/
02-25 23:40:05.161 D/SambaClientService( 2610): sendMsg2AutoScan success 6
02-25 23:40:05.161 D/SambaAutoScanHandler( 2610): AutoScanHandler MSG_AUTOSCAN_REQUEST_SHARE_AUTH_FRDB
02-25 23:40:05.162 D/j       ( 2257): [0;32;31m[main][net.sunniwell.ui.g][a][-1]:launcher:offsetLeft=-3 offsetTop=-5 moveImmediate=false [m
02-25 23:40:05.163 D/j       ( 2257): [0;32;31m[main][net.sunniwell.ui.d][a][-1]:launcher:immediate=false isChanged=true [m
02-25 23:40:05.164 D/j       ( 2257): [0;32;31m[main][com.huawei.mh2.launcher.j][a][-1]:launcher:changed=true [m
02-25 23:40:05.175 D/SambaClientService( 2610): sendMsg2AutoScan success 7
02-25 23:40:05.175 D/SambaAutoScanHandler( 2610): AutoScanHandler MSG_AUTOSCAN_REQUEST_SHARE_AUTH_FRSET
02-25 23:40:05.183 D/j       ( 2257): [0;32;31m[main][net.sunniwell.ui.g][b][-1]:launcher:offsetWidth=0 offsetHeight=0 resizeImmediate=false [m
02-25 23:40:05.184 D/j       ( 2257): [0;32;31m[main][net.sunniwell.ui.g][a][-1]:launcher:offsetLeft=0 offsetTop=0 moveImmediate=false [m
02-25 23:40:05.185 D/j       ( 2257): [0;32;31m[main][net.sunniwell.ui.d][a][-1]:launcher:immediate=false isChanged=false [m
02-25 23:40:05.185 D/SambaAutoScanHandler( 2610): server = smb://LINGER-PC/
02-25 23:40:05.185 D/SambaAutoScanHandler( 2610): urlServer = smb://LINGER-PC/
02-25 23:40:05.186 D/j       ( 2257): [0;32;31m[main][com.huawei.mh2.launcher.j][a][-1]:launcher:changed=false [m
02-25 23:40:05.205 D/dalvikvm( 2610): GC_CONCURRENT freed 417K, 12% free 3675K/4156K, paused 2ms+2ms, total 19ms
02-25 23:40:05.225 D/SambaClientService( 2610): sendMsg2AutoScan success 8
02-25 23:40:05.226 D/SambaAutoScanHandler( 2610): AutoScanHandler MSG_AUTOSCAN_REQUEST_SHARE_AUTH_FRGUEST
02-25 23:40:05.237 D/SambaAutoScanHandler( 2610): server = smb://LINGER-PC/
02-25 23:40:05.237 D/SambaAutoScanHandler( 2610): urlServer = smb://LINGER-PC/
02-25 23:40:05.264 D/SambaClientService( 2610): sendMsg2AutoScan success 9
02-25 23:40:05.264 D/SambaAutoScanHandler( 2610): AutoScanHandler MSG_AUTOSCAN_REQUEST_SHARE_AUTH_FRANONY
02-25 23:40:05.274 D/SambaAutoScanHandler( 2610): server = smb://LINGER-PC/
02-25 23:40:05.274 D/SambaAutoScanHandler( 2610): urlServer = smb://LINGER-PC/
02-25 23:40:05.294 D/SambaClientService( 2610): sendMsg2AutoScan success 5
02-25 23:40:05.294 D/SambaAutoScanHandler( 2610): AutoScanHandler MSG_AUTOSCAN_REQUEST_SHARE
02-25 23:40:05.304 D/SambaAutoScanHandler( 2610): server = smb://QUSHAN-PC/
02-25 23:40:05.304 D/SambaClientService( 2610): sendMsg2AutoScan success 6
02-25 23:40:05.304 D/SambaAutoScanHandler( 2610): AutoScanHandler MSG_AUTOSCAN_REQUEST_SHARE_AUTH_FRDB
02-25 23:40:05.317 D/SambaClientService( 2610): sendMsg2AutoScan success 7
02-25 23:40:05.317 D/SambaAutoScanHandler( 2610): AutoScanHandler MSG_AUTOSCAN_REQUEST_SHARE_AUTH_FRSET
02-25 23:40:05.327 D/SambaAutoScanHandler( 2610): server = smb://QUSHAN-PC/
02-25 23:40:05.327 D/SambaAutoScanHandler( 2610): urlServer = smb://QUSHAN-PC/
02-25 23:40:05.859 D/ImageLoader( 2257): Load image from memory cache [http://pic3.ptqy.gitv.tv/image/20150215/41/2c/a_100010524_m_601_260_360.jpg_333x461]
02-25 23:40:05.862 D/p       ( 2257): [0;32;31m[main][com.huawei.mh2.launcher.p][getView][-1]:launcher:position=12 convertView=null [m
02-25 23:40:05.879 D/j       ( 2257): [0;32;31m[main][net.sunniwell.ui.g][a][-1]:launcher:anchorView=com.huawei.mh2.launcher.a.s{2d4a63e8 VFE..... .FS...ID 840,75-1181,544} [m
02-25 23:40:05.959 D/j       ( 2257): [0;32;31m[main][net.sunniwell.ui.g][b][-1]:launcher:offsetWidth=0 offsetHeight=0 resizeImmediate=false [m
02-25 23:40:05.959 D/j       ( 2257): [0;32;31m[main][net.sunniwell.ui.g][a][-1]:launcher:offsetLeft=0 offsetTop=0 moveImmediate=false [m
02-25 23:40:05.961 D/j       ( 2257): [0;32;31m[main][net.sunniwell.ui.d][a][-1]:launcher:immediate=false isChanged=false [m
02-25 23:40:05.962 D/j       ( 2257): [0;32;31m[main][com.huawei.mh2.launcher.j][a][-1]:launcher:changed=false [m
02-25 23:40:07.798 D/AndroidRuntime(13720): 
02-25 23:40:07.798 D/AndroidRuntime(13720): >>>>>> AndroidRuntime START com.android.internal.os.RuntimeInit <<<<<<
02-25 23:40:07.801 D/AndroidRuntime(13720): CheckJNI is OFF
02-25 23:40:07.810 I/dalvikvm(13720): DexOpt: mismatch dep signature for '/system/framework/android.policy.odex'
02-25 23:40:07.810 E/dalvikvm(13720): /system/framework/services.jar odex has stale dependencies
02-25 23:40:07.811 I/dalvikvm(13720): DexOpt: mismatch dep name: '/data/dalvik-cache/system@framework@services.jar@classes.dex' vs. '/system/framework/services.odex'
02-25 23:40:07.811 E/dalvikvm(13720): /system/framework/apache-xml.jar odex has stale dependencies
02-25 23:40:07.816 I/dalvikvm(13720): DexOpt: mismatch dep name: '/data/dalvik-cache/system@framework@services.jar@classes.dex' vs. '/system/framework/services.odex'
02-25 23:40:07.816 E/dalvikvm(13720): /system/framework/webviewchromium.jar odex has stale dependencies
02-25 23:40:07.824 D/dalvikvm(13720): Trying to load lib libjavacore.so 0x0
02-25 23:40:07.828 D/dalvikvm(13720): Added shared lib libjavacore.so 0x0
02-25 23:40:07.835 D/dalvikvm(13720): Trying to load lib libnativehelper.so 0x0
02-25 23:40:07.835 D/dalvikvm(13720): Added shared lib libnativehelper.so 0x0
02-25 23:40:07.835 D/dalvikvm(13720): No JNI_OnLoad found in libnativehelper.so 0x0, skipping init
02-25 23:40:07.855 I/dalvikvm(13720): DexOpt: mismatch dep name: '/data/dalvik-cache/system@framework@services.jar@classes.dex' vs. '/system/framework/services.odex'
02-25 23:40:07.855 E/dalvikvm(13720): /system/framework/input.jar odex has stale dependencies
02-25 23:40:07.860 E/cutils-trace(13720): Error opening trace file: No such file or directory (2)
02-25 23:40:07.883 D/dalvikvm(13720): Note: class Landroid/app/ActivityManagerNative; has 179 unimplemented (abstract) methods
02-25 23:40:08.090 E/memtrack(13720): Couldn't load memtrack module (No such file or directory)
02-25 23:40:08.090 E/android.os.Debug(13720): failed to load memtrack module: -2
02-25 23:40:08.093 I/EthernetJNI(13720): Loading ethernet jni class
02-25 23:40:08.171 D/AndroidRuntime(13720): Calling main entry com.android.commands.input.Input
02-25 23:40:08.173 I/Input   (13720): injectKeyEvent: KeyEvent { action=ACTION_DOWN, keyCode=KEYCODE_ENTER, scanCode=0, metaState=0, flags=0x0, repeatCount=0, eventTime=22418347, downTime=22418347, deviceId=-1, source=0x101 }
02-25 23:40:08.179 D/WindowManager( 1948): keyCode =66
02-25 23:40:08.179 D/WindowManager( 1948): isLockedAllKeys =0
02-25 23:40:08.179 D/WindowManager( 1948): isHandleHomeKey = 1
02-25 23:40:08.179 D/WindowManager( 1948): isHandlePowerKey ==1
02-25 23:40:08.179 D/WindowManager( 1948): isHandleSettingKey=1
02-25 23:40:08.179 D/WindowManager( 1948): handleSystemKey==1
02-25 23:40:08.181 D/WindowManager( 1948): send broadcast key press down
02-25 23:40:08.181 W/ContextImpl( 1948): Calling a method in the system process without a qualified user: android.app.ContextImpl.sendBroadcast:1168 com.android.internal.policy.impl.PhoneWindowManager.interceptKeyBeforeQueueing:4109 com.android.server.wm.InputMonitor.interceptKeyBeforeQueueing:357 com.android.server.input.InputManagerService.interceptKeyBeforeQueueing:1352 com.android.server.input.InputManagerService.nativeInjectInputEvent:-2 
02-25 23:40:08.184 I/Input   (13720): injectKeyEvent: KeyEvent { action=ACTION_UP, keyCode=KEYCODE_ENTER, scanCode=0, metaState=0, flags=0x0, repeatCount=0, eventTime=22418347, downTime=22418347, deviceId=-1, source=0x101 }
02-25 23:40:08.184 D/MainActivity( 2257): [0;32;31m[main][com.huawei.mh2.launcher.MainActivity][dispatchKeyEvent][-1]:launcher:keycode=66 [m
02-25 23:40:08.185 D/WindowManager( 1948): keyCode =66
02-25 23:40:08.185 D/WindowManager( 1948): isLockedAllKeys =0
02-25 23:40:08.185 D/WindowManager( 1948): isHandleHomeKey = 1
02-25 23:40:08.185 D/WindowManager( 1948): isHandlePowerKey ==1
